 PhysXCooking_64

 Timestamp is 5ce4409b (Tue May 21 20:16:59 2019)

 Preferred load address is 0000000180000000

 Start         Length     Name                   Class
 0001:00000000 00000ba0H .text$di                CODE
 0001:00000ba0 00050510H .text$mn                CODE
 0001:000510b0 00000020H .text$mn$00             CODE
 0001:000510d0 000000f0H .text$x                 CODE
 0002:00000000 00000268H .idata$5                DATA
 0002:00000268 00000010H .00cfg                  DATA
 0002:00000278 00000008H .CRT$XCA                DATA
 0002:00000280 000001f0H .CRT$XCU                DATA
 0002:00000470 00000008H .CRT$XCZ                DATA
 0002:00000478 00000008H .CRT$XIA                DATA
 0002:00000480 00000008H .CRT$XIZ                DATA
 0002:00000488 00000008H .CRT$XPA                DATA
 0002:00000490 00000008H .CRT$XPZ                DATA
 0002:00000498 00000008H .CRT$XTA                DATA
 0002:000004a0 00000010H .CRT$XTZ                DATA
 0002:000004a8 00000000H .gfids$y                DATA
 0002:000004b0 00004c08H .rdata                  DATA
 0002:000050b8 00000074H .rdata$r                DATA
 0002:0000512c 000003acH .rdata$zzzdbg           DATA
 0002:000054d8 00000008H .rtc$IAA                DATA
 0002:000054e0 000000a0H .rtc$IMZ                DATA
 0002:00005580 00000008H .rtc$IZZ                DATA
 0002:00005588 00000008H .rtc$TAA                DATA
 0002:00005590 000000a0H .rtc$TMZ                DATA
 0002:00005630 00000008H .rtc$TZZ                DATA
 0002:00005638 000025e4H .xdata                  DATA
 0002:00007c1c 00000040H .didat$2                DATA
 0002:00007c5c 00000024H .didat$3                DATA
 0002:00007c80 00000220H .didat$4                DATA
 0002:00007ea0 00000d68H .didat$6                DATA
 0002:00008c08 00000228H .didat$7                DATA
 0002:00008e30 00001d88H .edata                  DATA
 0002:0000abb8 0000003cH .idata$2                DATA
 0002:0000abf4 00000014H .idata$3                DATA
 0002:0000ac08 00000268H .idata$4                DATA
 0002:0000ae70 00000572H .idata$6                DATA
 0003:00000000 00000068H .data                   DATA
 0003:00000068 00000328H .data$r                 DATA
 0003:00000390 00000220H .didat$5                DATA
 0003:000005b0 00000bd8H .bss                    DATA
 0004:00000000 0000354cH .pdata                  DATA
 0005:00000000 000000a0H .rsrc$01                DATA
 0005:000000a0 000004b0H .rsrc$02                DATA

  Address         Publics by Value              Rva+Base               Lib:Object

 0000:00000000       __guard_fids_table         0000000000000000     <absolute>
 0000:00000000       __guard_iat_table          0000000000000000     <absolute>
 0000:00000000       ___safe_se_handler_count   0000000000000000     <absolute>
 0000:00000000       __guard_longjmp_table      0000000000000000     <absolute>
 0000:00000000       __enclave_config           0000000000000000     <absolute>
 0000:00000000       __hybrid_code_map          0000000000000000     <absolute>
 0000:00000000       __dynamic_value_reloc_table 0000000000000000     <absolute>
 0000:00000000       __volatile_metadata        0000000000000000     <absolute>
 0000:00000000       __hybrid_code_map_count    0000000000000000     <absolute>
 0000:00000000       __guard_iat_count          0000000000000000     <absolute>
 0000:00000000       ___safe_se_handler_table   0000000000000000     <absolute>
 0000:00000000       __hybrid_auxiliary_iat     0000000000000000     <absolute>
 0000:00000000       __guard_longjmp_count      0000000000000000     <absolute>
 0000:00000000       __guard_fids_count         0000000000000000     <absolute>
 0000:00000100       __guard_flags              0000000000000100     <absolute>
 0000:00000000       __ImageBase                0000000180000000     <linker-defined>
 0001:00000ba0       ?ComputeNbBoundaryEdges@AdjTriangle@physx@@QEBAIXZ 0000000180001ba0 f   Adjacencies.obj
 0001:00000c30       ?ComputeNbNeighbors@AdjTriangle@physx@@QEBAIXZ 0000000180001c30 f   Adjacencies.obj
 0001:00000cc0       ?HasNeighbor@AdjTriangle@physx@@QEBA_NIPEAI@Z 0000000180001cc0 f   Adjacencies.obj
 0001:00000dd0       ?Flip@AdjTriangle@physx@@QEAAXXZ 0000000180001dd0 f   Adjacencies.obj
 0001:00000e20       ??0Adjacencies@physx@@QEAA@XZ 0000000180001e20 f   Adjacencies.obj
 0001:00000e50       ??1Adjacencies@physx@@QEAA@XZ 0000000180001e50 f   Adjacencies.obj
 0001:00000eb0       ?Load@Adjacencies@physx@@QEAA_NAEAVPxInputStream@2@@Z 0000000180001eb0 f   Adjacencies.obj
 0001:00001040       ?ComputeNbBoundaryEdges@Adjacencies@physx@@QEBAIXZ 0000000180002040 f   Adjacencies.obj
 0001:000010c0       ?GetBoundaryVertices@Adjacencies@physx@@QEBA_NIPEA_NPEBU?$TriangleT@I@Gu@2@@Z 00000001800020c0 f   Adjacencies.obj
 0001:000013d0       ?MakeLastRef@Adjacencies@physx@@QEAA_NAEAVAdjTriangle@2@IPEAU?$TriangleT@I@Gu@2@@Z 00000001800023d0 f   Adjacencies.obj
 0001:00001730       ?AssignNewEdgeCode@Adjacencies@physx@@AEAAXIE@Z 0000000180002730 f   Adjacencies.obj
 0001:000017d0       ??0AdjacenciesBuilder@physx@@QEAA@XZ 00000001800027d0 f   Adjacencies.obj
 0001:00001800       ??1AdjacenciesBuilder@physx@@QEAA@XZ 0000000180002800 f   Adjacencies.obj
 0001:00001820       ?Init@AdjacenciesBuilder@physx@@QEAA_NAEBUADJACENCIESCREATE@2@@Z 0000000180002820 f   Adjacencies.obj
 0001:00002b20       ??$?_UI@@YAPEAX_KV?$ReflectionAllocator@I@shdfnd@physx@@PEBDH@Z 0000000180003b20 f i Adjacencies.obj
 0001:00002b60       ??$?_UV?$ReflectionAllocator@VAdjEdge@@@shdfnd@physx@@@UserAllocated@shdfnd@physx@@SAPEAX_KV?$ReflectionAllocator@VAdjEdge@@@12@PEBDH@Z 0000000180003b60 f i Adjacencies.obj
 0001:00002ba0       ??$?_UV?$ReflectionAllocator@VAdjTriangle@physx@@@shdfnd@physx@@@UserAllocated@shdfnd@physx@@SAPEAX_KV?$ReflectionAllocator@VAdjTriangle@physx@@@12@PEBDH@Z 0000000180003ba0 f i Adjacencies.obj
 0001:00002be0       ??$swap@I@shdfnd@physx@@YAXAEAI0@Z 0000000180003be0 f i Adjacencies.obj
 0001:00002c20       ??0?$ReflectionAllocator@I@shdfnd@physx@@QEAA@PEBD@Z 0000000180003c20 f i Adjacencies.obj
 0001:00002c30       ??0?$ReflectionAllocator@VAdjEdge@@@shdfnd@physx@@QEAA@PEBD@Z 0000000180003c30 f i Adjacencies.obj
 0001:00002c40       ??0?$ReflectionAllocator@VAdjTriangle@physx@@@shdfnd@physx@@QEAA@PEBD@Z 0000000180003c40 f i Adjacencies.obj
 0001:00002c50       ??0?$TriangleT@I@Gu@physx@@QEAA@XZ 0000000180003c50 f i Adjacencies.obj
 0001:00002c60       ??0AdjEdge@@QEAA@XZ        0000000180003c60 f i Adjacencies.obj
 0001:00002c70       ??0AdjTriangle@physx@@QEAA@XZ 0000000180003c70 f i Adjacencies.obj
 0001:00002c80       ??0Allocator@shdfnd@physx@@QEAA@PEBD@Z 0000000180003c80 f i Adjacencies.obj
 0001:00002c90       ??0EDGELISTCREATE@Gu@physx@@QEAA@XZ 0000000180003c90 f i Adjacencies.obj
 0001:00002d00       ??0NonTrackingAllocator@shdfnd@physx@@QEAA@PEBD@Z 0000000180003d00 f i Adjacencies.obj
 0001:00002d10       ??0PxFoundation@physx@@QEAA@AEBV01@@Z 0000000180003d10 f i Adjacencies.obj
 0001:00002d30       ??0PxFoundation@physx@@QEAA@XZ 0000000180003d30 f i Adjacencies.obj
 0001:00002d50       ??1AdjEdge@@QEAA@XZ        0000000180003d50 f i Adjacencies.obj
 0001:00002d60       ??1AdjTriangle@physx@@QEAA@XZ 0000000180003d60 f i Adjacencies.obj
 0001:00002d70       ??1PxFoundation@physx@@MEAA@XZ 0000000180003d70 f i Adjacencies.obj
 0001:00002d90       ??3UserAllocated@shdfnd@physx@@SAXPEAX@Z 0000000180003d90 f i Adjacencies.obj
 0001:00002dc0       ??4Allocator@shdfnd@physx@@QEAAAEAV012@$$QEAV012@@Z 0000000180003dc0 f i Adjacencies.obj
 0001:00002dd0       ??4Allocator@shdfnd@physx@@QEAAAEAV012@AEBV012@@Z 0000000180003dd0 f i Adjacencies.obj
 0001:00002de0       ??4MutexImpl@shdfnd@physx@@QEAAAEAV012@AEBV012@@Z 0000000180003de0 f i Adjacencies.obj
 0001:00002df0       ??4PxFoundation@physx@@QEAAAEAV01@AEBV01@@Z 0000000180003df0 f i Adjacencies.obj
 0001:00002e00       ??_EAdjEdge@@QEAAPEAXI@Z   0000000180003e00 f i Adjacencies.obj
 0001:00002ee0       ??_EAdjTriangle@physx@@QEAAPEAXI@Z 0000000180003ee0 f i Adjacencies.obj
 0001:00002fc0       ??_EPxFoundation@physx@@MEAAPEAXI@Z 0000000180003fc0 f i Adjacencies.obj
 0001:00003060       ??_FAllocator@shdfnd@physx@@QEAAXXZ 0000000180004060 f i Adjacencies.obj
 0001:00003080       ??_FNamedAllocator@shdfnd@physx@@QEAAXXZ 0000000180004080 f i Adjacencies.obj
 0001:000030a0       ??_GPxFoundation@physx@@MEAAPEAXI@Z 00000001800040a0 f i Adjacencies.obj
 0001:000030e0       ??_H@YAXPEAX_K1P6APEAX0@Z@Z 00000001800040e0 f i Adjacencies.obj
 0001:00003160       ??_I@YAXPEAX_K1P6AX0@Z@Z   0000000180004160 f i Adjacencies.obj
 0001:000031f0       ??_VUserAllocated@shdfnd@physx@@SAXPEAX@Z 00000001800041f0 f i Adjacencies.obj
 0001:00003220       ?GetNbHits@RadixSort@Cm@physx@@QEBAIXZ 0000000180004220 f i Adjacencies.obj
 0001:00003230       ?GetNbTotalCalls@RadixSort@Cm@physx@@QEBAIXZ 0000000180004230 f i Adjacencies.obj
 0001:00003240       ?GetRanks@RadixSort@Cm@physx@@QEBAPEBIXZ 0000000180004240 f i Adjacencies.obj
 0001:00003250       ?GetRecyclable@RadixSort@Cm@physx@@QEBAPEAIXZ 0000000180004250 f i Adjacencies.obj
 0001:00003260       ?HasActiveEdge01@AdjTriangle@physx@@QEBAHXZ 0000000180004260 f i Adjacencies.obj
 0001:00003280       ?HasActiveEdge01@EdgeTriangleAC@Gu@physx@@SAHAEBUEdgeTriangleData@23@@Z 0000000180004280 f i Adjacencies.obj
 0001:000032a0       ?HasActiveEdge12@AdjTriangle@physx@@QEBAHXZ 00000001800042a0 f i Adjacencies.obj
 0001:000032c0       ?HasActiveEdge12@EdgeTriangleAC@Gu@physx@@SAHAEBUEdgeTriangleData@23@@Z 00000001800042c0 f i Adjacencies.obj
 0001:000032e0       ?HasActiveEdge20@AdjTriangle@physx@@QEBAHXZ 00000001800042e0 f i Adjacencies.obj
 0001:00003300       ?HasActiveEdge20@EdgeTriangleAC@Gu@physx@@SAHAEBUEdgeTriangleData@23@@Z 0000000180004300 f i Adjacencies.obj
 0001:00003320       ?PxMemZero@physx@@YAPEAXPEAXI@Z 0000000180004320 f i Adjacencies.obj
 0001:00003340       ?__empty_global_delete@@YAXPEAX@Z 0000000180004340 f i Adjacencies.obj
 0001:00003350       ?__empty_global_delete@@YAXPEAX_K@Z 0000000180004350 f i Adjacencies.obj
 0001:00003360       ?allocate@?$ReflectionAllocator@I@shdfnd@physx@@QEAAPEAX_KPEBDH@Z 0000000180004360 f i Adjacencies.obj
 0001:000033e0       ?allocate@?$ReflectionAllocator@VAdjEdge@@@shdfnd@physx@@QEAAPEAX_KPEBDH@Z 00000001800043e0 f i Adjacencies.obj
 0001:00003460       ?allocate@?$ReflectionAllocator@VAdjTriangle@physx@@@shdfnd@physx@@QEAAPEAX_KPEBDH@Z 0000000180004460 f i Adjacencies.obj
 0001:000034e0       ?deallocate@NonTrackingAllocator@shdfnd@physx@@QEAAXPEAX@Z 00000001800044e0 f i Adjacencies.obj
 0001:00003520       ?findEdge@?$TriangleT@I@Gu@physx@@QEBAEII@Z 0000000180004520 f i Adjacencies.obj
 0001:00003680       ?getAllocator@Foundation@shdfnd@physx@@QEAAAEAVPxAllocatorCallback@3@XZ 0000000180004680 f i Adjacencies.obj
 0001:00003690       ?getAllocatorCallback@Foundation@shdfnd@physx@@UEAAAEAVPxAllocatorCallback@3@XZ 0000000180004690 f i Adjacencies.obj
 0001:000036a0       ?getEdgeTriangle@EdgeList@Gu@physx@@QEBAAEBUEdgeTriangleData@23@I@Z 00000001800046a0 f i Adjacencies.obj
 0001:000036c0       ?getErrorCallback@Foundation@shdfnd@physx@@UEAAAEAVPxErrorCallback@3@XZ 00000001800046c0 f i Adjacencies.obj
 0001:000036d0       ?getErrorLevel@Foundation@shdfnd@physx@@UEBA?AW4Enum@PxErrorCode@3@XZ 00000001800046d0 f i Adjacencies.obj
 0001:000036f0       ?getFoundation@shdfnd@physx@@YAAEAVFoundation@12@XZ 00000001800046f0 f i Adjacencies.obj
 0001:00003700       ?getInternalErrorCallback@Foundation@shdfnd@physx@@QEAAAEAVPxErrorCallback@3@XZ 0000000180004700 f i Adjacencies.obj
 0001:00003720       ?getName@?$ReflectionAllocator@I@shdfnd@physx@@CAPEBDXZ 0000000180004720 f i Adjacencies.obj
 0001:00003760       ?getName@?$ReflectionAllocator@VAdjEdge@@@shdfnd@physx@@CAPEBDXZ 0000000180004760 f i Adjacencies.obj
 0001:000037a0       ?getName@?$ReflectionAllocator@VAdjTriangle@physx@@@shdfnd@physx@@CAPEBDXZ 00000001800047a0 f i Adjacencies.obj
 0001:000037e0       ?getNamedAllocMap@Foundation@shdfnd@physx@@QEAAAEAV?$HashMap@PEBVNamedAllocator@shdfnd@physx@@PEBDU?$Hash@PEBVNamedAllocator@shdfnd@physx@@@23@VNonTrackingAllocator@23@@23@XZ 00000001800047e0 f i Adjacencies.obj
 0001:00003800       ?getNamedAllocMutex@Foundation@shdfnd@physx@@QEAAAEAV?$MutexT@VAllocator@shdfnd@physx@@@23@XZ 0000000180004800 f i Adjacencies.obj
 0001:00003820       ?getReportAllocationNames@Foundation@shdfnd@physx@@UEBA_NXZ 0000000180004820 f i Adjacencies.obj
 0001:00003840       ?getTempAllocFreeTable@Foundation@shdfnd@physx@@QEAAAEAV?$Array@PEATTempAllocatorChunk@shdfnd@physx@@VAllocator@23@@23@XZ 0000000180004840 f i Adjacencies.obj
 0001:00003860       ?getTempAllocMutex@Foundation@shdfnd@physx@@QEAAAEAV?$MutexT@VAllocator@shdfnd@physx@@@23@XZ 0000000180004860 f i Adjacencies.obj
 0001:00003880       ?invalidateRanks@RadixSort@Cm@physx@@QEAAXXZ 0000000180004880 f i Adjacencies.obj
 0001:000038a0       ?memZero@intrinsics@physx@@YAPEAXPEAXI@Z 00000001800048a0 f i Adjacencies.obj
 0001:000038d0       ?name@type_info@@QEBAPEBDXZ 00000001800048d0 f i Adjacencies.obj
 0001:00003900       ?setErrorLevel@Foundation@shdfnd@physx@@UEAAXW4Enum@PxErrorCode@3@@Z 0000000180004900 f i Adjacencies.obj
 0001:00003920       ?setReportAllocationNames@Foundation@shdfnd@physx@@UEAAX_N@Z 0000000180004920 f i Adjacencies.obj
 0001:00003940       PxCreateCooking            0000000180004940 f   Cooking.obj
 0001:00003a30       ?release@Cooking@physx@@UEAAXXZ 0000000180004a30 f   Cooking.obj
 0001:00003a90       ?setParams@Cooking@physx@@UEAAXAEBUPxCookingParams@2@@Z 0000000180004a90 f   Cooking.obj
 0001:00003ac0       ?getParams@Cooking@physx@@UEBAAEBUPxCookingParams@2@XZ 0000000180004ac0 f   Cooking.obj
 0001:00003ae0       ?platformMismatch@Cooking@physx@@UEBA_NXZ 0000000180004ae0 f   Cooking.obj
 0001:00003b30       ?cookTriangleMesh@Cooking@physx@@UEBA_NAEBVPxTriangleMeshDesc@2@AEAVPxOutputStream@2@PEAW4Enum@PxTriangleMeshCookingResult@2@@Z 0000000180004b30 f   Cooking.obj
 0001:00003c40       ?createTriangleMesh@Cooking@physx@@UEBAPEAVPxTriangleMesh@2@AEBVPxTriangleMeshDesc@2@AEAVPxPhysicsInsertionCallback@2@PEAW4Enum@PxTriangleMeshCookingResult@2@@Z 0000000180004c40 f   Cooking.obj
 0001:00003d50       ?validateTriangleMesh@Cooking@physx@@UEBA_NAEBVPxTriangleMeshDesc@2@@Z 0000000180004d50 f   Cooking.obj
 0001:00003e20       ?cookConvexMesh@Cooking@physx@@UEBA_NAEBVPxConvexMeshDesc@2@AEAVPxOutputStream@2@PEAW4Enum@PxConvexMeshCookingResult@2@@Z 0000000180004e20 f   Cooking.obj
 0001:00004180       ?createConvexMesh@Cooking@physx@@UEBAPEAVPxConvexMesh@2@AEBVPxConvexMeshDesc@2@AEAVPxPhysicsInsertionCallback@2@PEAW4Enum@PxConvexMeshCookingResult@2@@Z 0000000180005180 f   Cooking.obj
 0001:000045d0       ?validateConvexMesh@Cooking@physx@@UEBA_NAEBVPxConvexMeshDesc@2@@Z 00000001800055d0 f   Cooking.obj
 0001:00004650       ?computeHullPolygons@Cooking@physx@@UEBA_NAEBVPxSimpleTriangleMesh@2@AEAVPxAllocatorCallback@2@AEAIAEAPEAVPxVec3@2@2AEAPEAI2AEAPEAUPxHullPolygon@2@@Z 0000000180005650 f   Cooking.obj
 0001:00004920       ?cookHeightField@Cooking@physx@@UEBA_NAEBVPxHeightFieldDesc@2@AEAVPxOutputStream@2@@Z 0000000180005920 f   Cooking.obj
 0001:00004a80       ?createHeightField@Cooking@physx@@UEBAPEAVPxHeightField@2@AEBVPxHeightFieldDesc@2@AEAVPxPhysicsInsertionCallback@2@@Z 0000000180005a80 f   Cooking.obj
 0001:00004da0       ?cookBVHStructure@Cooking@physx@@UEBA_NAEBVPxBVHStructureDesc@2@AEAVPxOutputStream@2@@Z 0000000180005da0 f   Cooking.obj
 0001:00004ec0       ?createBVHStructure@Cooking@physx@@UEBAPEAVPxBVHStructure@2@AEBVPxBVHStructureDesc@2@AEAVPxPhysicsInsertionCallback@2@@Z 0000000180005ec0 f   Cooking.obj
 0001:00004ff0       ?cookConvexMeshInternal@Cooking@physx@@AEBA_NAEBVPxConvexMeshDesc@2@AEAVConvexMeshBuilder@2@PEAVConvexHullLib@2@PEAW4Enum@PxConvexMeshCookingResult@2@@Z 0000000180005ff0 f   Cooking.obj
 0001:00005310       ?cookTriangleMesh@Cooking@physx@@AEBA_NAEAVTriangleMeshBuilder@2@AEBVPxTriangleMeshDesc@2@AEAVPxOutputStream@2@PEAW4Enum@PxTriangleMeshCookingResult@2@@Z 0000000180006310 f   Cooking.obj
 0001:000053f0       ?createTriangleMesh@Cooking@physx@@AEBAPEAVPxTriangleMesh@2@AEAVTriangleMeshBuilder@2@AEBVPxTriangleMeshDesc@2@AEAVPxPhysicsInsertionCallback@2@PEAW4Enum@PxTriangleMeshCookingResult@2@@Z 00000001800063f0 f   Cooking.obj
 0001:000055c0       ??$?2V?$ReflectionAllocator@VCooking@physx@@@shdfnd@physx@@@UserAllocated@shdfnd@physx@@SAPEAX_KV?$ReflectionAllocator@VCooking@physx@@@12@PEBDH@Z 00000001800065c0 f i Cooking.obj
 0001:00005600       ??$?2V?$ReflectionAllocator@VQuickHullConvexHullLib@physx@@@shdfnd@physx@@@UserAllocated@shdfnd@physx@@SAPEAX_KV?$ReflectionAllocator@VQuickHullConvexHullLib@physx@@@12@PEBDH@Z 0000000180006600 f i Cooking.obj
 0001:00005640       ??$PX_UNUSED@VPxFoundation@physx@@@@YAXAEBVPxFoundation@physx@@@Z 0000000180006640 f i Cooking.obj
 0001:00005650       ??$PX_UNUSED@W4PxIDENTITY@physx@@@@YAXAEBW4PxIDENTITY@physx@@@Z 0000000180006650 f i Cooking.obj
 0001:00005660       ??$PxMax@I@physx@@YAIII@Z  0000000180006660 f i Cooking.obj
 0001:00005690       ??$PxMin@G@physx@@YAGGG@Z  0000000180006690 f i Cooking.obj
 0001:000056d0       ??0?$PxBitAndDataT@G$0IAAA@@physx@@QEAA@W4PxEMPTY@1@@Z 00000001800066d0 f i Cooking.obj
 0001:000056e0       ??0?$PxBitAndDataT@G$0IAAA@@physx@@QEAA@XZ 00000001800066e0 f i Cooking.obj
 0001:00005700       ??0?$PxBitAndDataT@I$0IAAAAAAA@@physx@@QEAA@I_N@Z 0000000180006700 f i Cooking.obj
 0001:00005750       ??0?$PxBitAndDataT@I$0IAAAAAAA@@physx@@QEAA@W4PxEMPTY@1@@Z 0000000180006750 f i Cooking.obj
 0001:00005760       ??0?$PxFlags@W4Enum@PxBaseFlag@physx@@G@physx@@QEAA@AEBV01@@Z 0000000180006760 f i Cooking.obj
 0001:00005780       ??0?$PxFlags@W4Enum@PxConvexFlag@physx@@G@physx@@QEAA@AEBV01@@Z 0000000180006780 f i Cooking.obj
 0001:000057a0       ??0?$PxFlags@W4Enum@PxConvexFlag@physx@@G@physx@@QEAA@W4Enum@PxConvexFlag@1@@Z 00000001800067a0 f i Cooking.obj
 0001:000057c0       ??0?$PxFlags@W4Enum@PxConvexFlag@physx@@G@physx@@QEAA@XZ 00000001800067c0 f i Cooking.obj
 0001:000057e0       ??0?$PxFlags@W4Enum@PxHeightFieldFlag@physx@@G@physx@@QEAA@AEBV01@@Z 00000001800067e0 f i Cooking.obj
 0001:00005800       ??0?$PxFlags@W4Enum@PxHeightFieldFlag@physx@@G@physx@@QEAA@W4PxEMPTY@1@@Z 0000000180006800 f i Cooking.obj
 0001:00005810       ??0?$PxFlags@W4Enum@PxHeightFieldFlag@physx@@G@physx@@QEAA@XZ 0000000180006810 f i Cooking.obj
 0001:00005830       ??0?$PxFlags@W4Enum@PxMeshFlag@physx@@G@physx@@QEAA@AEBV01@@Z 0000000180006830 f i Cooking.obj
 0001:00005850       ??0?$PxFlags@W4Enum@PxMeshPreprocessingFlag@physx@@I@physx@@QEAA@AEBV01@@Z 0000000180006850 f i Cooking.obj
 0001:00005870       ??0?$ReflectionAllocator@VCooking@physx@@@shdfnd@physx@@QEAA@PEBD@Z 0000000180006870 f i Cooking.obj
 0001:00005880       ??0?$ReflectionAllocator@VHeightField@Gu@physx@@@shdfnd@physx@@QEAA@PEBD@Z 0000000180006880 f i Cooking.obj
 0001:00005890       ??0?$ReflectionAllocator@VQuickHullConvexHullLib@physx@@@shdfnd@physx@@QEAA@PEBD@Z 0000000180006890 f i Cooking.obj
 0001:000058a0       ??0CenterExtents@Gu@physx@@QEAA@AEBV012@@Z 00000001800068a0 f i Cooking.obj
 0001:000058f0       ??0CenterExtents@Gu@physx@@QEAA@XZ 00000001800068f0 f i Cooking.obj
 0001:00005930       ??0ConvexHullData@Gu@physx@@QEAA@W4PxEMPTY@2@@Z 0000000180006930 f i Cooking.obj
 0001:00005980       ??0ConvexHullData@Gu@physx@@QEAA@XZ 0000000180006980 f i Cooking.obj
 0001:000059d0       ??0ConvexMesh@Gu@physx@@QEAA@V?$PxFlags@W4Enum@PxBaseFlag@physx@@G@2@@Z 00000001800069d0 f i Cooking.obj
 0001:00005a90       ??0Cooking@physx@@QEAA@AEBUPxCookingParams@1@@Z 0000000180006a90 f i Cooking.obj
 0001:00005ae0       ??0DebugText@Cm@physx@@QEAA@$$QEAU012@@Z 0000000180006ae0 f i Cooking.obj
 0001:00005b50       ??0DebugText@Cm@physx@@QEAA@AEBU012@@Z 0000000180006b50 f i Cooking.obj
 0001:00005bc0       ??0HeightFieldData@Gu@physx@@QEAA@$$QEAU012@@Z 0000000180006bc0 f i Cooking.obj
 0001:00005ca0       ??0HeightFieldData@Gu@physx@@QEAA@AEBU012@@Z 0000000180006ca0 f i Cooking.obj
 0001:00005d80       ??0HeightFieldData@Gu@physx@@QEAA@W4PxEMPTY@2@@Z 0000000180006d80 f i Cooking.obj
 0001:00005dc0       ??0HeightFieldData@Gu@physx@@QEAA@XZ 0000000180006dc0 f i Cooking.obj
 0001:00005e00       ??0PxBase@physx@@IEAA@V?$PxFlags@W4Enum@PxBaseFlag@physx@@G@1@@Z 0000000180006e00 f i Cooking.obj
 0001:00005e40       ??0PxConvexMesh@physx@@IEAA@V?$PxFlags@W4Enum@PxBaseFlag@physx@@G@1@@Z 0000000180006e40 f i Cooking.obj
 0001:00005e90       ??0PxConvexMeshDesc@physx@@QEAA@AEBV01@@Z 0000000180006e90 f i Cooking.obj
 0001:00005f30       ??0PxCooking@physx@@QEAA@XZ 0000000180006f30 f i Cooking.obj
 0001:00005f50       ??0PxCookingParams@physx@@QEAA@AEBU01@@Z 0000000180006f50 f i Cooking.obj
 0001:00006040       ??0PxDebugLine@physx@@QEAA@AEBU01@@Z 0000000180007040 f i Cooking.obj
 0001:000060b0       ??0PxMat33@physx@@QEAA@XZ  00000001800070b0 f i Cooking.obj
 0001:00006100       ??0PxMat44@physx@@QEAA@AEBV01@@Z 0000000180007100 f i Cooking.obj
 0001:00006180       ??0PxMat44@physx@@QEAA@W4PxIDENTITY@1@@Z 0000000180007180 f i Cooking.obj
 0001:00006240       ??0PxVec3@physx@@QEAA@AEBV01@@Z 0000000180007240 f i Cooking.obj
 0001:00006290       ??0PxVec3@physx@@QEAA@M@Z  0000000180007290 f i Cooking.obj
 0001:000062d0       ??0PxVec3@physx@@QEAA@MMM@Z 00000001800072d0 f i Cooking.obj
 0001:00006320       ??0PxVec3@physx@@QEAA@XZ   0000000180007320 f i Cooking.obj
 0001:00006330       ??0PxVec4@physx@@QEAA@AEBV01@@Z 0000000180007330 f i Cooking.obj
 0001:00006390       ??0PxVec4@physx@@QEAA@MMMM@Z 0000000180007390 f i Cooking.obj
 0001:000063f0       ??0RefCountable@Cm@physx@@QEAA@W4PxEMPTY@2@@Z 00000001800073f0 f i Cooking.obj
 0001:00006470       ??0RenderOutput@Cm@physx@@QEAA@AEAVRenderBuffer@12@@Z 0000000180007470 f i Cooking.obj
 0001:00006500       ??0RenderOutput@Cm@physx@@QEAA@AEBV012@@Z 0000000180007500 f i Cooking.obj
 0001:000065b0       ??1CenterExtents@Gu@physx@@QEAA@XZ 00000001800075b0 f i Cooking.obj
 0001:000065c0       ??1ConvexHullData@Gu@physx@@QEAA@XZ 00000001800075c0 f i Cooking.obj
 0001:000065e0       ??1Cooking@physx@@UEAA@XZ  00000001800075e0 f i Cooking.obj
 0001:00006600       ??1HeightFieldData@Gu@physx@@QEAA@XZ 0000000180007600 f i Cooking.obj
 0001:00006620       ??1PxBase@physx@@MEAA@XZ   0000000180007620 f i Cooking.obj
 0001:00006640       ??1PxConvexMesh@physx@@MEAA@XZ 0000000180007640 f i Cooking.obj
 0001:00006670       ??1PxCooking@physx@@MEAA@XZ 0000000180007670 f i Cooking.obj
 0001:00006690       ??1PxHeightField@physx@@MEAA@XZ 0000000180007690 f i Cooking.obj
 0001:000066c0       ??1RefCountable@Cm@physx@@UEAA@XZ 00000001800076c0 f i Cooking.obj
 0001:000066e0       ??2@YAPEAX_KPEAX@Z         00000001800076e0 f i Cooking.obj
 0001:000066f0       ??2UserAllocated@shdfnd@physx@@SAPEAX_KPEAX@Z 00000001800076f0 f i Cooking.obj
 0001:00006700       ??4?$PxFlags@W4Enum@PxHeightFieldFlag@physx@@G@physx@@QEAAAEAV01@AEBV01@@Z 0000000180007700 f i Cooking.obj
 0001:00006720       ??4?$PxFlags@W4Enum@PxMeshPreprocessingFlag@physx@@I@physx@@QEAAAEAV01@AEBV01@@Z 0000000180007720 f i Cooking.obj
 0001:00006740       ??4CenterExtents@Gu@physx@@QEAAAEAV012@AEBV012@@Z 0000000180007740 f i Cooking.obj
 0001:00006790       ??4DebugText@Cm@physx@@QEAAAEAU012@$$QEAU012@@Z 0000000180007790 f i Cooking.obj
 0001:00006830       ??4DebugText@Cm@physx@@QEAAAEAU012@AEBU012@@Z 0000000180007830 f i Cooking.obj
 0001:000068d0       ??4FPUGuard@shdfnd@physx@@QEAAAEAV012@AEBV012@@Z 00000001800078d0 f i Cooking.obj
 0001:00006900       ??4HeightFieldData@Gu@physx@@QEAAAEAU012@$$QEAU012@@Z 0000000180007900 f i Cooking.obj
 0001:000069e0       ??4HeightFieldData@Gu@physx@@QEAAAEAU012@AEBU012@@Z 00000001800079e0 f i Cooking.obj
 0001:00006ac0       ??4PxCookingParams@physx@@QEAAAEAU01@AEBU01@@Z 0000000180007ac0 f i Cooking.obj
 0001:00006bb0       ??4PxMat33@physx@@QEAAAEAV01@AEBV01@@Z 0000000180007bb0 f i Cooking.obj
 0001:00006c10       ??4PxVec3@physx@@QEAAAEAV01@AEBV01@@Z 0000000180007c10 f i Cooking.obj
 0001:00006c60       ??9?$PxFlags@W4Enum@PxHeightFieldFlag@physx@@G@physx@@QEBA_NAEBV01@@Z 0000000180007c60 f i Cooking.obj
 0001:00006ca0       ??B?$PxBitAndDataT@E$0IA@@physx@@QEBAEXZ 0000000180007ca0 f i Cooking.obj
 0001:00006cc0       ??B?$PxBitAndDataT@G$0IAAA@@physx@@QEBAGXZ 0000000180007cc0 f i Cooking.obj
 0001:00006ce0       ??B?$PxFlags@W4Enum@PxBaseFlag@physx@@G@physx@@QEBA_NXZ 0000000180007ce0 f i Cooking.obj
 0001:00006d10       ??B?$PxFlags@W4Enum@PxConvexFlag@physx@@G@physx@@QEBA_NXZ 0000000180007d10 f i Cooking.obj
 0001:00006d40       ??B?$PxFlags@W4Enum@PxMeshFlag@physx@@G@physx@@QEBA_NXZ 0000000180007d40 f i Cooking.obj
 0001:00006d70       ??B?$PxFlags@W4Enum@PxMeshPreprocessingFlag@physx@@I@physx@@QEBA_NXZ 0000000180007d70 f i Cooking.obj
 0001:00006da0       ??I?$PxFlags@W4Enum@PxBaseFlag@physx@@G@physx@@QEBA?AV01@W4Enum@PxBaseFlag@1@@Z 0000000180007da0 f i Cooking.obj
 0001:00006df0       ??I?$PxFlags@W4Enum@PxConvexFlag@physx@@G@physx@@QEBA?AV01@W4Enum@PxConvexFlag@1@@Z 0000000180007df0 f i Cooking.obj
 0001:00006e40       ??I?$PxFlags@W4Enum@PxHeightFieldFlag@physx@@G@physx@@QEBA?AV01@W4Enum@PxHeightFieldFlag@1@@Z 0000000180007e40 f i Cooking.obj
 0001:00006e90       ??I?$PxFlags@W4Enum@PxMeshFlag@physx@@G@physx@@QEBA?AV01@W4Enum@PxMeshFlag@1@@Z 0000000180007e90 f i Cooking.obj
 0001:00006ee0       ??I?$PxFlags@W4Enum@PxMeshPreprocessingFlag@physx@@I@physx@@QEBA?AV01@W4Enum@PxMeshPreprocessingFlag@1@@Z 0000000180007ee0 f i Cooking.obj
 0001:00006f30       ??S?$PxFlags@W4Enum@PxConvexFlag@physx@@G@physx@@QEBA?AV01@XZ 0000000180007f30 f i Cooking.obj
 0001:00006f70       ??Sphysx@@YA?AV?$PxFlags@W4Enum@PxConvexFlag@physx@@G@0@W4Enum@PxConvexFlag@0@@Z 0000000180007f70 f i Cooking.obj
 0001:00006fb0       ??_4?$PxFlags@W4Enum@PxConvexFlag@physx@@G@physx@@QEAAAEAV01@AEBV01@@Z 0000000180007fb0 f i Cooking.obj
 0001:00006fe0       ??_EConvexMesh@Gu@physx@@UEAAPEAXI@Z 0000000180007fe0 f i Cooking.obj
 0001:000070b8       ??_EConvexMesh@Gu@physx@@WBA@EAAPEAXI@Z 00000001800080b8 f i Cooking.obj
 0001:000070d0       ??_EPxConvexMesh@physx@@MEAAPEAXI@Z 00000001800080d0 f i Cooking.obj
 0001:00007170       ??_EPxHeightField@physx@@MEAAPEAXI@Z 0000000180008170 f i Cooking.obj
 0001:00007210       ??_ECooking@physx@@UEAAPEAXI@Z 0000000180008210 f i Cooking.obj
 0001:00007210       ??_GCooking@physx@@UEAAPEAXI@Z 0000000180008210 f i Cooking.obj
 0001:00007270       ??_EPxBase@physx@@MEAAPEAXI@Z 0000000180008270 f i Cooking.obj
 0001:00007270       ??_GPxBase@physx@@MEAAPEAXI@Z 0000000180008270 f i Cooking.obj
 0001:000072b0       ??_GPxCooking@physx@@MEAAPEAXI@Z 00000001800082b0 f i Cooking.obj
 0001:000072b0       ??_EPxCooking@physx@@MEAAPEAXI@Z 00000001800082b0 f i Cooking.obj
 0001:000072f0       ??_ERefCountable@Cm@physx@@UEAAPEAXI@Z 00000001800082f0 f i Cooking.obj
 0001:000072f0       ??_GRefCountable@Cm@physx@@UEAAPEAXI@Z 00000001800082f0 f i Cooking.obj
 0001:00007330       ?FLoad@aos@shdfnd@physx@@YA?AT__m128@@M@Z 0000000180008330 f i Cooking.obj
 0001:00007360       ?PxMemCopy@physx@@YAPEAXPEAXPEBXI@Z 0000000180008360 f i Cooking.obj
 0001:00007390       ?V3Load@aos@shdfnd@physx@@YA?AT__m128@@M@Z 0000000180008390 f i Cooking.obj
 0001:000073d0       ?V4Load@aos@shdfnd@physx@@YA?AT__m128@@M@Z 00000001800083d0 f i Cooking.obj
 0001:00007400       ?allocate@?$Array@UPxDebugLine@physx@@VNamedAllocator@shdfnd@2@@shdfnd@physx@@IEAAPEAUPxDebugLine@3@I@Z 0000000180008400 f i Cooking.obj
 0001:00007490       ?allocate@?$ReflectionAllocator@VCooking@physx@@@shdfnd@physx@@QEAAPEAX_KPEBDH@Z 0000000180008490 f i Cooking.obj
 0001:00007510       ?allocate@?$ReflectionAllocator@VHeightField@Gu@physx@@@shdfnd@physx@@QEAAPEAX_KPEBDH@Z 0000000180008510 f i Cooking.obj
 0001:00007590       ?allocate@?$ReflectionAllocator@VQuickHullConvexHullLib@physx@@@shdfnd@physx@@QEAAPEAX_KPEBDH@Z 0000000180008590 f i Cooking.obj
 0001:00007610       ?capacity@?$Array@UPxDebugLine@physx@@VNamedAllocator@shdfnd@2@@shdfnd@physx@@QEBAIXZ 0000000180008610 f i Cooking.obj
 0001:00007630       ?copy@?$Array@UPxDebugLine@physx@@VNamedAllocator@shdfnd@2@@shdfnd@physx@@KAXPEAUPxDebugLine@3@0PEBU43@@Z 0000000180008630 f i Cooking.obj
 0001:000076b0       ?deallocate@?$Array@UPxDebugLine@physx@@VNamedAllocator@shdfnd@2@@shdfnd@physx@@IEAAXPEAX@Z 00000001800086b0 f i Cooking.obj
 0001:000076e0       ?destroy@?$Array@UPxDebugLine@physx@@VNamedAllocator@shdfnd@2@@shdfnd@physx@@KAXPEAUPxDebugLine@3@0@Z 00000001800086e0 f i Cooking.obj
 0001:00007710       ?end@?$Array@UPxDebugLine@physx@@VNamedAllocator@shdfnd@2@@shdfnd@physx@@QEAAPEAUPxDebugLine@3@XZ 0000000180008710 f i Cooking.obj
 0001:00007730       ?forceSize_Unsafe@?$Array@UPxDebugLine@physx@@VNamedAllocator@shdfnd@2@@shdfnd@physx@@QEAAXI@Z 0000000180008730 f i Cooking.obj
 0001:000077b0       ?fsel@intrinsics@physx@@YAMMMM@Z 00000001800087b0 f i Cooking.obj
 0001:00007800       ?gatherStrided@Cooking@physx@@SAXPEBXPEAXIII@Z 0000000180008800 f i Cooking.obj
 0001:00007890       ?getBigConvexData@ConvexMeshBuilder@physx@@QEBAPEAVBigConvexData@2@XZ 0000000180008890 f i Cooking.obj
 0001:000078b0       ?getConcreteTypeName@PxConvexMesh@physx@@UEBAPEBDXZ 00000001800088b0 f i Cooking.obj
 0001:000078c0       ?getConcreteTypeName@PxHeightField@physx@@UEBAPEBDXZ 00000001800088c0 f i Cooking.obj
 0001:000078d0       ?getConvexEdgeThreshold@HeightField@Gu@physx@@UEBAMXZ 00000001800088d0 f i Cooking.obj
 0001:000078e0       ?getFlags@HeightField@Gu@physx@@UEBA?AV?$PxFlags@W4Enum@PxHeightFieldFlag@physx@@G@3@XZ 00000001800088e0 f i Cooking.obj
 0001:00007910       ?getFormat@HeightField@Gu@physx@@UEBA?AW4Enum@PxHeightFieldFormat@3@XZ 0000000180008910 f i Cooking.obj
 0001:00007920       ?getHeight@HeightField@Gu@physx@@QEBAMI@Z 0000000180008920 f i Cooking.obj
 0001:00007950       ?getHeight@HeightField@Gu@physx@@UEBAMMM@Z 0000000180008950 f i Cooking.obj
 0001:00007980       ?getHeightInternal2@HeightField@Gu@physx@@QEBAMIMM@Z 0000000180008980 f i Cooking.obj
 0001:00007bf0       ?getHeightInternal@HeightField@Gu@physx@@QEBAMMM@Z 0000000180008bf0 f i Cooking.obj
 0001:00007c50       ?getHullVertices@ConvexHullData@Gu@physx@@QEBAPEBVPxVec3@3@XZ 0000000180008c50 f i Cooking.obj
 0001:00007c90       ?getIndexBuffer@ConvexMesh@Gu@physx@@UEBAPEBEXZ 0000000180008c90 f i Cooking.obj
 0001:00007cb0       ?getInertia@ConvexMeshBuilder@physx@@QEBAAEBVPxMat33@2@XZ 0000000180008cb0 f i Cooking.obj
 0001:00007cd0       ?getMass@ConvexMeshBuilder@physx@@QEBAMXZ 0000000180008cd0 f i Cooking.obj
 0001:00007cf0       ?getMaterialIndex0@HeightField@Gu@physx@@QEBAGI@Z 0000000180008cf0 f i Cooking.obj
 0001:00007d20       ?getMaterialIndex1@HeightField@Gu@physx@@QEBAGI@Z 0000000180008d20 f i Cooking.obj
 0001:00007d50       ?getMeshData@TriangleMeshBuilder@physx@@QEAAAEAVTriangleMeshData@Gu@2@XZ 0000000180008d50 f i Cooking.obj
 0001:00007d60       ?getName@?$ReflectionAllocator@VCooking@physx@@@shdfnd@physx@@CAPEBDXZ 0000000180008d60 f i Cooking.obj
 0001:00007da0       ?getName@?$ReflectionAllocator@VHeightField@Gu@physx@@@shdfnd@physx@@CAPEBDXZ 0000000180008da0 f i Cooking.obj
 0001:00007de0       ?getName@?$ReflectionAllocator@VQuickHullConvexHullLib@physx@@@shdfnd@physx@@CAPEBDXZ 0000000180008de0 f i Cooking.obj
 0001:00007e20       ?getNbColumns@HeightField@Gu@physx@@UEBAIXZ 0000000180008e20 f i Cooking.obj
 0001:00007e30       ?getNbColumnsFast@HeightField@Gu@physx@@QEBAIXZ 0000000180008e30 f i Cooking.obj
 0001:00007e40       ?getNbPolygons@ConvexMesh@Gu@physx@@UEBAIXZ 0000000180008e40 f i Cooking.obj
 0001:00007e50       ?getNbRows@HeightField@Gu@physx@@UEBAIXZ 0000000180008e50 f i Cooking.obj
 0001:00007e60       ?getNbVertices@ConvexMesh@Gu@physx@@UEBAIXZ 0000000180008e60 f i Cooking.obj
 0001:00007e70       ?getPaddedBounds@HeightFieldData@Gu@physx@@QEBAAEBVCenterExtentsPadded@23@XZ 0000000180008e70 f i Cooking.obj
 0001:00007e80       ?getSample@HeightField@Gu@physx@@QEBAAEBUPxHeightFieldSample@3@I@Z 0000000180008e80 f i Cooking.obj
 0001:00007f00       ?getSample@HeightField@Gu@physx@@UEBAAEBUPxHeightFieldSample@3@II@Z 0000000180008f00 f i Cooking.obj
 0001:00007f40       ?getSampleStride@HeightField@Gu@physx@@UEBAIXZ 0000000180008f40 f i Cooking.obj
 0001:00007f50       ?getTimestamp@HeightField@Gu@physx@@UEBAIXZ 0000000180008f50 f i Cooking.obj
 0001:00007f60       ?getTriangleMaterial@HeightField@Gu@physx@@QEBAGI@Z 0000000180008f60 f i Cooking.obj
 0001:00007fc0       ?getTriangleMaterialIndex@HeightField@Gu@physx@@UEBAGI@Z 0000000180008fc0 f i Cooking.obj
 0001:00007fe0       ?getTriangleNormal@HeightField@Gu@physx@@UEBA?AVPxVec3@3@I@Z 0000000180008fe0 f i Cooking.obj
 0001:00008020       ?getTriangleNormalInternal@HeightField@Gu@physx@@QEBA?AVPxVec3@3@I@Z 0000000180009020 f i Cooking.obj
 0001:00008280       ?getTriangleVertexIndices@HeightField@Gu@physx@@QEBAXIAEAI00@Z 0000000180009280 f i Cooking.obj
 0001:000083d0       ?getType@PxMidphaseDesc@physx@@QEBA?AW4Enum@PxMeshMidPhase@2@XZ 00000001800093d0 f i Cooking.obj
 0001:000083e0       ?getVertexData8@ConvexHullData@Gu@physx@@QEBAPEBEXZ 00000001800093e0 f i Cooking.obj
 0001:000084c0       ?getVertices@ConvexMesh@Gu@physx@@UEBAPEBVPxVec3@3@XZ 00000001800094c0 f i Cooking.obj
 0001:000084e0       ?grow@?$Array@UPxDebugLine@physx@@VNamedAllocator@shdfnd@2@@shdfnd@physx@@IEAAXI@Z 00000001800094e0 f i Cooking.obj
 0001:00008560       ?isBitSet@?$PxBitAndDataT@E$0IA@@physx@@QEBAEXZ 0000000180009560 f i Cooking.obj
 0001:00008580       ?isBitSet@?$PxBitAndDataT@G$0IAAA@@physx@@QEBAGXZ 0000000180009580 f i Cooking.obj
 0001:000085a0       ?isFirstTriangle@HeightField@Gu@physx@@QEBA_NI@Z 00000001800095a0 f i Cooking.obj
 0001:000085e0       ?isInUserMemory@?$Array@UPxDebugLine@physx@@VNamedAllocator@shdfnd@2@@shdfnd@physx@@QEBAIXZ 00000001800095e0 f i Cooking.obj
 0001:00008600       ?isKindOf@PxBase@physx@@MEBA_NPEBD@Z 0000000180009600 f i Cooking.obj
 0001:00008640       ?isKindOf@PxConvexMesh@physx@@MEBA_NPEBD@Z 0000000180009640 f i Cooking.obj
 0001:000086a0       ?isKindOf@PxHeightField@physx@@MEBA_NPEBD@Z 00000001800096a0 f i Cooking.obj
 0001:00008700       ?isReleasable@PxBase@physx@@UEBA_NXZ 0000000180009700 f i Cooking.obj
 0001:00008740       ?isValid@PxBVHStructureDesc@physx@@QEBA_NXZ 0000000180009740 f i Cooking.obj
 0001:00008780       ?isValid@PxConvexMeshDesc@physx@@QEBA_NXZ 0000000180009780 f i Cooking.obj
 0001:00008990       ?isValid@PxHeightFieldDesc@physx@@QEBA_NXZ 0000000180009990 f i Cooking.obj
 0001:00008a40       ?isValid@PxSimpleTriangleMesh@physx@@QEBA_NXZ 0000000180009a40 f i Cooking.obj
 0001:00008b20       ?isValid@PxTriangleMeshDesc@physx@@QEBA_NXZ 0000000180009b20 f i Cooking.obj
 0001:00008b90       ?isValidVertex@HeightField@Gu@physx@@QEBA_NI@Z 0000000180009b90 f i Cooking.obj
 0001:00008bd0       ?isZerothVertexShared@HeightField@Gu@physx@@QEBA_NI@Z 0000000180009bd0 f i Cooking.obj
 0001:00008c20       ?littleEndian@shdfnd@physx@@YADXZ 0000000180009c20 f i Cooking.obj
 0001:00008c40       ?markSerializedMem@Cm@physx@@YAXPEAXI@Z 0000000180009c40 f i Cooking.obj
 0001:00008c80       ?memCopy@intrinsics@physx@@YAPEAXPEAXPEBXI@Z 0000000180009c80 f i Cooking.obj
 0001:00008cb0       ?onRefCountZero@RefCountable@Cm@physx@@UEAAXXZ 0000000180009cb0 f i Cooking.obj
 0001:00008d00       ?outputSegment@RenderOutput@Cm@physx@@QEAAXAEBVPxVec3@3@0@Z 0000000180009d00 f i Cooking.obj
 0001:00008d80       ?preExportDataReset@ConvexMesh@Gu@physx@@QEAAXXZ 0000000180009d80 f i Cooking.obj
 0001:00008da0       ?preExportDataReset@HeightField@Gu@physx@@QEAAXXZ 0000000180009da0 f i Cooking.obj
 0001:00008dc0       ?preExportDataReset@RefCountable@Cm@physx@@QEAAXXZ 0000000180009dc0 f i Cooking.obj
 0001:00008de0       ?recreate@?$Array@UPxDebugLine@physx@@VNamedAllocator@shdfnd@2@@shdfnd@physx@@IEAAXI@Z 0000000180009de0 f i Cooking.obj
 0001:00008f00       ?requiresObjects@ConvexMesh@Gu@physx@@UEAAXAEAVPxProcessPxBaseCallback@3@@Z 0000000180009f00 f i Cooking.obj
 0001:00008f10       ?reserve@?$Array@UPxDebugLine@physx@@VNamedAllocator@shdfnd@2@@shdfnd@physx@@QEAAXI@Z 0000000180009f10 f i Cooking.obj
 0001:00008f40       ?reserveSegments@RenderOutput@Cm@physx@@QEAAPEAUPxDebugLine@3@I@Z 0000000180009f40 f i Cooking.obj
 0001:00008f70       ?setBigConvexData@ConvexMesh@Gu@physx@@QEAAXPEAVBigConvexData@3@@Z 0000000180009f70 f i Cooking.obj
 0001:00008f90       ?setBigConvexData@ConvexMeshBuilder@physx@@QEAAXPEAVBigConvexData@2@@Z 0000000180009f90 f i Cooking.obj
 0001:00008fb0       ?setBit@?$PxBitAndDataT@I$0IAAAAAAA@@physx@@QEAAXXZ 0000000180009fb0 f i Cooking.obj
 0001:00008fd0       ?setInertia@ConvexMesh@Gu@physx@@QEAAXAEBVPxMat33@3@@Z 0000000180009fd0 f i Cooking.obj
 0001:00009000       ?setMass@ConvexMesh@Gu@physx@@QEAAXM@Z 000000018000a000 f i Cooking.obj
 0001:00009020       ?setNb@ConvexMesh@Gu@physx@@QEAAXI@Z 000000018000a020 f i Cooking.obj
 0001:00009050       ?size@?$Array@UPxDebugLine@physx@@VNamedAllocator@shdfnd@2@@shdfnd@physx@@QEBAIXZ 000000018000a050 f i Cooking.obj
 0001:00009060       ?tessFlag@PxHeightFieldSample@physx@@QEBAEXZ 000000018000a060 f i Cooking.obj
 0001:000090a0       ??0ReducedVertexCloud@physx@@QEAA@PEBVPxVec3@1@I@Z 000000018000a0a0 f   CookingUtils.obj
 0001:00009100       ??1ReducedVertexCloud@physx@@QEAA@XZ 000000018000a100 f   CookingUtils.obj
 0001:00009120       ?Clean@ReducedVertexCloud@physx@@QEAAAEAV12@XZ 000000018000a120 f   CookingUtils.obj
 0001:00009190       ?Reduce@ReducedVertexCloud@physx@@QEAA_NPEAUREDUCEDCLOUD@2@@Z 000000018000a190 f   CookingUtils.obj
 0001:00009690       ??$?_UM@@YAPEAX_KV?$ReflectionAllocator@M@shdfnd@physx@@PEBDH@Z 000000018000a690 f i CookingUtils.obj
 0001:000096d0       ??0?$ReflectionAllocator@M@shdfnd@physx@@QEAA@PEBD@Z 000000018000a6d0 f i CookingUtils.obj
 0001:000096e0       ?allocate@?$ReflectionAllocator@M@shdfnd@physx@@QEAAPEAX_KPEBDH@Z 000000018000a6e0 f i CookingUtils.obj
 0001:00009760       ?getName@?$ReflectionAllocator@M@shdfnd@physx@@CAPEBDXZ 000000018000a760 f i CookingUtils.obj
 0001:000097a0       ??0EdgeList@Gu@physx@@QEAA@XZ 000000018000a7a0 f   EdgeList.obj
 0001:000097f0       ??1EdgeList@Gu@physx@@QEAA@XZ 000000018000a7f0 f   EdgeList.obj
 0001:000098b0       ?load@EdgeList@Gu@physx@@QEAA_NAEAVPxInputStream@3@@Z 000000018000a8b0 f   EdgeList.obj
 0001:00009be0       ??0EdgeListBuilder@Gu@physx@@QEAA@XZ 000000018000abe0 f   EdgeList.obj
 0001:00009c10       ??1EdgeListBuilder@Gu@physx@@QEAA@XZ 000000018000ac10 f   EdgeList.obj
 0001:00009c30       ?init@EdgeListBuilder@Gu@physx@@QEAA_NAEBUEDGELISTCREATE@23@@Z 000000018000ac30 f   EdgeList.obj
 0001:00009e10       ?createFacesToEdges@EdgeListBuilder@Gu@physx@@AEAA_NIPEBIPEBG@Z 000000018000ae10 f   EdgeList.obj
 0001:0000a5e0       ?createEdgesToFaces@EdgeListBuilder@Gu@physx@@AEAA_NIPEBIPEBG@Z 000000018000b5e0 f   EdgeList.obj
 0001:0000ab80       ?computeActiveEdges@EdgeListBuilder@Gu@physx@@AEAA_NIPEBIPEBGPEBVPxVec3@3@M@Z 000000018000bb80 f   EdgeList.obj
 0001:0000c670       ??$?_UUEdgeData@Gu@physx@@@@YAPEAX_KV?$ReflectionAllocator@UEdgeData@Gu@physx@@@shdfnd@physx@@PEBDH@Z 000000018000d670 f i EdgeList.obj
 0001:0000c6b0       ??$?_UUEdgeTriangleData@Gu@physx@@@@YAPEAX_KV?$ReflectionAllocator@UEdgeTriangleData@Gu@physx@@@shdfnd@physx@@PEBDH@Z 000000018000d6b0 f i EdgeList.obj
 0001:0000c6f0       ??0?$ReflectionAllocator@UEdgeData@Gu@physx@@@shdfnd@physx@@QEAA@PEBD@Z 000000018000d6f0 f i EdgeList.obj
 0001:0000c700       ??0?$ReflectionAllocator@UEdgeTriangleData@Gu@physx@@@shdfnd@physx@@QEAA@PEBD@Z 000000018000d700 f i EdgeList.obj
 0001:0000c710       ??0PxPlane@physx@@QEAA@AEBVPxVec3@1@00@Z 000000018000d710 f i EdgeList.obj
 0001:0000c7d0       ??0PxTriangle@physx@@QEAA@AEBVPxVec3@1@00@Z 000000018000d7d0 f i EdgeList.obj
 0001:0000c880       ??1PxTriangle@physx@@QEAA@XZ 000000018000d880 f i EdgeList.obj
 0001:0000c890       ??DPxVec3@physx@@QEBA?AV01@M@Z 000000018000d890 f i EdgeList.obj
 0001:0000c900       ??GPxVec3@physx@@QEBA?AV01@AEBV01@@Z 000000018000d900 f i EdgeList.obj
 0001:0000c980       ??_0PxVec3@physx@@QEAAAEAV01@M@Z 000000018000d980 f i EdgeList.obj
 0001:0000ca00       ?PxAtan2@physx@@YAMMM@Z    000000018000da00 f i EdgeList.obj
 0001:0000ca30       ?PxRecipSqrt@physx@@YAMM@Z 000000018000da30 f i EdgeList.obj
 0001:0000ca50       ?PxSqrt@physx@@YAMM@Z      000000018000da50 f i EdgeList.obj
 0001:0000ca70       ?allocate@?$ReflectionAllocator@UEdgeData@Gu@physx@@@shdfnd@physx@@QEAAPEAX_KPEBDH@Z 000000018000da70 f i EdgeList.obj
 0001:0000caf0       ?allocate@?$ReflectionAllocator@UEdgeTriangleData@Gu@physx@@@shdfnd@physx@@QEAAPEAX_KPEBDH@Z 000000018000daf0 f i EdgeList.obj
 0001:0000cb70       ?angle@shdfnd@physx@@YAMAEBVPxVec3@2@0@Z 000000018000db70 f i EdgeList.obj
 0001:0000cbd0       ?cross@PxVec3@physx@@QEBA?AV12@AEBV12@@Z 000000018000dbd0 f i EdgeList.obj
 0001:0000cc90       ?distance@PxPlane@physx@@QEBAMAEBVPxVec3@2@@Z 000000018000dc90 f i EdgeList.obj
 0001:0000ccc0       ?dot@PxVec3@physx@@QEBAMAEBV12@@Z 000000018000dcc0 f i EdgeList.obj
 0001:0000cd10       ?getEdgeToTriangles@EdgeList@Gu@physx@@QEBAPEBUEdgeDescData@23@XZ 000000018000dd10 f i EdgeList.obj
 0001:0000cd20       ?getEdges@EdgeList@Gu@physx@@QEBAPEBUEdgeData@23@XZ 000000018000dd20 f i EdgeList.obj
 0001:0000cd30       ?getFacesByEdges@EdgeList@Gu@physx@@QEBAPEBIXZ 000000018000dd30 f i EdgeList.obj
 0001:0000cd40       ?getName@?$ReflectionAllocator@UEdgeData@Gu@physx@@@shdfnd@physx@@CAPEBDXZ 000000018000dd40 f i EdgeList.obj
 0001:0000cd80       ?getName@?$ReflectionAllocator@UEdgeTriangleData@Gu@physx@@@shdfnd@physx@@CAPEBDXZ 000000018000dd80 f i EdgeList.obj
 0001:0000cdc0       ?getNbEdges@EdgeList@Gu@physx@@QEBAIXZ 000000018000ddc0 f i EdgeList.obj
 0001:0000cdd0       ?getNormalized@PxVec3@physx@@QEBA?AV12@XZ 000000018000ddd0 f i EdgeList.obj
 0001:0000ce60       ?magnitude@PxVec3@physx@@QEBAMXZ 000000018000de60 f i EdgeList.obj
 0001:0000ce80       ?magnitudeSquared@PxVec3@physx@@QEBAMXZ 000000018000de80 f i EdgeList.obj
 0001:0000ced0       ?normal@PxTriangle@physx@@QEBAXAEAVPxVec3@2@@Z 000000018000ded0 f i EdgeList.obj
 0001:0000cf90       ?normalize@PxVec3@physx@@QEAAMXZ 000000018000df90 f i EdgeList.obj
 0001:0000cfe0       ?recipSqrt@intrinsics@physx@@YAMM@Z 000000018000dfe0 f i EdgeList.obj
 0001:0000d010       ?sqrt@intrinsics@physx@@YAMM@Z 000000018000e010 f i EdgeList.obj
 0001:0000d030       fabsf                      000000018000e030 f i EdgeList.obj
 0001:0000d050       ??0MeshCleaner@physx@@QEAA@IPEBVPxVec3@1@IPEBIM@Z 000000018000e050 f   MeshCleaner.obj
 0001:0000dd20       ??1MeshCleaner@physx@@QEAA@XZ 000000018000ed20 f   MeshCleaner.obj
 0001:0000e030       ??9Indices@@QEBA_NAEBU0@@Z 000000018000f030 f i MeshCleaner.obj
 0001:0000e0d0       ??9PxVec3@physx@@QEBA_NAEBV01@@Z 000000018000f0d0 f i MeshCleaner.obj
 0001:0000e140       ?PxFloor@physx@@YAMM@Z     000000018000f140 f i MeshCleaner.obj
 0001:0000e160       ?nextPowerOfTwo@shdfnd@physx@@YAII@Z 000000018000f160 f i MeshCleaner.obj
 0001:0000e1d0       ?createQuantizer@physx@@YAPEAVQuantizer@1@XZ 000000018000f1d0 f   Quantizer.obj
 0001:0000e250       ?kmeans_cluster3d@@YAIPEBVPxVec3@physx@@IIPEAV12@PEAIMM@Z 000000018000f250 f   Quantizer.obj
 0001:0000e2b0       ??$?2V?$ReflectionAllocator@VQuantizerImpl@@@shdfnd@physx@@@UserAllocated@shdfnd@physx@@SAPEAX_KV?$ReflectionAllocator@VQuantizerImpl@@@12@PEBDH@Z 000000018000f2b0 f i Quantizer.obj
 0001:0000e2f0       ??$PX_UNUSED@W4PxZERO@physx@@@@YAXAEBW4PxZERO@physx@@@Z 000000018000f2f0 f i Quantizer.obj
 0001:0000e300       ??$PxMax@M@physx@@YAMMM@Z  000000018000f300 f i Quantizer.obj
 0001:0000e330       ??$PxMin@M@physx@@YAMMM@Z  000000018000f330 f i Quantizer.obj
 0001:0000e360       ??$kmeans_cluster@VPxVec3@physx@@M@@YAIPEBVPxVec3@physx@@IIPEAV01@PEAIMM@Z 000000018000f360 f i Quantizer.obj
 0001:0000eac0       ??0?$Array@VPxVec3@physx@@VNamedAllocator@shdfnd@2@@shdfnd@physx@@QEAA@AEBVNamedAllocator@12@@Z 000000018000fac0 f i Quantizer.obj
 0001:0000eb10       ??0?$ReflectionAllocator@VQuantizerImpl@@@shdfnd@physx@@QEAA@PEBD@Z 000000018000fb10 f i Quantizer.obj
 0001:0000eb20       ??0PxBounds3@physx@@QEAA@XZ 000000018000fb20 f i Quantizer.obj
 0001:0000eb60       ??0PxVec3@physx@@QEAA@W4PxZERO@1@@Z 000000018000fb60 f i Quantizer.obj
 0001:0000ebb0       ??0Quantizer@physx@@QEAA@XZ 000000018000fbb0 f i Quantizer.obj
 0001:0000ebd0       ??0QuantizerImpl@@QEAA@XZ  000000018000fbd0 f i Quantizer.obj
 0001:0000ecd0       ??1?$Array@VPxVec3@physx@@VNamedAllocator@shdfnd@2@@shdfnd@physx@@QEAA@XZ 000000018000fcd0 f i Quantizer.obj
 0001:0000ed40       ??1Quantizer@physx@@MEAA@XZ 000000018000fd40 f i Quantizer.obj
 0001:0000ed60       ??1QuantizerImpl@@EEAA@XZ  000000018000fd60 f i Quantizer.obj
 0001:0000edb0       ??A?$Array@VPxVec3@physx@@VNamedAllocator@shdfnd@2@@shdfnd@physx@@QEAAAEAVPxVec3@2@I@Z 000000018000fdb0 f i Quantizer.obj
 0001:0000ee30       ??APxVec3@physx@@QEAAAEAMI@Z 000000018000fe30 f i Quantizer.obj
 0001:0000ee80       ??HPxVec3@physx@@QEBA?AV01@AEBV01@@Z 000000018000fe80 f i Quantizer.obj
 0001:0000ef00       ??XPxVec3@physx@@QEAAAEAV01@M@Z 000000018000ff00 f i Quantizer.obj
 0001:0000ef60       ??YPxVec3@physx@@QEAAAEAV01@AEBV01@@Z 000000018000ff60 f i Quantizer.obj
 0001:0000efd0       ??_EQuantizer@physx@@MEAAPEAXI@Z 000000018000ffd0 f i Quantizer.obj
 0001:0000efd0       ??_GQuantizer@physx@@MEAAPEAXI@Z 000000018000ffd0 f i Quantizer.obj
 0001:0000f010       ??_GQuantizerImpl@@EEAAPEAXI@Z 0000000180010010 f i Quantizer.obj
 0001:0000f010       ??_EQuantizerImpl@@EEAAPEAXI@Z 0000000180010010 f i Quantizer.obj
 0001:0000f070       ?PxAbs@physx@@YAMM@Z       0000000180010070 f i Quantizer.obj
 0001:0000f090       ?PxIsFinite@physx@@YA_NM@Z 0000000180010090 f i Quantizer.obj
 0001:0000f0b0       ?abs@intrinsics@physx@@YAMM@Z 00000001800100b0 f i Quantizer.obj
 0001:0000f0d0       ?allocate@?$Array@VPxVec3@physx@@VNamedAllocator@shdfnd@2@@shdfnd@physx@@IEAAPEAVPxVec3@3@I@Z 00000001800100d0 f i Quantizer.obj
 0001:0000f160       ?allocate@?$ReflectionAllocator@VQuantizerImpl@@@shdfnd@physx@@QEAAPEAX_KPEBDH@Z 0000000180010160 f i Quantizer.obj
 0001:0000f1e0       ?capacity@?$Array@VPxVec3@physx@@VNamedAllocator@shdfnd@2@@shdfnd@physx@@QEBAIXZ 00000001800101e0 f i Quantizer.obj
 0001:0000f200       ?capacityIncrement@?$Array@VPxVec3@physx@@VNamedAllocator@shdfnd@2@@shdfnd@physx@@IEBAIXZ 0000000180010200 f i Quantizer.obj
 0001:0000f240       ?clear@?$Array@VPxVec3@physx@@VNamedAllocator@shdfnd@2@@shdfnd@physx@@QEAAXXZ 0000000180010240 f i Quantizer.obj
 0001:0000f280       ?copy@?$Array@VPxVec3@physx@@VNamedAllocator@shdfnd@2@@shdfnd@physx@@KAXPEAVPxVec3@3@0PEBV43@@Z 0000000180010280 f i Quantizer.obj
 0001:0000f300       ?deallocate@?$Array@VPxVec3@physx@@VNamedAllocator@shdfnd@2@@shdfnd@physx@@IEAAXPEAX@Z 0000000180010300 f i Quantizer.obj
 0001:0000f330       ?destroy@?$Array@VPxVec3@physx@@VNamedAllocator@shdfnd@2@@shdfnd@physx@@KAXPEAVPxVec3@3@0@Z 0000000180010330 f i Quantizer.obj
 0001:0000f360       ?getCenter@PxBounds3@physx@@QEBA?AVPxVec3@2@XZ 0000000180010360 f i Quantizer.obj
 0001:0000f3e0       ?getDenormalizeCenter@QuantizerImpl@@UEBAAEBVPxVec3@physx@@XZ 00000001800103e0 f i Quantizer.obj
 0001:0000f3f0       ?getDenormalizeScale@QuantizerImpl@@UEBAAEBVPxVec3@physx@@XZ 00000001800103f0 f i Quantizer.obj
 0001:0000f400       ?getDimensions@PxBounds3@physx@@QEBA?AVPxVec3@2@XZ 0000000180010400 f i Quantizer.obj
 0001:0000f460       ?getName@?$ReflectionAllocator@VQuantizerImpl@@@shdfnd@physx@@CAPEBDXZ 0000000180010460 f i Quantizer.obj
 0001:0000f4a0       ?growAndPushBack@?$Array@VPxVec3@physx@@VNamedAllocator@shdfnd@2@@shdfnd@physx@@IEAAAEAVPxVec3@3@AEBV43@@Z 00000001800104a0 f i Quantizer.obj
 0001:0000f630       ?include@PxBounds3@physx@@QEAAXAEBVPxVec3@2@@Z 0000000180010630 f i Quantizer.obj
 0001:0000f6c0       ?isFinite@PxBounds3@physx@@QEBA_NXZ 00000001800106c0 f i Quantizer.obj
 0001:0000f720       ?isFinite@PxVec3@physx@@QEBA_NXZ 0000000180010720 f i Quantizer.obj
 0001:0000f790       ?isFinite@intrinsics@physx@@YA_NM@Z 0000000180010790 f i Quantizer.obj
 0001:0000f7d0       ?isInUserMemory@?$Array@VPxVec3@physx@@VNamedAllocator@shdfnd@2@@shdfnd@physx@@QEBAIXZ 00000001800107d0 f i Quantizer.obj
 0001:0000f7f0       ?isValid@PxBounds3@physx@@QEBA_NXZ 00000001800107f0 f i Quantizer.obj
 0001:0000f8e0       ?kmeansQuantize3D@QuantizerImpl@@UEAAPEBVPxVec3@physx@@IPEBV23@I_NIAEAI@Z 00000001800108e0 f i Quantizer.obj
 0001:0000fc10       ?maximum@PxVec3@physx@@QEBA?AV12@AEBV12@@Z 0000000180010c10 f i Quantizer.obj
 0001:0000fcb0       ?minimum@PxVec3@physx@@QEBA?AV12@AEBV12@@Z 0000000180010cb0 f i Quantizer.obj
 0001:0000fd50       ?multiply@PxVec3@physx@@QEBA?AV12@AEBV12@@Z 0000000180010d50 f i Quantizer.obj
 0001:0000fdd0       ?normalizeInput@QuantizerImpl@@AEAAXIPEBVPxVec3@physx@@I@Z 0000000180010dd0 f i Quantizer.obj
 0001:00010070       ?pushBack@?$Array@VPxVec3@physx@@VNamedAllocator@shdfnd@2@@shdfnd@physx@@QEAAAEAVPxVec3@3@AEBV43@@Z 0000000180011070 f i Quantizer.obj
 0001:00010110       ?release@QuantizerImpl@@UEAAXXZ 0000000180011110 f i Quantizer.obj
 0001:00010160       ?selectMax@intrinsics@physx@@YAMMM@Z 0000000180011160 f i Quantizer.obj
 0001:000101a0       ?selectMin@intrinsics@physx@@YAMMM@Z 00000001800111a0 f i Quantizer.obj
 0001:000101e0       ?setEmpty@PxBounds3@physx@@QEAAXXZ 00000001800111e0 f i Quantizer.obj
 0001:00010230       ??0BVHStructureBuilder@physx@@QEAA@XZ 0000000180011230 f   BVHStructureBuilder.obj
 0001:00010280       ??1BVHStructureBuilder@physx@@QEAA@XZ 0000000180011280 f   BVHStructureBuilder.obj
 0001:00010310       ?loadFromDesc@BVHStructureBuilder@physx@@QEAA_NAEBVPxBVHStructureDesc@2@@Z 0000000180011310 f   BVHStructureBuilder.obj
 0001:00010650       ?save@BVHStructureBuilder@physx@@QEBA_NAEAVPxOutputStream@2@_N@Z 0000000180011650 f   BVHStructureBuilder.obj
 0001:00010850       ?moveData@BVHStructureBuilder@physx@@QEAAXAEAUBVHStructureData@Gu@2@@Z 0000000180011850 f   BVHStructureBuilder.obj
 0001:00010900       ?flatten@@YAXAEBVNodeAllocator@Gu@physx@@PEAUBVHNode@23@@Z 0000000180011900 f   BVHStructureBuilder.obj
 0001:00010ca0       ??$?4VNamedAllocator@shdfnd@physx@@@?$Array@USlab@NodeAllocator@Gu@physx@@VNamedAllocator@shdfnd@4@@shdfnd@physx@@QEAAAEAV012@AEBV012@@Z 0000000180011ca0 f i BVHStructureBuilder.obj
 0001:00010d30       ??$PX_UNUSED@_N@@YAXAEB_N@Z 0000000180011d30 f i BVHStructureBuilder.obj
 0001:00010d40       ??$copy@VNamedAllocator@shdfnd@physx@@@?$Array@USlab@NodeAllocator@Gu@physx@@VNamedAllocator@shdfnd@4@@shdfnd@physx@@IEAAXAEBV012@@Z 0000000180011d40 f i BVHStructureBuilder.obj
 0001:00010e00       ??0?$Array@USlab@NodeAllocator@Gu@physx@@VNamedAllocator@shdfnd@4@@shdfnd@physx@@QEAA@AEBV012@AEBVNamedAllocator@12@@Z 0000000180011e00 f i BVHStructureBuilder.obj
 0001:00010e40       ??0AABBTreeBuildNode@Gu@physx@@QEAA@AEBV012@@Z 0000000180011e40 f i BVHStructureBuilder.obj
 0001:00010ea0       ??0AABBTreeBuildNode@Gu@physx@@QEAA@XZ 0000000180011ea0 f i BVHStructureBuilder.obj
 0001:00010ec0       ??0AABBTreeBuildParams@Gu@physx@@QEAA@IIPEBVPxBounds3@2@@Z 0000000180011ec0 f i BVHStructureBuilder.obj
 0001:00010f10       ??0BuildStats@Gu@physx@@QEAA@XZ 0000000180011f10 f i BVHStructureBuilder.obj
 0001:00010f40       ??0NodeAllocator@Gu@physx@@QEAA@AEBV012@@Z 0000000180011f40 f i BVHStructureBuilder.obj
 0001:00010fd0       ??0PxBounds3@physx@@QEAA@AEBV01@@Z 0000000180011fd0 f i BVHStructureBuilder.obj
 0001:00011020       ??0PxVec4@physx@@QEAA@XZ   0000000180012020 f i BVHStructureBuilder.obj
 0001:00011030       ??1AABBTreeBuildNode@Gu@physx@@QEAA@XZ 0000000180012030 f i BVHStructureBuilder.obj
 0001:00011040       ??1AABBTreeBuildParams@Gu@physx@@QEAA@XZ 0000000180012040 f i BVHStructureBuilder.obj
 0001:00011060       ??4?$Array@USlab@NodeAllocator@Gu@physx@@VNamedAllocator@shdfnd@4@@shdfnd@physx@@QEAAAEAV012@AEBV012@@Z 0000000180012060 f i BVHStructureBuilder.obj
 0001:00011090       ??4AABBTreeBuildNode@Gu@physx@@QEAAAEAV012@AEBV012@@Z 0000000180012090 f i BVHStructureBuilder.obj
 0001:000110f0       ??4AABBTreeBuildParams@Gu@physx@@QEAAAEAV012@AEBV012@@Z 00000001800120f0 f i BVHStructureBuilder.obj
 0001:00011120       ??4BuildStats@Gu@physx@@QEAAAEAU012@$$QEAU012@@Z 0000000180012120 f i BVHStructureBuilder.obj
 0001:00011150       ??4BuildStats@Gu@physx@@QEAAAEAU012@AEBU012@@Z 0000000180012150 f i BVHStructureBuilder.obj
 0001:00011170       ??4NodeAllocator@Gu@physx@@QEAAAEAV012@AEBV012@@Z 0000000180012170 f i BVHStructureBuilder.obj
 0001:000111e0       ??4PxBounds3@physx@@QEAAAEAV01@AEBV01@@Z 00000001800121e0 f i BVHStructureBuilder.obj
 0001:00011230       ??A?$Array@USlab@NodeAllocator@Gu@physx@@VNamedAllocator@shdfnd@4@@shdfnd@physx@@QEBAAEBUSlab@NodeAllocator@Gu@2@I@Z 0000000180012230 f i BVHStructureBuilder.obj
 0001:000112b0       ??_FAABBTreeBuildParams@Gu@physx@@QEAAXXZ 00000001800122b0 f i BVHStructureBuilder.obj
 0001:000112e0       ?V4Add@aos@shdfnd@physx@@YA?AT__m128@@T4@0@Z 00000001800122e0 f i BVHStructureBuilder.obj
 0001:00011310       ?V4LoadU@aos@shdfnd@physx@@YA?AT__m128@@QEBM@Z 0000000180012310 f i BVHStructureBuilder.obj
 0001:00011330       ?V4Scale@aos@shdfnd@physx@@YA?AT__m128@@T4@0@Z 0000000180012330 f i BVHStructureBuilder.obj
 0001:00011360       ?V4StoreA@aos@shdfnd@physx@@YAXT__m128@@PEAM@Z 0000000180012360 f i BVHStructureBuilder.obj
 0001:000113e0       ?V4StoreU@aos@shdfnd@physx@@YAXT__m128@@PEAM@Z 00000001800123e0 f i BVHStructureBuilder.obj
 0001:00011400       ?V4Sub@aos@shdfnd@physx@@YA?AT__m128@@T4@0@Z 0000000180012400 f i BVHStructureBuilder.obj
 0001:00011430       ?__global_array_delete@@YAXPEAX@Z 0000000180012430 f i BVHStructureBuilder.obj
 0001:00011450       ?__global_array_delete@@YAXPEAX_K@Z 0000000180012450 f i BVHStructureBuilder.obj
 0001:00011480       ?__global_delete@@YAXPEAX@Z 0000000180012480 f i BVHStructureBuilder.obj
 0001:000114a0       ?__global_delete@@YAXPEAX_K@Z 00000001800124a0 f i BVHStructureBuilder.obj
 0001:000114d0       ?allocate@?$Array@USlab@NodeAllocator@Gu@physx@@VNamedAllocator@shdfnd@4@@shdfnd@physx@@IEAAPEAUSlab@NodeAllocator@Gu@3@I@Z 00000001800124d0 f i BVHStructureBuilder.obj
 0001:00011560       ?begin@?$Array@USlab@NodeAllocator@Gu@physx@@VNamedAllocator@shdfnd@4@@shdfnd@physx@@QEBAPEBUSlab@NodeAllocator@Gu@3@XZ 0000000180012560 f i BVHStructureBuilder.obj
 0001:00011570       ?capacity@?$Array@USlab@NodeAllocator@Gu@physx@@VNamedAllocator@shdfnd@4@@shdfnd@physx@@QEBAIXZ 0000000180012570 f i BVHStructureBuilder.obj
 0001:00011590       ?clear@?$Array@USlab@NodeAllocator@Gu@physx@@VNamedAllocator@shdfnd@4@@shdfnd@physx@@QEAAXXZ 0000000180012590 f i BVHStructureBuilder.obj
 0001:000115d0       ?copy@?$Array@USlab@NodeAllocator@Gu@physx@@VNamedAllocator@shdfnd@4@@shdfnd@physx@@KAXPEAUSlab@NodeAllocator@Gu@3@0PEBU4563@@Z 00000001800125d0 f i BVHStructureBuilder.obj
 0001:00011650       ?deallocate@?$Array@USlab@NodeAllocator@Gu@physx@@VNamedAllocator@shdfnd@4@@shdfnd@physx@@IEAAXPEAX@Z 0000000180012650 f i BVHStructureBuilder.obj
 0001:00011680       ?destroy@?$Array@USlab@NodeAllocator@Gu@physx@@VNamedAllocator@shdfnd@4@@shdfnd@physx@@KAXPEAUSlab@NodeAllocator@Gu@3@0@Z 0000000180012680 f i BVHStructureBuilder.obj
 0001:000116b0       ?empty@?$Array@USlab@NodeAllocator@Gu@physx@@VNamedAllocator@shdfnd@4@@shdfnd@physx@@QEBA_NXZ 00000001800126b0 f i BVHStructureBuilder.obj
 0001:000116e0       ?getAABB@AABBTreeBuildNode@Gu@physx@@QEBAAEBVPxBounds3@3@XZ 00000001800126e0 f i BVHStructureBuilder.obj
 0001:000116f0       ?getCount@BuildStats@Gu@physx@@QEBAIXZ 00000001800126f0 f i BVHStructureBuilder.obj
 0001:00011700       ?getNbPrimitives@AABBTreeBuildNode@Gu@physx@@QEBAIXZ 0000000180012700 f i BVHStructureBuilder.obj
 0001:00011710       ?getNbRuntimePrimitives@AABBTreeBuildNode@Gu@physx@@QEBAIXZ 0000000180012710 f i BVHStructureBuilder.obj
 0001:00011720       ?getNeg@AABBTreeBuildNode@Gu@physx@@QEBAPEBV123@XZ 0000000180012720 f i BVHStructureBuilder.obj
 0001:00011760       ?getPos@AABBTreeBuildNode@Gu@physx@@QEBAPEBV123@XZ 0000000180012760 f i BVHStructureBuilder.obj
 0001:00011770       ?getPrimitives@AABBTreeBuildNode@Gu@physx@@QEAAPEAIPEAI@Z 0000000180012770 f i BVHStructureBuilder.obj
 0001:00011790       ?getPrimitives@AABBTreeBuildNode@Gu@physx@@QEBAPEBIPEBI@Z 0000000180012790 f i BVHStructureBuilder.obj
 0001:000117b0       ?grow@?$Array@USlab@NodeAllocator@Gu@physx@@VNamedAllocator@shdfnd@4@@shdfnd@physx@@IEAAXI@Z 00000001800127b0 f i BVHStructureBuilder.obj
 0001:00011830       ?increaseCount@BuildStats@Gu@physx@@QEAAXI@Z 0000000180012830 f i BVHStructureBuilder.obj
 0001:00011850       ?inflateBounds@@YAXAEAVPxBounds3@physx@@AEBV12@@Z 0000000180012850 f i BVHStructureBuilder.obj
 0001:00011a40       ?isAligned16@aos@shdfnd@physx@@YA_NPEAX@Z 0000000180012a40 f i BVHStructureBuilder.obj
 0001:00011a70       ?isInUserMemory@?$Array@USlab@NodeAllocator@Gu@physx@@VNamedAllocator@shdfnd@4@@shdfnd@physx@@QEBAIXZ 0000000180012a70 f i BVHStructureBuilder.obj
 0001:00011a90       ?isLeaf@AABBTreeBuildNode@Gu@physx@@QEBA_NXZ 0000000180012a90 f i BVHStructureBuilder.obj
 0001:00011ad0       ?recreate@?$Array@USlab@NodeAllocator@Gu@physx@@VNamedAllocator@shdfnd@4@@shdfnd@physx@@IEAAXI@Z 0000000180012ad0 f i BVHStructureBuilder.obj
 0001:00011bf0       ?reserve@?$Array@USlab@NodeAllocator@Gu@physx@@VNamedAllocator@shdfnd@4@@shdfnd@physx@@QEAAXI@Z 0000000180012bf0 f i BVHStructureBuilder.obj
 0001:00011c20       ?reset@AABBTreeBuildParams@Gu@physx@@QEAAXXZ 0000000180012c20 f i BVHStructureBuilder.obj
 0001:00011c80       ?reset@BuildStats@Gu@physx@@QEAAXXZ 0000000180012c80 f i BVHStructureBuilder.obj
 0001:00011ca0       ?setCount@BuildStats@Gu@physx@@QEAAXI@Z 0000000180012ca0 f i BVHStructureBuilder.obj
 0001:00011cc0       ?setNbRunTimePrimitives@AABBTreeBuildNode@Gu@physx@@QEAAXI@Z 0000000180012cc0 f i BVHStructureBuilder.obj
 0001:00011ce0       ?size@?$Array@USlab@NodeAllocator@Gu@physx@@VNamedAllocator@shdfnd@4@@shdfnd@physx@@QEBAIXZ 0000000180012ce0 f i BVHStructureBuilder.obj
 0001:00011cf0       ?saveHeightField@physx@@YA_NAEBVHeightField@Gu@1@AEAVPxOutputStream@1@_N@Z 0000000180012cf0 f   HeightFieldCooking.obj
 0001:000120a0       ??APxVec3@physx@@QEBAAEBMI@Z 00000001800130a0 f i HeightFieldCooking.obj
 0001:000120f0       ??B?$PxFlags@W4Enum@PxHeightFieldFlag@physx@@G@physx@@QEBAGXZ 00000001800130f0 f i HeightFieldCooking.obj
 0001:00012100       ?getData@HeightField@Gu@physx@@QEBAAEBUHeightFieldData@23@XZ 0000000180013100 f i HeightFieldCooking.obj
 0001:00012110       ?getMax@CenterExtents@Gu@physx@@QEBAMI@Z 0000000180013110 f i HeightFieldCooking.obj
 0001:00012160       ?getMin@CenterExtents@Gu@physx@@QEBAMI@Z 0000000180013160 f i HeightFieldCooking.obj
 0001:000121b0       ?buildFromTriangles@RTreeCooker@physx@@SAXAEAURTree@Gu@2@PEBVPxVec3@2@IPEBGPEBIIAEAV?$Array@IVNamedAllocator@shdfnd@physx@@@shdfnd@2@PEAURemapCallback@12@MW4Enum@PxMeshCookingHint@2@@Z 00000001800131b0 f   RTreeCooking.obj
 0001:000139f0       ??$PX_UNUSED@I@@YAXAEBI@Z  00000001800149f0 f i RTreeCooking.obj
 0001:00013a00       ??$PX_UNUSED@M@@YAXAEBM@Z  0000000180014a00 f i RTreeCooking.obj
 0001:00013a10       ??$PX_UNUSED@PEAURTreeNodeNQ@physx@@@@YAXAEBQEAURTreeNodeNQ@physx@@@Z 0000000180014a10 f i RTreeCooking.obj
 0001:00013a20       ??$PX_UNUSED@URTreeNodeNQ@physx@@@@YAXAEBURTreeNodeNQ@physx@@@Z 0000000180014a20 f i RTreeCooking.obj
 0001:00013a30       ??$PxMax@H@physx@@YAHHH@Z  0000000180014a30 f i RTreeCooking.obj
 0001:00013a60       ??$PxMin@I@physx@@YAIII@Z  0000000180014a60 f i RTreeCooking.obj
 0001:00013a90       ??$median3@I$$CBU?$Less@I@shdfnd@physx@@@internal@shdfnd@physx@@YAXPEAIHHAEBU?$Less@I@12@@Z 0000000180014a90 f i RTreeCooking.obj
 0001:00013bf0       ??$median3@I$$CBUSortBoundsPredicate@physx@@@internal@shdfnd@physx@@YAXPEAIHHAEBUSortBoundsPredicate@2@@Z 0000000180014bf0 f i RTreeCooking.obj
 0001:00013d50       ??$partition@I$$CBU?$Less@I@shdfnd@physx@@@internal@shdfnd@physx@@YAHPEAIHHAEBU?$Less@I@12@@Z 0000000180014d50 f i RTreeCooking.obj
 0001:00013f40       ??$partition@I$$CBUSortBoundsPredicate@physx@@@internal@shdfnd@physx@@YAHPEAIHHAEBUSortBoundsPredicate@2@@Z 0000000180014f40 f i RTreeCooking.obj
 0001:00014130       ??$partition@UBoundsLTE@physx@@@quickSelect@physx@@YAIPEIAIIIIAEBUBoundsLTE@1@@Z 0000000180015130 f i RTreeCooking.obj
 0001:00014480       ??$quickSelectFirstK@UBoundsLTE@physx@@@quickSelect@physx@@YAXPEIAIIIIAEBUBoundsLTE@1@@Z 0000000180015480 f i RTreeCooking.obj
 0001:000145e0       ??$smallSort@I$$CBU?$Less@I@shdfnd@physx@@@internal@shdfnd@physx@@YAXPEAIHHAEBU?$Less@I@12@@Z 00000001800155e0 f i RTreeCooking.obj
 0001:000146c0       ??$smallSort@I$$CBUSortBoundsPredicate@physx@@@internal@shdfnd@physx@@YAXPEAIHHAEBUSortBoundsPredicate@2@@Z 00000001800156c0 f i RTreeCooking.obj
 0001:000147a0       ??$sort@I@shdfnd@physx@@YAXPEAII@Z 00000001800157a0 f i RTreeCooking.obj
 0001:000147f0       ??$sort@IU?$Less@I@shdfnd@physx@@VNamedAllocator@23@@shdfnd@physx@@YAXPEAIIAEBU?$Less@I@01@AEBVNamedAllocator@01@I@Z 00000001800157f0 f i RTreeCooking.obj
 0001:00014ae0       ??$sort@IUSortBoundsPredicate@physx@@@shdfnd@physx@@YAXPEAIIAEBUSortBoundsPredicate@1@@Z 0000000180015ae0 f i RTreeCooking.obj
 0001:00014b30       ??$sort@IUSortBoundsPredicate@physx@@VNamedAllocator@shdfnd@2@@shdfnd@physx@@YAXPEAIIAEBUSortBoundsPredicate@1@AEBVNamedAllocator@01@I@Z 0000000180015b30 f i RTreeCooking.obj
 0001:00014e20       ??0?$AlignedAllocator@$0IA@VNonTrackingAllocator@shdfnd@physx@@@shdfnd@physx@@QEAA@AEBVNonTrackingAllocator@12@@Z 0000000180015e20 f i RTreeCooking.obj
 0001:00014e30       ??0?$Array@IVNamedAllocator@shdfnd@physx@@@shdfnd@physx@@QEAA@IAEBIAEBVNamedAllocator@12@@Z 0000000180015e30 f i RTreeCooking.obj
 0001:00014ea0       ??0?$Array@UInterval@physx@@V?$InlineAllocator@$0CAAA@VNamedAllocator@shdfnd@physx@@@shdfnd@2@@shdfnd@physx@@QEAA@AEBV?$InlineAllocator@$0CAAA@VNamedAllocator@shdfnd@physx@@@12@@Z 0000000180015ea0 f i RTreeCooking.obj
 0001:00014f00       ??0?$Array@UPxBounds3V@physx@@VNamedAllocator@shdfnd@2@@shdfnd@physx@@QEAA@AEBVNamedAllocator@12@@Z 0000000180015f00 f i RTreeCooking.obj
 0001:00014f50       ??0?$Array@URTreeNodeNQ@physx@@VNamedAllocator@shdfnd@2@@shdfnd@physx@@QEAA@AEBVNamedAllocator@12@@Z 0000000180015f50 f i RTreeCooking.obj
 0001:00014fa0       ??0?$Array@URTreeNodeQ@Gu@physx@@VNamedAllocator@shdfnd@3@@shdfnd@physx@@QEAA@AEBVNamedAllocator@12@@Z 0000000180015fa0 f i RTreeCooking.obj
 0001:00014ff0       ??0?$InlineAllocator@$0CAAA@VNamedAllocator@shdfnd@physx@@@shdfnd@physx@@QEAA@AEBV012@@Z 0000000180015ff0 f i RTreeCooking.obj
 0001:00015030       ??0?$InlineAllocator@$0CAAA@VNamedAllocator@shdfnd@physx@@@shdfnd@physx@@QEAA@AEBVNamedAllocator@12@@Z 0000000180016030 f i RTreeCooking.obj
 0001:00015070       ??0?$InlineArray@UInterval@physx@@$0EAA@VNamedAllocator@shdfnd@2@@shdfnd@physx@@QEAA@AEBVNamedAllocator@12@@Z 0000000180016070 f i RTreeCooking.obj
 0001:00015100       ??0?$ScopedPointer@HVTempAllocator@shdfnd@physx@@@shdfnd@physx@@QEAA@XZ 0000000180016100 f i RTreeCooking.obj
 0001:00015120       ??0?$Stack@VNamedAllocator@shdfnd@physx@@@internal@shdfnd@physx@@QEAA@PEAHIAEBVNamedAllocator@23@@Z 0000000180016120 f i RTreeCooking.obj
 0001:00015190       ??0BoundsLTE@physx@@QEAA@IPEBVPxVec3@1@@Z 0000000180016190 f i RTreeCooking.obj
 0001:000151c0       ??0Interval@physx@@QEAA@II@Z 00000001800161c0 f i RTreeCooking.obj
 0001:000151f0       ??0PxBounds3@physx@@QEAA@AEBVPxVec3@1@0@Z 00000001800161f0 f i RTreeCooking.obj
 0001:00015240       ??0PxBounds3V@physx@@QEAA@AEAT__m128@@0@Z 0000000180016240 f i RTreeCooking.obj
 0001:00015280       ??0PxBounds3V@physx@@QEAA@UU@01@@Z 0000000180016280 f i RTreeCooking.obj
 0001:00015290       ??0PxVec4@physx@@QEAA@AEBVPxVec3@1@M@Z 0000000180016290 f i RTreeCooking.obj
 0001:000152f0       ??0PxVec4@physx@@QEAA@M@Z  00000001800162f0 f i RTreeCooking.obj
 0001:00015340       ??0RTreeNodeNQ@physx@@QEAA@AEBU01@@Z 0000000180016340 f i RTreeCooking.obj
 0001:00015390       ??0RTreeNodeNQ@physx@@QEAA@XZ 0000000180016390 f i RTreeCooking.obj
 0001:000153d0       ??0SortBoundsPredicate@physx@@QEAA@IPEBUPxBounds3V@1@@Z 00000001800163d0 f i RTreeCooking.obj
 0001:00015400       ??0SubSortQuick@physx@@QEAA@PEAIPEBUPxBounds3V@1@IM@Z 0000000180016400 f i RTreeCooking.obj
 0001:00015570       ??0SubSortSAH@physx@@QEAA@PEAIPEBUPxBounds3V@1@IPEBI22222M@Z 0000000180016570 f i RTreeCooking.obj
 0001:00015790       ??0TempAllocator@shdfnd@physx@@QEAA@PEBD@Z 0000000180016790 f i RTreeCooking.obj
 0001:000157a0       ??1?$Array@IVNamedAllocator@shdfnd@physx@@@shdfnd@physx@@QEAA@XZ 00000001800167a0 f i RTreeCooking.obj
 0001:00015810       ??1?$Array@UInterval@physx@@V?$InlineAllocator@$0CAAA@VNamedAllocator@shdfnd@physx@@@shdfnd@2@@shdfnd@physx@@QEAA@XZ 0000000180016810 f i RTreeCooking.obj
 0001:00015890       ??1?$Array@UPxBounds3V@physx@@VNamedAllocator@shdfnd@2@@shdfnd@physx@@QEAA@XZ 0000000180016890 f i RTreeCooking.obj
 0001:00015900       ??1?$Array@URTreeNodeNQ@physx@@VNamedAllocator@shdfnd@2@@shdfnd@physx@@QEAA@XZ 0000000180016900 f i RTreeCooking.obj
 0001:00015970       ??1?$Array@URTreeNodeQ@Gu@physx@@VNamedAllocator@shdfnd@3@@shdfnd@physx@@QEAA@XZ 0000000180016970 f i RTreeCooking.obj
 0001:000159e0       ??1?$InlineAllocator@$0CAAA@VNamedAllocator@shdfnd@physx@@@shdfnd@physx@@QEAA@XZ 00000001800169e0 f i RTreeCooking.obj
 0001:00015a00       ??1?$InlineArray@UInterval@physx@@$0EAA@VNamedAllocator@shdfnd@2@@shdfnd@physx@@QEAA@XZ 0000000180016a00 f i RTreeCooking.obj
 0001:00015a20       ??1?$ScopedPointer@HVTempAllocator@shdfnd@physx@@@shdfnd@physx@@QEAA@XZ 0000000180016a20 f i RTreeCooking.obj
 0001:00015a50       ??1?$Stack@VNamedAllocator@shdfnd@physx@@@internal@shdfnd@physx@@QEAA@XZ 0000000180016a50 f i RTreeCooking.obj
 0001:00015a90       ??1SubSortQuick@physx@@QEAA@XZ 0000000180016a90 f i RTreeCooking.obj
 0001:00015ab0       ??1SubSortSAH@physx@@QEAA@XZ 0000000180016ab0 f i RTreeCooking.obj
 0001:00015b70       ??4PxVec4@physx@@QEAAAEAV01@AEBV01@@Z 0000000180016b70 f i RTreeCooking.obj
 0001:00015bd0       ??A?$Array@IVNamedAllocator@shdfnd@physx@@@shdfnd@physx@@QEAAAEAII@Z 0000000180016bd0 f i RTreeCooking.obj
 0001:00015c50       ??A?$Array@UInterval@physx@@V?$InlineAllocator@$0CAAA@VNamedAllocator@shdfnd@physx@@@shdfnd@2@@shdfnd@physx@@QEAAAEAUInterval@2@I@Z 0000000180016c50 f i RTreeCooking.obj
 0001:00015cd0       ??A?$Array@URTreeNodeNQ@physx@@VNamedAllocator@shdfnd@2@@shdfnd@physx@@QEAAAEAURTreeNodeNQ@2@I@Z 0000000180016cd0 f i RTreeCooking.obj
 0001:00015d50       ??A?$Array@URTreeNodeQ@Gu@physx@@VNamedAllocator@shdfnd@3@@shdfnd@physx@@QEAAAEAURTreeNodeQ@Gu@2@I@Z 0000000180016d50 f i RTreeCooking.obj
 0001:00015dd0       ??B?$ScopedPointer@HVTempAllocator@shdfnd@physx@@@shdfnd@physx@@QEBAPEAHXZ 0000000180016dd0 f i RTreeCooking.obj
 0001:00015de0       ??GPxVec4@physx@@QEBA?AV01@AEBV01@@Z 0000000180016de0 f i RTreeCooking.obj
 0001:00015e70       ??KPxVec4@physx@@QEBA?AV01@M@Z 0000000180016e70 f i RTreeCooking.obj
 0001:00015f10       ??R?$Less@I@shdfnd@physx@@QEBA_NAEBI0@Z 0000000180016f10 f i RTreeCooking.obj
 0001:00015f50       ??RBoundsLTE@physx@@QEBA_NAEBI0@Z 0000000180016f50 f i RTreeCooking.obj
 0001:00015ff0       ??RSortBoundsPredicate@physx@@QEBA_NAEBI0@Z 0000000180016ff0 f i RTreeCooking.obj
 0001:00016120       ?FMax@aos@shdfnd@physx@@YA?AT__m128@@XZ 0000000180017120 f i RTreeCooking.obj
 0001:00016140       ?FNegMax@aos@shdfnd@physx@@YA?AT__m128@@XZ 0000000180017140 f i RTreeCooking.obj
 0001:00016160       ?FStore@aos@shdfnd@physx@@YAXT__m128@@PEIAM@Z 0000000180017160 f i RTreeCooking.obj
 0001:000161f0       ?PxAbs@physx@@YAHH@Z       00000001800171f0 f i RTreeCooking.obj
 0001:00016210       ?V3Add@aos@shdfnd@physx@@YA?AT__m128@@T4@0@Z 0000000180017210 f i RTreeCooking.obj
 0001:00016320       ?V3Dot@aos@shdfnd@physx@@YA?AT__m128@@T4@0@Z 0000000180017320 f i RTreeCooking.obj
 0001:000164c0       ?V3LoadU@aos@shdfnd@physx@@YA?AT__m128@@AEBVPxVec3@3@@Z 00000001800174c0 f i RTreeCooking.obj
 0001:00016510       ?V3Max@aos@shdfnd@physx@@YA?AT__m128@@T4@0@Z 0000000180017510 f i RTreeCooking.obj
 0001:00016620       ?V3Min@aos@shdfnd@physx@@YA?AT__m128@@T4@0@Z 0000000180017620 f i RTreeCooking.obj
 0001:00016730       ?V3PermZXY@aos@shdfnd@physx@@YA?AT__m128@@T4@@Z 0000000180017730 f i RTreeCooking.obj
 0001:000167c0       ?V3ReadXYZ@aos@shdfnd@physx@@YAAEBVPxVec3@3@AEBT__m128@@@Z 00000001800177c0 f i RTreeCooking.obj
 0001:000167d0       ?V3Splat@aos@shdfnd@physx@@YA?AT__m128@@T4@@Z 00000001800177d0 f i RTreeCooking.obj
 0001:000168b0       ?V3StoreA@aos@shdfnd@physx@@YAXT__m128@@AEAVPxVec3@3@@Z 00000001800178b0 f i RTreeCooking.obj
 0001:00016970       ?V3StoreU@aos@shdfnd@physx@@YAXT__m128@@AEAVPxVec3@3@@Z 0000000180017970 f i RTreeCooking.obj
 0001:000169e0       ?V3Sub@aos@shdfnd@physx@@YA?AT__m128@@T4@0@Z 00000001800179e0 f i RTreeCooking.obj
 0001:00016af0       ?V3Zero@aos@shdfnd@physx@@YA?AT__m128@@XZ 0000000180017af0 f i RTreeCooking.obj
 0001:00016b10       ?V4ClearW@aos@shdfnd@physx@@YA?AT__m128@@T4@@Z 0000000180017b10 f i RTreeCooking.obj
 0001:00016b40       ?V4ReadW@aos@shdfnd@physx@@YAMAEBT__m128@@@Z 0000000180017b40 f i RTreeCooking.obj
 0001:00016b50       ?V4ReadX@aos@shdfnd@physx@@YAMAEBT__m128@@@Z 0000000180017b50 f i RTreeCooking.obj
 0001:00016b60       ?V4ReadY@aos@shdfnd@physx@@YAMAEBT__m128@@@Z 0000000180017b60 f i RTreeCooking.obj
 0001:00016b70       ?V4ReadZ@aos@shdfnd@physx@@YAMAEBT__m128@@@Z 0000000180017b70 f i RTreeCooking.obj
 0001:00016b80       ?Vec3V_From_FloatV@aos@shdfnd@physx@@YA?AT__m128@@T4@@Z 0000000180017b80 f i RTreeCooking.obj
 0001:00016bd0       ?Vec3V_From_Vec4V@aos@shdfnd@physx@@YA?AT__m128@@T4@@Z 0000000180017bd0 f i RTreeCooking.obj
 0001:00016c00       ?Vec4V_From_FloatV@aos@shdfnd@physx@@YA?AT__m128@@T4@@Z 0000000180017c00 f i RTreeCooking.obj
 0001:00016c10       ?allocate@?$AlignedAllocator@$0IA@VNonTrackingAllocator@shdfnd@physx@@@shdfnd@physx@@QEAAPEAX_KPEBDH@Z 0000000180017c10 f i RTreeCooking.obj
 0001:00016cb0       ?allocate@?$Array@IVNamedAllocator@shdfnd@physx@@@shdfnd@physx@@IEAAPEAII@Z 0000000180017cb0 f i RTreeCooking.obj
 0001:00016d40       ?allocate@?$Array@UInterval@physx@@V?$InlineAllocator@$0CAAA@VNamedAllocator@shdfnd@physx@@@shdfnd@2@@shdfnd@physx@@IEAAPEAUInterval@3@I@Z 0000000180017d40 f i RTreeCooking.obj
 0001:00016dd0       ?allocate@?$Array@UPxBounds3V@physx@@VNamedAllocator@shdfnd@2@@shdfnd@physx@@IEAAPEAUPxBounds3V@3@I@Z 0000000180017dd0 f i RTreeCooking.obj
 0001:00016e60       ?allocate@?$Array@URTreeNodeNQ@physx@@VNamedAllocator@shdfnd@2@@shdfnd@physx@@IEAAPEAURTreeNodeNQ@3@I@Z 0000000180017e60 f i RTreeCooking.obj
 0001:00016ef0       ?allocate@?$Array@URTreeNodeQ@Gu@physx@@VNamedAllocator@shdfnd@3@@shdfnd@physx@@IEAAPEAURTreeNodeQ@Gu@3@I@Z 0000000180017ef0 f i RTreeCooking.obj
 0001:00016f80       ?allocate@?$InlineAllocator@$0CAAA@VNamedAllocator@shdfnd@physx@@@shdfnd@physx@@QEAAPEAXIPEBDH@Z 0000000180017f80 f i RTreeCooking.obj
 0001:00016ff0       ?allocate@NonTrackingAllocator@shdfnd@physx@@QEAAPEAX_KPEBDH@Z 0000000180017ff0 f i RTreeCooking.obj
 0001:00017060       ?begin@?$Array@IVNamedAllocator@shdfnd@physx@@@shdfnd@physx@@QEAAPEAIXZ 0000000180018060 f i RTreeCooking.obj
 0001:00017070       ?begin@?$Array@UPxBounds3V@physx@@VNamedAllocator@shdfnd@2@@shdfnd@physx@@QEAAPEAUPxBounds3V@3@XZ 0000000180018070 f i RTreeCooking.obj
 0001:00017080       ?begin@?$Array@VPxVec3@physx@@VNamedAllocator@shdfnd@2@@shdfnd@physx@@QEAAPEAVPxVec3@3@XZ 0000000180018080 f i RTreeCooking.obj
 0001:00017090       ?capacity@?$Array@IVNamedAllocator@shdfnd@physx@@@shdfnd@physx@@QEBAIXZ 0000000180018090 f i RTreeCooking.obj
 0001:000170b0       ?capacity@?$Array@UInterval@physx@@V?$InlineAllocator@$0CAAA@VNamedAllocator@shdfnd@physx@@@shdfnd@2@@shdfnd@physx@@QEBAIXZ 00000001800180b0 f i RTreeCooking.obj
 0001:000170d0       ?capacity@?$Array@UPxBounds3V@physx@@VNamedAllocator@shdfnd@2@@shdfnd@physx@@QEBAIXZ 00000001800180d0 f i RTreeCooking.obj
 0001:000170f0       ?capacity@?$Array@URTreeNodeNQ@physx@@VNamedAllocator@shdfnd@2@@shdfnd@physx@@QEBAIXZ 00000001800180f0 f i RTreeCooking.obj
 0001:00017110       ?capacity@?$Array@URTreeNodeQ@Gu@physx@@VNamedAllocator@shdfnd@3@@shdfnd@physx@@QEBAIXZ 0000000180018110 f i RTreeCooking.obj
 0001:00017130       ?capacityIncrement@?$Array@IVNamedAllocator@shdfnd@physx@@@shdfnd@physx@@IEBAIXZ 0000000180018130 f i RTreeCooking.obj
 0001:00017170       ?capacityIncrement@?$Array@UInterval@physx@@V?$InlineAllocator@$0CAAA@VNamedAllocator@shdfnd@physx@@@shdfnd@2@@shdfnd@physx@@IEBAIXZ 0000000180018170 f i RTreeCooking.obj
 0001:000171b0       ?capacityIncrement@?$Array@UPxBounds3V@physx@@VNamedAllocator@shdfnd@2@@shdfnd@physx@@IEBAIXZ 00000001800181b0 f i RTreeCooking.obj
 0001:000171f0       ?capacityIncrement@?$Array@URTreeNodeNQ@physx@@VNamedAllocator@shdfnd@2@@shdfnd@physx@@IEBAIXZ 00000001800181f0 f i RTreeCooking.obj
 0001:00017230       ?capacityIncrement@?$Array@URTreeNodeQ@Gu@physx@@VNamedAllocator@shdfnd@3@@shdfnd@physx@@IEBAIXZ 0000000180018230 f i RTreeCooking.obj
 0001:00017270       ?computeSA@SubSortSAH@physx@@QEAAMPEBIAEBUInterval@2@@Z 0000000180018270 f i RTreeCooking.obj
 0001:00017480       ?copy@?$Array@IVNamedAllocator@shdfnd@physx@@@shdfnd@physx@@KAXPEAI0PEBI@Z 0000000180018480 f i RTreeCooking.obj
 0001:00017500       ?copy@?$Array@UInterval@physx@@V?$InlineAllocator@$0CAAA@VNamedAllocator@shdfnd@physx@@@shdfnd@2@@shdfnd@physx@@KAXPEAUInterval@3@0PEBU43@@Z 0000000180018500 f i RTreeCooking.obj
 0001:00017580       ?copy@?$Array@UPxBounds3V@physx@@VNamedAllocator@shdfnd@2@@shdfnd@physx@@KAXPEAUPxBounds3V@3@0PEBU43@@Z 0000000180018580 f i RTreeCooking.obj
 0001:00017600       ?copy@?$Array@URTreeNodeNQ@physx@@VNamedAllocator@shdfnd@2@@shdfnd@physx@@KAXPEAURTreeNodeNQ@3@0PEBU43@@Z 0000000180018600 f i RTreeCooking.obj
 0001:00017680       ?copy@?$Array@URTreeNodeQ@Gu@physx@@VNamedAllocator@shdfnd@3@@shdfnd@physx@@KAXPEAURTreeNodeQ@Gu@3@0PEBU453@@Z 0000000180018680 f i RTreeCooking.obj
 0001:00017700       ?create@?$Array@IVNamedAllocator@shdfnd@physx@@@shdfnd@physx@@KAXPEAI0AEBI@Z 0000000180018700 f i RTreeCooking.obj
 0001:00017760       ?deallocate@?$Array@IVNamedAllocator@shdfnd@physx@@@shdfnd@physx@@IEAAXPEAX@Z 0000000180018760 f i RTreeCooking.obj
 0001:00017790       ?deallocate@?$Array@UInterval@physx@@V?$InlineAllocator@$0CAAA@VNamedAllocator@shdfnd@physx@@@shdfnd@2@@shdfnd@physx@@IEAAXPEAX@Z 0000000180018790 f i RTreeCooking.obj
 0001:000177c0       ?deallocate@?$Array@UPxBounds3V@physx@@VNamedAllocator@shdfnd@2@@shdfnd@physx@@IEAAXPEAX@Z 00000001800187c0 f i RTreeCooking.obj
 0001:000177f0       ?deallocate@?$Array@URTreeNodeNQ@physx@@VNamedAllocator@shdfnd@2@@shdfnd@physx@@IEAAXPEAX@Z 00000001800187f0 f i RTreeCooking.obj
 0001:00017820       ?deallocate@?$Array@URTreeNodeQ@Gu@physx@@VNamedAllocator@shdfnd@3@@shdfnd@physx@@IEAAXPEAX@Z 0000000180018820 f i RTreeCooking.obj
 0001:00017850       ?deallocate@?$InlineAllocator@$0CAAA@VNamedAllocator@shdfnd@physx@@@shdfnd@physx@@QEAAXPEAX@Z 0000000180018850 f i RTreeCooking.obj
 0001:00017890       ?destroy@?$Array@IVNamedAllocator@shdfnd@physx@@@shdfnd@physx@@KAXPEAI0@Z 0000000180018890 f i RTreeCooking.obj
 0001:000178c0       ?destroy@?$Array@UInterval@physx@@V?$InlineAllocator@$0CAAA@VNamedAllocator@shdfnd@physx@@@shdfnd@2@@shdfnd@physx@@KAXPEAUInterval@3@0@Z 00000001800188c0 f i RTreeCooking.obj
 0001:000178f0       ?destroy@?$Array@UPxBounds3V@physx@@VNamedAllocator@shdfnd@2@@shdfnd@physx@@KAXPEAUPxBounds3V@3@0@Z 00000001800188f0 f i RTreeCooking.obj
 0001:00017920       ?destroy@?$Array@URTreeNodeNQ@physx@@VNamedAllocator@shdfnd@2@@shdfnd@physx@@KAXPEAURTreeNodeNQ@3@0@Z 0000000180018920 f i RTreeCooking.obj
 0001:00017950       ?destroy@?$Array@URTreeNodeQ@Gu@physx@@VNamedAllocator@shdfnd@3@@shdfnd@physx@@KAXPEAURTreeNodeQ@Gu@3@0@Z 0000000180018950 f i RTreeCooking.obj
 0001:00017980       ?empty@?$Stack@VNamedAllocator@shdfnd@physx@@@internal@shdfnd@physx@@QEAA_NXZ 0000000180018980 f i RTreeCooking.obj
 0001:000179b0       ?empty@PxBounds3@physx@@SA?AV12@XZ 00000001800189b0 f i RTreeCooking.obj
 0001:00017a10       ?getExtents@PxBounds3V@physx@@QEBA?AT__m128@@XZ 0000000180018a10 f i RTreeCooking.obj
 0001:00017a70       ?getMaxVec3@PxBounds3V@physx@@QEBA?BVPxVec3@2@XZ 0000000180018a70 f i RTreeCooking.obj
 0001:00017ac0       ?getMinVec3@PxBounds3V@physx@@QEBA?BVPxVec3@2@XZ 0000000180018ac0 f i RTreeCooking.obj
 0001:00017b10       ?grow@?$Array@IVNamedAllocator@shdfnd@physx@@@shdfnd@physx@@IEAAXI@Z 0000000180018b10 f i RTreeCooking.obj
 0001:00017b90       ?grow@?$Array@UPxBounds3V@physx@@VNamedAllocator@shdfnd@2@@shdfnd@physx@@IEAAXI@Z 0000000180018b90 f i RTreeCooking.obj
 0001:00017c10       ?grow@?$Array@URTreeNodeNQ@physx@@VNamedAllocator@shdfnd@2@@shdfnd@physx@@IEAAXI@Z 0000000180018c10 f i RTreeCooking.obj
 0001:00017c90       ?grow@?$Array@URTreeNodeQ@Gu@physx@@VNamedAllocator@shdfnd@3@@shdfnd@physx@@IEAAXI@Z 0000000180018c90 f i RTreeCooking.obj
 0001:00017d10       ?grow@?$Array@VPxVec3@physx@@VNamedAllocator@shdfnd@2@@shdfnd@physx@@IEAAXI@Z 0000000180018d10 f i RTreeCooking.obj
 0001:00017d90       ?grow@?$Stack@VNamedAllocator@shdfnd@physx@@@internal@shdfnd@physx@@QEAAXXZ 0000000180018d90 f i RTreeCooking.obj
 0001:00017e40       ?growAndPushBack@?$Array@IVNamedAllocator@shdfnd@physx@@@shdfnd@physx@@IEAAAEAIAEBI@Z 0000000180018e40 f i RTreeCooking.obj
 0001:00017fc0       ?growAndPushBack@?$Array@UInterval@physx@@V?$InlineAllocator@$0CAAA@VNamedAllocator@shdfnd@physx@@@shdfnd@2@@shdfnd@physx@@IEAAAEAUInterval@3@AEBU43@@Z 0000000180018fc0 f i RTreeCooking.obj
 0001:00018170       ?growAndPushBack@?$Array@UPxBounds3V@physx@@VNamedAllocator@shdfnd@2@@shdfnd@physx@@IEAAAEAUPxBounds3V@3@AEBU43@@Z 0000000180019170 f i RTreeCooking.obj
 0001:00018340       ?growAndPushBack@?$Array@URTreeNodeNQ@physx@@VNamedAllocator@shdfnd@2@@shdfnd@physx@@IEAAAEAURTreeNodeNQ@3@AEBU43@@Z 0000000180019340 f i RTreeCooking.obj
 0001:000184d0       ?growAndPushBack@?$Array@URTreeNodeQ@Gu@physx@@VNamedAllocator@shdfnd@3@@shdfnd@physx@@IEAAAEAURTreeNodeQ@Gu@3@AEBU453@@Z 00000001800194d0 f i RTreeCooking.obj
 0001:000186a0       ?include@PxBounds3V@physx@@QEAAXAEBU12@@Z 00000001800196a0 f i RTreeCooking.obj
 0001:00018750       ?isInUserMemory@?$Array@IVNamedAllocator@shdfnd@physx@@@shdfnd@physx@@QEBAIXZ 0000000180019750 f i RTreeCooking.obj
 0001:00018770       ?isInUserMemory@?$Array@UInterval@physx@@V?$InlineAllocator@$0CAAA@VNamedAllocator@shdfnd@physx@@@shdfnd@2@@shdfnd@physx@@QEBAIXZ 0000000180019770 f i RTreeCooking.obj
 0001:00018790       ?isInUserMemory@?$Array@UPxBounds3V@physx@@VNamedAllocator@shdfnd@2@@shdfnd@physx@@QEBAIXZ 0000000180019790 f i RTreeCooking.obj
 0001:000187b0       ?isInUserMemory@?$Array@URTreeNodeNQ@physx@@VNamedAllocator@shdfnd@2@@shdfnd@physx@@QEBAIXZ 00000001800197b0 f i RTreeCooking.obj
 0001:000187d0       ?isInUserMemory@?$Array@URTreeNodeQ@Gu@physx@@VNamedAllocator@shdfnd@3@@shdfnd@physx@@QEBAIXZ 00000001800197d0 f i RTreeCooking.obj
 0001:000187f0       ?isInside@PxBounds3@physx@@QEBA_NAEBV12@@Z 00000001800197f0 f i RTreeCooking.obj
 0001:000188e0       ?isLeaf@RTreeNodeQ@Gu@physx@@QEBAIXZ 00000001800198e0 f i RTreeCooking.obj
 0001:00018900       ?isValidFloatV@aos@shdfnd@physx@@YA_NT__m128@@@Z 0000000180019900 f i RTreeCooking.obj
 0001:00018a10       ?isValidVec3V@aos@shdfnd@physx@@YA_NT__m128@@@Z 0000000180019a10 f i RTreeCooking.obj
 0001:00018a70       ?pop@?$Stack@VNamedAllocator@shdfnd@physx@@@internal@shdfnd@physx@@QEAAXAEAH0@Z 0000000180019a70 f i RTreeCooking.obj
 0001:00018b50       ?popBack@?$Array@IVNamedAllocator@shdfnd@physx@@@shdfnd@physx@@QEAAIXZ 0000000180019b50 f i RTreeCooking.obj
[...]
 0004:00002e2c       $pdata$?growAndPushBack@?$Array@PEAUQuickHullVertex@local@@VNamedAllocator@shdfnd@physx@@@shdfnd@physx@@IEAAAEAPEAUQuickHullVertex@local@@AEBQEAU45@@Z 0000000180063e2c     QuickHullConvexHullLib.obj
 0004:00002dfc       $pdata$?grow@?$Array@PEAUQuickHullVertex@local@@VNamedAllocator@shdfnd@physx@@@shdfnd@physx@@IEAAXI@Z 0000000180063dfc     QuickHullConvexHullLib.obj
 0004:00002eb0       $pdata$?recreate@?$Array@PEAUQuickHullVertex@local@@VNamedAllocator@shdfnd@physx@@@shdfnd@physx@@IEAAXI@Z 0000000180063eb0     QuickHullConvexHullLib.obj
 0004:00002cd0       $pdata$?capacityIncrement@?$Array@PEAUQuickHullVertex@local@@VNamedAllocator@shdfnd@physx@@@shdfnd@physx@@IEBAIXZ 0000000180063cd0     QuickHullConvexHullLib.obj
 0004:00002c58       $pdata$??_GQuickHull@local@@QEAAPEAXI@Z 0000000180063c58     QuickHullConvexHullLib.obj
 0004:00002ba4       $pdata$??1?$ScopedPointer@UQuickHullHalfEdge@local@@VTempAllocator@shdfnd@physx@@@shdfnd@physx@@QEAA@XZ 0000000180063ba4     QuickHullConvexHullLib.obj
 0004:00002acc       $pdata$??0?$ScopedPointer@UQuickHullHalfEdge@local@@VTempAllocator@shdfnd@physx@@@shdfnd@physx@@QEAA@XZ 0000000180063acc     QuickHullConvexHullLib.obj
 0004:00002afc       $pdata$??0ExpandPoint@local@@QEAA@XZ 0000000180063afc     QuickHullConvexHullLib.obj
 0004:00002af0       $pdata$??0ExpandPoint@local@@QEAA@AEBU01@@Z 0000000180063af0     QuickHullConvexHullLib.obj
 0004:00002be0       $pdata$??A?$Array@IVNamedAllocator@shdfnd@physx@@@shdfnd@physx@@QEBAAEBII@Z 0000000180063be0     QuickHullConvexHullLib.obj
 0004:00002aa8       $pdata$??0?$Array@UExpandPoint@local@@VNamedAllocator@shdfnd@physx@@@shdfnd@physx@@QEAA@AEBVNamedAllocator@12@@Z 0000000180063aa8     QuickHullConvexHullLib.obj
 0004:00002b68       $pdata$??1?$Array@UExpandPoint@local@@VNamedAllocator@shdfnd@physx@@@shdfnd@physx@@QEAA@XZ 0000000180063b68     QuickHullConvexHullLib.obj
 0004:00002c28       $pdata$??A?$Array@UExpandPoint@local@@VNamedAllocator@shdfnd@physx@@@shdfnd@physx@@QEAAAEAUExpandPoint@local@@I@Z 0000000180063c28     QuickHullConvexHullLib.obj
 0004:00002e8c       $pdata$?pushBack@?$Array@UExpandPoint@local@@VNamedAllocator@shdfnd@physx@@@shdfnd@physx@@QEAAAEAUExpandPoint@local@@AEBU45@@Z 0000000180063e8c     QuickHullConvexHullLib.obj
 0004:00002eec       $pdata$?reserve@?$Array@UExpandPoint@local@@VNamedAllocator@shdfnd@physx@@@shdfnd@physx@@QEAAXI@Z 0000000180063eec     QuickHullConvexHullLib.obj
 0004:00002ca0       $pdata$?allocate@?$Array@UExpandPoint@local@@VNamedAllocator@shdfnd@physx@@@shdfnd@physx@@IEAAPEAUExpandPoint@local@@I@Z 0000000180063ca0     QuickHullConvexHullLib.obj
 0004:00002d6c       $pdata$?deallocate@?$Array@UExpandPoint@local@@VNamedAllocator@shdfnd@physx@@@shdfnd@physx@@IEAAXPEAX@Z 0000000180063d6c     QuickHullConvexHullLib.obj
 0004:00002d3c       $pdata$?copy@?$Array@UExpandPoint@local@@VNamedAllocator@shdfnd@physx@@@shdfnd@physx@@KAXPEAUExpandPoint@local@@0PEBU45@@Z 0000000180063d3c     QuickHullConvexHullLib.obj
 0004:00002e38       $pdata$?growAndPushBack@?$Array@UExpandPoint@local@@VNamedAllocator@shdfnd@physx@@@shdfnd@physx@@IEAAAEAUExpandPoint@local@@AEBU45@@Z 0000000180063e38     QuickHullConvexHullLib.obj
 0004:00002e08       $pdata$?grow@?$Array@UExpandPoint@local@@VNamedAllocator@shdfnd@physx@@@shdfnd@physx@@IEAAXI@Z 0000000180063e08     QuickHullConvexHullLib.obj
 0004:00002ebc       $pdata$?recreate@?$Array@UExpandPoint@local@@VNamedAllocator@shdfnd@physx@@@shdfnd@physx@@IEAAXI@Z 0000000180063ebc     QuickHullConvexHullLib.obj
 0004:00002cdc       $pdata$?capacityIncrement@?$Array@UExpandPoint@local@@VNamedAllocator@shdfnd@physx@@@shdfnd@physx@@IEBAIXZ 0000000180063cdc     QuickHullConvexHullLib.obj
 0004:00002dd8       $pdata$?getName@?$ReflectionAllocator@VQuickHull@local@@@shdfnd@physx@@CAPEBDXZ 0000000180063dd8     QuickHullConvexHullLib.obj
 0004:00002cac       $pdata$?allocate@?$ReflectionAllocator@VQuickHull@local@@@shdfnd@physx@@QEAAPEAX_KPEBDH@Z 0000000180063cac     QuickHullConvexHullLib.obj
 0004:00002a78       $pdata$??$?2V?$ReflectionAllocator@VQuickHull@local@@@shdfnd@physx@@@UserAllocated@shdfnd@physx@@SAPEAX_KV?$ReflectionAllocator@VQuickHull@local@@@12@PEBDH@Z 0000000180063a78     QuickHullConvexHullLib.obj
 0004:00002bb0       $pdata$??1?$ScopedPointer@VPxVec3@physx@@VTempAllocator@shdfnd@2@@shdfnd@physx@@QEAA@XZ 0000000180063bb0     QuickHullConvexHullLib.obj
 0004:00002ad8       $pdata$??0?$ScopedPointer@VPxVec3@physx@@VTempAllocator@shdfnd@2@@shdfnd@physx@@QEAA@XZ 0000000180063ad8     QuickHullConvexHullLib.obj
 0004:00003024       $pdata$?isZero@PxVec3@physx@@QEBA_NXZ 0000000180064024     VolumeIntegration.obj
 0004:00002f10       $pdata$??Dphysx@@YA?AVPxVec3@0@MAEBV10@@Z 0000000180063f10     VolumeIntegration.obj
 0004:00002f1c       $pdata$?computeVolumeIntegrals@physx@@YA_NAEBVPxSimpleTriangleMesh@1@MAEAUPxIntegrals@1@@Z 0000000180063f1c     VolumeIntegration.obj
 0004:00002f28       $pdata$?computeVolumeIntegralsEberly@physx@@YA_NAEBVPxConvexMeshDesc@1@MAEAUPxIntegrals@1@AEBVPxVec3@1@@Z 0000000180063f28     VolumeIntegration.obj
 0004:00002f34       $pdata$?computeVolumeIntegralsEberlySIMD@physx@@YA_NAEBVPxConvexMeshDesc@1@MAEAUPxIntegrals@1@AEBVPxVec3@1@@Z 0000000180063f34     VolumeIntegration.obj
 0004:00002f40       $pdata$??0VolumeIntegrator@?A0x6cd8e957@physx@@QEAA@VPxSimpleTriangleMesh@2@N@Z 0000000180063f40     VolumeIntegration.obj
 0004:00002f4c       $pdata$?computeVolumeIntegrals@VolumeIntegrator@?A0x6cd8e957@physx@@QEAA_NAEAUPxIntegrals@3@@Z 0000000180063f4c     VolumeIntegration.obj
 0004:00002f58       $pdata$?computeCenterOfMass@VolumeIntegrator@?A0x6cd8e957@physx@@AEAA?AVPxVec3@3@XZ 0000000180063f58     VolumeIntegration.obj
 0004:00002f64       $pdata$?computeInertiaTensor@VolumeIntegrator@?A0x6cd8e957@physx@@AEAAXPEAN@Z 0000000180063f64     VolumeIntegration.obj
 0004:00002f70       $pdata$?computeCOMInertiaTensor@VolumeIntegrator@?A0x6cd8e957@physx@@AEAAXPEAN@Z 0000000180063f70     VolumeIntegration.obj
 0004:00002f7c       $pdata$?computeFaceNormal@VolumeIntegrator@?A0x6cd8e957@physx@@AEAAXAEAUFace@123@PEAI@Z 0000000180063f7c     VolumeIntegration.obj
 0004:00002f88       $pdata$?computeProjectionIntegrals@VolumeIntegrator@?A0x6cd8e957@physx@@AEAAXAEBUFace@123@@Z 0000000180063f88     VolumeIntegration.obj
 0004:00002f94       $pdata$?computeFaceIntegrals@VolumeIntegrator@?A0x6cd8e957@physx@@AEAAXAEBUFace@123@@Z 0000000180063f94     VolumeIntegration.obj
 0004:00002fa0       $pdata$?computeVolumeIntegralsSIMD@VolumeIntegratorEberly@?A0x6cd8e957@physx@@QEAA_NAEAUPxIntegrals@3@AEBVPxVec3@3@@Z 0000000180063fa0     VolumeIntegration.obj
 0004:00002fac       $pdata$?computeVolumeIntegrals@VolumeIntegratorEberly@?A0x6cd8e957@physx@@QEAA_NAEAUPxIntegrals@3@AEBVPxVec3@3@@Z 0000000180063fac     VolumeIntegration.obj
 0004:00002fc4       $pdata$??0PxSimpleTriangleMesh@physx@@QEAA@XZ 0000000180063fc4     VolumeIntegration.obj
 0004:00002fd0       $pdata$??4PxSimpleTriangleMesh@physx@@QEAAAEAV01@AEBV01@@Z 0000000180063fd0     VolumeIntegration.obj
 0004:00003018       $pdata$?Vec4V_From_PxVec3_WUndefined@aos@shdfnd@physx@@YA?AT__m128@@AEBVPxVec3@3@@Z 0000000180064018     VolumeIntegration.obj
 0004:00002fdc       $pdata$?FAllGrtr@aos@shdfnd@physx@@YAIT__m128@@0@Z 0000000180063fdc     VolumeIntegration.obj
 0004:0000300c       $pdata$?V4ScaleInv@aos@shdfnd@physx@@YA?AT__m128@@T4@0@Z 000000018006400c     VolumeIntegration.obj
 0004:00002ff4       $pdata$?V4Dot3@aos@shdfnd@physx@@YA?AT__m128@@T4@0@Z 0000000180063ff4     VolumeIntegration.obj
 0004:00002fe8       $pdata$?V4Cross@aos@shdfnd@physx@@YA?AT__m128@@T4@0@Z 0000000180063fe8     VolumeIntegration.obj
 0004:00003000       $pdata$?V4PermYZXW@aos@shdfnd@physx@@YA?AT__m128@@T4@@Z 0000000180064000     VolumeIntegration.obj
 0004:000002c4       $pdata$??__EminFError@_VecMathTests@aos@shdfnd@physx@@YAXXZ 00000001800612c4     VolumeIntegration.obj
 0004:000002a0       $pdata$??__EmaxFError@_VecMathTests@aos@shdfnd@physx@@YAXXZ 00000001800612a0     VolumeIntegration.obj
 0004:000002d0       $pdata$??__EminV3Error@_VecMathTests@aos@shdfnd@physx@@YAXXZ 00000001800612d0     VolumeIntegration.obj
 0004:000002ac       $pdata$??__EmaxV3Error@_VecMathTests@aos@shdfnd@physx@@YAXXZ 00000001800612ac     VolumeIntegration.obj
 0004:000002dc       $pdata$??__EminV4Error@_VecMathTests@aos@shdfnd@physx@@YAXXZ 00000001800612dc     VolumeIntegration.obj
 0004:000002b8       $pdata$??__EmaxV4Error@_VecMathTests@aos@shdfnd@physx@@YAXXZ 00000001800612b8     VolumeIntegration.obj
 0004:00003030       $pdata$?subexpressions@?A0x6cd8e957@physx@@YAXNNNAEAN00000@Z 0000000180064030     VolumeIntegration.obj
 0004:0000303c       $pdata$?subexpressionsSIMD@?A0x6cd8e957@physx@@YAXAEBT__m128@@00AEAT3@11111@Z 000000018006403c     VolumeIntegration.obj
 0004:00002fb8       $pdata$??$swap@VPxVec3@physx@@@shdfnd@physx@@YAXAEAVPxVec3@1@0@Z 0000000180063fb8     VolumeIntegration.obj
 0004:00003054       $pdata$?loadLibrary@Cm@physx@@YAPEAUHINSTANCE__@@PEBD@Z 0000000180064054     WindowsCookingDelayLoadHook.obj
 0004:00003060       $pdata$?physXCommonDliNotePreLoadLibrary@Cm@physx@@YAP6A_JXZPEBDPEBVPxDelayLoadHook@2@@Z 0000000180064060     WindowsCookingDelayLoadHook.obj
 0004:00003048       $pdata$?cookingDelayHook@@YAP6A_JXZIPEAUDelayLoadInfo@@@Z 0000000180064048     WindowsCookingDelayLoadHook.obj
 0004:000030f0       $pdata$__FUnloadDelayLoadedDLL2 00000001800640f0     Delayimp:delayhlp.obj
 0004:000030fc       $pdata$__HrLoadAllImportsForDll 00000001800640fc     Delayimp:delayhlp.obj
 0004:00003090       $pdata$?DloadGetSRWLockFunctionPointers@@YAEXZ 0000000180064090     Delayimp:delayhlp.obj
 0004:0000309c       $pdata$?DloadLock@@YAXXZ   000000018006409c     Delayimp:delayhlp.obj
 0004:000030d8       $pdata$?DloadUnlock@@YAXXZ 00000001800640d8     Delayimp:delayhlp.obj
 0004:000030b4       $pdata$?DloadObtainSection@@YAPEAXPEAK0@Z 00000001800640b4     Delayimp:delayhlp.obj
 0004:000030a8       $pdata$?DloadMakePermanentImageCommit@@YAXPEAX_K@Z 00000001800640a8     Delayimp:delayhlp.obj
 0004:000030c0       $pdata$?DloadProtectSection@@YAXKPEAK@Z 00000001800640c0     Delayimp:delayhlp.obj
 0004:00003084       $pdata$?DloadAcquireSectionWriteAccess@@YAXXZ 0000000180064084     Delayimp:delayhlp.obj
 0004:000030cc       $pdata$?DloadReleaseSectionWriteAccess@@YAXXZ 00000001800640cc     Delayimp:delayhlp.obj
 0004:000030e4       $pdata$?PiddFromDllName@@YAPEBUImgDelayDescr@@PEBD@Z 00000001800640e4     Delayimp:delayhlp.obj
 0004:00003108       $pdata$__delayLoadHelper2  0000000180064108     Delayimp:delayhlp.obj
 0004:00003114       $pdata$??3@YAXPEAX_K@Z     0000000180064114     MSVCRTD:delete_scalar_size.obj
 0004:00003120       $pdata$??_V@YAXPEAX_K@Z    0000000180064120     MSVCRTD:delete_array_size.obj
 0004:00003138       $pdata$_RTC_Shutdown       0000000180064138     MSVCRTD:init.obj
 0004:0000312c       $pdata$_RTC_InitBase       000000018006412c     MSVCRTD:init.obj
 0004:00003144       $pdata$?__scrt_initialize_type_info@@YAXXZ 0000000180064144     MSVCRTD:tncleanup.obj
 0004:00003150       $pdata$?__scrt_uninitialize_type_info@@YAXXZ 0000000180064150     MSVCRTD:tncleanup.obj
 0004:0000315c       $pdata$??_Gtype_info@@UEAAPEAXI@Z 000000018006415c     MSVCRTD:std_type_info_static.obj
 0004:00003174       $pdata$??3@YAXPEAX@Z       0000000180064174     MSVCRTD:delete_scalar.obj
 0004:00003180       $pdata$??_V@YAXPEAX@Z      0000000180064180     MSVCRTD:delete_array.obj
 0004:00003198       $pdata$?dllmain_crt_process_attach@@YAHQEAUHINSTANCE__@@QEAX@Z 0000000180064198     MSVCRTD:dll_dllmain.obj
 0004:00003510       $pdata$?fin$0@?0??dllmain_crt_process_attach@@YAHQEAUHINSTANCE__@@QEAX@Z@4HA 0000000180064510     MSVCRTD:dll_dllmain.obj
 0004:000031a4       $pdata$?dllmain_crt_process_detach@@YAH_N@Z 00000001800641a4     MSVCRTD:dll_dllmain.obj
 0004:0000351c       $pdata$?fin$0@?0??dllmain_crt_process_detach@@YAH_N@Z@4HA 000000018006451c     MSVCRTD:dll_dllmain.obj
 0004:0000318c       $pdata$?dllmain_crt_dispatch@@YAHQEAUHINSTANCE__@@KQEAX@Z 000000018006418c     MSVCRTD:dll_dllmain.obj
 0004:000031c8       $pdata$_CRT_INIT           00000001800641c8     MSVCRTD:dll_dllmain.obj
 0004:000031bc       $pdata$?dllmain_raw@@YAHQEAUHINSTANCE__@@KQEAX@Z 00000001800641bc     MSVCRTD:dll_dllmain.obj
 0004:000031b0       $pdata$?dllmain_dispatch@@YAHQEAUHINSTANCE__@@KQEAX@Z 00000001800641b0     MSVCRTD:dll_dllmain.obj
 0004:00003528       $pdata$?filt$0@?0??dllmain_dispatch@@YAHQEAUHINSTANCE__@@KQEAX@Z@4HA 0000000180064528     MSVCRTD:dll_dllmain.obj
 0004:000031d4       $pdata$_DllMainCRTStartup  00000001800641d4     MSVCRTD:dll_dllmain.obj
 0004:000031e0       $pdata$ReadNoFence64       00000001800641e0     MSVCRTD:guard_support.obj
 0004:000031ec       $pdata$ReadPointerNoFence  00000001800641ec     MSVCRTD:guard_support.obj
 0004:000031f8       $pdata$_guard_icall_checks_enforced 00000001800641f8     MSVCRTD:guard_support.obj
 0004:00003210       $pdata$__security_init_cookie 0000000180064210     MSVCRTD:gs_support.obj
 0004:00003204       $pdata$__get_entropy       0000000180064204     MSVCRTD:gs_support.obj
 0004:0000321c       $pdata$DllMain             000000018006421c     MSVCRTD:dll_dllmain_stub.obj
 0004:00003228       $pdata$__scrt_initialize_default_local_stdio_options 0000000180064228     MSVCRTD:default_local_stdio_options.obj
 0004:00003330       $pdata$atexit              0000000180064330     MSVCRTD:utility.obj
 0004:00003318       $pdata$_onexit             0000000180064318     MSVCRTD:utility.obj
 0004:00003324       $pdata$at_quick_exit       0000000180064324     MSVCRTD:utility.obj
 0004:000032f4       $pdata$__scrt_is_nonwritable_in_current_image 00000001800642f4     MSVCRTD:utility.obj
 0004:00003534       $pdata$__scrt_is_nonwritable_in_current_image$filt$0 0000000180064534     MSVCRTD:utility.obj
 0004:0000327c       $pdata$__scrt_acquire_startup_lock 000000018006427c     MSVCRTD:utility.obj
 0004:00003300       $pdata$__scrt_release_startup_lock 0000000180064300     MSVCRTD:utility.obj
 0004:000032dc       $pdata$__scrt_initialize_crt 00000001800642dc     MSVCRTD:utility.obj
 0004:0000330c       $pdata$__scrt_uninitialize_crt 000000018006430c     MSVCRTD:utility.obj
 0004:000032e8       $pdata$__scrt_initialize_onexit_tables 00000001800642e8     MSVCRTD:utility.obj
 0004:000032b8       $pdata$__scrt_dllmain_exception_filter 00000001800642b8     MSVCRTD:utility.obj
 0004:00003294       $pdata$__scrt_dllmain_before_initialize_c 0000000180064294     MSVCRTD:utility.obj
 0004:00003288       $pdata$__scrt_dllmain_after_initialize_c 0000000180064288     MSVCRTD:utility.obj
 0004:000032c4       $pdata$__scrt_dllmain_uninitialize_c 00000001800642c4     MSVCRTD:utility.obj
 0004:000032d0       $pdata$__scrt_dllmain_uninitialize_critical 00000001800642d0     MSVCRTD:utility.obj
 0004:000032a0       $pdata$__scrt_dllmain_crt_thread_attach 00000001800642a0     MSVCRTD:utility.obj
 0004:000032ac       $pdata$__scrt_dllmain_crt_thread_detach 00000001800642ac     MSVCRTD:utility.obj
 0004:0000324c       $pdata$?configure_argv@__scrt_narrow_argv_policy@@SAHXZ 000000018006424c     MSVCRTD:utility.obj
 0004:00003264       $pdata$?initialize_environment@__scrt_narrow_environment_policy@@SAHXZ 0000000180064264     MSVCRTD:utility.obj
 0004:00003270       $pdata$?is_potentially_valid_image_base@@YA_NQEAX@Z 0000000180064270     MSVCRTD:utility.obj
 0004:00003258       $pdata$?find_pe_section@@YAPEAU_IMAGE_SECTION_HEADER@@QEAE_K@Z 0000000180064258     MSVCRTD:utility.obj
 0004:00003234       $pdata$??$__crt_fast_decode_pointer@PEAP6AXXZ@@YAPEAP6AXXZQEAP6AXXZ@Z 0000000180064234     MSVCRTD:utility.obj
 0004:00003240       $pdata$??$__crt_fast_encode_pointer@PEAP6AXXZ@@YAPEAP6AXXZQEAP6AXXZ@Z 0000000180064240     MSVCRTD:utility.obj
 0004:00003348       $pdata$__scrt_get_show_window_mode 0000000180064348     MSVCRTD:utility_desktop.obj
 0004:00003360       $pdata$__scrt_is_managed_app 0000000180064360     MSVCRTD:utility_desktop.obj
 0004:00003354       $pdata$__scrt_initialize_mta 0000000180064354     MSVCRTD:utility_desktop.obj
 0004:0000336c       $pdata$__scrt_set_unhandled_exception_filter 000000018006436c     MSVCRTD:utility_desktop.obj
 0004:0000333c       $pdata$__scrt_fastfail     000000018006433c     MSVCRTD:utility_desktop.obj
 0004:00003378       $pdata$__scrt_unhandled_exception_filter 0000000180064378     MSVCRTD:utility_desktop.obj
 0004:00003384       $pdata$_RTC_Initialize     0000000180064384     MSVCRTD:initsect.obj
 0004:00003390       $pdata$_RTC_Terminate      0000000180064390     MSVCRTD:initsect.obj
 0004:00003420       $pdata$_RTC_UninitUse      0000000180064420     MSVCRTD:error.obj
 0004:000033d8       $pdata$?_RTC_StackFailure@@YAXPEAXPEBD@Z 00000001800643d8     MSVCRTD:error.obj
 0004:000033b4       $pdata$?_RTC_AllocaFailure@@YAXPEAXPEAU_RTC_ALLOCA_NODE@@H@Z 00000001800643b4     MSVCRTD:error.obj
 0004:000033c0       $pdata$0$?_RTC_AllocaFailure@@YAXPEAXPEAU_RTC_ALLOCA_NODE@@H@Z 00000001800643c0     MSVCRTD:error.obj
 0004:000033cc       $pdata$1$?_RTC_AllocaFailure@@YAXPEAXPEAU_RTC_ALLOCA_NODE@@H@Z 00000001800643cc     MSVCRTD:error.obj
 0004:0000342c       $pdata$_vsprintf_s_l       000000018006442c     MSVCRTD:error.obj
 0004:00003438       $pdata$sprintf_s           0000000180064438     MSVCRTD:error.obj
 0004:00003414       $pdata$?notify_debugger@@YAXAEBUtagEXCEPTION_VISUALCPP_DEBUG_INFO@@@Z 0000000180064414     MSVCRTD:error.obj
 0004:00003540       $pdata$?filt$0@?0??notify_debugger@@YAXAEBUtagEXCEPTION_VISUALCPP_DEBUG_INFO@@@Z@4HA 0000000180064540     MSVCRTD:error.obj
 0004:0000339c       $pdata$?DebuggerProbe@@YA_NK@Z 000000018006439c     MSVCRTD:error.obj
 0004:000033a8       $pdata$?DebuggerRuntime@@YA_NKHPEAXPEB_W@Z 00000001800643a8     MSVCRTD:error.obj
 0004:00003408       $pdata$?failwithmessage@@YAXPEAXHHPEBD@Z 0000000180064408     MSVCRTD:error.obj
 0004:000033e4       $pdata$?_getMemBlockDataString@@YAXPEAD0PEBD_K@Z 00000001800643e4     MSVCRTD:error.obj
 0004:000033f0       $pdata$3$?_getMemBlockDataString@@YAXPEAD0PEBD_K@Z 00000001800643f0     MSVCRTD:error.obj
 0004:000033fc       $pdata$4$?_getMemBlockDataString@@YAXPEAD0PEBD_K@Z 00000001800643fc     MSVCRTD:error.obj
 0004:00003444       $pdata$__isa_available_init 0000000180064444     MSVCRTD:cpu_disp.obj
 0004:00003450       $pdata$__scrt_is_ucrt_dll_in_use 0000000180064450     MSVCRTD:ucrt_detection.obj
 0004:00003480       $pdata$?_RTC_GetSrcLine@@YAHPEAEPEA_WKPEAH1K@Z 0000000180064480     MSVCRTD:pdblkup.obj
 0004:00003468       $pdata$?GetPdbDllFromInstallPath@@YAPEAUHINSTANCE__@@XZ 0000000180064468     MSVCRTD:pdblkup.obj
 0004:00003474       $pdata$?GetPdbDllPathFromFilePath@@YAHPEB_WPEA_W_K@Z 0000000180064474     MSVCRTD:pdblkup.obj
 0004:0000345c       $pdata$?GetPdbDll@@YAPEAUHINSTANCE__@@XZ 000000018006445c     MSVCRTD:pdblkup.obj
 0004:00003498       $pdata$__GSHandlerCheckCommon 0000000180064498     MSVCRTD:gshandler.obj
 0004:0000348c       $pdata$__GSHandlerCheck    000000018006448c     MSVCRTD:gshandler.obj
 0004:000034d4       $pdata$__report_securityfailure 00000001800644d4     MSVCRTD:gs_report.obj
 0004:000034e0       $pdata$__report_securityfailureEx 00000001800644e0     MSVCRTD:gs_report.obj
 0004:000034c8       $pdata$__report_rangecheckfailure 00000001800644c8     MSVCRTD:gs_report.obj
 0004:000034bc       $pdata$__report_gsfailure  00000001800644bc     MSVCRTD:gs_report.obj
 0004:000034ec       $pdata$capture_current_context 00000001800644ec     MSVCRTD:gs_report.obj
 0004:000034f8       $pdata$capture_previous_context 00000001800644f8     MSVCRTD:gs_report.obj
 0004:000034b0       $pdata$__raise_securityfailure 00000001800644b0     MSVCRTD:gs_report.obj
 0005:000000a0       $R000000                   00000001800650a0     PhysXCooking.res
 0005:000003d0       $R000330                   00000001800653d0     PhysXCooking.res
