 tbb

 Timestamp is 5c996d43 (Mon Mar 25 20:07:31 2019)

 Preferred load address is 0000000180000000

 Start         Length     Name                   Class
 0001:00000000 000000e0H .text$di                CODE
 0001:000000e0 0001de40H .text$mn                CODE
 0001:0001df20 00000020H .text$mn$00             CODE
 0001:0001df40 00000ac0H .text$x                 CODE
 0001:0001ea00 0000000cH .text$yd                CODE
 0002:00000000 00000360H .idata$5                DATA
 0002:00000360 00000010H .00cfg                  DATA
 0002:00000370 00000008H .CRT$XCA                DATA
 0002:00000378 00000010H .CRT$XCU                DATA
 0002:00000388 00000008H .CRT$XCZ                DATA
 0002:00000390 00000008H .CRT$XIA                DATA
 0002:00000398 00000008H .CRT$XIZ                DATA
 0002:000003a0 00000008H .CRT$XPA                DATA
 0002:000003a8 00000008H .CRT$XPZ                DATA
 0002:000003b0 00000008H .CRT$XTA                DATA
 0002:000003b8 00000008H .CRT$XTZ                DATA
 0002:000003c0 00000000H .gfids$y                DATA
 0002:000003c0 00003b00H .rdata                  DATA
 0002:00003ec0 00001b8cH .rdata$r                DATA
 0002:00005a4c 00000334H .rdata$zzzdbg           DATA
 0002:00005d80 00000008H .rtc$IAA                DATA
 0002:00005d88 00000008H .rtc$IZZ                DATA
 0002:00005d90 00000008H .rtc$TAA                DATA
 0002:00005d98 00000008H .rtc$TZZ                DATA
 0002:00005da0 000031d0H .xdata                  DATA
 0002:00008f70 00000590H .xdata$x                DATA
 0002:00009500 0000414cH .edata                  DATA
 0002:0000d64c 000000a0H .idata$2                DATA
 0002:0000d6ec 00000014H .idata$3                DATA
 0002:0000d700 00000360H .idata$4                DATA
 0002:0000da60 000008a4H .idata$6                DATA
 0003:00000000 000024c0H .data                   DATA
 0003:000024c0 00000b30H .data$r                 DATA
 0003:00002ff0 00001d98H .bss                    DATA
 0004:00000000 00002904H .pdata                  DATA
 0005:00000000 000000a0H .rsrc$01                DATA
 0005:000000a0 00000560H .rsrc$02                DATA

  Address         Publics by Value              Rva+Base               Lib:Object

 0000:00000000       __guard_longjmp_table      0000000000000000     <absolute>
 0000:00000000       __guard_longjmp_count      0000000000000000     <absolute>
 0000:00000000       __guard_fids_count         0000000000000000     <absolute>
 0000:00000000       __hybrid_code_map_count    0000000000000000     <absolute>
 0000:00000000       __volatile_metadata        0000000000000000     <absolute>
 0000:00000000       __guard_iat_table          0000000000000000     <absolute>
 0000:00000000       __enclave_config           0000000000000000     <absolute>
 0000:00000000       __dynamic_value_reloc_table 0000000000000000     <absolute>
 0000:00000000       __hybrid_code_map          0000000000000000     <absolute>
 0000:00000000       __guard_fids_table         0000000000000000     <absolute>
 0000:00000000       __guard_iat_count          0000000000000000     <absolute>
 0000:00000000       __hybrid_auxiliary_iat     0000000000000000     <absolute>
 0000:00000100       __guard_flags              0000000000000100     <absolute>
 0000:00000000       __ImageBase                0000000180000000     <linker-defined>
 0001:000000e0       ?internal_grow_predicate@hash_map_segment_base@internal@tbb@@QEBA_NXZ 00000001800010e0 f   concurrent_hash_map.obj
 0001:00000110       ?unregister_master@private_server@rml@internal@tbb@@UEAAXPEAX@Z 0000000180001110 f i private_server.obj
 0001:00000110       ?note_affinity@task@tbb@@UEAAXG@Z 0000000180001110 f i task.obj
 0001:00000110       ?__empty_global_delete@@YAXPEAX_K@Z 0000000180001110 f i concurrent_hash_map.obj
 0001:00000110       ?independent_thread_number_changed@private_server@rml@internal@tbb@@UEAAXH@Z 0000000180001110 f i private_server.obj
 0001:00000110       ?inject_token@pipeline@tbb@@AEAAXAEAVtask@2@@Z 0000000180001110 f i pipeline.obj
 0001:00000110       ?register_master@private_server@rml@internal@tbb@@UEAAXAEAPEAX@Z 0000000180001110 f i private_server.obj
 0001:00000110       ?finalize@filter@tbb@@UEAAXPEAX@Z 0000000180001110 f i pipeline.obj
 0001:00000110       ?destroy_condvar_noop@internal@tbb@@YAXPEAU_RTL_CONDITION_VARIABLE@@@Z 0000000180001110 f i condition_variable.obj
 0001:00000110       ?internal_destroy@reader_writer_lock@interface5@tbb@@AEAAXXZ 0000000180001110 f i reader_writer_lock.obj
 0001:00000110       _guard_check_icall_nop     0000000180001110 f i MSVCRT:guard_support.obj
 0001:00000110       ?__global_delete@@YAXPEAX_K@Z 0000000180001110 f i * CIL library *:* CIL module *
 0001:00000110       ?apply_active@stack_size_control@internal@tbb@@EEBAXXZ 0000000180001110 f i tbb_main.obj
 0001:00000120       ??0scoped_lock@spin_mutex@tbb@@QEAA@AEAV12@@Z 0000000180001120 f i concurrent_queue.obj
 0001:000001a0       ??1scoped_lock@spin_mutex@tbb@@QEAA@XZ 00000001800011a0 f i concurrent_queue.obj
 0001:000001b0       ??1binary_semaphore@internal@tbb@@QEAA@XZ 00000001800011b0 f i concurrent_queue.obj
 0001:000001c0       ??1thread_context@concurrent_monitor@internal@tbb@@QEAA@XZ 00000001800011c0 f i concurrent_queue.obj
 0001:00000200       ??1micro_queue_pop_finalizer@internal@tbb@@QEAA@XZ 0000000180001200 f i concurrent_queue.obj
 0001:000002d0       ?choose@concurrent_queue_rep@internal@tbb@@QEAAAEAUmicro_queue@23@_K@Z 00000001800012d0 f i concurrent_queue.obj
 0001:000002f0       ?push@micro_queue@internal@tbb@@QEAAXPEBX_KAEAVconcurrent_queue_base_v3@23@W4copy_specifics@423@@Z 00000001800012f0 f   concurrent_queue.obj
 0001:000004b0       ?abort_push@micro_queue@internal@tbb@@QEAAX_KAEAVconcurrent_queue_base_v3@23@@Z 00000001800014b0 f   concurrent_queue.obj
 0001:000004d0       ?pop@micro_queue@internal@tbb@@QEAA_NPEAX_KAEAVconcurrent_queue_base_v3@23@@Z 00000001800014d0 f   concurrent_queue.obj
 0001:000006c0       ?assign@micro_queue@internal@tbb@@QEAAAEAU123@AEBU123@AEAVconcurrent_queue_base_v3@23@W4copy_specifics@423@@Z 00000001800016c0 f   concurrent_queue.obj
 0001:00000930       ?make_invalid@micro_queue@internal@tbb@@QEAAX_K@Z 0000000180001930 f   concurrent_queue.obj
 0001:000009f0       ??0concurrent_queue_base_v3@internal@tbb@@IEAA@_K@Z 00000001800019f0 f   concurrent_queue.obj
 0001:00000b20       ??_Gconcurrent_queue_base_v3@internal@tbb@@MEAAPEAXI@Z 0000000180001b20 f i concurrent_queue.obj
 0001:00000b20       ??_Econcurrent_queue_base_v3@internal@tbb@@MEAAPEAXI@Z 0000000180001b20 f i * CIL library *:* CIL module *
 0001:00000b70       ??1concurrent_queue_base_v3@internal@tbb@@MEAA@XZ 0000000180001b70 f   concurrent_queue.obj
 0001:00000ba0       ?internal_push@concurrent_queue_base_v3@internal@tbb@@IEAAXPEBX@Z 0000000180001ba0 f   concurrent_queue.obj
 0001:00000bb0       ?internal_push_move@concurrent_queue_base_v8@internal@tbb@@IEAAXPEBX@Z 0000000180001bb0 f   concurrent_queue.obj
 0001:00000bc0       ?internal_insert_item@concurrent_queue_base_v3@internal@tbb@@IEAAXPEBXW4copy_specifics@123@@Z 0000000180001bc0 f   concurrent_queue.obj
 0001:00000ff0       ?internal_pop@concurrent_queue_base_v3@internal@tbb@@IEAAXPEAX@Z 0000000180001ff0 f   concurrent_queue.obj
 0001:00001590       ?internal_abort@concurrent_queue_base_v3@internal@tbb@@IEAAXXZ 0000000180002590 f   concurrent_queue.obj
 0001:000017e0       ?internal_pop_if_present@concurrent_queue_base_v3@internal@tbb@@IEAA_NPEAX@Z 00000001800027e0 f   concurrent_queue.obj
 0001:000019b0       ?internal_push_if_not_full@concurrent_queue_base_v3@internal@tbb@@IEAA_NPEBX@Z 00000001800029b0 f   concurrent_queue.obj
 0001:000019c0       ?internal_push_move_if_not_full@concurrent_queue_base_v8@internal@tbb@@IEAA_NPEBX@Z 00000001800029c0 f   concurrent_queue.obj
 0001:000019d0       ?internal_insert_if_not_full@concurrent_queue_base_v3@internal@tbb@@IEAA_NPEBXW4copy_specifics@123@@Z 00000001800029d0 f   concurrent_queue.obj
 0001:00001ba0       ?internal_size@concurrent_queue_base_v3@internal@tbb@@IEBA_JXZ 0000000180002ba0 f   concurrent_queue.obj
 0001:00001bd0       ?internal_empty@concurrent_queue_base_v3@internal@tbb@@IEBA_NXZ 0000000180002bd0 f   concurrent_queue.obj
 0001:00001c10       ?internal_set_capacity@concurrent_queue_base_v3@internal@tbb@@IEAAX_J_K@Z 0000000180002c10 f   concurrent_queue.obj
 0001:00001c10       ?internal_set_capacity@concurrent_queue_base@internal@tbb@@IEAAX_J_K@Z 0000000180002c10 f   concurrent_queue_v2.obj
 0001:00001c30       ?internal_finish_clear@concurrent_queue_base_v3@internal@tbb@@IEAAXXZ 0000000180002c30 f   concurrent_queue.obj
 0001:00001ca0       ?internal_throw_exception@concurrent_queue_base_v3@internal@tbb@@IEBAXXZ 0000000180002ca0 f   concurrent_queue.obj
 0001:00001cb0       ?internal_assign@concurrent_queue_base_v3@internal@tbb@@IEAAXAEBV123@W4copy_specifics@123@@Z 0000000180002cb0 f   concurrent_queue.obj
 0001:00001d80       ?assign@concurrent_queue_base_v3@internal@tbb@@IEAAXAEBV123@@Z 0000000180002d80 f   concurrent_queue.obj
 0001:00001d90       ?move_content@concurrent_queue_base_v8@internal@tbb@@IEAAXAEAV123@@Z 0000000180002d90 f   concurrent_queue.obj
 0001:00001da0       ?initialize@concurrent_queue_iterator_base_v3@internal@tbb@@AEAAXAEBVconcurrent_queue_base_v3@23@_K@Z 0000000180002da0 f   concurrent_queue.obj
 0001:00001ea0       ??0concurrent_queue_iterator_base_v3@internal@tbb@@IEAA@AEBVconcurrent_queue_base_v3@12@@Z 0000000180002ea0 f   concurrent_queue.obj
 0001:00001ec0       ??0concurrent_queue_iterator_base_v3@internal@tbb@@IEAA@AEBVconcurrent_queue_base_v3@12@_K@Z 0000000180002ec0 f   concurrent_queue.obj
 0001:00001ee0       ?assign@concurrent_queue_iterator_base_v3@internal@tbb@@IEAAXAEBV123@@Z 0000000180002ee0 f   concurrent_queue.obj
 0001:00001fb0       ?advance@concurrent_queue_iterator_base_v3@internal@tbb@@IEAAXXZ 0000000180002fb0 f   concurrent_queue.obj
 0001:00002060       ??1concurrent_queue_iterator_base_v3@internal@tbb@@IEAA@XZ 0000000180003060 f   concurrent_queue.obj
 0001:00002090       ??F?$atomic_impl_with_arithmetic@_K_KD@internal@tbb@@QEAA_KH@Z 0000000180003090 f i concurrent_queue.obj
 0001:000020a0       ??E?$atomic_impl_with_arithmetic@_K_KD@internal@tbb@@QEAA_KXZ 00000001800030a0 f i concurrent_queue.obj
 0001:000020b0       ??Y?$atomic_impl_with_arithmetic@_K_KD@internal@tbb@@QEAA_K_K@Z 00000001800030b0 f i concurrent_queue.obj
 0001:000020c0       ?segment_base@concurrent_vector_base_v3@internal@tbb@@KA_K_K@Z 00000001800030c0 f i concurrent_vector.obj
 0001:000020d0       ??0helper@concurrent_vector_base_v3@internal@tbb@@QEAA@PEAVsegment_t@123@_K1111@Z 00000001800030d0 f i concurrent_vector.obj
 0001:00002110       ??1helper@concurrent_vector_base_v3@internal@tbb@@QEAA@XZ 0000000180003110 f i concurrent_vector.obj
 0001:00002140       ??0destroy_body@helper@concurrent_vector_base_v3@internal@tbb@@QEAA@P6AXPEAX_K@Z@Z 0000000180003140 f i concurrent_vector.obj
 0001:00002150       ?extend_segment_table@helper@concurrent_vector_base_v3@internal@tbb@@SAXAEAV234@_K@Z 0000000180003150 f   concurrent_vector.obj
 0001:00002300       ?enable_segment@helper@concurrent_vector_base_v3@internal@tbb@@SA_KAEAV234@_K1_N@Z 0000000180003300 f   concurrent_vector.obj
 0001:000024f0       ?cleanup@helper@concurrent_vector_base_v3@internal@tbb@@QEAAXXZ 00000001800034f0 f   concurrent_vector.obj
 0001:000027a0       ??1concurrent_vector_base_v3@internal@tbb@@IEAA@XZ 00000001800037a0 f   concurrent_vector.obj
 0001:000027d0       ?internal_capacity@concurrent_vector_base_v3@internal@tbb@@IEBA_KXZ 00000001800037d0 f   concurrent_vector.obj
 0001:00002810       ?internal_throw_exception@concurrent_vector_base_v3@internal@tbb@@IEBAX_K@Z 0000000180003810 f   concurrent_vector.obj
 0001:00002860       ?internal_reserve@concurrent_vector_base_v3@internal@tbb@@IEAAX_K00@Z 0000000180003860 f   concurrent_vector.obj
 0001:00002960       ?internal_copy@concurrent_vector_base_v3@internal@tbb@@IEAAXAEBV123@_KP6AXPEAXPEBX1@Z@Z 0000000180003960 f   concurrent_vector.obj
 0001:00002a90       ?internal_assign@concurrent_vector_base_v3@internal@tbb@@IEAAXAEBV123@_KP6AXPEAX1@ZP6AX2PEBX1@Z5@Z 0000000180003a90 f   concurrent_vector.obj
 0001:00002cb0       ?internal_push_back@concurrent_vector_base_v3@internal@tbb@@IEAAPEAX_KAEA_K@Z 0000000180003cb0 f   concurrent_vector.obj
 0001:00002da0       ?internal_grow_to_at_least@concurrent_vector_base_v3@internal@tbb@@IEAAX_K0P6AXPEAXPEBX0@Z2@Z 0000000180003da0 f   concurrent_vector.obj
 0001:00002db0       ?internal_grow_to_at_least_with_result@concurrent_vector_base_v3@internal@tbb@@IEAA_K_K0P6AXPEAXPEBX0@Z2@Z 0000000180003db0 f   concurrent_vector.obj
 0001:00002f30       ?internal_grow_by@concurrent_vector_base_v3@internal@tbb@@IEAA_K_K0P6AXPEAXPEBX0@Z2@Z 0000000180003f30 f   concurrent_vector.obj
 0001:00002f70       ?internal_grow@concurrent_vector_base_v3@internal@tbb@@IEAAX_K00P6AXPEAXPEBX0@Z2@Z 0000000180003f70 f   concurrent_vector.obj
 0001:00003230       ?internal_resize@concurrent_vector_base_v3@internal@tbb@@IEAAX_K00PEBXP6AXPEAX0@ZP6AX210@Z@Z 0000000180004230 f   concurrent_vector.obj
 0001:00003420       ?internal_clear@concurrent_vector_base_v3@internal@tbb@@IEAA_KP6AXPEAX_K@Z@Z 0000000180004420 f   concurrent_vector.obj
 0001:000034d0       ?internal_compact@concurrent_vector_base_v3@internal@tbb@@IEAAPEAX_KPEAXP6AX10@ZP6AX1PEBX0@Z@Z 00000001800044d0 f   concurrent_vector.obj
 0001:00003870       ?internal_swap@concurrent_vector_base_v3@internal@tbb@@IEAAXAEAV123@@Z 0000000180004870 f   concurrent_vector.obj
 0001:00003970       ??$spin_wait_while_eq@PEAVscoped_lock@queuing_rw_mutex@tbb@@PEAX@internal@tbb@@YAXAEDSEAVscoped_lock@queuing_rw_mutex@1@PEAX@Z 0000000180004970 f i queuing_rw_mutex.obj
 0001:00003970       ??$spin_wait_while_eq@PEAVscoped_lock@reader_writer_lock@interface5@tbb@@PEAV1234@@internal@tbb@@YAXAEDSEAVscoped_lock@reader_writer_lock@interface5@1@PEAV2341@@Z 0000000180004970 f i reader_writer_lock.obj
 0001:00003970       ??$spin_wait_while_eq@PEAXPEAX@internal@tbb@@YAXAEDSEAXPEAX@Z 0000000180004970 f i concurrent_vector_v2.obj
 0001:00003970       ??$spin_wait_while@Usegment_not_used_predicate@helper@concurrent_vector_base_v3@internal@tbb@@@internal@tbb@@YAXUsegment_not_used_predicate@helper@concurrent_vector_base_v3@01@@Z 0000000180004970 f i concurrent_vector.obj
 0001:000039d0       ??$apply@Usafe_init_body@helper@concurrent_vector_base_v3@internal@tbb@@@helper@concurrent_vector_base_v3@internal@tbb@@QEAA_KAEBUsafe_init_body@0123@@Z 00000001800049d0 f i concurrent_vector.obj
 0001:00003b30       ??$apply@Udestroy_body@helper@concurrent_vector_base_v3@internal@tbb@@@helper@concurrent_vector_base_v3@internal@tbb@@QEAA_KAEBUdestroy_body@0123@@Z 0000000180004b30 f i concurrent_vector.obj
 0001:00003d90       ?dynamic_link@internal@tbb@@YA_NPEBDQEBUdynamic_link_descriptor@12@_KPEAPEAUHINSTANCE__@@H@Z 0000000180004d90 f   dynamic_link.obj
 0001:00007950       __itt_fini_ittlib          0000000180008950 f   itt_notify.obj
 0001:00007a20       __itt_init_ittlib          0000000180008a20 f   itt_notify.obj
 0001:00007e00       ?initialize_handler_pointers@internal@tbb@@YAXXZ 0000000180008e00 f   cache_aligned_allocator.obj
 0001:00008130       ?NFS_GetLineSize@internal@tbb@@YA_KXZ 0000000180009130 f   cache_aligned_allocator.obj
 0001:00008140       ?NFS_Allocate@internal@tbb@@YAPEAX_K0PEAX@Z 0000000180009140 f   cache_aligned_allocator.obj
 0001:000081a0       ?NFS_Free@internal@tbb@@YAXPEAX@Z 00000001800091a0 f   cache_aligned_allocator.obj
 0001:00008210       ?allocate_closure_v3@internal@tbb@@YAPEAX_K@Z 0000000180009210 f   tbb_thread.obj
 0001:00008210       ?allocate_via_handler_v3@internal@tbb@@YAPEAX_K@Z 0000000180009210 f   cache_aligned_allocator.obj
 0001:00008240       ?free_closure_v3@internal@tbb@@YAXPEAX@Z 0000000180009240 f   tbb_thread.obj
 0001:00008240       ?deallocate_via_handler_v3@internal@tbb@@YAXPEAX@Z 0000000180009240 f   cache_aligned_allocator.obj
 0001:00008250       ?is_malloc_used_v3@internal@tbb@@YA_NXZ 0000000180009250 f   cache_aligned_allocator.obj
 0001:00008290       ??0task_group_context@tbb@@QEAA@W4kind_type@01@_K@Z 0000000180009290 f i pipeline.obj
 0001:00008410       ??_Eempty_task@tbb@@UEAAPEAXI@Z 0000000180009410 f i * CIL library *:* CIL module *
 0001:00008410       ??_Etask@tbb@@UEAAPEAXI@Z  0000000180009410 f i * CIL library *:* CIL module *
 0001:00008410       ??_Gtask@tbb@@UEAAPEAXI@Z  0000000180009410 f i pipeline.obj
 0001:00008410       ??_Gempty_task@tbb@@UEAAPEAXI@Z 0000000180009410 f i arena.obj
 0001:00008440       ??_Efilter@tbb@@UEAAPEAXI@Z 0000000180009440 f i * CIL library *:* CIL module *
 0001:00008440       ??_Gfilter@tbb@@UEAAPEAXI@Z 0000000180009440 f i pipeline.obj
 0001:00008500       ??0input_buffer@internal@tbb@@QEAA@_N0@Z 0000000180009500 f i pipeline.obj
 0001:00008580       ?put_token@input_buffer@internal@tbb@@QEAA_NAEAUtask_info@23@_N@Z 0000000180009580 f i pipeline.obj
 0001:000086e0       ?return_item@input_buffer@internal@tbb@@QEAA_NAEAUtask_info@23@_N@Z 00000001800096e0 f i pipeline.obj
 0001:000087c0       ?grow@input_buffer@internal@tbb@@AEAAXK@Z 00000001800097c0 f   pipeline.obj
 0001:000088d0       ??_Estage_task@internal@tbb@@UEAAPEAXI@Z 00000001800098d0 f i * CIL library *:* CIL module *
 0001:000088d0       ??_Gstage_task@internal@tbb@@UEAAPEAXI@Z 00000001800098d0 f i pipeline.obj
 0001:00008950       ?execute@stage_task@internal@tbb@@UEAAPEAVtask@3@XZ 0000000180009950 f   pipeline.obj
 0001:00008da0       ?execute@pipeline_root_task@internal@tbb@@EEAAPEAVtask@3@XZ 0000000180009da0 f i pipeline.obj
 0001:00009100       ??_Gpipeline_root_task@internal@tbb@@UEAAPEAXI@Z 000000018000a100 f i pipeline.obj
 0001:00009100       ??_Epipeline_root_task@internal@tbb@@UEAAPEAXI@Z 000000018000a100 f i * CIL library *:* CIL module *
 0001:00009130       ??1pipeline_cleaner@internal@tbb@@QEAA@XZ 000000018000a130 f i pipeline.obj
 0001:00009200       ??0pipeline@tbb@@QEAA@XZ   000000018000a200 f   pipeline.obj
 0001:00009230       ??_Gpipeline@tbb@@UEAAPEAXI@Z 000000018000a230 f i pipeline.obj
 0001:00009230       ??_Epipeline@tbb@@UEAAPEAXI@Z 000000018000a230 f i * CIL library *:* CIL module *
 0001:000092e0       ??1pipeline@tbb@@UEAA@XZ   000000018000a2e0 f   pipeline.obj
 0001:00009380       ?clear@pipeline@tbb@@QEAAXXZ 000000018000a380 f   pipeline.obj
 0001:00009420       ??_Ginput_buffer@internal@tbb@@QEAAPEAXI@Z 000000018000a420 f i pipeline.obj
 0001:000094a0       ?add_filter@pipeline@tbb@@QEAAXAEAVfilter@2@@Z 000000018000a4a0 f   pipeline.obj
 0001:00009650       ?run@pipeline@tbb@@QEAAX_KAEAVtask_group_context@2@@Z 000000018000a650 f   pipeline.obj
 0001:000098b0       ?run@pipeline@tbb@@QEAAX_K@Z 000000018000a8b0 f   pipeline.obj
 0001:00009950       ??1filter@tbb@@UEAA@XZ     000000018000a950 f   pipeline.obj
 0001:000099f0       ?set_end_of_input@filter@tbb@@IEAAXXZ 000000018000a9f0 f   pipeline.obj
 0001:00009a20       ?process_item@thread_bound_filter@tbb@@QEAA?AW4result_type@12@XZ 000000018000aa20 f   pipeline.obj
 0001:00009a30       ?try_process_item@thread_bound_filter@tbb@@QEAA?AW4result_type@12@XZ 000000018000aa30 f   pipeline.obj
 0001:00009a40       ?internal_process_item@thread_bound_filter@tbb@@AEAA?AW4result_type@12@_N@Z 000000018000aa40 f   pipeline.obj
 0001:00009c80       ??$note_done@Vstage_task@internal@tbb@@@input_buffer@internal@tbb@@QEAAXKAEAVstage_task@12@@Z 000000018000ac80 f i pipeline.obj
 0001:00009e30       ?acquire@scoped_lock@queuing_mutex@tbb@@QEAAXAEAV23@@Z 000000018000ae30 f   queuing_mutex.obj
 0001:00009ed0       ?try_acquire@scoped_lock@queuing_mutex@tbb@@QEAA_NAEAV23@@Z 000000018000aed0 f   queuing_mutex.obj
 0001:00009f10       ?release@scoped_lock@queuing_mutex@tbb@@QEAAXXZ 000000018000af10 f   queuing_mutex.obj
 0001:00009fb0       ?internal_construct@queuing_mutex@tbb@@QEAAXXZ 000000018000afb0 f   queuing_mutex.obj
 0001:00009fe0       ?unblock_or_wait_on_internal_lock@scoped_lock@queuing_rw_mutex@tbb@@AEAAX_K@Z 000000018000afe0 f i queuing_rw_mutex.obj
 0001:0000a040       ?acquire@scoped_lock@queuing_rw_mutex@tbb@@QEAAXAEAV23@_N@Z 000000018000b040 f   queuing_rw_mutex.obj
 0001:0000a1d0       ?try_acquire@scoped_lock@queuing_rw_mutex@tbb@@QEAA_NAEAV23@_N@Z 000000018000b1d0 f   queuing_rw_mutex.obj
 0001:0000a230       ?release@scoped_lock@queuing_rw_mutex@tbb@@QEAAXXZ 000000018000b230 f   queuing_rw_mutex.obj
 0001:0000a4e0       ?downgrade_to_reader@scoped_lock@queuing_rw_mutex@tbb@@QEAA_NXZ 000000018000b4e0 f   queuing_rw_mutex.obj
 0001:0000a580       ?upgrade_to_writer@scoped_lock@queuing_rw_mutex@tbb@@QEAA_NXZ 000000018000b580 f   queuing_rw_mutex.obj
 0001:0000a930       ?internal_construct@queuing_rw_mutex@tbb@@QEAAXXZ 000000018000b930 f   queuing_rw_mutex.obj
 0001:0000a960       ??$spin_wait_until_eq@EH@internal@tbb@@YAXAEDEH@Z 000000018000b960 f i queuing_rw_mutex.obj
 0001:0000a9c0       ??$spin_wait_while_eq@PEAVscoped_lock@queuing_rw_mutex@tbb@@PEAV123@@internal@tbb@@YAXAEDSEAVscoped_lock@queuing_rw_mutex@1@PEAV231@@Z 000000018000b9c0 f i queuing_rw_mutex.obj
 0001:0000aa20       ??1scoped_lock_read@reader_writer_lock@interface5@tbb@@QEAA@XZ 000000018000ba20 f i reader_writer_lock.obj
 0001:0000aa90       ?fetch_and_or@interface5@tbb@@YA_KAEAU?$atomic@_K@2@_K@Z 000000018000ba90 f i reader_writer_lock.obj
 0001:0000ab10       ?internal_construct@reader_writer_lock@interface5@tbb@@AEAAXXZ 000000018000bb10 f   reader_writer_lock.obj
 0001:0000ab30       ?lock@reader_writer_lock@interface5@tbb@@QEAAXXZ 000000018000bb30 f   reader_writer_lock.obj
 0001:0000abb0       ?try_lock@reader_writer_lock@interface5@tbb@@QEAA_NXZ 000000018000bbb0 f   reader_writer_lock.obj
 0001:0000ac20       ?start_write@reader_writer_lock@interface5@tbb@@AEAA_NPEAVscoped_lock@123@@Z 000000018000bc20 f   reader_writer_lock.obj
 0001:0000ad60       ??_Gscoped_lock@reader_writer_lock@interface5@tbb@@QEAAPEAXI@Z 000000018000bd60 f i reader_writer_lock.obj
 0001:0000ada0       ?set_next_writer@reader_writer_lock@interface5@tbb@@AEAAXPEAVscoped_lock@123@@Z 000000018000bda0 f   reader_writer_lock.obj
 0001:0000ae90       ?lock_read@reader_writer_lock@interface5@tbb@@QEAAXXZ 000000018000be90 f   reader_writer_lock.obj
 0001:0000af20       ?try_lock_read@reader_writer_lock@interface5@tbb@@QEAA_NXZ 000000018000bf20 f   reader_writer_lock.obj
 0001:0000af80       ?start_read@reader_writer_lock@interface5@tbb@@AEAAXPEAVscoped_lock_read@123@@Z 000000018000bf80 f   reader_writer_lock.obj
 0001:0000b070       ?unlock@reader_writer_lock@interface5@tbb@@QEAAXXZ 000000018000c070 f   reader_writer_lock.obj
 0001:0000b0f0       ?end_write@reader_writer_lock@interface5@tbb@@AEAAXPEAVscoped_lock@123@@Z 000000018000c0f0 f   reader_writer_lock.obj
 0001:0000b210       ?internal_construct@scoped_lock@reader_writer_lock@interface5@tbb@@AEAAXAEAV234@@Z 000000018000c210 f   reader_writer_lock.obj
 0001:0000b270       ?internal_construct@scoped_lock_read@reader_writer_lock@interface5@tbb@@AEAAXAEAV234@@Z 000000018000c270 f   reader_writer_lock.obj
 0001:0000b2d0       ?internal_destroy@scoped_lock@reader_writer_lock@interface5@tbb@@AEAAXXZ 000000018000c2d0 f   reader_writer_lock.obj
 0001:0000b310       ?internal_destroy@scoped_lock_read@reader_writer_lock@interface5@tbb@@AEAAXXZ 000000018000c310 f   reader_writer_lock.obj
 0001:0000b370       ?internal_acquire_writer@spin_rw_mutex@tbb@@CA_NPEAV12@@Z 000000018000c370 f   spin_rw_mutex_v2.obj
 0001:0000b370       ?internal_acquire_writer@spin_rw_mutex_v3@tbb@@AEAA_NXZ 000000018000c370 f   spin_rw_mutex.obj
 0001:0000b430       ?internal_release_writer@spin_rw_mutex_v3@tbb@@AEAAXXZ 000000018000c430 f   spin_rw_mutex.obj
 0001:0000b460       ?internal_acquire_reader@spin_rw_mutex_v3@tbb@@AEAAXXZ 000000018000c460 f   spin_rw_mutex.obj
 0001:0000b4e0       ?internal_upgrade@spin_rw_mutex_v3@tbb@@AEAA_NXZ 000000018000c4e0 f   spin_rw_mutex.obj
 0001:0000b600       ?internal_downgrade@spin_rw_mutex_v3@tbb@@AEAAXXZ 000000018000c600 f   spin_rw_mutex.obj
 0001:0000b630       ?internal_release_reader@spin_rw_mutex@tbb@@CAXPEAV12@@Z 000000018000c630 f   spin_rw_mutex_v2.obj
 0001:0000b630       ?internal_release_reader@spin_rw_mutex_v3@tbb@@AEAAXXZ 000000018000c630 f   spin_rw_mutex.obj
 0001:0000b660       ?internal_try_acquire_writer@spin_rw_mutex@tbb@@CA_NPEAV12@@Z 000000018000c660 f   spin_rw_mutex_v2.obj
 0001:0000b660       ?internal_try_acquire_writer@spin_rw_mutex_v3@tbb@@AEAA_NXZ 000000018000c660 f   spin_rw_mutex.obj
 0001:0000b6d0       ?internal_try_acquire_reader@spin_rw_mutex_v3@tbb@@AEAA_NXZ 000000018000c6d0 f   spin_rw_mutex.obj
 0001:0000b710       ?internal_construct@spin_rw_mutex_v3@tbb@@AEAAXXZ 000000018000c710 f   spin_rw_mutex.obj
 0001:0000b740       ?acquire@scoped_lock@spin_rw_mutex_v3@tbb@@QEAAXAEAV23@_N@Z 000000018000c740 f i x86_rtm_rw_mutex.obj
 0001:0000b7f0       ?internal_release@x86_rtm_rw_mutex@internal@interface8@tbb@@AEAAXAEAVscoped_lock@1234@@Z 000000018000c7f0 f   x86_rtm_rw_mutex.obj
 0001:0000b850       ?internal_acquire_writer@x86_rtm_rw_mutex@internal@interface8@tbb@@AEAAXAEAVscoped_lock@1234@_N@Z 000000018000c850 f   x86_rtm_rw_mutex.obj
 0001:0000b930       ?internal_acquire_reader@x86_rtm_rw_mutex@internal@interface8@tbb@@AEAAXAEAVscoped_lock@1234@_N@Z 000000018000c930 f   x86_rtm_rw_mutex.obj
 0001:0000ba10       ?internal_upgrade@x86_rtm_rw_mutex@internal@interface8@tbb@@AEAA_NAEAVscoped_lock@1234@@Z 000000018000ca10 f   x86_rtm_rw_mutex.obj
 0001:0000bc50       ?internal_downgrade@x86_rtm_rw_mutex@internal@interface8@tbb@@AEAA_NAEAVscoped_lock@1234@@Z 000000018000cc50 f   x86_rtm_rw_mutex.obj
 0001:0000bc90       ?internal_try_acquire_writer@x86_rtm_rw_mutex@internal@interface8@tbb@@AEAA_NAEAVscoped_lock@1234@@Z 000000018000cc90 f   x86_rtm_rw_mutex.obj
 0001:0000bd80       ?internal_construct@x86_rtm_rw_mutex@internal@interface8@tbb@@AEAAXXZ 000000018000cd80 f   x86_rtm_rw_mutex.obj
 0001:0000bdb0       ?internal_acquire@scoped_lock@spin_mutex@tbb@@AEAAXAEAV23@@Z 000000018000cdb0 f   spin_mutex.obj
 0001:0000be50       ?internal_release@scoped_lock@spin_mutex@tbb@@AEAAXXZ 000000018000ce50 f   spin_mutex.obj
 0001:0000be80       ?internal_try_acquire@scoped_lock@spin_mutex@tbb@@AEAA_NAEAV23@@Z 000000018000ce80 f   spin_mutex.obj
 0001:0000bec0       ?internal_construct@spin_mutex@tbb@@QEAAXXZ 000000018000cec0 f   spin_mutex.obj
 0001:0000bef0       ?internal_construct@critical_section_v4@internal@tbb@@QEAAXXZ 000000018000cef0 f   critical_section.obj
 0001:0000bf20       ?internal_acquire@scoped_lock@mutex@tbb@@AEAAXAEAV23@@Z 000000018000cf20 f   mutex.obj
 0001:0000bf80       ?internal_release@scoped_lock@mutex@tbb@@AEAAXXZ 000000018000cf80 f   mutex.obj
 0001:0000bfc0       ?internal_try_acquire@scoped_lock@mutex@tbb@@AEAA_NAEAV23@@Z 000000018000cfc0 f   mutex.obj
 0001:0000c010       ?internal_construct@mutex@tbb@@AEAAXXZ 000000018000d010 f   mutex.obj
 0001:0000c060       ?internal_destroy@mutex@tbb@@AEAAXXZ 000000018000d060 f   mutex.obj
 0001:0000c060       ?internal_destroy@recursive_mutex@tbb@@AEAAXXZ 000000018000d060 f   recursive_mutex.obj
 0001:0000c0a0       ?internal_acquire@scoped_lock@recursive_mutex@tbb@@AEAAXAEAV23@@Z 000000018000d0a0 f   recursive_mutex.obj
 0001:0000c0e0       ?internal_release@scoped_lock@recursive_mutex@tbb@@AEAAXXZ 000000018000d0e0 f   recursive_mutex.obj
 0001:0000c110       ?internal_try_acquire@scoped_lock@recursive_mutex@tbb@@AEAA_NAEAV23@@Z 000000018000d110 f   recursive_mutex.obj
 0001:0000c150       ?internal_construct@recursive_mutex@tbb@@AEAAXXZ 000000018000d150 f   recursive_mutex.obj
 0001:0000c1a0       ?init_condvar_using_event@internal@tbb@@YAXPEAUcondition_variable_using_event@1interface5@2@@Z 000000018000d1a0 f   condition_variable.obj
 0001:0000c1e0       ?sleep_condition_variable_cs_using_event@internal@tbb@@YAHPEAUcondition_variable_using_event@1interface5@2@PEAU_RTL_CRITICAL_SECTION@@K@Z 000000018000d1e0 f   condition_variable.obj
 0001:0000c2f0       ?wake_condition_variable_using_event@internal@tbb@@YAXPEAUcondition_variable_using_event@1interface5@2@@Z 000000018000d2f0 f   condition_variable.obj
 0001:0000c340       ?wake_all_condition_variable_using_event@internal@tbb@@YAXPEAUcondition_variable_using_event@1interface5@2@@Z 000000018000d340 f   condition_variable.obj
 0001:0000c390       ?destroy_condvar_using_event@internal@tbb@@YAXPEAUcondition_variable_using_event@1interface5@2@@Z 000000018000d390 f   condition_variable.obj
 0001:0000c430       ?init_condvar_module@internal@tbb@@YAXXZ 000000018000d430 f   condition_variable.obj
 0001:0000c480       ?internal_initialize_condition_variable@internal@interface5@tbb@@YAXAEATcondvar_impl_t@123@@Z 000000018000d480 f   condition_variable.obj
 0001:0000c520       ?internal_destroy_condition_variable@internal@interface5@tbb@@YAXAEATcondvar_impl_t@123@@Z 000000018000d520 f   condition_variable.obj
 0001:0000c530       ?internal_condition_variable_notify_one@internal@interface5@tbb@@YAXAEATcondvar_impl_t@123@@Z 000000018000d530 f   condition_variable.obj
 0001:0000c540       ?internal_condition_variable_notify_all@internal@interface5@tbb@@YAXAEATcondvar_impl_t@123@@Z 000000018000d540 f   condition_variable.obj
 0001:0000c550       ?internal_condition_variable_wait@internal@interface5@tbb@@YA_NAEATcondvar_impl_t@123@PEAVmutex@3@PEBVinterval_t@tick_count@3@@Z 000000018000d550 f   condition_variable.obj
 0001:0000c5e0       ?default_num_threads@governor@internal@tbb@@SAIXZ 000000018000d5e0 f i tbb_thread.obj
 0001:0000c6b0       ?join@tbb_thread_v3@internal@tbb@@QEAAXXZ 000000018000d6b0 f   tbb_thread.obj
 0001:0000c750       ?detach@tbb_thread_v3@internal@tbb@@QEAAXXZ 000000018000d750 f   tbb_thread.obj
 0001:0000c7a0       ?internal_start@tbb_thread_v3@internal@tbb@@AEAAXP6AIPEAX@Z0@Z 000000018000d7a0 f   tbb_thread.obj
 0001:0000c820       ?hardware_concurrency@tbb_thread_v3@internal@tbb@@SAIXZ 000000018000d820 f   tbb_thread.obj
 0001:0000c840       ?thread_get_id_v3@internal@tbb@@YA?AVid@tbb_thread_v3@12@XZ 000000018000d840 f   tbb_thread.obj
 0001:0000c860       ?move_v3@internal@tbb@@YAXAEAVtbb_thread_v3@12@0@Z 000000018000d860 f   tbb_thread.obj
 0001:0000c8c0       ?yield@private_server@rml@internal@tbb@@UEAAXXZ 000000018000d8c0 f   private_server.obj
 0001:0000c8c0       ?thread_yield_v3@internal@tbb@@YAXXZ 000000018000d8c0 f   tbb_thread.obj
 0001:0000c8d0       ?thread_sleep_v3@internal@tbb@@YAXAEBVinterval_t@tick_count@2@@Z 000000018000d8d0 f   tbb_thread.obj
 0001:0000ca00       ?init@thread_context@concurrent_monitor@internal@tbb@@AEAAXXZ 000000018000da00 f   concurrent_monitor.obj
 0001:0000ca30       ??1concurrent_monitor@internal@tbb@@QEAA@XZ 000000018000da30 f   concurrent_monitor.obj
 0001:0000cb60       ?prepare_wait@concurrent_monitor@internal@tbb@@QEAAXAEAVthread_context@123@_K@Z 000000018000db60 f   concurrent_monitor.obj
 0001:0000cc40       ?cancel_wait@concurrent_monitor@internal@tbb@@QEAAXAEAVthread_context@123@@Z 000000018000dc40 f   concurrent_monitor.obj
 0001:0000cd00       __local_stdio_printf_options 000000018000dd00 f i private_server.obj
 0001:0000cd10       fprintf                    000000018000dd10 f i private_server.obj
 0001:0000cd60       ?launch@thread_monitor@internal@rml@@SAPEAXP6AIPEAX@Z0_KPEB_K@Z 000000018000dd60 f i private_server.obj
 0001:0000cf10       ?remove_server_ref@private_server@rml@internal@tbb@@AEAAXXZ 000000018000df10 f i private_server.obj
 0001:0000cf60       ?version@market@internal@tbb@@EEBAIXZ 000000018000df60 f i market.obj
 0001:0000cf60       __scrt_stub_for_is_c_termination_complete 000000018000df60 f i MSVCRT:ucrt_stubs.obj
 0001:0000cf60       ?version@private_server@rml@internal@tbb@@UEBAIXZ 000000018000df60 f i private_server.obj
 0001:0000cf60       ?execute@empty_task@tbb@@EEAAPEAVtask@2@XZ 000000018000df60 f i arena.obj
 0001:0000cf60       _is_c_termination_complete 000000018000df60 f i MSVCRT:ucrt_stubs.obj
 0001:0000cf70       ?request_close_connection@private_server@rml@internal@tbb@@UEAAX_N@Z 000000018000df70 f i private_server.obj
 0001:0000d0a0       ?default_concurrency@private_server@rml@internal@tbb@@UEBAIXZ 000000018000e0a0 f i private_server.obj
 0001:0000d0b0       ?thread_routine@private_worker@rml@internal@tbb@@CAIPEAX@Z 000000018000e0b0 f   private_server.obj
 0001:0000d120       ?run@private_worker@rml@internal@tbb@@AEAAXXZ 000000018000e120 f   private_server.obj
 0001:0000d2e0       ??0private_server@rml@internal@tbb@@QEAA@AEAVtbb_client@123@@Z 000000018000e2e0 f   private_server.obj
 0001:0000d460       ??_Gprivate_server@rml@internal@tbb@@EEAAPEAXI@Z 000000018000e460 f i private_server.obj
 0001:0000d460       ??_Eprivate_server@rml@internal@tbb@@EEAAPEAXI@Z 000000018000e460 f i * CIL library *:* CIL module *
 0001:0000d500       ?wake_some@private_server@rml@internal@tbb@@AEAAXH@Z 000000018000e500 f   private_server.obj
 0001:0000d6b0       ?adjust_job_count_estimate@private_server@rml@internal@tbb@@UEAAXH@Z 000000018000e6b0 f   private_server.obj
 0001:0000d6d0       ??0exception@std@@QEAA@AEBV01@@Z 000000018000e6d0 f i tbb_misc.obj
 0001:0000d710       ?what@exception@std@@UEBAPEBDXZ 000000018000e710 f i tbb_misc.obj
 0001:0000d730       ??_Gbad_alloc@std@@UEAAPEAXI@Z 000000018000e730 f i tbb_misc.obj
 0001:0000d730       ??_Erange_error@std@@UEAAPEAXI@Z 000000018000e730 f i * CIL library *:* CIL module *
 0001:0000d730       ??_Ginvalid_multiple_scheduling@tbb@@UEAAPEAXI@Z 000000018000e730 f i tbb_misc.obj
 0001:0000d730       ??_Einvalid_multiple_scheduling@tbb@@UEAAPEAXI@Z 000000018000e730 f i * CIL library *:* CIL module *
 0001:0000d730       ??_Elogic_error@std@@UEAAPEAXI@Z 000000018000e730 f i * CIL library *:* CIL module *
 0001:0000d730       ??_Eout_of_range@std@@UEAAPEAXI@Z 000000018000e730 f i * CIL library *:* CIL module *
 0001:0000d730       ??_Eimproper_lock@tbb@@UEAAPEAXI@Z 000000018000e730 f i * CIL library *:* CIL module *
 0001:0000d730       ??_Elength_error@std@@UEAAPEAXI@Z 000000018000e730 f i * CIL library *:* CIL module *
 0001:0000d730       ??_Grange_error@std@@UEAAPEAXI@Z 000000018000e730 f i tbb_misc.obj
 0001:0000d730       ??_Glength_error@std@@UEAAPEAXI@Z 000000018000e730 f i tbb_misc.obj
 0001:0000d730       ??_Eexception@std@@UEAAPEAXI@Z 000000018000e730 f i * CIL library *:* CIL module *
 0001:0000d730       ??_Guser_abort@tbb@@UEAAPEAXI@Z 000000018000e730 f i tbb_misc.obj
 0001:0000d730       ??_Gimproper_lock@tbb@@UEAAPEAXI@Z 000000018000e730 f i tbb_misc.obj
 0001:0000d730       ??_Gruntime_error@std@@UEAAPEAXI@Z 000000018000e730 f i tbb_misc.obj
 0001:0000d730       ??_Emissing_wait@tbb@@UEAAPEAXI@Z 000000018000e730 f i * CIL library *:* CIL module *
 0001:0000d730       ??_Gbad_last_alloc@tbb@@UEAAPEAXI@Z 000000018000e730 f i tbb_misc.obj
 0001:0000d730       ??_Gout_of_range@std@@UEAAPEAXI@Z 000000018000e730 f i tbb_misc.obj
 0001:0000d730       ??_Euser_abort@tbb@@UEAAPEAXI@Z 000000018000e730 f i * CIL library *:* CIL module *
 0001:0000d730       ??_Ginvalid_argument@std@@UEAAPEAXI@Z 000000018000e730 f i tbb_misc.obj
 0001:0000d730       ??_Gmissing_wait@tbb@@UEAAPEAXI@Z 000000018000e730 f i tbb_misc.obj
 0001:0000d730       ??_Gexception@std@@UEAAPEAXI@Z 000000018000e730 f i tbb_misc.obj
 0001:0000d730       ??_Ebad_last_alloc@tbb@@UEAAPEAXI@Z 000000018000e730 f i * CIL library *:* CIL module *
 0001:0000d730       ??_Ebad_alloc@std@@UEAAPEAXI@Z 000000018000e730 f i * CIL library *:* CIL module *
 0001:0000d730       ??_Glogic_error@std@@UEAAPEAXI@Z 000000018000e730 f i tbb_misc.obj
 0001:0000d730       ??_Einvalid_argument@std@@UEAAPEAXI@Z 000000018000e730 f i * CIL library *:* CIL module *
 0001:0000d730       ??_Eruntime_error@std@@UEAAPEAXI@Z 000000018000e730 f i * CIL library *:* CIL module *
 0001:0000d780       ??0bad_alloc@std@@QEAA@XZ  000000018000e780 f i tbb_misc.obj
 0001:0000d7b0       ??1improper_lock@tbb@@UEAA@XZ 000000018000e7b0 f i tbb_misc.obj
 0001:0000d7b0       ??1runtime_error@std@@UEAA@XZ 000000018000e7b0 f i tbb_misc.obj
 0001:0000d7b0       ??1invalid_argument@std@@UEAA@XZ 000000018000e7b0 f i tbb_misc.obj
 0001:0000d7b0       ??1invalid_multiple_scheduling@tbb@@UEAA@XZ 000000018000e7b0 f i tbb_misc.obj
 0001:0000d7b0       ??1range_error@std@@UEAA@XZ 000000018000e7b0 f i tbb_misc.obj
 0001:0000d7b0       ??1bad_alloc@std@@UEAA@XZ  000000018000e7b0 f i tbb_misc.obj
 0001:0000d7b0       ??1length_error@std@@UEAA@XZ 000000018000e7b0 f i tbb_misc.obj
 0001:0000d7b0       ??1missing_wait@tbb@@UEAA@XZ 000000018000e7b0 f i tbb_misc.obj
 0001:0000d7b0       ??1out_of_range@std@@UEAA@XZ 000000018000e7b0 f i tbb_misc.obj
 0001:0000d7b0       ??1bad_last_alloc@tbb@@UEAA@XZ 000000018000e7b0 f i tbb_misc.obj
 0001:0000d7b0       ??1user_abort@tbb@@UEAA@XZ 000000018000e7b0 f i tbb_misc.obj
 0001:0000d7d0       _snprintf                  000000018000e7d0 f i tbb_misc.obj
 0001:0000d830       ?set_assertion_handler@tbb@@YAP6AXPEBDH00@ZP6AX0H00@Z@Z 000000018000e830 f   tbb_misc.obj
 0001:0000d840       ?assertion_failure@tbb@@YAXPEBDH00@Z 000000018000e840 f   tbb_misc.obj
 0001:0000d900       ?runtime_warning@internal@tbb@@YAXPEBDZZ 000000018000e900 f   tbb_misc.obj
 0001:0000d9c0       ??0invalid_argument@std@@QEAA@PEBD@Z 000000018000e9c0 f i tbb_misc.obj
 0001:0000da10       ??0length_error@std@@QEAA@PEBD@Z 000000018000ea10 f i tbb_misc.obj
 0001:0000da60       ??0out_of_range@std@@QEAA@PEBD@Z 000000018000ea60 f i tbb_misc.obj
 0001:0000dab0       ??0runtime_error@std@@QEAA@PEBD@Z 000000018000eab0 f i tbb_misc.obj
 0001:0000db00       ??0range_error@std@@QEAA@PEBD@Z 000000018000eb00 f i tbb_misc.obj
 0001:0000db50       ??0runtime_error@std@@QEAA@AEBV01@@Z 000000018000eb50 f i tbb_misc.obj
 0001:0000db90       ?what@bad_last_alloc@tbb@@UEBAPEBDXZ 000000018000eb90 f   tbb_misc.obj
 0001:0000dba0       ?what@improper_lock@tbb@@UEBAPEBDXZ 000000018000eba0 f   tbb_misc.obj
 0001:0000dbb0       ?what@user_abort@tbb@@UEBAPEBDXZ 000000018000ebb0 f   tbb_misc.obj
 0001:0000dbc0       ?what@invalid_multiple_scheduling@tbb@@UEBAPEBDXZ 000000018000ebc0 f   tbb_misc.obj
 0001:0000dbd0       ?what@missing_wait@tbb@@UEBAPEBDXZ 000000018000ebd0 f   tbb_misc.obj
 0001:0000dbe0       ?handle_perror@internal@tbb@@YAXHPEBD@Z 000000018000ebe0 f   tbb_misc.obj
 0001:0000dc50       ?handle_win_error@internal@tbb@@YAXH@Z 000000018000ec50 f   tbb_misc.obj
 0001:0000dcc0       ?throw_bad_last_alloc_exception_v4@internal@tbb@@YAXXZ 000000018000ecc0 f   tbb_misc.obj
 0001:0000dd00       ?throw_exception_v4@internal@tbb@@YAXW4exception_id@12@@Z 000000018000ed00 f   tbb_misc.obj
 0001:0000e030       ??0bad_last_alloc@tbb@@QEAA@XZ 000000018000f030 f i tbb_misc.obj
 0001:0000e060       ??0missing_wait@tbb@@QEAA@XZ 000000018000f060 f i tbb_misc.obj
 0001:0000e080       ??0invalid_multiple_scheduling@tbb@@QEAA@XZ 000000018000f080 f i tbb_misc.obj
 0001:0000e0a0       ??0improper_lock@tbb@@QEAA@XZ 000000018000f0a0 f i tbb_misc.obj
 0001:0000e0c0       ??0user_abort@tbb@@QEAA@XZ 000000018000f0c0 f i tbb_misc.obj
 0001:0000e0e0       ??0bad_alloc@std@@QEAA@AEBV01@@Z 000000018000f0e0 f i tbb_misc.obj
 0001:0000e120       ??0bad_last_alloc@tbb@@QEAA@AEBV01@@Z 000000018000f120 f i tbb_misc.obj
 0001:0000e160       ??0invalid_argument@std@@QEAA@AEBV01@@Z 000000018000f160 f i tbb_misc.obj
 0001:0000e1a0       ??0logic_error@std@@QEAA@AEBV01@@Z 000000018000f1a0 f i tbb_misc.obj
 0001:0000e1e0       ??0out_of_range@std@@QEAA@AEBV01@@Z 000000018000f1e0 f i tbb_misc.obj
 0001:0000e220       ??0range_error@std@@QEAA@AEBV01@@Z 000000018000f220 f i tbb_misc.obj
 0001:0000e260       ??0missing_wait@tbb@@QEAA@AEBV01@@Z 000000018000f260 f i tbb_misc.obj
 0001:0000e2a0       ??0invalid_multiple_scheduling@tbb@@QEAA@AEBV01@@Z 000000018000f2a0 f i tbb_misc.obj
 0001:0000e2e0       ??0improper_lock@tbb@@QEAA@AEBV01@@Z 000000018000f2e0 f i tbb_misc.obj
 0001:0000e320       ??0length_error@std@@QEAA@AEBV01@@Z 000000018000f320 f i tbb_misc.obj
 0001:0000e360       ??0user_abort@tbb@@QEAA@AEBV01@@Z 000000018000f360 f i tbb_misc.obj
 0001:0000e3a0       ?PrintExtraVersionInfo@internal@tbb@@YAXPEBD0ZZ 000000018000f3a0 f   tbb_misc.obj
 0001:0000e470       ?PrintRMLVersionInfo@internal@tbb@@YAXPEAXPEBD@Z 000000018000f470 f   tbb_misc.obj
 0001:0000e480       TBB_runtime_interface_version 000000018000f480 f   tbb_misc.obj
 0001:0000e6c0       ?allocate@allocate_root_proxy@internal@tbb@@SAAEAVtask@3@_K@Z 000000018000f6c0 f   task.obj
 0001:0000e740       ?free@allocate_root_proxy@internal@tbb@@SAXAEAVtask@3@@Z 000000018000f740 f   task.obj
 0001:0000e7b0       ?allocate@allocate_root_with_context_proxy@internal@tbb@@QEBAAEAVtask@3@_K@Z 000000018000f7b0 f   task.obj
 0001:0000e8b0       ?free@allocate_root_with_context_proxy@internal@tbb@@QEBAXAEAVtask@3@@Z 000000018000f8b0 f   task.obj
 0001:0000e8b0       ?free@allocate_child_proxy@internal@tbb@@QEBAXAEAVtask@3@@Z 000000018000f8b0 f   task.obj
 0001:0000e920       ?allocate@allocate_continuation_proxy@internal@tbb@@QEBAAEAVtask@3@_K@Z 000000018000f920 f   task.obj
 0001:0000e980       ?free@allocate_continuation_proxy@internal@tbb@@QEBAXAEAVtask@3@@Z 000000018000f980 f   task.obj
 0001:0000ea00       ?allocate@allocate_child_proxy@internal@tbb@@QEBAAEAVtask@3@_K@Z 000000018000fa00 f   task.obj
 0001:0000ea60       ?allocate@allocate_additional_child_of_proxy@internal@tbb@@QEBAAEAVtask@3@_K@Z 000000018000fa60 f   task.obj
 0001:0000ead0       ?free@allocate_additional_child_of_proxy@internal@tbb@@QEBAXAEAVtask@3@@Z 000000018000fad0 f   task.obj
 0001:0000eb90       ?get_initial_auto_partitioner_divisor@internal@tbb@@YA_KXZ 000000018000fb90 f   task.obj
 0001:0000ebe0       ?resize@affinity_partitioner_base_v3@internal@tbb@@AEAAXI@Z 000000018000fbe0 f   task.obj
 0001:0000ecf0       ?internal_set_ref_count@task@tbb@@AEAAXH@Z 000000018000fcf0 f   task.obj
 0001:0000ed30       ?internal_decrement_ref_count@task@tbb@@AEAA_JXZ 000000018000fd30 f   task.obj
 0001:0000ed90       ?self@task@tbb@@SAAEAV12@XZ 000000018000fd90 f   task.obj
 0001:0000edd0       __acrt_thread_attach       000000018000fdd0 f   MSVCRT:ucrt_stubs.obj
 0001:0000edd0       __scrt_stub_for_acrt_uninitialize 000000018000fdd0 f   MSVCRT:ucrt_stubs.obj
 0001:0000edd0       __scrt_stub_for_acrt_thread_detach 000000018000fdd0 f   MSVCRT:ucrt_stubs.obj
 0001:0000edd0       __acrt_initialize          000000018000fdd0 f   MSVCRT:ucrt_stubs.obj
 0001:0000edd0       __scrt_stub_for_acrt_thread_attach 000000018000fdd0 f   MSVCRT:ucrt_stubs.obj
 0001:0000edd0       ?is_owned_by_current_thread@task@tbb@@QEBA_NXZ 000000018000fdd0 f   task.obj
 0001:0000edd0       __acrt_uninitialize_critical 000000018000fdd0 f   MSVCRT:ucrt_stubs.obj
 0001:0000edd0       __vcrt_uninitialize        000000018000fdd0 f   MSVCRT:ucrt_stubs.obj
 0001:0000edd0       __vcrt_uninitialize_critical 000000018000fdd0 f   MSVCRT:ucrt_stubs.obj
 0001:0000edd0       __vcrt_thread_detach       000000018000fdd0 f   MSVCRT:ucrt_stubs.obj
 0001:0000edd0       __acrt_thread_detach       000000018000fdd0 f   MSVCRT:ucrt_stubs.obj
 0001:0000edd0       __scrt_stub_for_acrt_initialize 000000018000fdd0 f   MSVCRT:ucrt_stubs.obj
 0001:0000edd0       __acrt_uninitialize        000000018000fdd0 f   MSVCRT:ucrt_stubs.obj
 0001:0000edd0       __vcrt_initialize          000000018000fdd0 f   MSVCRT:ucrt_stubs.obj
 0001:0000edd0       __scrt_stub_for_acrt_uninitialize_critical 000000018000fdd0 f   MSVCRT:ucrt_stubs.obj
 0001:0000edd0       __vcrt_thread_attach       000000018000fdd0 f   MSVCRT:ucrt_stubs.obj
 0001:0000ede0       ?destroy@task_base@internal@interface5@tbb@@SAXAEAVtask@4@@Z 000000018000fde0 f   task.obj
 0001:0000eed0       ?spawn_and_wait_for_all@task@tbb@@QEAAXAEAVtask_list@2@@Z 000000018000fed0 f   task.obj
 0001:0000ef70       ?change_group@task@tbb@@QEAAXAEAVtask_group_context@2@@Z 000000018000ff70 f   task.obj
 0001:0000f040       ??1exception_ptr@std@@QEAA@XZ 0000000180010040 f i task_group_context.obj
 0001:0000f060       ??0exception_ptr@std@@QEAA@AEBV01@@Z 0000000180010060 f i task_group_context.obj
 0001:0000f090       ??0captured_exception@tbb@@QEAA@AEBV01@@Z 0000000180010090 f i task_group_context.obj
 0001:0000f110       ?throw_self@captured_exception@tbb@@UEAAXXZ 0000000180010110 f i task_group_context.obj
 0001:0000f140       ??_Gcaptured_exception@tbb@@UEAAPEAXI@Z 0000000180010140 f i task_group_context.obj
 0001:0000f140       ??_Ecaptured_exception@tbb@@UEAAPEAXI@Z 0000000180010140 f i * CIL library *:* CIL module *
 0001:0000f1e0       ??0tbb_exception@tbb@@QEAA@AEBV01@@Z 00000001800101e0 f i task_group_context.obj
 0001:0000f220       ??_Etbb_exception@tbb@@UEAAPEAXI@Z 0000000180010220 f i * CIL library *:* CIL module *
 0001:0000f220       ??_Gtbb_exception@tbb@@UEAAPEAXI@Z 0000000180010220 f i task_group_context.obj
 0001:0000f290       ?duplicate_string@tbb@@YAPEADPEBD@Z 0000000180010290 f i task_group_context.obj
 0001:0000f300       ??1captured_exception@tbb@@UEAA@XZ 0000000180010300 f   task_group_context.obj
 0001:0000f350       ?set@captured_exception@tbb@@QEAAXPEBD0@Z 0000000180010350 f   task_group_context.obj
 0001:0000f390       ?clear@captured_exception@tbb@@QEAAXXZ 0000000180010390 f   task_group_context.obj
 0001:0000f3d0       ?move@captured_exception@tbb@@UEAAPEAV12@XZ 00000001800103d0 f   task_group_context.obj
 0001:0000f450       ?destroy@captured_exception@tbb@@UEAAXXZ 0000000180010450 f   task_group_context.obj
 0001:0000f4b0       ?allocate@captured_exception@tbb@@SAPEAV12@PEBD0@Z 00000001800104b0 f   task_group_context.obj
 0001:0000f540       ?name@captured_exception@tbb@@UEBAPEBDXZ 0000000180010540 f   task_group_context.obj
 0001:0000f550       ?what@captured_exception@tbb@@UEBAPEBDXZ 0000000180010550 f   task_group_context.obj
 0001:0000f560       ?allocate@tbb_exception_ptr@internal@tbb@@SAPEAV123@XZ 0000000180010560 f   task_group_context.obj
 0001:0000f560       ?allocate@tbb_exception_ptr@internal@tbb@@SAPEAV123@AEBVtbb_exception@3@@Z 0000000180010560 f   task_group_context.obj
 0001:0000f5d0       ?allocate@tbb_exception_ptr@internal@tbb@@SAPEAV123@AEAVcaptured_exception@3@@Z 00000001800105d0 f   task_group_context.obj
 0001:0000f6c0       ??1task_group_context@tbb@@QEAA@XZ 00000001800106c0 f   task_group_context.obj
 0001:0000f960       ?init@task_group_context@tbb@@IEAAXXZ 0000000180010960 f   task_group_context.obj
 0001:0000fb00       ?register_with@task_group_context@tbb@@QEAAXPEAVgeneric_scheduler@internal@2@@Z 0000000180010b00 f   task_group_context.obj
 0001:0000fc30       ?bind_to@task_group_context@tbb@@QEAAXPEAVgeneric_scheduler@internal@2@@Z 0000000180010c30 f   task_group_context.obj
 0001:0000fd90       ?cancel_group_execution@task_group_context@tbb@@QEAA_NXZ 0000000180010d90 f   task_group_context.obj
 0001:0000fee0       ?is_group_execution_cancelled@task_group_context@tbb@@QEBA_NXZ 0000000180010ee0 f   task_group_context.obj
 0001:0000fef0       ?reset@task_group_context@tbb@@QEAAXXZ 0000000180010ef0 f   task_group_context.obj
 0001:0000ff60       ?capture_fp_settings@task_group_context@tbb@@QEAAXXZ 0000000180010f60 f   task_group_context.obj
 0001:0000ffa0       ?register_pending_exception@task_group_context@tbb@@QEAAXXZ 0000000180010fa0 f   task_group_context.obj
 0001:0000ffd0       ?set_priority@task_group_context@tbb@@QEAAXW4priority_t@2@@Z 0000000180010fd0 f   task_group_context.obj
 0001:00010170       ?priority@task_group_context@tbb@@QEBA?AW4priority_t@2@XZ 0000000180011170 f   task_group_context.obj
 0001:00010190       ??$spin_wait_until_eq@U?$atomic@_K@tbb@@I@internal@tbb@@YAXAEDU?$atomic@_K@1@I@Z 0000000180011190 f i task_group_context.obj
 0001:000101f0       ??$propagate_task_group_state@_K@generic_scheduler@internal@tbb@@QEAAXPEQtask_group_context@2@_KAEAV32@_K@Z 00000001800111f0 f i task_group_context.obj
 0001:000102f0       ??$propagate_task_group_state@_J@generic_scheduler@internal@tbb@@QEAAXPEQtask_group_context@2@_JAEAV32@_J@Z 00000001800112f0 f i task_group_context.obj
 0001:00010400       ?initialize_cilk_interop@internal@tbb@@YA_NXZ 0000000180011400 f   governor.obj
 0001:00010430       ?assume_scheduler@governor@internal@tbb@@SAXPEAVgeneric_scheduler@23@@Z 0000000180011430 f   governor.obj
 0001:00010470       ?is_set@governor@internal@tbb@@SA_NPEAVgeneric_scheduler@23@@Z 0000000180011470 f   governor.obj
 0001:000104d0       ?sign_on@governor@internal@tbb@@SAXPEAVgeneric_scheduler@23@@Z 00000001800114d0 f   governor.obj
 0001:00010560       ?one_time_init@governor@internal@tbb@@SAXXZ 0000000180011560 f   governor.obj
 0001:00010620       ?init_scheduler@governor@internal@tbb@@SAPEAVgeneric_scheduler@23@H_K_N@Z 0000000180011620 f   governor.obj
 0001:00010770       ?stack_op_handler@governor@internal@tbb@@SAHW4__cilk_tbb_stack_op@@PEAX@Z 0000000180011770 f   governor.obj
 0001:00010810       ?initialize@task_scheduler_init@tbb@@QEAAXH@Z 0000000180011810 f   governor.obj
 0001:00010820       ?initialize@task_scheduler_init@tbb@@QEAAXH_K@Z 0000000180011820 f   governor.obj
 0001:00010b10       ?internal_terminate@task_scheduler_init@tbb@@AEAA_N_N@Z 0000000180011b10 f   governor.obj
 0001:00010c50       ?terminate@task_scheduler_init@tbb@@QEAAXXZ 0000000180011c50 f   governor.obj
 0001:00010c60       ?internal_blocking_terminate@task_scheduler_init@tbb@@AEAA_N_N@Z 0000000180011c60 f   governor.obj
 0001:00010ca0       ?default_num_threads@task_scheduler_init@tbb@@SAHXZ 0000000180011ca0 f   governor.obj
 0001:00010cb0       ??1scoped_lock@spin_rw_mutex_v3@tbb@@QEAA@XZ 0000000180011cb0 f i market.obj
 0001:00010ce0       ?max_job_count@market@internal@tbb@@EEBAIXZ 0000000180011ce0 f i market.obj
 0001:00010cf0       ?min_stack_size@market@internal@tbb@@EEBA_KXZ 0000000180011cf0 f i market.obj
 0001:00010d00       ?policy@market@internal@tbb@@EEBA?AW4policy_type@client@rml@@XZ 0000000180011d00 f i market.obj
 0001:00010d00       _get_startup_argv_mode     0000000180011d00 f i MSVCRT:argv_mode.obj
 0001:00010d10       ?recall_by_mandatory_request@arena@internal@tbb@@QEBA_NXZ 0000000180011d10 f i market.obj
 0001:00010d90       ?global_market@market@internal@tbb@@CAAEAV123@_NI_K@Z 0000000180011d90 f   market.obj
 0001:00011110       ?release@market@internal@tbb@@QEAA_N_N0@Z 0000000180012110 f   market.obj
 0001:00011290       ?set_active_num_workers@market@internal@tbb@@SAXI@Z 0000000180012290 f   market.obj
 0001:00011540       ?create_arena@market@internal@tbb@@SAPEAVarena@23@HH_K@Z 0000000180012540 f   market.obj
 0001:000116a0       ?try_destroy_arena@market@internal@tbb@@QEAAXPEAVarena@23@_K@Z 00000001800126a0 f   market.obj
 0001:000117f0       ?reset_global_priority@market@internal@tbb@@AEAAXXZ 00000001800127f0 f i market.obj
 0001:00011820       ?arena_in_need@market@internal@tbb@@AEAAPEAVarena@23@PEAV423@@Z 0000000180012820 f   market.obj
 0001:000119b0       ?update_allotment@market@internal@tbb@@AEAAX_J@Z 00000001800129b0 f   market.obj
 0001:00011af0       ?mandatory_concurrency_enable@market@internal@tbb@@QEAA_NPEAVarena@23@@Z 0000000180012af0 f   market.obj
 0001:00011be0       ?mandatory_concurrency_disable@market@internal@tbb@@QEAAXPEAVarena@23@@Z 0000000180012be0 f   market.obj
 0001:00011db0       ?adjust_demand@market@internal@tbb@@QEAAXAEAVarena@23@H@Z 0000000180012db0 f   market.obj
 0001:00012070       ?process@market@internal@tbb@@EEAAXAEAVjob@rml@@@Z 0000000180013070 f   market.obj
 0001:00012100       ?cleanup@market@internal@tbb@@EEAAXAEAVjob@rml@@@Z 0000000180013100 f   market.obj
 0001:00012210       ?acknowledge_close_connection@market@internal@tbb@@EEAAXXZ 0000000180013210 f   market.obj
 0001:00012230       ?create_one_job@market@internal@tbb@@EEAAPEAVjob@rml@@XZ 0000000180013230 f   market.obj
 0001:000122e0       ?update_arena_top_priority@market@internal@tbb@@AEAAXAEAVarena@23@_J@Z 00000001800132e0 f   market.obj
 0001:000123f0       ?lower_arena_priority@market@internal@tbb@@QEAA_NAEAVarena@23@_J_K@Z 00000001800133f0 f   market.obj
 0001:00012520       ?update_arena_priority@market@internal@tbb@@QEAA_NAEAVarena@23@_J@Z 0000000180013520 f   market.obj
 0001:00012700       ?_RethrowException@exception_ptr@std@@QEBAXXZ 0000000180013700 f i arena.obj
 0001:00012710       ?rethrow_exception@std@@YAXVexception_ptr@1@@Z 0000000180013710 f i arena.obj
 0001:00012730       ?throw_self@tbb_exception_ptr@internal@tbb@@QEAAXXZ 0000000180013730 f i arena.obj
 0001:00012750       ?notify_entry_observers@observer_list@internal@tbb@@QEAAXAEAPEAVobserver_proxy@23@_N@Z 0000000180013750 f i arena.obj
 0001:000128e0       ?occupy_free_slot_in_range@arena@internal@tbb@@QEAA_KAEAVgeneric_scheduler@23@_K1@Z 00000001800138e0 f   arena.obj
 0001:000129d0       ?process@arena@internal@tbb@@QEAAXAEAVgeneric_scheduler@23@@Z 00000001800139d0 f   arena.obj
 0001:00012c00       ??0arena@internal@tbb@@QEAA@AEAVmarket@12@II@Z 0000000180013c00 f   arena.obj
 0001:00012e70       ??1?$padded@Uarena_base@internal@tbb@@$0IA@@internal@tbb@@QEAA@XZ 0000000180013e70 f i arena.obj
 0001:00012ea0       ?free_arena@arena@internal@tbb@@QEAAXXZ 0000000180013ea0 f   arena.obj
 0001:00013100       ?restore_priority_if_need@arena@internal@tbb@@AEAAXXZ 0000000180014100 f   arena.obj
 0001:000131b0       ?is_out_of_work@arena@internal@tbb@@QEAA_NXZ 00000001800141b0 f   arena.obj
 0001:00013580       ?enqueue_task@arena@internal@tbb@@QEAAXAEAVtask@3@_JAEAVFastRandom@23@@Z 0000000180014580 f   arena.obj
 0001:00013670       ??0nested_arena_context@internal@tbb@@QEAA@PEAVgeneric_scheduler@12@PEAVarena@12@_K_N3@Z 0000000180014670 f i arena.obj
 0001:000138c0       ??1nested_arena_context@internal@tbb@@QEAA@XZ 00000001800148c0 f i arena.obj
 0001:00013990       ?nested_arena_exit@generic_scheduler@internal@tbb@@QEAAXXZ 0000000180014990 f   arena.obj
 0001:00013b10       ??1auto_empty_task@internal@tbb@@QEAA@XZ 0000000180014b10 f i arena.obj
 0001:00013b40       ?internal_initialize@task_arena_base@internal@interface7@tbb@@IEAAXXZ 0000000180014b40 f   arena.obj
 0001:00013d30       ?internal_terminate@task_arena_base@internal@interface7@tbb@@IEAAXXZ 0000000180014d30 f   arena.obj
 0001:00013e10       ?internal_attach@task_arena_base@internal@interface7@tbb@@IEAAXXZ 0000000180014e10 f   arena.obj
 0001:00013e90       ?internal_enqueue@task_arena_base@internal@interface7@tbb@@IEBAXAEAVtask@4@_J@Z 0000000180014e90 f   arena.obj
 0001:00013ee0       ?execute@delegated_task@internal@interface7@tbb@@EEAAPEAVtask@4@XZ 0000000180014ee0 f i arena.obj
 0001:00013f80       ??1outermost_context@?1??execute@delegated_task@internal@interface7@tbb@@EEAAPEAVtask@5@XZ@QEAA@XZ 0000000180014f80 f i arena.obj
 0001:00013fb0       ??_Gdelegated_task@internal@interface7@tbb@@EEAAPEAXI@Z 0000000180014fb0 f i arena.obj
 0001:00013fb0       ??_Edelegated_task@internal@interface7@tbb@@EEAAPEAXI@Z 0000000180014fb0 f i * CIL library *:* CIL module *
 0001:00014140       ?internal_execute@task_arena_base@internal@interface7@tbb@@IEBAXAEAVdelegate_base@234@@Z 0000000180015140 f   arena.obj
 0001:00014810       ?execute@wait_task@internal@interface7@tbb@@EEAAPEAVtask@4@XZ 0000000180015810 f i arena.obj
 0001:00014880       ??_Gwait_task@internal@interface7@tbb@@UEAAPEAXI@Z 0000000180015880 f i arena.obj
 0001:00014880       ??_E?$function_task@Vspawn_functor@graph@interface10@flow@tbb@@@internal@tbb@@UEAAPEAXI@Z 0000000180015880 f i * CIL library *:* CIL module *
 0001:00014880       ??_Ewait_task@internal@interface7@tbb@@UEAAPEAXI@Z 0000000180015880 f i * CIL library *:* CIL module *
 0001:00014880       ??_G?$function_task@Vspawn_functor@graph@interface10@flow@tbb@@@internal@tbb@@UEAAPEAXI@Z 0000000180015880 f i arena.obj
 0001:000148b0       ?internal_wait@task_arena_base@internal@interface7@tbb@@IEBAXXZ 00000001800158b0 f   arena.obj
 0001:00014ca0       ?internal_current_slot@task_arena_base@internal@interface7@tbb@@KAHXZ 0000000180015ca0 f   arena.obj
 0001:00014cd0       ??1isolation_guard@internal@interface7@tbb@@QEAA@XZ 0000000180015cd0 f i arena.obj
 0001:00014ce0       ?isolate_within_arena@internal@interface7@tbb@@YAXAEAVdelegate_base@123@_J@Z 0000000180015ce0 f   arena.obj
 0001:00014d60       ?internal_max_concurrency@task_arena_base@internal@interface7@tbb@@KAHPEBVtask_arena@34@@Z 0000000180015d60 f   arena.obj
 0001:00014db0       ??1?$context_guard_helper@$0A@@internal@tbb@@QEAA@XZ 0000000180015db0 f i arena.obj
 0001:00014df0       ?execute@?$function_task@Vspawn_functor@graph@interface10@flow@tbb@@@internal@tbb@@EEAAPEAVtask@3@XZ 0000000180015df0 f i arena.obj
 0001:00014e10       ?push@?$task_stream@$02@internal@tbb@@QEAAXPEAVtask@3@HAEAVFastRandom@23@@Z 0000000180015e10 f i arena.obj
 0001:00014fa0       ??1?$task_stream@$02@internal@tbb@@QEAA@XZ 0000000180015fa0 f i arena.obj
 0001:00015020       ??0?$padded@U?$queue_and_mutex@PEAVtask@tbb@@Vspin_mutex@2@@internal@tbb@@$0IA@@internal@tbb@@QEAA@XZ 0000000180016020 f i arena.obj
 0001:00015080       ??1?$padded@U?$queue_and_mutex@PEAVtask@tbb@@Vspin_mutex@2@@internal@tbb@@$0IA@@internal@tbb@@QEAA@XZ 0000000180016080 f i arena.obj
 0001:00015130       ?_Growmap@?$deque@PEAVtask@tbb@@V?$tbb_allocator@PEAVtask@tbb@@@2@@std@@IEAAX_K@Z 0000000180016130 f i arena.obj
 0001:00015370       ?_Xlen@?$deque@PEAVtask@tbb@@V?$tbb_allocator@PEAVtask@tbb@@@2@@std@@IEBAXXZ 0000000180016370 f i arena.obj
 0001:00015390       ??$advertise_new_work@$01@arena@internal@tbb@@QEAAXXZ 0000000180016390 f i arena.obj
 0001:00015470       ??$on_thread_leaving@$00@arena@internal@tbb@@QEAAXXZ 0000000180016470 f i arena.obj
 0001:00015500       ??$occupy_free_slot@$0A@@arena@internal@tbb@@QEAA_KAEAVgeneric_scheduler@12@@Z 0000000180016500 f i arena.obj
 0001:000155c0       ?allocate_task_pool@arena_slot@internal@tbb@@QEAAX_K@Z 00000001800165c0 f i scheduler.obj
 0001:00015650       ??1scheduler@internal@tbb@@UEAA@XZ 0000000180016650 f   scheduler.obj
 0001:00015660       ??0generic_scheduler@internal@tbb@@IEAA@AEAVmarket@12@@Z 0000000180016660 f   scheduler.obj
 0001:00015850       ??_Ggeneric_scheduler@internal@tbb@@UEAAPEAXI@Z 0000000180016850 f i scheduler.obj
 0001:00015850       ??_G?$custom_scheduler@UDefaultSchedulerTraits@internal@tbb@@@internal@tbb@@UEAAPEAXI@Z 0000000180016850 f i scheduler.obj
 0001:00015850       ??_G?$custom_scheduler@UIntelSchedulerTraits@internal@tbb@@@internal@tbb@@UEAAPEAXI@Z 0000000180016850 f i scheduler.obj
 0001:00015850       ??_E?$custom_scheduler@UDefaultSchedulerTraits@internal@tbb@@@internal@tbb@@UEAAPEAXI@Z 0000000180016850 f i * CIL library *:* CIL module *
 0001:00015850       ??_Egeneric_scheduler@internal@tbb@@UEAAPEAXI@Z 0000000180016850 f i * CIL library *:* CIL module *
 0001:00015850       ??_E?$custom_scheduler@UIntelSchedulerTraits@internal@tbb@@@internal@tbb@@UEAAPEAXI@Z 0000000180016850 f i * CIL library *:* CIL module *
 0001:00015880       ?free_scheduler@generic_scheduler@internal@tbb@@QEAAXXZ 0000000180016880 f   scheduler.obj
 0001:00015a70       ?allocate_task@generic_scheduler@internal@tbb@@QEAAAEAVtask@3@_KPEAV43@PEAVtask_group_context@3@@Z 0000000180016a70 f   scheduler.obj
 0001:00015ba0       ?free_nonlocal_small_task@generic_scheduler@internal@tbb@@QEAAXAEAVtask@3@@Z 0000000180016ba0 f   scheduler.obj
 0001:00015c50       ?prepare_task_pool@generic_scheduler@internal@tbb@@QEAA_K_K@Z 0000000180016c50 f i scheduler.obj
 0001:00015e90       ?acquire_task_pool@generic_scheduler@internal@tbb@@QEBAXXZ 0000000180016e90 f i scheduler.obj
 0001:00015f50       ?release_task_pool@generic_scheduler@internal@tbb@@QEBAXXZ 0000000180016f50 f i scheduler.obj
 0001:00015f90       ?prepare_for_spawning@generic_scheduler@internal@tbb@@QEAAPEAVtask@3@PEAV43@@Z 0000000180016f90 f i scheduler.obj
 0001:000160e0       ?local_spawn@generic_scheduler@internal@tbb@@QEAAXPEAVtask@3@AEAPEAV43@@Z 00000001800170e0 f   scheduler.obj
 0001:00016430       ?spawn@generic_scheduler@internal@tbb@@UEAAXAEAVtask@3@AEAPEAV43@@Z 0000000180017430 f   scheduler.obj
 0001:00016480       ?spawn_root_and_wait@generic_scheduler@internal@tbb@@UEAAXAEAVtask@3@AEAPEAV43@@Z 0000000180017480 f   scheduler.obj
 0001:00016580       ?enqueue@generic_scheduler@internal@tbb@@UEAAXAEAVtask@3@PEAX@Z 0000000180017580 f   scheduler.obj
 0001:000165e0       ??1auto_indicator@internal@tbb@@QEAA@XZ 00000001800175e0 f i scheduler.obj
 0001:000165f0       ?get_task_and_activate_task_pool@generic_scheduler@internal@tbb@@QEAAPEAVtask@3@_K0_J@Z 00000001800175f0 f   scheduler.obj
 0001:00016710       ?winnow_task_pool@generic_scheduler@internal@tbb@@QEAAPEAVtask@3@_J@Z 0000000180017710 f   scheduler.obj
 0001:000167f0       ?reload_tasks@generic_scheduler@internal@tbb@@QEAAPEAVtask@3@AEAPEAV43@AEAPEAPEAV43@_J2@Z 00000001800177f0 f   scheduler.obj
 0001:00016aa0       ?reload_tasks@generic_scheduler@internal@tbb@@QEAAPEAVtask@3@_J@Z 0000000180017aa0 f   scheduler.obj
 0001:00016be0       ?get_task@generic_scheduler@internal@tbb@@QEAAPEAVtask@3@_K_JAEA_N@Z 0000000180017be0 f i scheduler.obj
 0001:00016cf0       ?get_task@generic_scheduler@internal@tbb@@QEAAPEAVtask@3@_J@Z 0000000180017cf0 f i scheduler.obj
 0001:00016f60       ?steal_task@generic_scheduler@internal@tbb@@QEAAPEAVtask@3@_J@Z 0000000180017f60 f   scheduler.obj
 0001:000170b0       ?steal_task_from@generic_scheduler@internal@tbb@@QEAAPEAVtask@3@AEAUarena_slot@23@_J@Z 00000001800180b0 f   scheduler.obj
 0001:000172a0       ?get_mailbox_task@generic_scheduler@internal@tbb@@QEAAPEAVtask@3@_J@Z 00000001800182a0 f   scheduler.obj
 0001:00017410       ?leave_task_pool@generic_scheduler@internal@tbb@@QEAAXXZ 0000000180018410 f i scheduler.obj
 0001:00017470       ?create_master@generic_scheduler@internal@tbb@@SAPEAV123@PEAVarena@23@@Z 0000000180018470 f   scheduler.obj
 0001:000176c0       ?cleanup_master@generic_scheduler@internal@tbb@@QEAA_N_N@Z 00000001800186c0 f   scheduler.obj
 0001:00017890       ?copy_memory@?$fast_reverse_vector@PEAVtask@tbb@@$0BA@@internal@tbb@@QEBAXPEAPEAVtask@3@@Z 0000000180018890 f i scheduler.obj
 0001:00017950       ??1?$fast_reverse_vector@PEAVtask@tbb@@$0BA@@internal@tbb@@QEAA@XZ 0000000180018950 f i scheduler.obj
 0001:000179b0       ?allocate_scheduler@?$custom_scheduler@UIntelSchedulerTraits@internal@tbb@@@internal@tbb@@SAPEAVgeneric_scheduler@23@AEAVmarket@23@@Z 00000001800189b0 f i scheduler.obj
 0001:00017a40       ?wait_for_all@?$custom_scheduler@UIntelSchedulerTraits@internal@tbb@@@internal@tbb@@EEAAXAEAVtask@3@PEAV43@@Z 0000000180018a40 f i scheduler.obj
 0001:00017a90       ?allocate_scheduler@?$custom_scheduler@UDefaultSchedulerTraits@internal@tbb@@@internal@tbb@@SAPEAVgeneric_scheduler@23@AEAVmarket@23@@Z 0000000180018a90 f i scheduler.obj
 0001:00017b20       ?wait_for_all@?$custom_scheduler@UDefaultSchedulerTraits@internal@tbb@@@internal@tbb@@EEAAXAEAVtask@3@PEAV43@@Z 0000000180018b20 f i scheduler.obj
 0001:00017b70       ?local_wait_for_all@?$custom_scheduler@UDefaultSchedulerTraits@internal@tbb@@@internal@tbb@@EEAAXAEAVtask@3@PEAV43@@Z 0000000180018b70 f i scheduler.obj
 0001:000184d0       ?receive_or_steal_task@?$custom_scheduler@UDefaultSchedulerTraits@internal@tbb@@@internal@tbb@@UEAAPEAVtask@3@AEA_J_J@Z 00000001800194d0 f i scheduler.obj
 0001:00018a00       ?local_wait_for_all@?$custom_scheduler@UIntelSchedulerTraits@internal@tbb@@@internal@tbb@@EEAAXAEAVtask@3@PEAV43@@Z 0000000180019a00 f i scheduler.obj
 0001:000191b0       ?receive_or_steal_task@?$custom_scheduler@UIntelSchedulerTraits@internal@tbb@@@internal@tbb@@UEAAPEAVtask@3@AEA_J_J@Z 000000018001a1b0 f i scheduler.obj
 0001:00019640       ??$advertise_new_work@$0A@@arena@internal@tbb@@QEAAXXZ 000000018001a640 f i scheduler.obj
 0001:000196f0       ?set_ctx@?$context_guard_helper@$00@internal@tbb@@QEAAXPEBVtask_group_context@3@@Z 000000018001a6f0 f i scheduler.obj
 0001:00019770       ??1?$context_guard_helper@$00@internal@tbb@@QEAA@XZ 000000018001a770 f i scheduler.obj
 0001:000197e0       ?pop@?$task_stream@$02@internal@tbb@@QEAAPEAVtask@3@HAEAI@Z 000000018001a7e0 f i scheduler.obj
 0001:00019910       ?insert@observer_list@internal@tbb@@QEAAXPEAVobserver_proxy@23@@Z 000000018001a910 f   observer_proxy.obj
 0001:000199a0       ?remove_ref@observer_list@internal@tbb@@QEAAXPEAVobserver_proxy@23@@Z 000000018001a9a0 f   observer_proxy.obj
 0001:00019a70       ?do_notify_exit_observers@observer_list@internal@tbb@@AEAAXPEAVobserver_proxy@23@_N@Z 000000018001aa70 f   observer_proxy.obj
 0001:00019bf0       ?observe@task_scheduler_observer_v3@internal@tbb@@QEAAX_N@Z 000000018001abf0 f   observer_proxy.obj
 0001:00019ea0       ?add_ref@__TBB_InitOnce@internal@tbb@@SAXXZ 000000018001aea0 f   tbb_main.obj
 0001:00019f10       ?remove_ref@__TBB_InitOnce@internal@tbb@@SAXXZ 000000018001af10 f   tbb_main.obj
 0001:00019fd0       ?ITT_DoUnsafeOneTimeInitialization@internal@tbb@@YAXXZ 000000018001afd0 f   tbb_main.obj
 0001:0001a0f0       ITT_DoOneTimeInitialization 000000018001b0f0 f   tbb_main.obj
 0001:0001a170       ?DoOneTimeInitializations@internal@tbb@@YAXXZ 000000018001b170 f   tbb_main.obj
 0001:0001a480       DllMain                    000000018001b480 f   tbb_main.obj
 0001:0001a570       ?itt_store_pointer_with_release_v3@internal@tbb@@YAXPEAX0@Z 000000018001b570 f   tbb_main.obj
 0001:0001a5b0       ?itt_load_pointer_with_acquire_v3@internal@tbb@@YAPEAXPEBX@Z 000000018001b5b0 f   tbb_main.obj
 0001:0001a5d0       ?call_itt_notify_v5@internal@tbb@@YAXHPEAX@Z 000000018001b5d0 f   tbb_main.obj
 0001:0001a620       ?itt_make_task_group_v7@internal@tbb@@YAXW4itt_domain_enum@12@PEAX_K12W4string_index@12@@Z 000000018001b620 f   tbb_main.obj
 0001:0001a7a0       ?itt_metadata_str_add_v7@internal@tbb@@YAXW4itt_domain_enum@12@PEAX_KW4string_index@12@PEBD@Z 000000018001b7a0 f   tbb_main.obj
 0001:0001a880       ?itt_relation_add_v7@internal@tbb@@YAXW4itt_domain_enum@12@PEAX_KW4itt_relation@12@12@Z 000000018001b880 f   tbb_main.obj
 0001:0001a970       ?itt_task_begin_v7@internal@tbb@@YAXW4itt_domain_enum@12@PEAX_K12W4string_index@12@@Z 000000018001b970 f   tbb_main.obj
 0001:0001aa90       ?itt_task_end_v7@internal@tbb@@YAXW4itt_domain_enum@12@@Z 000000018001ba90 f   tbb_main.obj
 0001:0001aae0       ?itt_region_begin_v9@internal@tbb@@YAXW4itt_domain_enum@12@PEAX_K12W4string_index@12@@Z 000000018001bae0 f   tbb_main.obj
 0001:0001abd0       ?itt_region_end_v9@internal@tbb@@YAXW4itt_domain_enum@12@PEAX_K@Z 000000018001bbd0 f   tbb_main.obj
 0001:0001ac60       ?itt_load_pointer_v3@internal@tbb@@YAPEAXPEBX@Z 000000018001bc60 f   tbb_main.obj
 0001:0001ac70       ?itt_set_sync_name_v3@internal@tbb@@YAXPEAXPEB_W@Z 000000018001bc70 f   tbb_main.obj
 0001:0001ac80       ?is_first_arg_preferred@control_storage@internal@tbb@@MEBA_N_K0@Z 000000018001bc80 f i tbb_main.obj
 0001:0001ac90       ?active_value@control_storage@internal@tbb@@MEBA_KXZ 000000018001bc90 f i tbb_main.obj
 0001:0001acb0       ?default_value@allowed_parallelism_control@internal@tbb@@EEBA_KXZ 000000018001bcb0 f i tbb_main.obj
 0001:0001acd0       ?is_first_arg_preferred@allowed_parallelism_control@internal@tbb@@EEBA_N_K0@Z 000000018001bcd0 f i tbb_main.obj
 0001:0001ace0       ?apply_active@allowed_parallelism_control@internal@tbb@@EEBAXXZ 000000018001bce0 f i tbb_main.obj
 0001:0001acf0       ?active_value@allowed_parallelism_control@internal@tbb@@EEBA_KXZ 000000018001bcf0 f i tbb_main.obj
 0001:0001adb0       ?default_value@stack_size_control@internal@tbb@@EEBA_KXZ 000000018001bdb0 f i tbb_main.obj
 0001:0001adc0       ?internal_create@global_control@interface9@tbb@@AEAAXXZ 000000018001bdc0 f   tbb_main.obj
 0001:0001af30       ?internal_destroy@global_control@interface9@tbb@@AEAAXXZ 000000018001bf30 f   tbb_main.obj
 0001:0001b110       ?active_value@global_control@interface9@tbb@@CA_KH@Z 000000018001c110 f   tbb_main.obj
 0001:0001b1c0       ?internal_grow_to_at_least@concurrent_vector_base@internal@tbb@@IEAAX_K0P6AXPEAX0@Z@Z 000000018001c1c0 f   concurrent_vector_v2.obj
 0001:0001b200       ?extend_segment_if_necessary@helper@concurrent_vector_base@internal@tbb@@SAXAEAV234@_K@Z 000000018001c200 f i concurrent_vector_v2.obj
 0001:0001b2d0       ?internal_capacity@concurrent_vector_base@internal@tbb@@IEBA_KXZ 000000018001c2d0 f   concurrent_vector_v2.obj
 0001:0001b320       ?internal_reserve@concurrent_vector_base@internal@tbb@@IEAAX_K00@Z 000000018001c320 f   concurrent_vector_v2.obj
 0001:0001b480       ?internal_copy@concurrent_vector_base@internal@tbb@@IEAAXAEBV123@_KP6AXPEAXPEBX1@Z@Z 000000018001c480 f   concurrent_vector_v2.obj
 0001:0001b5b0       ?internal_assign@concurrent_vector_base@internal@tbb@@IEAAXAEBV123@_KP6AXPEAX1@ZP6AX2PEBX1@Z5@Z 000000018001c5b0 f   concurrent_vector_v2.obj
 0001:0001b7a0       ?internal_push_back@concurrent_vector_base@internal@tbb@@IEAAPEAX_KAEA_K@Z 000000018001c7a0 f   concurrent_vector_v2.obj
 0001:0001b8e0       ?internal_grow_by@concurrent_vector_base@internal@tbb@@IEAA_K_K0P6AXPEAX0@Z@Z 000000018001c8e0 f   concurrent_vector_v2.obj
 0001:0001b910       ?internal_grow@concurrent_vector_base@internal@tbb@@IEAAX_K00P6AXPEAX0@Z@Z 000000018001c910 f   concurrent_vector_v2.obj
 0001:0001bac0       ?internal_clear@concurrent_vector_base@internal@tbb@@IEAAXP6AXPEAX_K@Z_N@Z 000000018001cac0 f   concurrent_vector_v2.obj
 0001:0001bbd0       ??1push_finalizer@micro_queue@internal@tbb@@QEAA@XZ 000000018001cbd0 f i concurrent_queue_v2.obj
 0001:0001bbe0       ??1pop_finalizer@micro_queue@internal@tbb@@QEAA@XZ 000000018001cbe0 f i concurrent_queue_v2.obj
 0001:0001bcb0       ?push@micro_queue@internal@tbb@@QEAAXPEBX_KAEAVconcurrent_queue_base@23@@Z 000000018001ccb0 f   concurrent_queue_v2.obj
 0001:0001be10       ?pop@micro_queue@internal@tbb@@QEAA_NPEAX_KAEAVconcurrent_queue_base@23@@Z 000000018001ce10 f   concurrent_queue_v2.obj
 0001:0001bf90       ??0concurrent_queue_base@internal@tbb@@IEAA@_K@Z 000000018001cf90 f   concurrent_queue_v2.obj
 0001:0001c060       ??_Econcurrent_queue_base@internal@tbb@@MEAAPEAXI@Z 000000018001d060 f i * CIL library *:* CIL module *
 0001:0001c060       ??_Gconcurrent_queue_base@internal@tbb@@MEAAPEAXI@Z 000000018001d060 f i concurrent_queue_v2.obj
 0001:0001c0f0       ??1concurrent_queue_base@internal@tbb@@MEAA@XZ 000000018001d0f0 f   concurrent_queue_v2.obj
 0001:0001c160       ?internal_push@concurrent_queue_base@internal@tbb@@IEAAXPEBX@Z 000000018001d160 f   concurrent_queue_v2.obj
 0001:0001c230       ?internal_pop@concurrent_queue_base@internal@tbb@@IEAAXPEAX@Z 000000018001d230 f   concurrent_queue_v2.obj
 0001:0001c290       ?internal_pop_if_present@concurrent_queue_base@internal@tbb@@IEAA_NPEAX@Z 000000018001d290 f   concurrent_queue_v2.obj
 0001:0001c350       ?internal_push_if_not_full@concurrent_queue_base@internal@tbb@@IEAA_NPEBX@Z 000000018001d350 f   concurrent_queue_v2.obj
 0001:0001c420       ?internal_size@concurrent_queue_base@internal@tbb@@IEBA_JXZ 000000018001d420 f   concurrent_queue_v2.obj
 0001:0001c440       ??0concurrent_queue_iterator_base@internal@tbb@@IEAA@AEBVconcurrent_queue_base@12@@Z 000000018001d440 f   concurrent_queue_v2.obj
 0001:0001c520       ?assign@concurrent_queue_iterator_base@internal@tbb@@IEAAXAEBV123@@Z 000000018001d520 f   concurrent_queue_v2.obj
 0001:0001c5c0       ?advance@concurrent_queue_iterator_base@internal@tbb@@IEAAXXZ 000000018001d5c0 f   concurrent_queue_v2.obj
 0001:0001c660       ??1concurrent_queue_iterator_base@internal@tbb@@IEAA@XZ 000000018001d660 f   concurrent_queue_v2.obj
 0001:0001c690       ?internal_itt_releasing@spin_rw_mutex@tbb@@CAXPEAV12@@Z 000000018001d690 f   spin_rw_mutex_v2.obj
 0001:0001c6a0       ?internal_release_writer@spin_rw_mutex@tbb@@CAXPEAV12@@Z 000000018001d6a0 f   spin_rw_mutex_v2.obj
 0001:0001c6e0       ?internal_acquire_reader@spin_rw_mutex@tbb@@CAXPEAV12@@Z 000000018001d6e0 f   spin_rw_mutex_v2.obj
 0001:0001c790       ?internal_upgrade@spin_rw_mutex@tbb@@CA_NPEAV12@@Z 000000018001d790 f   spin_rw_mutex_v2.obj
 0001:0001c950       ?internal_downgrade@spin_rw_mutex@tbb@@CAXPEAV12@@Z 000000018001d950 f   spin_rw_mutex_v2.obj
 0001:0001c990       ?internal_try_acquire_reader@spin_rw_mutex@tbb@@CA_NPEAV12@@Z 000000018001d990 f   spin_rw_mutex_v2.obj
 0001:0001ca10       ?destroy@task@tbb@@QEAAXAEAV12@@Z 000000018001da10 f   task_v2.obj
 0001:0001cb00       __TBB_machine_fetchadd1    000000018001db00     atomic_support.obj
 0001:0001cb08       __TBB_machine_fetchstore1  000000018001db08     atomic_support.obj
 0001:0001cb10       __TBB_machine_cmpswp1      000000018001db10     atomic_support.obj
 0001:0001cb18       __TBB_machine_fetchadd2    000000018001db18     atomic_support.obj
 0001:0001cb28       __TBB_machine_fetchstore2  000000018001db28     atomic_support.obj
 0001:0001cb30       __TBB_machine_cmpswp2      000000018001db30     atomic_support.obj
 0001:0001cb40       __TBB_machine_pause        000000018001db40     atomic_support.obj
 0001:0001cb50       __TBB_get_cpu_ctl_env      000000018001db50     intel64_misc.obj
 0001:0001cb58       __TBB_set_cpu_ctl_env      000000018001db58     intel64_misc.obj
 0001:0001cb60       __TBB_machine_try_lock_elided 000000018001db60     itsx.obj
 0001:0001cb70       __TBB_machine_unlock_elided 000000018001db70     itsx.obj
 0001:0001cb78       __TBB_machine_begin_transaction 000000018001db78     itsx.obj
 0001:0001cb88       __TBB_machine_end_transaction 000000018001db88     itsx.obj
 0001:0001cb90       __TBB_machine_transaction_conflict_abort 000000018001db90     itsx.obj
 0001:0001cb98       __TBB_machine_is_in_transaction 000000018001db98     itsx.obj
 0001:0001cbc0       __security_check_cookie    000000018001dbc0 f   MSVCRT:amdsecgs.obj
 0001:0001cbe4       ??3@YAXPEAX_K@Z            000000018001dbe4 f   MSVCRT:delete_scalar_size.obj
 0001:0001cbe4       ??_V@YAXPEAX@Z             000000018001dbe4 f   MSVCRT:delete_array.obj
 0001:0001cbec       ??_Etype_info@@UEAAPEAXI@Z 000000018001dbec f i MSVCRT:std_type_info_static.obj
 0001:0001cbec       ??_Gtype_info@@UEAAPEAXI@Z 000000018001dbec f i MSVCRT:std_type_info_static.obj
 0001:0001cc18       __raise_securityfailure    000000018001dc18 f   MSVCRT:gs_report.obj
 0001:0001cc4c       __report_gsfailure         000000018001dc4c f   MSVCRT:gs_report.obj
 0001:0001cd20       __report_rangecheckfailure 000000018001dd20 f   MSVCRT:gs_report.obj
 0001:0001cd34       __report_securityfailure   000000018001dd34 f   MSVCRT:gs_report.obj
 0001:0001ceb4       ??2@YAPEAX_K@Z             000000018001deb4 f   MSVCRT:new_scalar.obj
 0001:0001cef0       ?__scrt_initialize_type_info@@YAXXZ 000000018001def0 f   MSVCRT:tncleanup.obj
 0001:0001cf00       ?__scrt_uninitialize_type_info@@YAXXZ 000000018001df00 f   MSVCRT:tncleanup.obj
 0001:0001cf0c       ??_V@YAXPEAX_K@Z           000000018001df0c f   MSVCRT:delete_array_size.obj
 0001:0001cf14       ??_M@YAXPEAX_K1P6AX0@Z@Z   000000018001df14 f   MSVCRT:ehvecdtr.obj
 0001:0001cf80       ?__ArrayUnwind@@YAXPEAX_K1P6AX0@Z@Z 000000018001df80 f   MSVCRT:ehvecdtr.obj
 0001:0001cfe4       ??_U@YAPEAX_K@Z            000000018001dfe4 f   MSVCRT:new_array.obj
 0001:0001cfec       ??_L@YAXPEAX_K1P6AX0@Z2@Z  000000018001dfec f   MSVCRT:ehvecctr.obj
 0001:0001d05c       __scrt_acquire_startup_lock 000000018001e05c f   MSVCRT:utility.obj
 0001:0001d098       __scrt_dllmain_after_initialize_c 000000018001e098 f   MSVCRT:utility.obj
 0001:0001d0cc       __scrt_dllmain_before_initialize_c 000000018001e0cc f   MSVCRT:utility.obj
 0001:0001d0e4       __scrt_dllmain_crt_thread_attach 000000018001e0e4 f   MSVCRT:utility.obj
 0001:0001d10c       __scrt_dllmain_crt_thread_detach 000000018001e10c f   MSVCRT:utility.obj
 0001:0001d124       __scrt_dllmain_exception_filter 000000018001e124 f   MSVCRT:utility.obj
 0001:0001d184       __scrt_dllmain_uninitialize_c 000000018001e184 f   MSVCRT:utility.obj
 0001:0001d1b4       __scrt_dllmain_uninitialize_critical 000000018001e1b4 f   MSVCRT:utility.obj
 0001:0001d1c8       __scrt_initialize_crt      000000018001e1c8 f   MSVCRT:utility.obj
 0001:0001d214       __scrt_initialize_onexit_tables 000000018001e214 f   MSVCRT:utility.obj
 0001:0001d2ec       __scrt_is_nonwritable_in_current_image 000000018001e2ec f   MSVCRT:utility.obj
 0001:0001d388       __scrt_release_startup_lock 000000018001e388 f   MSVCRT:utility.obj
 0001:0001d3ac       __scrt_uninitialize_crt    000000018001e3ac f   MSVCRT:utility.obj
 0001:0001d3d8       _onexit                    000000018001e3d8 f   MSVCRT:utility.obj
 0001:0001d428       atexit                     000000018001e428 f   MSVCRT:utility.obj
 0001:0001d440       ??3@YAXPEAX@Z              000000018001e440 f   MSVCRT:delete_scalar.obj
 0001:0001d778       _DllMainCRTStartup         000000018001e778 f   MSVCRT:dll_dllmain.obj
 0001:0001d7b8       ??0bad_array_new_length@std@@QEAA@AEBV01@@Z 000000018001e7b8 f i MSVCRT:throw_bad_alloc.obj
 0001:0001d7f8       ??0bad_array_new_length@std@@QEAA@XZ 000000018001e7f8 f i MSVCRT:throw_bad_alloc.obj
 0001:0001d818       ??1bad_array_new_length@std@@UEAA@XZ 000000018001e818 f i MSVCRT:throw_bad_alloc.obj
 0001:0001d82c       ??_Ebad_array_new_length@std@@UEAAPEAXI@Z 000000018001e82c f i MSVCRT:throw_bad_alloc.obj
 0001:0001d82c       ??_Gbad_array_new_length@std@@UEAAPEAXI@Z 000000018001e82c f i MSVCRT:throw_bad_alloc.obj
 0001:0001d870       ?__scrt_throw_std_bad_alloc@@YAXXZ 000000018001e870 f   MSVCRT:throw_bad_alloc.obj
 0001:0001d890       ?__scrt_throw_std_bad_array_new_length@@YAXXZ 000000018001e890 f   MSVCRT:throw_bad_alloc.obj
 0001:0001d8b0       __isa_available_init       000000018001e8b0 f   MSVCRT:cpu_disp.obj
 0001:0001da6c       __scrt_is_ucrt_dll_in_use  000000018001ea6c f   MSVCRT:ucrt_detection.obj
 0001:0001da78       __crt_debugger_hook        000000018001ea78 f   MSVCRT:utility_desktop.obj
 0001:0001da80       __scrt_fastfail            000000018001ea80 f   MSVCRT:utility_desktop.obj
 0001:0001dbcc       __security_init_cookie     000000018001ebcc f   MSVCRT:gs_support.obj
 0001:0001dc78       __local_stdio_scanf_options 000000018001ec78 f i MSVCRT:default_local_stdio_options.obj
 0001:0001dc80       __scrt_initialize_default_local_stdio_options 000000018001ec80 f   MSVCRT:default_local_stdio_options.obj
 0001:0001dc9c       __scrt_get_dyn_tls_init_callback 000000018001ec9c f   MSVCRT:dyn_tls_init.obj
 0001:0001dca4       _RTC_Initialize            000000018001eca4 f   MSVCRT:initsect.obj
 0001:0001dce0       _RTC_Terminate             000000018001ece0 f   MSVCRT:initsect.obj
 0001:0001dd20       __CxxFrameHandler3         000000018001ed20 f   vcruntime:VCRUNTIME140.dll
 0001:0001dd26       _purecall                  000000018001ed26 f   vcruntime:VCRUNTIME140.dll
 0001:0001dd2c       __std_terminate            000000018001ed2c f   vcruntime:VCRUNTIME140.dll
 0001:0001dd32       __std_exception_destroy    000000018001ed32 f   vcruntime:VCRUNTIME140.dll
 0001:0001dd38       __std_exception_copy       000000018001ed38 f   vcruntime:VCRUNTIME140.dll
 0001:0001dd3e       __std_type_info_destroy_list 000000018001ed3e f   vcruntime:VCRUNTIME140.dll
 0001:0001dd44       __C_specific_handler       000000018001ed44 f   vcruntime:VCRUNTIME140.dll
 0001:0001dd4a       _CxxThrowException         000000018001ed4a f   vcruntime:VCRUNTIME140.dll
 0001:0001dd50       memset                     000000018001ed50 f   vcruntime:VCRUNTIME140.dll
 0001:0001dd56       malloc                     000000018001ed56 f   ucrt:api-ms-win-crt-heap-l1-1-0.dll
 0001:0001dd5c       free                       000000018001ed5c f   ucrt:api-ms-win-crt-heap-l1-1-0.dll
 0001:0001dd62       _callnewh                  000000018001ed62 f   ucrt:api-ms-win-crt-heap-l1-1-0.dll
 0001:0001dd68       terminate                  000000018001ed68 f   ucrt:api-ms-win-crt-runtime-l1-1-0.dll
 0001:0001dd6e       _seh_filter_dll            000000018001ed6e f   ucrt:api-ms-win-crt-runtime-l1-1-0.dll
 0001:0001dd74       _configure_narrow_argv     000000018001ed74 f   ucrt:api-ms-win-crt-runtime-l1-1-0.dll
[...]
 0004:00002214       $pdata$?allocate_scheduler@?$custom_scheduler@UDefaultSchedulerTraits@internal@tbb@@@internal@tbb@@SAPEAVgeneric_scheduler@23@AEAVmarket@23@@Z 0000000180036214     scheduler.obj
 0004:00002220       $pdata$?wait_for_all@?$custom_scheduler@UIntelSchedulerTraits@internal@tbb@@@internal@tbb@@EEAAXAEAVtask@3@PEAV43@@Z 0000000180036220     scheduler.obj
 0004:0000222c       $pdata$?allocate_scheduler@?$custom_scheduler@UIntelSchedulerTraits@internal@tbb@@@internal@tbb@@SAPEAVgeneric_scheduler@23@AEAVmarket@23@@Z 000000018003622c     scheduler.obj
 0004:00002238       $pdata$??1?$fast_reverse_vector@PEAVtask@tbb@@$0BA@@internal@tbb@@QEAA@XZ 0000000180036238     scheduler.obj
 0004:00002244       $pdata$?copy_memory@?$fast_reverse_vector@PEAVtask@tbb@@$0BA@@internal@tbb@@QEBAXPEAPEAVtask@3@@Z 0000000180036244     scheduler.obj
 0004:00002250       $pdata$0$?copy_memory@?$fast_reverse_vector@PEAVtask@tbb@@$0BA@@internal@tbb@@QEBAXPEAPEAVtask@3@@Z 0000000180036250     scheduler.obj
 0004:0000225c       $pdata$1$?copy_memory@?$fast_reverse_vector@PEAVtask@tbb@@$0BA@@internal@tbb@@QEBAXPEAPEAVtask@3@@Z 000000018003625c     scheduler.obj
 0004:00002268       $pdata$?leave_task_pool@generic_scheduler@internal@tbb@@QEAAXXZ 0000000180036268     scheduler.obj
 0004:00002274       $pdata$?get_mailbox_task@generic_scheduler@internal@tbb@@QEAAPEAVtask@3@_J@Z 0000000180036274     scheduler.obj
 0004:00002280       $pdata$?steal_task_from@generic_scheduler@internal@tbb@@QEAAPEAVtask@3@AEAUarena_slot@23@_J@Z 0000000180036280     scheduler.obj
 0004:0000228c       $pdata$1$?steal_task_from@generic_scheduler@internal@tbb@@QEAAPEAVtask@3@AEAUarena_slot@23@_J@Z 000000018003628c     scheduler.obj
 0004:00002298       $pdata$2$?steal_task_from@generic_scheduler@internal@tbb@@QEAAPEAVtask@3@AEAUarena_slot@23@_J@Z 0000000180036298     scheduler.obj
 0004:000022a4       $pdata$3$?steal_task_from@generic_scheduler@internal@tbb@@QEAAPEAVtask@3@AEAUarena_slot@23@_J@Z 00000001800362a4     scheduler.obj
 0004:000022b0       $pdata$?steal_task@generic_scheduler@internal@tbb@@QEAAPEAVtask@3@_J@Z 00000001800362b0     scheduler.obj
 0004:000022bc       $pdata$?get_task@generic_scheduler@internal@tbb@@QEAAPEAVtask@3@_J@Z 00000001800362bc     scheduler.obj
 0004:000022c8       $pdata$?get_task@generic_scheduler@internal@tbb@@QEAAPEAVtask@3@_K_JAEA_N@Z 00000001800362c8     scheduler.obj
 0004:000022d4       $pdata$?reload_tasks@generic_scheduler@internal@tbb@@QEAAPEAVtask@3@_J@Z 00000001800362d4     scheduler.obj
 0004:000022e0       $pdata$2$?reload_tasks@generic_scheduler@internal@tbb@@QEAAPEAVtask@3@_J@Z 00000001800362e0     scheduler.obj
 0004:000022ec       $pdata$3$?reload_tasks@generic_scheduler@internal@tbb@@QEAAPEAVtask@3@_J@Z 00000001800362ec     scheduler.obj
 0004:000022f8       $pdata$?reload_tasks@generic_scheduler@internal@tbb@@QEAAPEAVtask@3@AEAPEAV43@AEAPEAPEAV43@_J2@Z 00000001800362f8     scheduler.obj
 0004:00002304       $pdata$?winnow_task_pool@generic_scheduler@internal@tbb@@QEAAPEAVtask@3@_J@Z 0000000180036304     scheduler.obj
 0004:00002310       $pdata$?get_task_and_activate_task_pool@generic_scheduler@internal@tbb@@QEAAPEAVtask@3@_K0_J@Z 0000000180036310     scheduler.obj
 0004:0000231c       $pdata$?enqueue@generic_scheduler@internal@tbb@@UEAAXAEAVtask@3@PEAX@Z 000000018003631c     scheduler.obj
 0004:00002328       $pdata$?spawn_root_and_wait@generic_scheduler@internal@tbb@@UEAAXAEAVtask@3@AEAPEAV43@@Z 0000000180036328     scheduler.obj
 0004:00002334       $pdata$?spawn@generic_scheduler@internal@tbb@@UEAAXAEAVtask@3@AEAPEAV43@@Z 0000000180036334     scheduler.obj
 0004:00002340       $pdata$?prepare_for_spawning@generic_scheduler@internal@tbb@@QEAAPEAVtask@3@PEAV43@@Z 0000000180036340     scheduler.obj
 0004:0000234c       $pdata$1$?prepare_for_spawning@generic_scheduler@internal@tbb@@QEAAPEAVtask@3@PEAV43@@Z 000000018003634c     scheduler.obj
 0004:00002358       $pdata$2$?prepare_for_spawning@generic_scheduler@internal@tbb@@QEAAPEAVtask@3@PEAV43@@Z 0000000180036358     scheduler.obj
 0004:00002364       $pdata$?release_task_pool@generic_scheduler@internal@tbb@@QEBAXXZ 0000000180036364     scheduler.obj
 0004:00002370       $pdata$?acquire_task_pool@generic_scheduler@internal@tbb@@QEBAXXZ 0000000180036370     scheduler.obj
 0004:0000237c       $pdata$2$?acquire_task_pool@generic_scheduler@internal@tbb@@QEBAXXZ 000000018003637c     scheduler.obj
 0004:00002388       $pdata$3$?acquire_task_pool@generic_scheduler@internal@tbb@@QEBAXXZ 0000000180036388     scheduler.obj
 0004:00002394       $pdata$?prepare_task_pool@generic_scheduler@internal@tbb@@QEAA_K_K@Z 0000000180036394     scheduler.obj
 0004:000023a0       $pdata$3$?prepare_task_pool@generic_scheduler@internal@tbb@@QEAA_K_K@Z 00000001800363a0     scheduler.obj
 0004:000023ac       $pdata$4$?prepare_task_pool@generic_scheduler@internal@tbb@@QEAA_K_K@Z 00000001800363ac     scheduler.obj
 0004:000023b8       $pdata$5$?prepare_task_pool@generic_scheduler@internal@tbb@@QEAA_K_K@Z 00000001800363b8     scheduler.obj
 0004:000023c4       $pdata$6$?prepare_task_pool@generic_scheduler@internal@tbb@@QEAA_K_K@Z 00000001800363c4     scheduler.obj
 0004:000023d0       $pdata$7$?prepare_task_pool@generic_scheduler@internal@tbb@@QEAA_K_K@Z 00000001800363d0     scheduler.obj
 0004:000023dc       $pdata$?free_scheduler@generic_scheduler@internal@tbb@@QEAAXXZ 00000001800363dc     scheduler.obj
 0004:000023e8       $pdata$0$?free_scheduler@generic_scheduler@internal@tbb@@QEAAXXZ 00000001800363e8     scheduler.obj
 0004:000023f4       $pdata$3$?free_scheduler@generic_scheduler@internal@tbb@@QEAAXXZ 00000001800363f4     scheduler.obj
 0004:00002400       $pdata$4$?free_scheduler@generic_scheduler@internal@tbb@@QEAAXXZ 0000000180036400     scheduler.obj
 0004:0000240c       $pdata$5$?free_scheduler@generic_scheduler@internal@tbb@@QEAAXXZ 000000018003640c     scheduler.obj
 0004:00002418       $pdata$6$?free_scheduler@generic_scheduler@internal@tbb@@QEAAXXZ 0000000180036418     scheduler.obj
 0004:00002424       $pdata$??0generic_scheduler@internal@tbb@@IEAA@AEAVmarket@12@@Z 0000000180036424     scheduler.obj
 0004:00002430       $pdata$??__Ethe_dummy_context@internal@tbb@@YAXXZ 0000000180036430     scheduler.obj
 0004:0000243c       $pdata$?allocate_task_pool@arena_slot@internal@tbb@@QEAAX_K@Z 000000018003643c     scheduler.obj
 0004:00002448       $pdata$?cleanup_master@generic_scheduler@internal@tbb@@QEAA_N_N@Z 0000000180036448     scheduler.obj
 0004:00002454       $pdata$?create_master@generic_scheduler@internal@tbb@@SAPEAV123@PEAVarena@23@@Z 0000000180036454     scheduler.obj
 0004:00002460       $pdata$?free_nonlocal_small_task@generic_scheduler@internal@tbb@@QEAAXAEAVtask@3@@Z 0000000180036460     scheduler.obj
 0004:0000246c       $pdata$?allocate_task@generic_scheduler@internal@tbb@@QEAAAEAVtask@3@_KPEAV43@PEAVtask_group_context@3@@Z 000000018003646c     scheduler.obj
 0004:00002478       $pdata$?local_spawn@generic_scheduler@internal@tbb@@QEAAXPEAVtask@3@AEAPEAV43@@Z 0000000180036478     scheduler.obj
 0004:00002484       $pdata$?observe@task_scheduler_observer_v3@internal@tbb@@QEAAX_N@Z 0000000180036484     observer_proxy.obj
 0004:00002490       $pdata$0$?observe@task_scheduler_observer_v3@internal@tbb@@QEAAX_N@Z 0000000180036490     observer_proxy.obj
 0004:0000249c       $pdata$1$?observe@task_scheduler_observer_v3@internal@tbb@@QEAAX_N@Z 000000018003649c     observer_proxy.obj
 0004:000024a8       $pdata$?remove_ref@observer_list@internal@tbb@@QEAAXPEAVobserver_proxy@23@@Z 00000001800364a8     observer_proxy.obj
 0004:000024b4       $pdata$?insert@observer_list@internal@tbb@@QEAAXPEAVobserver_proxy@23@@Z 00000001800364b4     observer_proxy.obj
 0004:000024c0       $pdata$?do_notify_exit_observers@observer_list@internal@tbb@@AEAAXPEAVobserver_proxy@23@_N@Z 00000001800364c0     observer_proxy.obj
 0004:000024cc       $pdata$?internal_destroy@global_control@interface9@tbb@@AEAAXXZ 00000001800364cc     tbb_main.obj
 0004:000024d8       $pdata$?internal_create@global_control@interface9@tbb@@AEAAXXZ 00000001800364d8     tbb_main.obj
 0004:000024e4       $pdata$?active_value@allowed_parallelism_control@internal@tbb@@EEBA_KXZ 00000001800364e4     tbb_main.obj
 0004:000024f0       $pdata$1$?active_value@allowed_parallelism_control@internal@tbb@@EEBA_KXZ 00000001800364f0     tbb_main.obj
 0004:000024fc       $pdata$2$?active_value@allowed_parallelism_control@internal@tbb@@EEBA_KXZ 00000001800364fc     tbb_main.obj
 0004:00002508       $pdata$?default_value@allowed_parallelism_control@internal@tbb@@EEBA_KXZ 0000000180036508     tbb_main.obj
 0004:00002514       $pdata$?itt_region_end_v9@internal@tbb@@YAXW4itt_domain_enum@12@PEAX_K@Z 0000000180036514     tbb_main.obj
 0004:00002520       $pdata$?itt_region_begin_v9@internal@tbb@@YAXW4itt_domain_enum@12@PEAX_K12W4string_index@12@@Z 0000000180036520     tbb_main.obj
 0004:0000252c       $pdata$?itt_relation_add_v7@internal@tbb@@YAXW4itt_domain_enum@12@PEAX_KW4itt_relation@12@12@Z 000000018003652c     tbb_main.obj
 0004:00002538       $pdata$?itt_metadata_str_add_v7@internal@tbb@@YAXW4itt_domain_enum@12@PEAX_KW4string_index@12@PEBD@Z 0000000180036538     tbb_main.obj
 0004:00002544       $pdata$?itt_load_pointer_with_acquire_v3@internal@tbb@@YAPEAXPEBX@Z 0000000180036544     tbb_main.obj
 0004:00002550       $pdata$?itt_store_pointer_with_release_v3@internal@tbb@@YAXPEAX0@Z 0000000180036550     tbb_main.obj
 0004:0000255c       $pdata$DllMain             000000018003655c     tbb_main.obj
 0004:00002568       $pdata$?ITT_DoUnsafeOneTimeInitialization@internal@tbb@@YAXXZ 0000000180036568     tbb_main.obj
 0004:00002574       $pdata$1$?ITT_DoUnsafeOneTimeInitialization@internal@tbb@@YAXXZ 0000000180036574     tbb_main.obj
 0004:00002580       $pdata$2$?ITT_DoUnsafeOneTimeInitialization@internal@tbb@@YAXXZ 0000000180036580     tbb_main.obj
 0004:0000258c       $pdata$?itt_task_end_v7@internal@tbb@@YAXW4itt_domain_enum@12@@Z 000000018003658c     tbb_main.obj
 0004:00002598       $pdata$?itt_task_begin_v7@internal@tbb@@YAXW4itt_domain_enum@12@PEAX_K12W4string_index@12@@Z 0000000180036598     tbb_main.obj
 0004:000025a4       $pdata$?remove_ref@__TBB_InitOnce@internal@tbb@@SAXXZ 00000001800365a4     tbb_main.obj
 0004:000025b0       $pdata$1$?remove_ref@__TBB_InitOnce@internal@tbb@@SAXXZ 00000001800365b0     tbb_main.obj
 0004:000025bc       $pdata$2$?remove_ref@__TBB_InitOnce@internal@tbb@@SAXXZ 00000001800365bc     tbb_main.obj
 0004:000025c8       $pdata$3$?remove_ref@__TBB_InitOnce@internal@tbb@@SAXXZ 00000001800365c8     tbb_main.obj
 0004:000025d4       $pdata$4$?remove_ref@__TBB_InitOnce@internal@tbb@@SAXXZ 00000001800365d4     tbb_main.obj
 0004:000025e0       $pdata$?add_ref@__TBB_InitOnce@internal@tbb@@SAXXZ 00000001800365e0     tbb_main.obj
 0004:000025ec       $pdata$0$?add_ref@__TBB_InitOnce@internal@tbb@@SAXXZ 00000001800365ec     tbb_main.obj
 0004:000025f8       $pdata$1$?add_ref@__TBB_InitOnce@internal@tbb@@SAXXZ 00000001800365f8     tbb_main.obj
 0004:00002604       $pdata$?DoOneTimeInitializations@internal@tbb@@YAXXZ 0000000180036604     tbb_main.obj
 0004:00002610       $pdata$0$?DoOneTimeInitializations@internal@tbb@@YAXXZ 0000000180036610     tbb_main.obj
 0004:0000261c       $pdata$1$?DoOneTimeInitializations@internal@tbb@@YAXXZ 000000018003661c     tbb_main.obj
 0004:00002628       $pdata$?itt_make_task_group_v7@internal@tbb@@YAXW4itt_domain_enum@12@PEAX_K12W4string_index@12@@Z 0000000180036628     tbb_main.obj
 0004:00002634       $pdata$?active_value@global_control@interface9@tbb@@CA_KH@Z 0000000180036634     tbb_main.obj
 0004:00002640       $pdata$ITT_DoOneTimeInitialization 0000000180036640     tbb_main.obj
 0004:0000264c       $pdata$1$ITT_DoOneTimeInitialization 000000018003664c     tbb_main.obj
 0004:00002658       $pdata$2$ITT_DoOneTimeInitialization 0000000180036658     tbb_main.obj
 0004:00002664       $pdata$?internal_clear@concurrent_vector_base@internal@tbb@@IEAAXP6AXPEAX_K@Z_N@Z 0000000180036664     concurrent_vector_v2.obj
 0004:00002670       $pdata$0$?internal_clear@concurrent_vector_base@internal@tbb@@IEAAXP6AXPEAX_K@Z_N@Z 0000000180036670     concurrent_vector_v2.obj
 0004:0000267c       $pdata$1$?internal_clear@concurrent_vector_base@internal@tbb@@IEAAXP6AXPEAX_K@Z_N@Z 000000018003667c     concurrent_vector_v2.obj
 0004:00002688       $pdata$2$?internal_clear@concurrent_vector_base@internal@tbb@@IEAAXP6AXPEAX_K@Z_N@Z 0000000180036688     concurrent_vector_v2.obj
 0004:00002694       $pdata$3$?internal_clear@concurrent_vector_base@internal@tbb@@IEAAXP6AXPEAX_K@Z_N@Z 0000000180036694     concurrent_vector_v2.obj
 0004:000026a0       $pdata$?internal_grow@concurrent_vector_base@internal@tbb@@IEAAX_K00P6AXPEAX0@Z@Z 00000001800366a0     concurrent_vector_v2.obj
 0004:000026ac       $pdata$?internal_grow_by@concurrent_vector_base@internal@tbb@@IEAA_K_K0P6AXPEAX0@Z@Z 00000001800366ac     concurrent_vector_v2.obj
 0004:000026b8       $pdata$?internal_push_back@concurrent_vector_base@internal@tbb@@IEAAPEAX_KAEA_K@Z 00000001800366b8     concurrent_vector_v2.obj
 0004:000026c4       $pdata$?internal_assign@concurrent_vector_base@internal@tbb@@IEAAXAEBV123@_KP6AXPEAX1@ZP6AX2PEBX1@Z5@Z 00000001800366c4     concurrent_vector_v2.obj
 0004:000026d0       $pdata$1$?internal_assign@concurrent_vector_base@internal@tbb@@IEAAXAEBV123@_KP6AXPEAX1@ZP6AX2PEBX1@Z5@Z 00000001800366d0     concurrent_vector_v2.obj
 0004:000026dc       $pdata$2$?internal_assign@concurrent_vector_base@internal@tbb@@IEAAXAEBV123@_KP6AXPEAX1@ZP6AX2PEBX1@Z5@Z 00000001800366dc     concurrent_vector_v2.obj
 0004:000026e8       $pdata$?internal_copy@concurrent_vector_base@internal@tbb@@IEAAXAEBV123@_KP6AXPEAXPEBX1@Z@Z 00000001800366e8     concurrent_vector_v2.obj
 0004:000026f4       $pdata$1$?internal_copy@concurrent_vector_base@internal@tbb@@IEAAXAEBV123@_KP6AXPEAXPEBX1@Z@Z 00000001800366f4     concurrent_vector_v2.obj
 0004:00002700       $pdata$4$?internal_copy@concurrent_vector_base@internal@tbb@@IEAAXAEBV123@_KP6AXPEAXPEBX1@Z@Z 0000000180036700     concurrent_vector_v2.obj
 0004:0000270c       $pdata$5$?internal_copy@concurrent_vector_base@internal@tbb@@IEAAXAEBV123@_KP6AXPEAXPEBX1@Z@Z 000000018003670c     concurrent_vector_v2.obj
 0004:00002718       $pdata$6$?internal_copy@concurrent_vector_base@internal@tbb@@IEAAXAEBV123@_KP6AXPEAXPEBX1@Z@Z 0000000180036718     concurrent_vector_v2.obj
 0004:00002724       $pdata$?internal_reserve@concurrent_vector_base@internal@tbb@@IEAAX_K00@Z 0000000180036724     concurrent_vector_v2.obj
 0004:00002730       $pdata$2$?internal_reserve@concurrent_vector_base@internal@tbb@@IEAAX_K00@Z 0000000180036730     concurrent_vector_v2.obj
 0004:0000273c       $pdata$4$?internal_reserve@concurrent_vector_base@internal@tbb@@IEAAX_K00@Z 000000018003673c     concurrent_vector_v2.obj
 0004:00002748       $pdata$5$?internal_reserve@concurrent_vector_base@internal@tbb@@IEAAX_K00@Z 0000000180036748     concurrent_vector_v2.obj
 0004:00002754       $pdata$6$?internal_reserve@concurrent_vector_base@internal@tbb@@IEAAX_K00@Z 0000000180036754     concurrent_vector_v2.obj
 0004:00002760       $pdata$?extend_segment_if_necessary@helper@concurrent_vector_base@internal@tbb@@SAXAEAV234@_K@Z 0000000180036760     concurrent_vector_v2.obj
 0004:0000276c       $pdata$0$?extend_segment_if_necessary@helper@concurrent_vector_base@internal@tbb@@SAXAEAV234@_K@Z 000000018003676c     concurrent_vector_v2.obj
 0004:00002778       $pdata$2$?extend_segment_if_necessary@helper@concurrent_vector_base@internal@tbb@@SAXAEAV234@_K@Z 0000000180036778     concurrent_vector_v2.obj
 0004:00002784       $pdata$3$?extend_segment_if_necessary@helper@concurrent_vector_base@internal@tbb@@SAXAEAV234@_K@Z 0000000180036784     concurrent_vector_v2.obj
 0004:00002790       $pdata$4$?extend_segment_if_necessary@helper@concurrent_vector_base@internal@tbb@@SAXAEAV234@_K@Z 0000000180036790     concurrent_vector_v2.obj
 0004:0000279c       $pdata$5$?extend_segment_if_necessary@helper@concurrent_vector_base@internal@tbb@@SAXAEAV234@_K@Z 000000018003679c     concurrent_vector_v2.obj
 0004:000027a8       $pdata$?internal_grow_to_at_least@concurrent_vector_base@internal@tbb@@IEAAX_K0P6AXPEAX0@Z@Z 00000001800367a8     concurrent_vector_v2.obj
 0004:000027b4       $pdata$??1concurrent_queue_iterator_base@internal@tbb@@IEAA@XZ 00000001800367b4     concurrent_queue_v2.obj
 0004:000027c0       $pdata$?assign@concurrent_queue_iterator_base@internal@tbb@@IEAAXAEBV123@@Z 00000001800367c0     concurrent_queue_v2.obj
 0004:000027cc       $pdata$??0concurrent_queue_iterator_base@internal@tbb@@IEAA@AEBVconcurrent_queue_base@12@@Z 00000001800367cc     concurrent_queue_v2.obj
 0004:000027d8       $pdata$?internal_push_if_not_full@concurrent_queue_base@internal@tbb@@IEAA_NPEBX@Z 00000001800367d8     concurrent_queue_v2.obj
 0004:000027e4       $pdata$?internal_pop_if_present@concurrent_queue_base@internal@tbb@@IEAA_NPEAX@Z 00000001800367e4     concurrent_queue_v2.obj
 0004:000027f0       $pdata$?internal_pop@concurrent_queue_base@internal@tbb@@IEAAXPEAX@Z 00000001800367f0     concurrent_queue_v2.obj
 0004:000027fc       $pdata$?internal_push@concurrent_queue_base@internal@tbb@@IEAAXPEBX@Z 00000001800367fc     concurrent_queue_v2.obj
 0004:00002808       $pdata$??1concurrent_queue_base@internal@tbb@@MEAA@XZ 0000000180036808     concurrent_queue_v2.obj
 0004:00002814       $pdata$??_Gconcurrent_queue_base@internal@tbb@@MEAAPEAXI@Z 0000000180036814     concurrent_queue_v2.obj
 0004:00002820       $pdata$??0concurrent_queue_base@internal@tbb@@IEAA@_K@Z 0000000180036820     concurrent_queue_v2.obj
 0004:0000282c       $pdata$?pop@micro_queue@internal@tbb@@QEAA_NPEAX_KAEAVconcurrent_queue_base@23@@Z 000000018003682c     concurrent_queue_v2.obj
 0004:00002838       $pdata$?push@micro_queue@internal@tbb@@QEAAXPEBX_KAEAVconcurrent_queue_base@23@@Z 0000000180036838     concurrent_queue_v2.obj
 0004:00002844       $pdata$??1pop_finalizer@micro_queue@internal@tbb@@QEAA@XZ 0000000180036844     concurrent_queue_v2.obj
 0004:00002850       $pdata$0$??1pop_finalizer@micro_queue@internal@tbb@@QEAA@XZ 0000000180036850     concurrent_queue_v2.obj
 0004:0000285c       $pdata$3$??1pop_finalizer@micro_queue@internal@tbb@@QEAA@XZ 000000018003685c     concurrent_queue_v2.obj
 0004:00002868       $pdata$4$??1pop_finalizer@micro_queue@internal@tbb@@QEAA@XZ 0000000180036868     concurrent_queue_v2.obj
 0004:00002874       $pdata$5$??1pop_finalizer@micro_queue@internal@tbb@@QEAA@XZ 0000000180036874     concurrent_queue_v2.obj
 0004:00002880       $pdata$6$??1pop_finalizer@micro_queue@internal@tbb@@QEAA@XZ 0000000180036880     concurrent_queue_v2.obj
 0004:0000288c       $pdata$?internal_try_acquire_reader@spin_rw_mutex@tbb@@CA_NPEAV12@@Z 000000018003688c     spin_rw_mutex_v2.obj
 0004:00002898       $pdata$?internal_downgrade@spin_rw_mutex@tbb@@CAXPEAV12@@Z 0000000180036898     spin_rw_mutex_v2.obj
 0004:000028a4       $pdata$?internal_upgrade@spin_rw_mutex@tbb@@CA_NPEAV12@@Z 00000001800368a4     spin_rw_mutex_v2.obj
 0004:000028b0       $pdata$?internal_acquire_reader@spin_rw_mutex@tbb@@CAXPEAV12@@Z 00000001800368b0     spin_rw_mutex_v2.obj
 0004:000028bc       $pdata$?internal_release_writer@spin_rw_mutex@tbb@@CAXPEAV12@@Z 00000001800368bc     spin_rw_mutex_v2.obj
 0004:000028c8       $pdata$?destroy@task@tbb@@QEAAXAEAV12@@Z 00000001800368c8     task_v2.obj
 0004:000028d4       $pdata$__GSHandlerCheckCommon 00000001800368d4     MSVCRT:gshandler.obj
 0004:000028e0       $pdata$__GSHandlerCheck    00000001800368e0     MSVCRT:gshandler.obj
 0004:000028ec       $pdata$__GSHandlerCheck_EH 00000001800368ec     MSVCRT:gshandlereh.obj
 0005:000000a0       $R000000                   00000001800370a0     tbb_resource.res
 0005:00000480       $R0003E0                   0000000180037480     tbb_resource.res
