 tbbmalloc_debug

 Timestamp is 5c996cc1 (Mon Mar 25 20:05:21 2019)

 Preferred load address is 0000000180000000

 Start         Length     Name                   Class
 0001:00000000 00000080H .text$di                CODE
 0001:00000080 000198a0H .text$mn                CODE
 0001:00019920 00000020H .text$mn$00             CODE
 0001:00019940 0000033dH .text$x                 CODE
 0002:00000000 00000210H .idata$5                DATA
 0002:00000210 00000010H .00cfg                  DATA
 0002:00000220 00000008H .CRT$XCA                DATA
 0002:00000228 00000020H .CRT$XCU                DATA
 0002:00000248 00000008H .CRT$XCZ                DATA
 0002:00000250 00000008H .CRT$XIA                DATA
 0002:00000258 00000008H .CRT$XIZ                DATA
 0002:00000260 00000008H .CRT$XPA                DATA
 0002:00000268 00000008H .CRT$XPZ                DATA
 0002:00000270 00000008H .CRT$XTA                DATA
 0002:00000278 00000008H .CRT$XTZ                DATA
 0002:00000280 00000000H .gfids$y                DATA
 0002:00000280 00006ed0H .rdata                  DATA
 0002:00007150 000002f0H .rdata$zzzdbg           DATA
 0002:00007440 00000008H .rtc$IAA                DATA
 0002:00007448 00000008H .rtc$IZZ                DATA
 0002:00007450 00000008H .rtc$TAA                DATA
 0002:00007458 00000008H .rtc$TZZ                DATA
 0002:00007460 00001aa0H .xdata                  DATA
 0002:00008f00 00000500H .edata                  DATA
 0002:00009400 0000003cH .idata$2                DATA
 0002:0000943c 00000014H .idata$3                DATA
 0002:00009450 00000210H .idata$4                DATA
 0002:00009660 000004beH .idata$6                DATA
 0003:00000000 000020f0H .data                   DATA
 0003:000020f0 00022db0H .bss                    DATA
 0004:00000000 00002058H .pdata                  DATA
 0005:00000000 000000a0H .rsrc$01                DATA
 0005:000000a0 00000548H .rsrc$02                DATA

  Address         Publics by Value              Rva+Base               Lib:Object

 0000:00000000       __guard_longjmp_count      0000000000000000     <absolute>
 0000:00000000       __enclave_config           0000000000000000     <absolute>
 0000:00000000       __guard_longjmp_table      0000000000000000     <absolute>
 0000:00000000       __dynamic_value_reloc_table 0000000000000000     <absolute>
 0000:00000000       ___safe_se_handler_table   0000000000000000     <absolute>
 0000:00000000       __guard_iat_count          0000000000000000     <absolute>
 0000:00000000       __volatile_metadata        0000000000000000     <absolute>
 0000:00000000       __hybrid_code_map          0000000000000000     <absolute>
 0000:00000000       __guard_fids_count         0000000000000000     <absolute>
 0000:00000000       __hybrid_code_map_count    0000000000000000     <absolute>
 0000:00000000       __guard_iat_table          0000000000000000     <absolute>
 0000:00000000       ___safe_se_handler_count   0000000000000000     <absolute>
 0000:00000000       __hybrid_auxiliary_iat     0000000000000000     <absolute>
 0000:00000000       __guard_fids_table         0000000000000000     <absolute>
 0000:00000100       __guard_flags              0000000000000100     <absolute>
 0000:00000000       __ImageBase                0000000180000000     <linker-defined>
 0001:00000080       __TBB_machine_fetchadd1    0000000180001080     atomic_support.obj
 0001:00000088       __TBB_machine_fetchstore1  0000000180001088     atomic_support.obj
 0001:00000090       __TBB_machine_cmpswp1      0000000180001090     atomic_support.obj
 0001:00000098       __TBB_machine_fetchadd2    0000000180001098     atomic_support.obj
 0001:000000a8       __TBB_machine_fetchstore2  00000001800010a8     atomic_support.obj
 0001:000000b0       __TBB_machine_cmpswp2      00000001800010b0     atomic_support.obj
 0001:000000c0       __TBB_machine_pause        00000001800010c0     atomic_support.obj
 0001:00000240       ?getAll@CoalRequestQ@internal@rml@@QEAAPEAVFreeBlock@23@XZ 0000000180001240 f   backend.obj
 0001:000002a0       ?putBlock@CoalRequestQ@internal@rml@@QEAAXPEAVFreeBlock@23@@Z 00000001800012a0 f   backend.obj
 0001:00000340       ?add@MemRegionList@internal@rml@@QEAAXPEAUMemRegion@23@@Z 0000000180001340 f   backend.obj
 0001:000003d0       ?remove@MemRegionList@internal@rml@@QEAAXPEAUMemRegion@23@@Z 00000001800013d0 f   backend.obj
 0001:00000470       ?removeBlock@Bin@Backend@internal@rml@@QEAAXPEAVFreeBlock@34@@Z 0000000180001470 f   backend.obj
 0001:00000560       ?getFromBin@IndexedBins@Backend@internal@rml@@AEAAPEAVFreeBlock@34@HPEAVBackendSync@34@_K_N22PEAH@Z 0000000180001560 f   backend.obj
 0001:00000960       ?findBlock@IndexedBins@Backend@internal@rml@@QEAAPEAVFreeBlock@34@HPEAVBackendSync@34@_K_N2PEAH@Z 0000000180001960 f   backend.obj
 0001:00000a10       ?tryReleaseRegions@IndexedBins@Backend@internal@rml@@QEAA_NHPEAV234@@Z 0000000180001a10 f   backend.obj
 0001:00000b30       ?lockRemoveBlock@IndexedBins@Backend@internal@rml@@QEAAXHPEAVFreeBlock@34@@Z 0000000180001b30 f   backend.obj
 0001:00000be0       ?addBlock@IndexedBins@Backend@internal@rml@@QEAAXHPEAVFreeBlock@34@_K_N@Z 0000000180001be0 f   backend.obj
 0001:00000d50       ?tryAddBlock@IndexedBins@Backend@internal@rml@@QEAA_NHPEAVFreeBlock@34@_N@Z 0000000180001d50 f   backend.obj
 0001:00000f40       ?verify@IndexedBins@Backend@internal@rml@@QEAAXXZ 0000000180001f40 f   backend.obj
 0001:00001090       ?reset@IndexedBins@Backend@internal@rml@@QEAAXXZ 0000000180002090 f   backend.obj
 0001:000010f0       ?registerAlloc@UsedAddressRange@Backend@internal@rml@@QEAAX_K0@Z 00000001800020f0 f   backend.obj
 0001:00001210       ?registerFree@UsedAddressRange@Backend@internal@rml@@QEAAX_K0@Z 0000000180002210 f   backend.obj
 0001:00001310       ?addNewRegion@Backend@internal@rml@@AEAAPEAVFreeBlock@23@_KW4MemRegionType@23@_N@Z 0000000180002310 f   backend.obj
 0001:000014f0       ?findBlockInRegion@Backend@internal@rml@@AEAAPEAVFreeBlock@23@PEAUMemRegion@23@_K@Z 00000001800024f0 f   backend.obj
 0001:00001610       ?startUseBlock@Backend@internal@rml@@AEAAXPEAUMemRegion@23@PEAVFreeBlock@23@_N@Z 0000000180002610 f   backend.obj
 0001:000017e0       ?releaseRegion@Backend@internal@rml@@AEAAXPEAUMemRegion@23@@Z 00000001800027e0 f   backend.obj
 0001:00001830       ?releaseMemInCaches@Backend@internal@rml@@AEAAPEAVFreeBlock@23@_JPEAHH@Z 0000000180002830 f   backend.obj
 0001:000018b0       ?requestBootstrapMem@Backend@internal@rml@@AEAAXXZ 00000001800028b0 f   backend.obj
 0001:00001980       ?askMemFromOS@Backend@internal@rml@@AEAAPEAVFreeBlock@23@_K_JPEAHHPEA_N@Z 0000000180002980 f   backend.obj
 0001:00001bb0       ?genericGetBlock@Backend@internal@rml@@AEAAPEAVFreeBlock@23@H_K_N@Z 0000000180002bb0 f   backend.obj
 0001:00002040       ?genericPutBlock@Backend@internal@rml@@AEAAXPEAVFreeBlock@23@_K@Z 0000000180003040 f   backend.obj
 0001:000020a0       ?splitUnalignedBlock@Backend@internal@rml@@AEAAPEAVFreeBlock@23@PEAV423@H_K_N@Z 00000001800030a0 f   backend.obj
 0001:00002260       ?splitAlignedBlock@Backend@internal@rml@@AEAAPEAVFreeBlock@23@PEAV423@H_K_N@Z 0000000180003260 f   backend.obj
 0001:000023f0       ?doCoalesc@Backend@internal@rml@@AEAAPEAVFreeBlock@23@PEAV423@PEAPEAUMemRegion@23@@Z 00000001800033f0 f   backend.obj
 0001:00002810       ?coalescAndPutList@Backend@internal@rml@@AEAA_NPEAVFreeBlock@23@_N1@Z 0000000180003810 f   backend.obj
 0001:00002b20       ?coalescAndPut@Backend@internal@rml@@AEAAXPEAVFreeBlock@23@_K@Z 0000000180003b20 f   backend.obj
 0001:00002b70       ?removeBlockFromBin@Backend@internal@rml@@AEAAXPEAVFreeBlock@23@@Z 0000000180003b70 f   backend.obj
 0001:00002bf0       ?allocRawMem@Backend@internal@rml@@AEAAPEAXAEA_K@Z 0000000180003bf0 f   backend.obj
 0001:00002ec0       ?freeRawMem@Backend@internal@rml@@AEAA_NPEAX_K@Z 0000000180003ec0 f   backend.obj
 0001:00003040       ?putLargeBlock@Backend@internal@rml@@AEAAXPEAULargeMemoryBlock@23@@Z 0000000180004040 f   backend.obj
 0001:000030a0       ?releaseCachesToLimit@Backend@internal@rml@@AEAAXXZ 00000001800040a0 f   backend.obj
 0001:00003200       ?scanCoalescQ@Backend@internal@rml@@QEAA_N_N@Z 0000000180004200 f   backend.obj
 0001:00003270       ?verify@Backend@internal@rml@@QEAAXXZ 0000000180004270 f   backend.obj
 0001:000032c0       ?init@Backend@internal@rml@@QEAAXPEAUExtMemoryPool@23@@Z 00000001800042c0 f   backend.obj
 0001:00003330       ?reset@Backend@internal@rml@@QEAAXXZ 0000000180004330 f   backend.obj
 0001:00003440       ?destroy@Backend@internal@rml@@QEAA_NXZ 0000000180004440 f   backend.obj
 0001:00003510       ?clean@Backend@internal@rml@@QEAA_NXZ 0000000180004510 f   backend.obj
 0001:00003620       ?getBackRefSpace@Backend@internal@rml@@QEAAPEAX_KPEA_N@Z 0000000180004620 f   backend.obj
 0001:000036a0       ?putBackRefSpace@Backend@internal@rml@@QEAAXPEAX_K_N@Z 00000001800046a0 f   backend.obj
 0001:000036e0       ?getLargeBlock@Backend@internal@rml@@QEAAPEAULargeMemoryBlock@23@_K@Z 00000001800046e0 f   backend.obj
 0001:00003760       ?returnLargeObject@Backend@internal@rml@@QEAAXPEAULargeMemoryBlock@23@@Z 0000000180004760 f   backend.obj
 0001:000037a0       ?getMaxBinnedSize@Backend@internal@rml@@QEBA_KXZ 00000001800047a0 f   backend.obj
 0001:00003820       ?add@AllLargeBlocksList@internal@rml@@QEAAXPEAULargeMemoryBlock@23@@Z 0000000180004820 f   backend.obj
 0001:000038a0       ?remove@AllLargeBlocksList@internal@rml@@QEAAXPEAULargeMemoryBlock@23@@Z 00000001800048a0 f   backend.obj
 0001:00003940       ?ErrnoPreservingMalloc@internal@rml@@YAPEAX_K@Z 0000000180004940 f   backend.obj
 0001:00003990       ?MapMemory@internal@rml@@YAPEAX_KW4PageType@12@@Z 0000000180004990 f   backend.obj
 0001:000039d0       ?UnmapMemory@internal@rml@@YAHPEAX_K@Z 00000001800049d0 f   backend.obj
 0001:00003a20       ?getRawMemory@internal@rml@@YAPEAX_KW4PageType@12@@Z 0000000180004a20 f   backend.obj
 0001:00003a50       ?freeRawMemory@internal@rml@@YAHPEAX_K@Z 0000000180004a50 f   backend.obj
 0001:00003ba0       ??$AtomicUpdate@_KVMaxRequestComparator@Backend@internal@rml@@@internal@rml@@YAXAEA_K_KAEBVMaxRequestComparator@Backend@01@@Z 0000000180004ba0 f i backend.obj
 0001:00003c20       ??$__TBB_load_with_acquire@_J@internal@tbb@@YA_JAED_J@Z 0000000180004c20 f i backend.obj
 0001:00003c40       ??$__TBB_store_with_release@EH@internal@tbb@@YAXAECEH@Z 0000000180004c40 f i backend.obj
 0001:00003c70       ??$__TBB_store_with_release@_J_J@internal@tbb@@YAXAEC_J_J@Z 0000000180004c70 f i backend.obj
 0001:00003ca0       ??$is_aligned@D@internal@tbb@@YA_NPEAD_K@Z 0000000180004ca0 f i backend.obj
 0001:00003ce0       ??$is_aligned@ULastFreeBlock@internal@rml@@@internal@tbb@@YA_NPEAULastFreeBlock@0rml@@_K@Z 0000000180004ce0 f i backend.obj
 0001:00003d20       ??$is_aligned@VFreeBlock@internal@rml@@@internal@tbb@@YA_NPEAVFreeBlock@0rml@@_K@Z 0000000180004d20 f i backend.obj
 0001:00003d60       ??$spin_wait_while_eq@_J_J@internal@tbb@@YAXAED_J_J@Z 0000000180004d60 f i backend.obj
 0001:00003da0       ??$suppress_unused_warning@PEAVFreeBlock@internal@rml@@@internal@rml@@YAXAEBQEAVFreeBlock@01@@Z 0000000180004da0 f i backend.obj
 0001:00003db0       ??$suppress_unused_warning@_J@internal@rml@@YAXAEB_J@Z 0000000180004db0 f i backend.obj
 0001:00003dc0       ??0AtomicBackoff@@QEAA@XZ  0000000180004dc0 f i backend.obj
 0001:00003de0       ??0MaxRequestComparator@Backend@internal@rml@@QEAA@PEBV123@@Z 0000000180004de0 f i backend.obj
 0001:00003e00       ??0atomic_backoff@internal@tbb@@QEAA@XZ 0000000180004e00 f i backend.obj
 0001:00003e30       ??0no_copy@internal@tbb@@QEAA@XZ 0000000180004e30 f i backend.obj
 0001:00003e40       ??0scoped_lock@MallocMutex@@QEAA@AEAV1@@Z 0000000180004e40 f i backend.obj
 0001:00003e90       ??0scoped_lock@MallocMutex@@QEAA@AEAV1@_NPEA_N@Z 0000000180004e90 f i backend.obj
 0001:00003f20       ??1scoped_lock@MallocMutex@@QEAA@XZ 0000000180004f20 f i backend.obj
 0001:00003f60       ??RMaxRequestComparator@Backend@internal@rml@@QEBA_N_K0@Z 0000000180004f60 f i backend.obj
 0001:00003fb0       ?AtomicAdd@@YA_KAEC_J_J@Z  0000000180004fb0 f i backend.obj
 0001:00003fe0       ?AtomicAnd@@YAXPECX_K@Z    0000000180004fe0 f i backend.obj
 0001:00004010       ?AtomicCompareExchange@@YA_JAEC_J_J1@Z 0000000180005010 f i backend.obj
 0001:00004040       ?AtomicIncrement@@YA_JAEC_J@Z 0000000180005040 f i backend.obj
 0001:00004060       ?AtomicOr@@YAXPECX_K@Z     0000000180005060 f i backend.obj
 0001:00004090       ?BitScanRev@@YA_J_K@Z      0000000180005090 f i backend.obj
 0001:000040d0       ?FencedLoad@@YA_JAED_J@Z   00000001800050d0 f i backend.obj
 0001:000040f0       ?FencedStore@@YAXAEC_J_J@Z 00000001800050f0 f i backend.obj
 0001:00004120       ?SpinWaitWhileEq@@YAXAED_J_J@Z 0000000180005120 f i backend.obj
 0001:00004150       ?__TBB_LockByte@@YAEAEAE@Z 0000000180005150 f i backend.obj
 0001:00004190       ?__TBB_TryLockByte@@YA_NAEAE@Z 0000000180005190 f i backend.obj
 0001:000041d0       ?binsModified@BackendSync@internal@rml@@QEAAXXZ 00000001800051d0 f i backend.obj
 0001:000041f0       ?blockConsumed@BackendSync@internal@rml@@QEAAXXZ 00000001800051f0 f i backend.obj
 0001:00004210       ?blockReleased@BackendSync@internal@rml@@QEAAXXZ 0000000180005210 f i backend.obj
 0001:00004280       ?blockWasProcessed@CoalRequestQ@internal@rml@@QEAAXXZ 0000000180005280 f i backend.obj
 0001:000042e0       ?blocksInCoalescing@Backend@internal@rml@@QEBA_JXZ 00000001800052e0 f i backend.obj
 0001:00004300       ?blocksInFly@CoalRequestQ@internal@rml@@QEBA_JXZ 0000000180005300 f i backend.obj
 0001:00004320       ?empty@Bin@Backend@internal@rml@@QEBA_NXZ 0000000180005320 f i backend.obj
 0001:00004350       ?get@AllocControlledMode@internal@rml@@QEBA_JXZ 0000000180005350 f i backend.obj
 0001:00004390       ?getGranularity@HugePagesStatus@internal@rml@@QEBA_KXZ 0000000180005390 f i backend.obj
 0001:000043f0       ?getMinNonemptyBin@IndexedBins@Backend@internal@rml@@QEBAHI@Z 00000001800053f0 f i backend.obj
 0001:00004440       ?getMinTrue@?$BitMaskBasic@$0CAA@@internal@rml@@IEBAHI@Z 0000000180005440 f i backend.obj
 0001:00004540       ?getMinTrue@?$BitMaskMin@$0CAA@@internal@rml@@QEBAHI@Z 0000000180005540 f i backend.obj
 0001:00004560       ?getMinUsedBin@AdvRegionsBins@Backend@internal@rml@@QEBAHH@Z 0000000180005560 f i backend.obj
 0001:00004590       ?getNumOfMods@BackendSync@internal@rml@@QEBA_JXZ 0000000180005590 f i backend.obj
 0001:000045b0       ?inUserPool@Backend@internal@rml@@QEBA_NXZ 00000001800055b0 f i backend.obj
 0001:000045d0       ?init@BackendSync@internal@rml@@QEAAXPEAVBackend@23@@Z 00000001800055d0 f i backend.obj
 0001:000045f0       ?init@CoalRequestQ@internal@rml@@QEAAXPEAVBackendSync@23@@Z 00000001800055f0 f i backend.obj
 0001:00004610       ?init@UsedAddressRange@Backend@internal@rml@@QEAAXXZ 0000000180005610 f i backend.obj
 0001:00004630       ?initHeader@FreeBlock@internal@rml@@QEAAXXZ 0000000180005630 f i backend.obj
 0001:00004660       ?initLocked@GuardedSize@internal@rml@@QEAAXXZ 0000000180005660 f i backend.obj
 0001:00004680       ?leftNeig@FreeBlock@internal@rml@@QEBAPEAV123@_K@Z 0000000180005680 f i backend.obj
 0001:000046d0       ?load_with_acquire@?$machine_load_store@_J$07@internal@tbb@@SA_JAED_J@Z 00000001800056d0 f i backend.obj
 0001:000046f0       ?makeCoalscing@GuardedSize@internal@rml@@QEAAXXZ 00000001800056f0 f i backend.obj
 0001:00004740       ?markBlocks@FreeBlock@internal@rml@@SAXPEAV123@H_K@Z 0000000180005740 f i backend.obj
 0001:000047a0       ?markCoalescing@FreeBlock@internal@rml@@QEAAX_K@Z 00000001800057a0 f i backend.obj
 0001:00004800       ?markUsed@FreeBlock@internal@rml@@QEAAXXZ 0000000180005800 f i backend.obj
 0001:00004850       ?pause@AtomicBackoff@@QEAAXXZ 0000000180005850 f i backend.obj
 0001:00004870       ?pause@atomic_backoff@internal@tbb@@QEAAXXZ 0000000180005870 f i backend.obj
 0001:000048b0       ?ready@AllocControlledMode@internal@rml@@QEBA_NXZ 00000001800058b0 f i backend.obj
 0001:000048c0       ?regionsAreReleaseable@ExtMemoryPool@internal@rml@@QEBA_NXZ 00000001800058c0 f i backend.obj
 0001:00004910       ?registerBin@AdvRegionsBins@Backend@internal@rml@@QEAAXH@Z 0000000180005910 f i backend.obj
 0001:00004940       ?reset@?$BitMaskBasic@$0CAA@@internal@rml@@QEAAXXZ 0000000180005940 f i backend.obj
 0001:00004980       ?reset@AdvRegionsBins@Backend@internal@rml@@QEAAXXZ 0000000180005980 f i backend.obj
 0001:000049a0       ?reset@Bin@Backend@internal@rml@@QEAAXXZ 00000001800059a0 f i backend.obj
 0001:000049c0       ?rightNeig@FreeBlock@internal@rml@@QEBAPEAV123@_K@Z 00000001800059c0 f i backend.obj
 0001:00004a10       ?set@?$BitMaskBasic@$0CAA@@internal@rml@@IEAAX_K_N@Z 0000000180005a10 f i backend.obj
 0001:00004b00       ?set@?$BitMaskMin@$0CAA@@internal@rml@@QEAAX_K_N@Z 0000000180005b00 f i backend.obj
 0001:00004b30       ?setLeftFree@FreeBlock@internal@rml@@QEAAX_K@Z 0000000180005b30 f i backend.obj
 0001:00004b60       ?setMeFree@FreeBlock@internal@rml@@QEAAX_K@Z 0000000180005b60 f i backend.obj
 0001:00004b90       ?signal@MemExtendingSema@internal@rml@@QEAAXXZ 0000000180005b90 f i backend.obj
 0001:00004bc0       ?sizeToBin@Backend@internal@rml@@CAH_K@Z 0000000180005bc0 f i backend.obj
 0001:00004c40       ?store_with_release@?$machine_load_store@E$00@internal@tbb@@SAXAECEE@Z 0000000180005c40 f i backend.obj
 0001:00004c60       ?store_with_release@?$machine_load_store@_J$07@internal@tbb@@SAXAEC_J_J@Z 0000000180005c60 f i backend.obj
 0001:00004c80       ?toAlignedBin@Backend@internal@rml@@CA_NPEAVFreeBlock@23@_K@Z 0000000180005c80 f i backend.obj
 0001:00004ce0       ?tryLock@GuardedSize@internal@rml@@QEAA_KW4State@123@@Z 0000000180005ce0 f i backend.obj
 0001:00004d70       ?tryLockBlock@FreeBlock@internal@rml@@QEAA_KXZ 0000000180005d70 f i backend.obj
 0001:00004e10       ?trySetLeftUsed@FreeBlock@internal@rml@@QEAA_KW4State@GuardedSize@23@@Z 0000000180005e10 f i backend.obj
 0001:00004e40       ?trySetMeUsed@FreeBlock@internal@rml@@QEAA_KW4State@GuardedSize@23@@Z 0000000180005e40 f i backend.obj
 0001:00004e60       ?unlock@GuardedSize@internal@rml@@QEAAX_K@Z 0000000180005e60 f i backend.obj
 0001:00004ee0       ?userPool@ExtMemoryPool@internal@rml@@QEBA_NXZ 0000000180005ee0 f i backend.obj
 0001:00004f10       ?wait@MemExtendingSema@internal@rml@@QEAA_NXZ 0000000180005f10 f i backend.obj
 0001:00004f90       ?waitTillBlockReleased@BackendSync@internal@rml@@QEAA_N_J@Z 0000000180005f90 f i backend.obj
 0001:000051e0       ?sizeToIdx@LargeObjectCache@internal@rml@@CAH_K@Z 00000001800061e0 f   large_objects.obj
 0001:00005260       ?put@LargeObjectCache@internal@rml@@QEAAXPEAULargeMemoryBlock@23@@Z 0000000180006260 f   large_objects.obj
 0001:00005310       ?putList@LargeObjectCache@internal@rml@@QEAAXPEAULargeMemoryBlock@23@@Z 0000000180006310 f   large_objects.obj
 0001:000054c0       ?get@LargeObjectCache@internal@rml@@QEAAPEAULargeMemoryBlock@23@_K@Z 00000001800064c0 f   large_objects.obj
 0001:000055b0       ?updateCacheState@LargeObjectCache@internal@rml@@QEAAXW4DecreaseOrIncrease@23@_K@Z 00000001800065b0 f   large_objects.obj
 0001:00005640       ?doCleanup@LargeObjectCache@internal@rml@@QEAA_N_K_N@Z 0000000180006640 f   large_objects.obj
 0001:000056e0       ?decreasingCleanup@LargeObjectCache@internal@rml@@QEAA_NXZ 00000001800066e0 f   large_objects.obj
 0001:00005720       ?regularCleanup@LargeObjectCache@internal@rml@@QEAA_NXZ 0000000180006720 f   large_objects.obj
 0001:00005760       ?cleanAll@LargeObjectCache@internal@rml@@QEAA_NXZ 0000000180006760 f   large_objects.obj
 0001:000057c0       ?registerRealloc@LargeObjectCache@internal@rml@@QEAAX_K0@Z 00000001800067c0 f   large_objects.obj
 0001:00005840       ?softCachesCleanup@ExtMemoryPool@internal@rml@@QEAA_NXZ 0000000180006840 f   large_objects.obj
 0001:00005870       ?hardCachesCleanup@ExtMemoryPool@internal@rml@@QEAA_NXZ 0000000180006870 f   large_objects.obj
 0001:00005920       ?mallocLargeObject@ExtMemoryPool@internal@rml@@QEAAPEAULargeMemoryBlock@23@PEAVMemoryPool@23@_K@Z 0000000180006920 f   large_objects.obj
 0001:000059f0       ?freeLargeObject@ExtMemoryPool@internal@rml@@QEAAXPEAULargeMemoryBlock@23@@Z 00000001800069f0 f   large_objects.obj
 0001:00005a30       ?freeLargeObjectList@ExtMemoryPool@internal@rml@@QEAAXPEAULargeMemoryBlock@23@@Z 0000000180006a30 f   large_objects.obj
 0001:00005a60       ??$?0UOpCleanAll@internal@rml@@@CacheBinOperation@internal@rml@@QEAA@AEAUOpCleanAll@12@W4CacheBinOperationStatus@12@@Z 0000000180006a60 f i large_objects.obj
 0001:00005ac0       ??$?0UOpCleanToThreshold@internal@rml@@@CacheBinOperation@internal@rml@@QEAA@AEAUOpCleanToThreshold@12@W4CacheBinOperationStatus@12@@Z 0000000180006ac0 f i large_objects.obj
 0001:00005b20       ??$?0UOpGet@internal@rml@@@CacheBinOperation@internal@rml@@QEAA@AEAUOpGet@12@W4CacheBinOperationStatus@12@@Z 0000000180006b20 f i large_objects.obj
 0001:00005b80       ??$?0UOpPutList@internal@rml@@@CacheBinOperation@internal@rml@@QEAA@AEAUOpPutList@12@W4CacheBinOperationStatus@12@@Z 0000000180006b80 f i large_objects.obj
 0001:00005be0       ??$?0UOpUpdateUsedSize@internal@rml@@@CacheBinOperation@internal@rml@@QEAA@AEAUOpUpdateUsedSize@12@W4CacheBinOperationStatus@12@@Z 0000000180006be0 f i large_objects.obj
 0001:00005c40       ??$compare_and_swap@$0A@@?$atomic_impl@PEAUCacheBinOperation@internal@rml@@@internal@tbb@@QEAAPEAUCacheBinOperation@1rml@@PEAU314@0@Z 0000000180006c40 f i large_objects.obj
 0001:00005c90       ??$execute@V?$CacheBinFunctor@U?$LargeObjectCacheProps@$0CAAA@$0IAAAAA@$0CAAA@$01$01$0BA@@internal@rml@@@internal@rml@@@?$aggregator_generic@UCacheBinOperation@internal@rml@@@internal@interface6@tbb@@QEAAXPEAUCacheBinOperation@1rml@@AEAV?$CacheBinFunctor@U?$LargeObjectCacheProps@$0CAAA@$0IAAAAA@$0CAAA@$01$01$0BA@@internal@rml@@@15@_N@Z 0000000180006c90 f i large_objects.obj
 0001:00005dc0       ??$execute@V?$CacheBinFunctor@U?$LargeObjectCacheProps@$0IAAAAA@$0IBAAAAA@$0IAAAA@$00$00$03@internal@rml@@@internal@rml@@@?$aggregator_generic@UCacheBinOperation@internal@rml@@@internal@interface6@tbb@@QEAAXPEAUCacheBinOperation@1rml@@AEAV?$CacheBinFunctor@U?$LargeObjectCacheProps@$0IAAAAA@$0IBAAAAA@$0IAAAA@$00$00$03@internal@rml@@@15@_N@Z 0000000180006dc0 f i large_objects.obj
 0001:00005ef0       ??$fetch_and_store@$0A@@?$atomic_impl@PEAUCacheBinOperation@internal@rml@@@internal@tbb@@QEAAPEAUCacheBinOperation@1rml@@PEAU314@@Z 0000000180006ef0 f i large_objects.obj
 0001:00005f30       ??$itt_load_word_with_acquire@_K@internal@tbb@@YA_KAEA_K@Z 0000000180006f30 f i large_objects.obj
 0001:00005f70       ??$itt_store_word_with_release@_K@internal@tbb@@YAXAEA_K_K@Z 0000000180006f70 f i large_objects.obj
 0001:00005fb0       ??$opCast@UOpCleanAll@internal@rml@@@internal@rml@@YAAEAUOpCleanAll@01@AEAUCacheBinOperation@01@@Z 0000000180006fb0 f i large_objects.obj
 0001:00005fc0       ??$opCast@UOpCleanToThreshold@internal@rml@@@internal@rml@@YAAEAUOpCleanToThreshold@01@AEAUCacheBinOperation@01@@Z 0000000180006fc0 f i large_objects.obj
 0001:00005fd0       ??$opCast@UOpGet@internal@rml@@@internal@rml@@YAAEAUOpGet@01@AEAUCacheBinOperation@01@@Z 0000000180006fd0 f i large_objects.obj
 0001:00005fe0       ??$opCast@UOpPutList@internal@rml@@@internal@rml@@YAAEAUOpPutList@01@AEAUCacheBinOperation@01@@Z 0000000180006fe0 f i large_objects.obj
 0001:00005ff0       ??$opCast@UOpUpdateUsedSize@internal@rml@@@internal@rml@@YAAEAUOpUpdateUsedSize@01@AEAUCacheBinOperation@01@@Z 0000000180006ff0 f i large_objects.obj
 0001:00006000       ??$spin_wait_until_eq@_K_K@internal@tbb@@YAXAED_K_K@Z 0000000180007000 f i large_objects.obj
 0001:00006040       ??$spin_wait_while_eq@_K_K@internal@tbb@@YAXAED_K_K@Z 0000000180007040 f i large_objects.obj
 0001:00006080       ??$start_handle_operations@V?$CacheBinFunctor@U?$LargeObjectCacheProps@$0CAAA@$0IAAAAA@$0CAAA@$01$01$0BA@@internal@rml@@@internal@rml@@@?$aggregator_generic@UCacheBinOperation@internal@rml@@@internal@interface6@tbb@@AEAAXAEAV?$CacheBinFunctor@U?$LargeObjectCacheProps@$0CAAA@$0IAAAAA@$0CAAA@$01$01$0BA@@internal@rml@@@1rml@@@Z 0000000180007080 f i large_objects.obj
 0001:00006130       ??$start_handle_operations@V?$CacheBinFunctor@U?$LargeObjectCacheProps@$0IAAAAA@$0IBAAAAA@$0IAAAA@$00$00$03@internal@rml@@@internal@rml@@@?$aggregator_generic@UCacheBinOperation@internal@rml@@@internal@interface6@tbb@@AEAAXAEAV?$CacheBinFunctor@U?$LargeObjectCacheProps@$0IAAAAA@$0IBAAAAA@$0IAAAA@$00$00$03@internal@rml@@@1rml@@@Z 0000000180007130 f i large_objects.obj
 0001:000061e0       ??$to_bits@PEAUCacheBinOperation@internal@rml@@@?$atomic_impl@PEAUCacheBinOperation@internal@rml@@@internal@tbb@@CA_JPEAUCacheBinOperation@1rml@@@Z 00000001800071e0 f i large_objects.obj
 0001:00006200       ??$to_bits_ref@SEAUCacheBinOperation@internal@rml@@@?$atomic_impl@PEAUCacheBinOperation@internal@rml@@@internal@tbb@@CAAEA_JAEDSEAUCacheBinOperation@1rml@@@Z 0000000180007200 f i large_objects.obj
 0001:00006220       ??$to_value@PEAUCacheBinOperation@internal@rml@@@?$atomic_impl@PEAUCacheBinOperation@internal@rml@@@internal@tbb@@CAPEAUCacheBinOperation@1rml@@_J@Z 0000000180007220 f i large_objects.obj
 0001:00006250       ??0?$CacheBinFunctor@U?$LargeObjectCacheProps@$0CAAA@$0IAAAAA@$0CAAA@$01$01$0BA@@internal@rml@@@internal@rml@@QEAA@PEAVCacheBin@?$LargeObjectCacheImpl@U?$LargeObjectCacheProps@$0CAAA@$0IAAAAA@$0CAAA@$01$01$0BA@@internal@rml@@@12@PEAUExtMemoryPool@12@PEAV?$BitMaskMax@$0DPP@@12@H@Z 0000000180007250 f i large_objects.obj
 0001:000062c0       ??0?$CacheBinFunctor@U?$LargeObjectCacheProps@$0IAAAAA@$0IBAAAAA@$0IAAAA@$00$00$03@internal@rml@@@internal@rml@@QEAA@PEAVCacheBin@?$LargeObjectCacheImpl@U?$LargeObjectCacheProps@$0IAAAAA@$0IBAAAAA@$0IAAAA@$00$00$03@internal@rml@@@12@PEAUExtMemoryPool@12@PEAV?$BitMaskMax@$0PC@@12@H@Z 00000001800072c0 f i large_objects.obj
 0001:00006330       ??0?$aggregated_operation@UCacheBinOperation@internal@rml@@@internal@interface6@tbb@@QEAA@XZ 0000000180007330 f i large_objects.obj
 0001:00006360       ??0?$converter@PEAUCacheBinOperation@internal@rml@@@?$atomic_impl@PEAUCacheBinOperation@internal@rml@@@internal@tbb@@QEAA@PEAUCacheBinOperation@2rml@@@Z 0000000180007360 f i large_objects.obj
 0001:00006380       ??0?$converter@PEAUCacheBinOperation@internal@rml@@@?$atomic_impl@PEAUCacheBinOperation@internal@rml@@@internal@tbb@@QEAA@XZ 0000000180007380 f i large_objects.obj
 0001:00006390       ??0?$ptr_converter@PEDSEAUCacheBinOperation@internal@rml@@@?$atomic_impl@PEAUCacheBinOperation@internal@rml@@@internal@tbb@@QEAA@PEDSEAUCacheBinOperation@2rml@@@Z 0000000180007390 f i large_objects.obj
 0001:000063b0       ??0BinsSummary@?$LargeObjectCacheImpl@U?$LargeObjectCacheProps@$0CAAA@$0IAAAAA@$0CAAA@$01$01$0BA@@internal@rml@@@internal@rml@@QEAA@XZ 00000001800073b0 f i large_objects.obj
 0001:000063e0       ??0BinsSummary@?$LargeObjectCacheImpl@U?$LargeObjectCacheProps@$0IAAAAA@$0IBAAAAA@$0IAAAA@$00$00$03@internal@rml@@@internal@rml@@QEAA@XZ 00000001800073e0 f i large_objects.obj
 0001:00006410       ??0OperationPreprocessor@?$CacheBinFunctor@U?$LargeObjectCacheProps@$0CAAA@$0IAAAAA@$0CAAA@$01$01$0BA@@internal@rml@@@internal@rml@@QEAA@PEAVCacheBin@?$LargeObjectCacheImpl@U?$LargeObjectCacheProps@$0CAAA@$0IAAAAA@$0CAAA@$01$01$0BA@@internal@rml@@@23@@Z 0000000180007410 f i large_objects.obj
 0001:000064a0       ??0OperationPreprocessor@?$CacheBinFunctor@U?$LargeObjectCacheProps@$0IAAAAA@$0IBAAAAA@$0IAAAA@$00$00$03@internal@rml@@@internal@rml@@QEAA@PEAVCacheBin@?$LargeObjectCacheImpl@U?$LargeObjectCacheProps@$0IAAAAA@$0IBAAAAA@$0IAAAA@$00$00$03@internal@rml@@@23@@Z 00000001800074a0 f i large_objects.obj
 0001:00006530       ??2@YAPEAX_KPEAX@Z         0000000180007530 f i large_objects.obj
 0001:00006540       ??B?$atomic_impl@PEAUCacheBinOperation@internal@rml@@@internal@tbb@@QEDAPEAUCacheBinOperation@1rml@@XZ 0000000180007540 f i large_objects.obj
 0001:00006570       ??R?$CacheBinFunctor@U?$LargeObjectCacheProps@$0CAAA@$0IAAAAA@$0CAAA@$01$01$0BA@@internal@rml@@@internal@rml@@QEAAXPEAUCacheBinOperation@12@@Z 0000000180007570 f i large_objects.obj
 0001:00006a80       ??R?$CacheBinFunctor@U?$LargeObjectCacheProps@$0IAAAAA@$0IBAAAAA@$0IAAAA@$00$00$03@internal@rml@@@internal@rml@@QEAAXPEAUCacheBinOperation@12@@Z 0000000180007a80 f i large_objects.obj
 0001:00006f90       ??ROperationPreprocessor@?$CacheBinFunctor@U?$LargeObjectCacheProps@$0CAAA@$0IAAAAA@$0CAAA@$01$01$0BA@@internal@rml@@@internal@rml@@QEAAXPEAUCacheBinOperation@23@@Z 0000000180007f90 f i large_objects.obj
 0001:00007390       ??ROperationPreprocessor@?$CacheBinFunctor@U?$LargeObjectCacheProps@$0IAAAAA@$0IBAAAAA@$0IAAAA@$00$00$03@internal@rml@@@internal@rml@@QEAAXPEAUCacheBinOperation@23@@Z 0000000180008390 f i large_objects.obj
 0001:00007790       ?ExecuteOperation@CacheBin@?$LargeObjectCacheImpl@U?$LargeObjectCacheProps@$0CAAA@$0IAAAAA@$0CAAA@$01$01$0BA@@internal@rml@@@internal@rml@@AEAAXPEAUCacheBinOperation@34@PEAUExtMemoryPool@34@PEAV?$BitMaskMax@$0DPP@@34@H_N@Z 0000000180008790 f i large_objects.obj
 0001:00007870       ?ExecuteOperation@CacheBin@?$LargeObjectCacheImpl@U?$LargeObjectCacheProps@$0IAAAAA@$0IBAAAAA@$0IAAAA@$00$00$03@internal@rml@@@internal@rml@@AEAAXPEAUCacheBinOperation@34@PEAUExtMemoryPool@34@PEAV?$BitMaskMax@$0PC@@34@H_N@Z 0000000180008870 f i large_objects.obj
 0001:00007950       ?__TBB_store_with_release@internal@tbb@@YAXAEC_K_K@Z 0000000180008950 f i large_objects.obj
 0001:00007980       ?addOpToOpList@OperationPreprocessor@?$CacheBinFunctor@U?$LargeObjectCacheProps@$0CAAA@$0IAAAAA@$0CAAA@$01$01$0BA@@internal@rml@@@internal@rml@@AEBAXPEAUCacheBinOperation@34@PEAPEAU534@@Z 0000000180008980 f i large_objects.obj
 0001:000079b0       ?addOpToOpList@OperationPreprocessor@?$CacheBinFunctor@U?$LargeObjectCacheProps@$0IAAAAA@$0IBAAAAA@$0IAAAA@$00$00$03@internal@rml@@@internal@rml@@AEBAXPEAUCacheBinOperation@34@PEAPEAU534@@Z 00000001800089b0 f i large_objects.obj
 0001:000079e0       ?addToPutList@OperationPreprocessor@?$CacheBinFunctor@U?$LargeObjectCacheProps@$0CAAA@$0IAAAAA@$0CAAA@$01$01$0BA@@internal@rml@@@internal@rml@@AEAAXPEAULargeMemoryBlock@34@0H@Z 00000001800089e0 f i large_objects.obj
 0001:00007ab0       ?addToPutList@OperationPreprocessor@?$CacheBinFunctor@U?$LargeObjectCacheProps@$0IAAAAA@$0IBAAAAA@$0IAAAA@$00$00$03@internal@rml@@@internal@rml@@AEAAXPEAULargeMemoryBlock@34@0H@Z 0000000180008ab0 f i large_objects.obj
 0001:00007b80       ?call_itt_notify@internal@tbb@@YAXW4notify_type@12@PEAX@Z 0000000180008b80 f i large_objects.obj
 0001:00007c20       ?cleanAll@?$LargeObjectCacheImpl@U?$LargeObjectCacheProps@$0CAAA@$0IAAAAA@$0CAAA@$01$01$0BA@@internal@rml@@@internal@rml@@QEAA_NPEAUExtMemoryPool@23@@Z 0000000180008c20 f i large_objects.obj
 0001:00007cb0       ?cleanAll@?$LargeObjectCacheImpl@U?$LargeObjectCacheProps@$0IAAAAA@$0IBAAAAA@$0IAAAA@$00$00$03@internal@rml@@@internal@rml@@QEAA_NPEAUExtMemoryPool@23@@Z 0000000180008cb0 f i large_objects.obj
 0001:00007d40       ?cleanAll@CacheBin@?$LargeObjectCacheImpl@U?$LargeObjectCacheProps@$0CAAA@$0IAAAAA@$0CAAA@$01$01$0BA@@internal@rml@@@internal@rml@@QEAAPEAULargeMemoryBlock@34@PEAV?$BitMaskMax@$0DPP@@34@H@Z 0000000180008d40 f i large_objects.obj
 0001:00007dd0       ?cleanAll@CacheBin@?$LargeObjectCacheImpl@U?$LargeObjectCacheProps@$0IAAAAA@$0IBAAAAA@$0IAAAA@$00$00$03@internal@rml@@@internal@rml@@QEAAPEAULargeMemoryBlock@34@PEAV?$BitMaskMax@$0PC@@34@H@Z 0000000180008dd0 f i large_objects.obj
 0001:00007e60       ?cleanToThreshold@CacheBin@?$LargeObjectCacheImpl@U?$LargeObjectCacheProps@$0CAAA@$0IAAAAA@$0CAAA@$01$01$0BA@@internal@rml@@@internal@rml@@QEAAPEAULargeMemoryBlock@34@_KPEAV?$BitMaskMax@$0DPP@@34@H@Z 0000000180008e60 f i large_objects.obj
 0001:00008050       ?cleanToThreshold@CacheBin@?$LargeObjectCacheImpl@U?$LargeObjectCacheProps@$0CAAA@$0IAAAAA@$0CAAA@$01$01$0BA@@internal@rml@@@internal@rml@@QEAA_NPEAUExtMemoryPool@34@PEAV?$BitMaskMax@$0DPP@@34@_KH@Z 0000000180009050 f i large_objects.obj
 0001:00008180       ?cleanToThreshold@CacheBin@?$LargeObjectCacheImpl@U?$LargeObjectCacheProps@$0IAAAAA@$0IBAAAAA@$0IAAAA@$00$00$03@internal@rml@@@internal@rml@@QEAAPEAULargeMemoryBlock@34@_KPEAV?$BitMaskMax@$0PC@@34@H@Z 0000000180009180 f i large_objects.obj
 0001:00008370       ?cleanToThreshold@CacheBin@?$LargeObjectCacheImpl@U?$LargeObjectCacheProps@$0IAAAAA@$0IBAAAAA@$0IAAAA@$00$00$03@internal@rml@@@internal@rml@@QEAA_NPEAUExtMemoryPool@34@PEAV?$BitMaskMax@$0PC@@34@_KH@Z 0000000180009370 f i large_objects.obj
 0001:000084a0       ?commitOperation@OperationPreprocessor@?$CacheBinFunctor@U?$LargeObjectCacheProps@$0CAAA@$0IAAAAA@$0CAAA@$01$01$0BA@@internal@rml@@@internal@rml@@AEBAXPEAUCacheBinOperation@34@@Z 00000001800094a0 f i large_objects.obj
 0001:000084d0       ?commitOperation@OperationPreprocessor@?$CacheBinFunctor@U?$LargeObjectCacheProps@$0IAAAAA@$0IBAAAAA@$0IAAAA@$00$00$03@internal@rml@@@internal@rml@@AEBAXPEAUCacheBinOperation@34@@Z 00000001800094d0 f i large_objects.obj
 0001:00008500       ?compare_and_swap@?$atomic_impl@PEAUCacheBinOperation@internal@rml@@@internal@tbb@@QEAAPEAUCacheBinOperation@2rml@@PEAU425@0@Z 0000000180009500 f i large_objects.obj
 0001:00008530       ?compare_and_swap@?$atomic_traits@$07$0A@@internal@tbb@@SA_JPECX_J1@Z 0000000180009530 f i large_objects.obj
 0001:00008560       ?decreaseThreshold@CacheBin@?$LargeObjectCacheImpl@U?$LargeObjectCacheProps@$0CAAA@$0IAAAAA@$0CAAA@$01$01$0BA@@internal@rml@@@internal@rml@@QEAAXXZ 0000000180009560 f i large_objects.obj
 0001:000085a0       ?decreaseThreshold@CacheBin@?$LargeObjectCacheImpl@U?$LargeObjectCacheProps@$0IAAAAA@$0IBAAAAA@$0IAAAA@$00$00$03@internal@rml@@@internal@rml@@QEAAXXZ 00000001800095a0 f i large_objects.obj
 0001:000085e0       ?fetch_and_store@?$atomic_impl@PEAUCacheBinOperation@internal@rml@@@internal@tbb@@QEAAPEAUCacheBinOperation@2rml@@PEAU425@@Z 00000001800095e0 f i large_objects.obj
 0001:00008610       ?fetch_and_store@?$atomic_traits@$07$0A@@internal@tbb@@SA_JPECX_J@Z 0000000180009610 f i large_objects.obj
 0001:00008640       ?forgetOutdatedState@CacheBin@?$LargeObjectCacheImpl@U?$LargeObjectCacheProps@$0CAAA@$0IAAAAA@$0CAAA@$01$01$0BA@@internal@rml@@@internal@rml@@QEAAX_K@Z 0000000180009640 f i large_objects.obj
 0001:00008720       ?forgetOutdatedState@CacheBin@?$LargeObjectCacheImpl@U?$LargeObjectCacheProps@$0IAAAAA@$0IBAAAAA@$0IAAAA@$00$00$03@internal@rml@@@internal@rml@@QEAAX_K@Z 0000000180009720 f i large_objects.obj
 0001:00008800       ?get@?$LargeObjectCacheImpl@U?$LargeObjectCacheProps@$0CAAA@$0IAAAAA@$0CAAA@$01$01$0BA@@internal@rml@@@internal@rml@@QEAAPEAULargeMemoryBlock@23@PEAUExtMemoryPool@23@_K@Z 0000000180009800 f i large_objects.obj
 0001:000088d0       ?get@?$LargeObjectCacheImpl@U?$LargeObjectCacheProps@$0IAAAAA@$0IBAAAAA@$0IAAAA@$00$00$03@internal@rml@@@internal@rml@@QEAAPEAULargeMemoryBlock@23@PEAUExtMemoryPool@23@_K@Z 00000001800098d0 f i large_objects.obj
 0001:000089a0       ?get@CacheBin@?$LargeObjectCacheImpl@U?$LargeObjectCacheProps@$0CAAA@$0IAAAAA@$0CAAA@$01$01$0BA@@internal@rml@@@internal@rml@@QEAAPEAULargeMemoryBlock@34@PEAUExtMemoryPool@34@_KPEAV?$BitMaskMax@$0DPP@@34@H@Z 00000001800099a0 f i large_objects.obj
 0001:00008a40       ?get@CacheBin@?$LargeObjectCacheImpl@U?$LargeObjectCacheProps@$0CAAA@$0IAAAAA@$0CAAA@$01$01$0BA@@internal@rml@@@internal@rml@@QEAAPEAULargeMemoryBlock@34@XZ 0000000180009a40 f i large_objects.obj
 0001:00008ab0       ?get@CacheBin@?$LargeObjectCacheImpl@U?$LargeObjectCacheProps@$0IAAAAA@$0IBAAAAA@$0IAAAA@$00$00$03@internal@rml@@@internal@rml@@QEAAPEAULargeMemoryBlock@34@PEAUExtMemoryPool@34@_KPEAV?$BitMaskMax@$0PC@@34@H@Z 0000000180009ab0 f i large_objects.obj
 0001:00008b50       ?get@CacheBin@?$LargeObjectCacheImpl@U?$LargeObjectCacheProps@$0IAAAAA@$0IBAAAAA@$0IAAAA@$00$00$03@internal@rml@@@internal@rml@@QEAAPEAULargeMemoryBlock@34@XZ 0000000180009b50 f i large_objects.obj
 0001:00008bc0       ?getCurrTime@?$CacheBinFunctor@U?$LargeObjectCacheProps@$0CAAA@$0IAAAAA@$0CAAA@$01$01$0BA@@internal@rml@@@internal@rml@@QEBA_KXZ 0000000180009bc0 f i large_objects.obj
 0001:00008bd0       ?getCurrTime@?$CacheBinFunctor@U?$LargeObjectCacheProps@$0IAAAAA@$0IBAAAAA@$0IAAAA@$00$00$03@internal@rml@@@internal@rml@@QEBA_KXZ 0000000180009bd0 f i large_objects.obj
 0001:00008be0       ?getCurrTimeRange@LargeObjectCache@internal@rml@@QEAA_K_K@Z 0000000180009be0 f i large_objects.obj
 0001:00008c10       ?getFromPutList@OperationPreprocessor@?$CacheBinFunctor@U?$LargeObjectCacheProps@$0CAAA@$0IAAAAA@$0CAAA@$01$01$0BA@@internal@rml@@@internal@rml@@AEAA_NPEAUCacheBinOperation@34@_K@Z 0000000180009c10 f i large_objects.obj
 0001:00008d00       ?getFromPutList@OperationPreprocessor@?$CacheBinFunctor@U?$LargeObjectCacheProps@$0IAAAAA@$0IBAAAAA@$0IAAAA@$00$00$03@internal@rml@@@internal@rml@@AEAA_NPEAUCacheBinOperation@34@_K@Z 0000000180009d00 f i large_objects.obj
 0001:00008df0       ?getMaxTrue@?$BitMaskMax@$0DPP@@internal@rml@@QEBAHI@Z 0000000180009df0 f i large_objects.obj
 0001:00008e40       ?getMaxTrue@?$BitMaskMax@$0PC@@internal@rml@@QEBAHI@Z 0000000180009e40 f i large_objects.obj
 0001:00008e90       ?getMinTrue@?$BitMaskBasic@$0DPP@@internal@rml@@IEBAHI@Z 0000000180009e90 f i large_objects.obj
 0001:00008f90       ?getMinTrue@?$BitMaskBasic@$0PC@@internal@rml@@IEBAHI@Z 0000000180009f90 f i large_objects.obj
 0001:00009090       ?getNumBins@?$LargeObjectCacheImpl@U?$LargeObjectCacheProps@$0CAAA@$0IAAAAA@$0CAAA@$01$01$0BA@@internal@rml@@@internal@rml@@SAHXZ 000000018000a090 f i large_objects.obj
 0001:000090a0       ?getTimeRange@OperationPreprocessor@?$CacheBinFunctor@U?$LargeObjectCacheProps@$0CAAA@$0IAAAAA@$0CAAA@$01$01$0BA@@internal@rml@@@internal@rml@@QEBA_KXZ 000000018000a0a0 f i large_objects.obj
 0001:000090c0       ?getTimeRange@OperationPreprocessor@?$CacheBinFunctor@U?$LargeObjectCacheProps@$0IAAAAA@$0IBAAAAA@$0IAAAA@$00$00$03@internal@rml@@@internal@rml@@QEBA_KXZ 000000018000a0c0 f i large_objects.obj
 0001:000090e0       ?getToRelease@?$CacheBinFunctor@U?$LargeObjectCacheProps@$0CAAA@$0IAAAAA@$0CAAA@$01$01$0BA@@internal@rml@@@internal@rml@@QEBAPEAULargeMemoryBlock@23@XZ 000000018000a0e0 f i large_objects.obj
 0001:000090f0       ?getToRelease@?$CacheBinFunctor@U?$LargeObjectCacheProps@$0IAAAAA@$0IBAAAAA@$0IAAAA@$00$00$03@internal@rml@@@internal@rml@@QEBAPEAULargeMemoryBlock@23@XZ 000000018000a0f0 f i large_objects.obj
 0001:00009100       ?isCleanupNeeded@?$CacheBinFunctor@U?$LargeObjectCacheProps@$0CAAA@$0IAAAAA@$0CAAA@$01$01$0BA@@internal@rml@@@internal@rml@@QEBA_NXZ 000000018000a100 f i large_objects.obj
 0001:00009110       ?isCleanupNeeded@?$CacheBinFunctor@U?$LargeObjectCacheProps@$0IAAAAA@$0IBAAAAA@$0IAAAA@$00$00$03@internal@rml@@@internal@rml@@QEBA_NXZ 000000018000a110 f i large_objects.obj
 0001:00009120       ?isCleanupNeededOnRange@LargeObjectCache@internal@rml@@QEAA_N_K0@Z 000000018000a120 f i large_objects.obj
 0001:000091a0       ?isInvalid@BackRefIdx@internal@rml@@QEBA_NXZ 000000018000a1a0 f i large_objects.obj
 0001:000091d0       ?isLOCTooLarge@BinsSummary@?$LargeObjectCacheImpl@U?$LargeObjectCacheProps@$0CAAA@$0IAAAAA@$0CAAA@$01$01$0BA@@internal@rml@@@internal@rml@@QEBA_NXZ 000000018000a1d0 f i large_objects.obj
 0001:00009210       ?isLOCTooLarge@BinsSummary@?$LargeObjectCacheImpl@U?$LargeObjectCacheProps@$0IAAAAA@$0IBAAAAA@$0IAAAA@$00$00$03@internal@rml@@@internal@rml@@QEBA_NXZ 000000018000a210 f i large_objects.obj
 0001:00009250       ?lessThanWithOverflow@internal@rml@@YA_N_J0@Z 000000018000a250 f i large_objects.obj
 0001:000092d0       ?putList@?$LargeObjectCacheImpl@U?$LargeObjectCacheProps@$0CAAA@$0IAAAAA@$0CAAA@$01$01$0BA@@internal@rml@@@internal@rml@@QEAAXPEAUExtMemoryPool@23@PEAULargeMemoryBlock@23@@Z 000000018000a2d0 f i large_objects.obj
 0001:00009360       ?putList@?$LargeObjectCacheImpl@U?$LargeObjectCacheProps@$0IAAAAA@$0IBAAAAA@$0IAAAA@$00$00$03@internal@rml@@@internal@rml@@QEAAXPEAUExtMemoryPool@23@PEAULargeMemoryBlock@23@@Z 000000018000a360 f i large_objects.obj
 0001:000093f0       ?putList@CacheBin@?$LargeObjectCacheImpl@U?$LargeObjectCacheProps@$0CAAA@$0IAAAAA@$0CAAA@$01$01$0BA@@internal@rml@@@internal@rml@@QEAAPEAULargeMemoryBlock@34@PEAU534@0PEAV?$BitMaskMax@$0DPP@@34@HH@Z 000000018000a3f0 f i large_objects.obj
 0001:00009640       ?putList@CacheBin@?$LargeObjectCacheImpl@U?$LargeObjectCacheProps@$0CAAA@$0IAAAAA@$0CAAA@$01$01$0BA@@internal@rml@@@internal@rml@@QEAAXPEAUExtMemoryPool@34@PEAULargeMemoryBlock@34@PEAV?$BitMaskMax@$0DPP@@34@H@Z 000000018000a640 f i large_objects.obj
 0001:00009700       ?putList@CacheBin@?$LargeObjectCacheImpl@U?$LargeObjectCacheProps@$0IAAAAA@$0IBAAAAA@$0IAAAA@$00$00$03@internal@rml@@@internal@rml@@QEAAPEAULargeMemoryBlock@34@PEAU534@0PEAV?$BitMaskMax@$0PC@@34@HH@Z 000000018000a700 f i large_objects.obj
 0001:00009950       ?putList@CacheBin@?$LargeObjectCacheImpl@U?$LargeObjectCacheProps@$0IAAAAA@$0IBAAAAA@$0IAAAA@$00$00$03@internal@rml@@@internal@rml@@QEAAXPEAUExtMemoryPool@34@PEAULargeMemoryBlock@34@PEAV?$BitMaskMax@$0PC@@34@H@Z 000000018000a950 f i large_objects.obj
 0001:00009a10       ?regularCleanup@?$LargeObjectCacheImpl@U?$LargeObjectCacheProps@$0CAAA@$0IAAAAA@$0CAAA@$01$01$0BA@@internal@rml@@@internal@rml@@QEAA_NPEAUExtMemoryPool@23@_K_N@Z 000000018000aa10 f i large_objects.obj
 0001:00009ba0       ?regularCleanup@?$LargeObjectCacheImpl@U?$LargeObjectCacheProps@$0IAAAAA@$0IBAAAAA@$0IAAAA@$00$00$03@internal@rml@@@internal@rml@@QEAA_NPEAUExtMemoryPool@23@_K_N@Z 000000018000aba0 f i large_objects.obj
 0001:00009d20       ?releaseAllToBackend@CacheBin@?$LargeObjectCacheImpl@U?$LargeObjectCacheProps@$0CAAA@$0IAAAAA@$0CAAA@$01$01$0BA@@internal@rml@@@internal@rml@@QEAA_NPEAUExtMemoryPool@34@PEAV?$BitMaskMax@$0DPP@@34@H@Z 000000018000ad20 f i large_objects.obj
 0001:00009e50       ?releaseAllToBackend@CacheBin@?$LargeObjectCacheImpl@U?$LargeObjectCacheProps@$0IAAAAA@$0IBAAAAA@$0IAAAA@$00$00$03@internal@rml@@@internal@rml@@QEAA_NPEAUExtMemoryPool@34@PEAV?$BitMaskMax@$0PC@@34@H@Z 000000018000ae50 f i large_objects.obj
 0001:00009f80       ?reset@BinsSummary@?$LargeObjectCacheImpl@U?$LargeObjectCacheProps@$0CAAA@$0IAAAAA@$0CAAA@$01$01$0BA@@internal@rml@@@internal@rml@@QEAAXXZ 000000018000af80 f i large_objects.obj
 0001:00009fa0       ?reset@BinsSummary@?$LargeObjectCacheImpl@U?$LargeObjectCacheProps@$0IAAAAA@$0IBAAAAA@$0IAAAA@$00$00$03@internal@rml@@@internal@rml@@QEAAXXZ 000000018000afa0 f i large_objects.obj
 0001:00009fc0       ?set@?$BitMaskBasic@$0DPP@@internal@rml@@IEAAX_K_N@Z 000000018000afc0 f i large_objects.obj
 0001:0000a0b0       ?set@?$BitMaskBasic@$0PC@@internal@rml@@IEAAX_K_N@Z 000000018000b0b0 f i large_objects.obj
 0001:0000a1a0       ?set@?$BitMaskMax@$0DPP@@internal@rml@@QEAAX_K_N@Z 000000018000b1a0 f i large_objects.obj
 0001:0000a1e0       ?set@?$BitMaskMax@$0PC@@internal@rml@@QEAAX_K_N@Z 000000018000b1e0 f i large_objects.obj
 0001:0000a220       ?setLastGet@CacheBin@?$LargeObjectCacheImpl@U?$LargeObjectCacheProps@$0CAAA@$0IAAAAA@$0CAAA@$01$01$0BA@@internal@rml@@@internal@rml@@QEAAX_K@Z 000000018000b220 f i large_objects.obj
 0001:0000a240       ?setLastGet@CacheBin@?$LargeObjectCacheImpl@U?$LargeObjectCacheProps@$0IAAAAA@$0IBAAAAA@$0IAAAA@$00$00$03@internal@rml@@@internal@rml@@QEAAX_K@Z 000000018000b240 f i large_objects.obj
 0001:0000a260       ?sizeToIdx@?$LargeObjectCacheImpl@U?$LargeObjectCacheProps@$0CAAA@$0IAAAAA@$0CAAA@$01$01$0BA@@internal@rml@@@internal@rml@@SAH_K@Z 000000018000b260 f i large_objects.obj
 0001:0000a2c0       ?sizeToIdx@?$LargeObjectCacheImpl@U?$LargeObjectCacheProps@$0IAAAAA@$0IBAAAAA@$0IAAAA@$00$00$03@internal@rml@@@internal@rml@@SAH_K@Z 000000018000b2c0 f i large_objects.obj
 0001:0000a320       ?store_with_release@?$machine_load_store@_K$07@internal@tbb@@SAXAEC_K_K@Z 000000018000b320 f i large_objects.obj
 0001:0000a340       ?update@BinsSummary@?$LargeObjectCacheImpl@U?$LargeObjectCacheProps@$0CAAA@$0IAAAAA@$0CAAA@$01$01$0BA@@internal@rml@@@internal@rml@@QEAAX_K0@Z 000000018000b340 f i large_objects.obj
 0001:0000a380       ?update@BinsSummary@?$LargeObjectCacheImpl@U?$LargeObjectCacheProps@$0IAAAAA@$0IBAAAAA@$0IAAAA@$00$00$03@internal@rml@@@internal@rml@@QEAAX_K0@Z 000000018000b380 f i large_objects.obj
 0001:0000a3c0       ?updateAgeThreshold@CacheBin@?$LargeObjectCacheImpl@U?$LargeObjectCacheProps@$0CAAA@$0IAAAAA@$0CAAA@$01$01$0BA@@internal@rml@@@internal@rml@@QEAAX_K@Z 000000018000b3c0 f i large_objects.obj
 0001:0000a400       ?updateAgeThreshold@CacheBin@?$LargeObjectCacheImpl@U?$LargeObjectCacheProps@$0IAAAAA@$0IBAAAAA@$0IAAAA@$00$00$03@internal@rml@@@internal@rml@@QEAAX_K@Z 000000018000b400 f i large_objects.obj
 0001:0000a440       ?updateBinsSummary@CacheBin@?$LargeObjectCacheImpl@U?$LargeObjectCacheProps@$0CAAA@$0IAAAAA@$0CAAA@$01$01$0BA@@internal@rml@@@internal@rml@@QEBAXPEAVBinsSummary@234@@Z 000000018000b440 f i large_objects.obj
 0001:0000a470       ?updateBinsSummary@CacheBin@?$LargeObjectCacheImpl@U?$LargeObjectCacheProps@$0IAAAAA@$0IBAAAAA@$0IAAAA@$00$00$03@internal@rml@@@internal@rml@@QEBAXPEAVBinsSummary@234@@Z 000000018000b470 f i large_objects.obj
 0001:0000a4a0       ?updateCacheState@?$LargeObjectCacheImpl@U?$LargeObjectCacheProps@$0CAAA@$0IAAAAA@$0CAAA@$01$01$0BA@@internal@rml@@@internal@rml@@QEAAXPEAUExtMemoryPool@23@W4DecreaseOrIncrease@23@_K@Z 000000018000b4a0 f i large_objects.obj
 0001:0000a550       ?updateCacheState@?$LargeObjectCacheImpl@U?$LargeObjectCacheProps@$0IAAAAA@$0IBAAAAA@$0IAAAA@$00$00$03@internal@rml@@@internal@rml@@QEAAXPEAUExtMemoryPool@23@W4DecreaseOrIncrease@23@_K@Z 000000018000b550 f i large_objects.obj
 0001:0000a600       ?updateCachedSize@CacheBin@?$LargeObjectCacheImpl@U?$LargeObjectCacheProps@$0CAAA@$0IAAAAA@$0CAAA@$01$01$0BA@@internal@rml@@@internal@rml@@QEAAX_K@Z 000000018000b600 f i large_objects.obj
 0001:0000a630       ?updateCachedSize@CacheBin@?$LargeObjectCacheImpl@U?$LargeObjectCacheProps@$0IAAAAA@$0IBAAAAA@$0IAAAA@$00$00$03@internal@rml@@@internal@rml@@QEAAX_K@Z 000000018000b630 f i large_objects.obj
 0001:0000a660       ?updateMeanHitRange@CacheBin@?$LargeObjectCacheImpl@U?$LargeObjectCacheProps@$0CAAA@$0IAAAAA@$0CAAA@$01$01$0BA@@internal@rml@@@internal@rml@@QEAAX_J@Z 000000018000b660 f i large_objects.obj
 0001:0000a6e0       ?updateMeanHitRange@CacheBin@?$LargeObjectCacheImpl@U?$LargeObjectCacheProps@$0IAAAAA@$0IBAAAAA@$0IAAAA@$00$00$03@internal@rml@@@internal@rml@@QEAAX_J@Z 000000018000b6e0 f i large_objects.obj
 0001:0000a760       ?updateUsedSize@CacheBin@?$LargeObjectCacheImpl@U?$LargeObjectCacheProps@$0CAAA@$0IAAAAA@$0CAAA@$01$01$0BA@@internal@rml@@@internal@rml@@QEAAXPEAUExtMemoryPool@34@_KPEAV?$BitMaskMax@$0DPP@@34@H@Z 000000018000b760 f i large_objects.obj
 0001:0000a7d0       ?updateUsedSize@CacheBin@?$LargeObjectCacheImpl@U?$LargeObjectCacheProps@$0CAAA@$0IAAAAA@$0CAAA@$01$01$0BA@@internal@rml@@@internal@rml@@QEAAX_KPEAV?$BitMaskMax@$0DPP@@34@H@Z 000000018000b7d0 f i large_objects.obj
 0001:0000a860       ?updateUsedSize@CacheBin@?$LargeObjectCacheImpl@U?$LargeObjectCacheProps@$0IAAAAA@$0IBAAAAA@$0IAAAA@$00$00$03@internal@rml@@@internal@rml@@QEAAXPEAUExtMemoryPool@34@_KPEAV?$BitMaskMax@$0PC@@34@H@Z 000000018000b860 f i large_objects.obj
 0001:0000a8d0       ?updateUsedSize@CacheBin@?$LargeObjectCacheImpl@U?$LargeObjectCacheProps@$0IAAAAA@$0IBAAAAA@$0IAAAA@$00$00$03@internal@rml@@@internal@rml@@QEAAX_KPEAV?$BitMaskMax@$0PC@@34@H@Z 000000018000b8d0 f i large_objects.obj
 0001:0000a9d0       ?newBackRef@BackRefIdx@internal@rml@@SA?AV123@_N@Z 000000018000b9d0 f   backref.obj
 0001:0000aca0       ?initBackRefMaster@internal@rml@@YA_NPEAVBackend@12@@Z 000000018000bca0 f   backref.obj
 0001:0000add0       ?destroyBackRefMaster@internal@rml@@YAXPEAVBackend@12@@Z 000000018000bdd0 f   backref.obj
 0001:0000ae60       ?removeBackRef@internal@rml@@YAXVBackRefIdx@12@@Z 000000018000be60 f   backref.obj
 0001:0000b080       ?setBackRef@internal@rml@@YAXVBackRefIdx@12@PEAX@Z 000000018000c080 f   backref.obj
 0001:0000b120       ?getBackRef@internal@rml@@YAPEAXVBackRefIdx@12@@Z 000000018000c120 f   backref.obj
 0001:0000b1c0       ?findFreeBlock@BackRefMaster@internal@rml@@QEAAPEAUBackRefBlock@23@XZ 000000018000c1c0 f   backref.obj
 0001:0000b2d0       ?addToForUseList@BackRefMaster@internal@rml@@QEAAXPEAUBackRefBlock@23@@Z 000000018000c2d0 f   backref.obj
 0001:0000b310       ?initEmptyBackRefBlock@BackRefMaster@internal@rml@@QEAAXPEAUBackRefBlock@23@@Z 000000018000c310 f   backref.obj
 0001:0000b3c0       ?requestNewSpace@BackRefMaster@internal@rml@@QEAA_NXZ 000000018000c3c0 f   backref.obj
 0001:0000b620       ??0BackRefBlock@internal@rml@@QEAA@PEBU012@_J@Z 000000018000c620 f i backref.obj
 0001:0000b700       ??0BackRefIdx@internal@rml@@QEAA@XZ 000000018000c700 f i backref.obj
 0001:0000b750       ??0MallocMutex@@QEAA@XZ    000000018000c750 f i backref.obj
 0001:0000b770       ?getMaster@BackRefIdx@internal@rml@@QEBAIXZ 000000018000c770 f i backref.obj
 0001:0000b780       ?getOffset@BackRefIdx@internal@rml@@QEBAGXZ 000000018000c780 f i backref.obj
 0001:0000b7a0       ?zeroSet@BackRefBlock@internal@rml@@QEAAXXZ 000000018000c7a0 f i backref.obj
 0001:0000b7d0       ?set_assertion_handler@internal@rml@@YAP6AXPEBDH00@ZP6AX0H00@Z@Z 000000018000c7d0 f   tbbmalloc.obj
 0001:0000b800       ?assertion_failure@internal@rml@@YAXPEBDH00@Z 000000018000c800 f   tbbmalloc.obj
 0001:0000b920       ?init_tbbmalloc@internal@rml@@YAXXZ 000000018000c920 f   tbbmalloc.obj
 0001:0000b9a0       DllMain                    000000018000c9a0 f   tbbmalloc.obj
 0001:0000b9f0       __local_stdio_printf_options 000000018000c9f0 f i tbbmalloc.obj
 0001:0000ba00       _vfprintf_l                000000018000ca00 f i tbbmalloc.obj
 0001:0000ba50       fprintf                    000000018000ca50 f i tbbmalloc.obj
 0001:0000baa0       __itt_set_error_handler    000000018000caa0 f   itt_notify.obj
 0001:0000bad0       __itt_fini_ittlib          000000018000cad0 f   itt_notify.obj
 0001:0000fe40       __itt_init_ittlib          0000000180010e40 f   itt_notify.obj
 0001:00010240       ?__TBB_load_ittnotify@internal@tbb@@YAHXZ 0000000180011240 f   itt_notify.obj
 0001:00010260       ?__itt_interlocked_increment@@YAJPECJ@Z 0000000180011260 f i itt_notify.obj
 0001:000103c0       scalable_malloc            00000001800113c0 f   frontend.obj
 0001:00010400       scalable_calloc            0000000180011400 f   frontend.obj
 0001:000104c0       scalable_free              00000001800114c0 f   frontend.obj
 0001:000104e0       scalable_realloc           00000001800114e0 f   frontend.obj
 0001:00010570       scalable_aligned_malloc    0000000180011570 f   frontend.obj
 0001:000105f0       scalable_aligned_realloc   00000001800115f0 f   frontend.obj
 0001:000106b0       scalable_posix_memalign    00000001800116b0 f   frontend.obj
 0001:00010730       scalable_msize             0000000180011730 f   frontend.obj
 0001:000107a0       __TBB_malloc_safer_free    00000001800117a0 f   frontend.obj
 0001:00010870       __TBB_malloc_safer_realloc 0000000180011870 f   frontend.obj
 0001:000109e0       __TBB_malloc_safer_aligned_realloc 00000001800119e0 f   frontend.obj
 0001:00010ba0       __TBB_malloc_safer_msize   0000000180011ba0 f   frontend.obj
 0001:00010c20       __TBB_malloc_safer_aligned_msize 0000000180011c20 f   frontend.obj
 0001:00010cb0       scalable_aligned_free      0000000180011cb0 f   frontend.obj
 0001:00010cd0       scalable_allocation_mode   0000000180011cd0 f   frontend.obj
 0001:00010d20       scalable_allocation_command 0000000180011d20 f   frontend.obj
 0001:00010e00       ?pool_create_v1@rml@@YA?AW4MemPoolError@1@_JPEBUMemPoolPolicy@1@PEAPEAVMemoryPool@1@@Z 0000000180011e00 f   frontend.obj
 0001:00010f50       ?pool_destroy@rml@@YA_NPEAVMemoryPool@1@@Z 0000000180011f50 f   frontend.obj
 0001:00010f90       ?pool_malloc@rml@@YAPEAXPEAVMemoryPool@1@_K@Z 0000000180011f90 f   frontend.obj
 0001:00010fc0       ?pool_realloc@rml@@YAPEAXPEAVMemoryPool@1@PEAX_K@Z 0000000180011fc0 f   frontend.obj
 0001:00011030       ?pool_aligned_malloc@rml@@YAPEAXPEAVMemoryPool@1@_K1@Z 0000000180012030 f   frontend.obj
 0001:00011080       ?pool_aligned_realloc@rml@@YAPEAXPEAVMemoryPool@1@PEAX_K2@Z 0000000180012080 f   frontend.obj
 0001:00011130       ?pool_reset@rml@@YA_NPEAVMemoryPool@1@@Z 0000000180012130 f   frontend.obj
 0001:00011160       ?pool_free@rml@@YA_NPEAVMemoryPool@1@PEAX@Z 0000000180012160 f   frontend.obj
 0001:00011190       ?pool_identify@rml@@YAPEAVMemoryPool@1@PEAX@Z 0000000180012190 f   frontend.obj
 0001:00011230       ?pool_msize@rml@@YA_KPEAVMemoryPool@1@PEAX@Z 0000000180012230 f   frontend.obj
 0001:000112a0       __TBB_mallocProcessShutdownNotification 00000001800122a0 f   frontend.obj
 0001:000112f0       __TBB_mallocThreadShutdownNotification 00000001800122f0 f   frontend.obj
 0001:00011320       ?init@TLSKey@internal@rml@@QEAA_NXZ 0000000180012320 f   frontend.obj
 0001:00011360       ?destroy@TLSKey@internal@rml@@QEAA_NXZ 0000000180012360 f   frontend.obj
 0001:000113f0       ?createTLS@TLSKey@internal@rml@@QEAAPEAVTLSData@23@PEAVMemoryPool@23@PEAVBackend@23@@Z 00000001800123f0 f   frontend.obj
 0001:000114f0       ?registerThread@AllLocalCaches@internal@rml@@QEAAXPEAUTLSRemote@23@@Z 00000001800124f0 f   frontend.obj
 0001:000115e0       ?unregisterThread@AllLocalCaches@internal@rml@@QEAAXPEAUTLSRemote@23@@Z 00000001800125e0 f   frontend.obj
 0001:000116f0       ?cleanup@AllLocalCaches@internal@rml@@QEAA_NPEAUExtMemoryPool@23@_N@Z 00000001800126f0 f   frontend.obj
 0001:000117a0       ?markUnused@AllLocalCaches@internal@rml@@QEAAXXZ 00000001800127a0 f   frontend.obj
 0001:00011830       ?get@OrphanedBlocks@internal@rml@@QEAAPEAVBlock@23@PEAVTLSData@23@I@Z 0000000180012830 f   frontend.obj
 0001:000118d0       ?put@OrphanedBlocks@internal@rml@@QEAAX_JPEAVBlock@23@@Z 00000001800128d0 f   frontend.obj
 0001:00011960       ?reset@OrphanedBlocks@internal@rml@@QEAAXXZ 0000000180012960 f   frontend.obj
 0001:000119c0       ?cleanup@OrphanedBlocks@internal@rml@@QEAA_NPEAVBackend@23@@Z 00000001800129c0 f   frontend.obj
 0001:00011b80       ?initReadEnv@AllocControlledMode@internal@rml@@QEAAXPEBD_J@Z 0000000180012b80 f   frontend.obj
 0001:00011c00       ?init@ExtMemoryPool@internal@rml@@QEAA_N_JP6APEAX0AEA_K@ZP6AH0PEAX_K@Z4_N6@Z 0000000180012c00 f   frontend.obj
 0001:00011d10       ?initTLS@ExtMemoryPool@internal@rml@@QEAA_NXZ 0000000180012d10 f   frontend.obj
 0001:00011d40       ?releaseAllLocalCaches@ExtMemoryPool@internal@rml@@QEAA_NXZ 0000000180012d40 f   frontend.obj
 0001:00011dd0       ?isMallocInitializedExt@internal@rml@@YA_NXZ 0000000180012dd0 f   frontend.obj
 0001:00011ed0       ?allocate@BootStrapBlocks@internal@rml@@QEAAPEAXPEAVMemoryPool@23@_K@Z 0000000180012ed0 f   frontend.obj
 0001:00012080       ?free@BootStrapBlocks@internal@rml@@QEAAXPEAX@Z 0000000180013080 f   frontend.obj
 0001:00012100       ?reset@BootStrapBlocks@internal@rml@@QEAAXXZ 0000000180013100 f   frontend.obj
 0001:00012140       ?initDefaultPool@MemoryPool@internal@rml@@SAXXZ 0000000180013140 f   frontend.obj
 0001:00012160       ?init@MemoryPool@internal@rml@@QEAA_N_JPEBUMemPoolPolicy@3@@Z 0000000180013160 f   frontend.obj
 0001:00012290       ?reset@MemoryPool@internal@rml@@QEAA_NXZ 0000000180013290 f   frontend.obj
 0001:00012370       ?destroy@MemoryPool@internal@rml@@QEAA_NXZ 0000000180013370 f   frontend.obj
 0001:00012480       ?onThreadShutdown@MemoryPool@internal@rml@@QEAAXPEAVTLSData@23@@Z 0000000180013480 f   frontend.obj
 0001:000124e0       ?getEmptyBlock@MemoryPool@internal@rml@@QEAAPEAVBlock@23@_K@Z 00000001800134e0 f   frontend.obj
 0001:00012870       ?returnEmptyBlock@MemoryPool@internal@rml@@QEAAXPEAVBlock@23@_N@Z 0000000180013870 f   frontend.obj
 0001:00012910       ?getFromLLOCache@MemoryPool@internal@rml@@QEAAPEAXPEAVTLSData@23@_K1@Z 0000000180013910 f   frontend.obj
 0001:00012c80       ?putToLLOCache@MemoryPool@internal@rml@@QEAAXPEAVTLSData@23@PEAX@Z 0000000180013c80 f   frontend.obj
 0001:00012d20       ?freePublicObject@Block@internal@rml@@QEAAXPEAUFreeObject@23@@Z 0000000180013d20 f   frontend.obj
 0001:00012e40       ?reset@Block@internal@rml@@QEAAXXZ 0000000180013e40 f   frontend.obj
 0001:00012f00       ?privatizePublicFreeList@Block@internal@rml@@QEAAX_N@Z 0000000180013f00 f   frontend.obj
 0001:00013140       ?restoreBumpPtr@Block@internal@rml@@QEAAXXZ 0000000180014140 f   frontend.obj
 0001:000131e0       ?privatizeOrphaned@Block@internal@rml@@QEAAXPEAVTLSData@23@I@Z 00000001800141e0 f   frontend.obj
 0001:00013310       ?shareOrphaned@Block@internal@rml@@QEAAX_JI@Z 0000000180014310 f   frontend.obj
 0001:00013450       ?initEmptyBlock@Block@internal@rml@@QEAAXPEAVTLSData@23@_K@Z 0000000180014450 f   frontend.obj
 0001:00013510       ?findObjectSize@Block@internal@rml@@QEBA_KPEAX@Z 0000000180014510 f   frontend.obj
 0001:000135a0       ?cleanBlockHeader@Block@internal@rml@@IEAAXXZ 00000001800145a0 f   frontend.obj
 0001:00013640       ?getPublicFreeListBlock@Bin@internal@rml@@QEAAPEAVBlock@23@XZ 0000000180014640 f   frontend.obj
 0001:00013800       ?moveBlockToFront@Bin@internal@rml@@QEAAXPEAVBlock@23@@Z 0000000180014800 f   frontend.obj
 0001:00013850       ?processLessUsedBlock@Bin@internal@rml@@QEAAXPEAVMemoryPool@23@PEAVBlock@23@@Z 0000000180014850 f   frontend.obj
 0001:000138b0       ?outofTLSBin@Bin@internal@rml@@QEAAXPEAVBlock@23@@Z 00000001800148b0 f   frontend.obj
 0001:00013a80       ?verifyTLSBin@Bin@internal@rml@@QEBAX_K@Z 0000000180014a80 f   frontend.obj
 0001:00013b20       ?pushTLSBin@Bin@internal@rml@@QEAAXPEAVBlock@23@@Z 0000000180014b20 f   frontend.obj
 0001:00013cb0       ?getBlock@FreeBlockPool@internal@rml@@QEAA?AVResOfGet@123@XZ 0000000180014cb0 f   frontend.obj
 0001:00013d50       ?returnBlock@FreeBlockPool@internal@rml@@QEAAXPEAVBlock@23@@Z 0000000180014d50 f   frontend.obj
 0001:00013ed0       ?externalCleanup@FreeBlockPool@internal@rml@@QEAA_NXZ 0000000180014ed0 f   frontend.obj
 0001:00013f70       ?release@TLSData@internal@rml@@QEAAXPEAVMemoryPool@23@@Z 0000000180014f70 f   frontend.obj
 0001:00014120       ?cleanUnusedActiveBlocks@TLSData@internal@rml@@QEAA_NPEAVBackend@23@_N@Z 0000000180015120 f   frontend.obj
 0001:00014670       ??$getSmallObjectIndex@$0A@@internal@rml@@YAII@Z 0000000180015670 f   frontend.obj
 0001:00014ac0       MallocInitializeITT        0000000180015ac0 f   frontend.obj
 0001:000155c0       ?pool_create@rml@@YAPEAVMemoryPool@1@_JPEBUMemPoolPolicy@1@@Z 00000001800165c0 f   frontend.obj
 0001:00015620       ?doThreadShutdownNotification@@YAXPEAVTLSData@internal@rml@@_N@Z 0000000180016620 f   frontend.obj
 0001:00015720       ??$isLargeObject@$00@internal@rml@@YA_NPEAX@Z 0000000180016720 f i frontend.obj
 0001:00015800       ??$isLargeObject@$0A@@internal@rml@@YA_NPEAX@Z 0000000180016800 f i frontend.obj
 0001:000158e0       ??$is_aligned@$$CBX@internal@tbb@@YA_NPEBX_K@Z 00000001800168e0 f i frontend.obj
 0001:00015920       ??$is_aligned@UFreeObject@internal@rml@@@internal@tbb@@YA_NPEAUFreeObject@0rml@@_K@Z 0000000180016920 f i frontend.obj
 0001:00015960       ??$is_aligned@VBlockI@internal@rml@@@internal@tbb@@YA_NPEAVBlockI@0rml@@_K@Z 0000000180016960 f i frontend.obj
 0001:000159a0       ??$is_aligned@VMemoryPool@internal@rml@@@internal@tbb@@YA_NPEAVMemoryPool@0rml@@_K@Z 00000001800169a0 f i frontend.obj
 0001:000159e0       ??$is_aligned@X@internal@tbb@@YA_NPEAX_K@Z 00000001800169e0 f i frontend.obj
 0001:00015a20       ??$is_power_of_two@_K@internal@tbb@@YA_N_K@Z 0000000180016a20 f i frontend.obj
 0001:00015a70       ??$is_power_of_two_at_least@_K_K@internal@tbb@@YA_N_K0@Z 0000000180016a70 f i frontend.obj
 0001:00015af0       ??$releaseAll@$00@AllLargeBlocksList@internal@rml@@QEAAXPEAVBackend@12@@Z 0000000180016af0 f i frontend.obj
 0001:00015b90       ??$releaseAll@$0A@@AllLargeBlocksList@internal@rml@@QEAAXPEAVBackend@12@@Z 0000000180016b90 f i frontend.obj
 0001:00015c30       ??$suppress_unused_warning@PEAVTLSData@internal@rml@@@internal@rml@@YAXAEBQEAVTLSData@01@@Z 0000000180016c30 f i frontend.obj
 0001:00015c40       ??0Bin@internal@rml@@QEAA@XZ 0000000180016c40 f i frontend.obj
 0001:00015c70       ??0FreeBlockPool@internal@rml@@QEAA@PEAVBackend@12@@Z 0000000180016c70 f i frontend.obj
 0001:00015c90       ??0HugePagesStatus@internal@rml@@QEAA@XZ 0000000180016c90 f i frontend.obj
 0001:00015cc0       ??0LifoList@internal@rml@@QEAA@XZ 0000000180016cc0 f i frontend.obj
 0001:00015d10       ??0MemPoolPolicy@rml@@QEAA@P6APEAX_JAEA_K@ZP6AH0PEAX_K@Z4_N6@Z 0000000180016d10 f i frontend.obj
 0001:00015dc0       ??0RecursiveMallocCallProtector@internal@rml@@QEAA@XZ 0000000180016dc0 f i frontend.obj
 0001:00015dd0       ??0ResOfGet@FreeBlockPool@internal@rml@@QEAA@PEAVBlock@23@_N@Z 0000000180016dd0 f i frontend.obj
 0001:00015e00       ??0TLSData@internal@rml@@QEAA@PEAVMemoryPool@12@PEAVBackend@12@@Z 0000000180016e00 f i frontend.obj
 0001:00015e70       ??0ThreadId@internal@rml@@QEAA@XZ 0000000180016e70 f i frontend.obj
 0001:00015e90       ??1RecursiveMallocCallProtector@internal@rml@@QEAA@XZ 0000000180016e90 f i frontend.obj
 0001:00015ea0       ??_H@YAXPEAX_K1P6APEAX0@Z@Z 0000000180016ea0 f i frontend.obj
 0001:00015f00       ?AtomicFetchStore@@YA_KPECX_K@Z 0000000180016f00 f i frontend.obj
 0001:00015f30       ?activeBlockUnused@Bin@internal@rml@@QEBA_NXZ 0000000180016f30 f i frontend.obj
 0001:00015f70       ?alignToBin@LargeObjectCache@internal@rml@@SA_K_K@Z 0000000180016f70 f i frontend.obj
 0001:00015fc0       ?allocate@Block@internal@rml@@QEAAPEAUFreeObject@23@XZ 0000000180016fc0 f i frontend.obj
 0001:000160a0       ?allocateFromBumpPtr@Block@internal@rml@@AEAAPEAUFreeObject@23@XZ 00000001800170a0 f i frontend.obj
 0001:00016170       ?allocateFromFreeList@Block@internal@rml@@QEAAPEAUFreeObject@23@XZ 0000000180017170 f i frontend.obj
 0001:00016240       ?checkFreePrecond@Block@internal@rml@@QEBAXPEBX@Z 0000000180017240 f i frontend.obj
 0001:00016450       ?clearTLS@MemoryPool@internal@rml@@QEAAXXZ 0000000180017450 f i frontend.obj
 0001:00016480       ?delayRegionsReleasing@ExtMemoryPool@internal@rml@@QEAAX_N@Z 0000000180017480 f i frontend.obj
 0001:000164a0       ?destroy@ExtMemoryPool@internal@rml@@QEAA_NXZ 00000001800174a0 f i frontend.obj
 0001:00016590       ?doPrintStatus@HugePagesStatus@internal@rml@@CAX_NPEBD@Z 0000000180017590 f i frontend.obj
 0001:00016620       ?do_yield@@YAXXZ           0000000180017620 f i frontend.obj
 0001:00016630       ?empty@Block@internal@rml@@QEBA_NXZ 0000000180017630 f i frontend.obj
 0001:00016680       ?emptyEnoughToUse@Block@internal@rml@@QEAA_NXZ 0000000180017680 f i frontend.obj
 0001:00016720       ?externalCleanup@?$LocalLOCImpl@$07$0CA@@internal@rml@@QEAA_NPEAUExtMemoryPool@23@@Z 0000000180017720 f i frontend.obj
 0001:00016770       ?externalCleanup@TLSData@internal@rml@@QEAA_NPEAUExtMemoryPool@23@_N@Z 0000000180017770 f i frontend.obj
 0001:000167e0       ?findAllocatedObject@Block@internal@rml@@AEBAPEAUFreeObject@23@PEBX@Z 00000001800177e0 f i frontend.obj
 0001:00016890       ?findObjectToFree@Block@internal@rml@@QEBAPEAUFreeObject@23@PEBX@Z 0000000180017890 f i frontend.obj
 0001:00016960       ?freeListNonNull@Block@internal@rml@@QEAA_NXZ 0000000180017960 f i frontend.obj
 0001:00016990       ?freeOwnObject@Block@internal@rml@@QEAAXPEAX@Z 0000000180017990 f i frontend.obj
 0001:00016b00       ?get@?$LocalLOCImpl@$07$0CA@@internal@rml@@QEAAPEAULargeMemoryBlock@23@_K@Z 0000000180017b00 f i frontend.obj
 0001:00016c60       ?getActiveBlock@Bin@internal@rml@@QEBAPEAVBlock@23@XZ 0000000180017c60 f i frontend.obj
 0001:00016c70       ?getAllocationBin@TLSData@internal@rml@@QEAAPEAVBin@23@_K@Z 0000000180017c70 f i frontend.obj
 0001:00016ca0       ?getBackRefIdx@Block@internal@rml@@QEBAPEBVBackRefIdx@23@XZ 0000000180017ca0 f i frontend.obj
 0001:00016cb0       ?getMemPool@Block@internal@rml@@QEBAPEAVMemoryPool@23@XZ 0000000180017cb0 f i frontend.obj
 0001:00016cc0       ?getSize@Block@internal@rml@@QEBAIXZ 0000000180017cc0 f i frontend.obj
 0001:00016d40       ?getSlabBlock@Backend@internal@rml@@QEAAPEAVBlockI@23@H@Z 0000000180017d40 f i frontend.obj
 0001:00016db0       ?getTLS@MemoryPool@internal@rml@@QEAAPEAVTLSData@23@_N@Z 0000000180017db0 f i frontend.obj
 0001:00016e20       ?getThreadMallocTLS@TLSKey@internal@rml@@QEBAPEAVTLSData@23@XZ 0000000180017e20 f i frontend.obj
 0001:00016e40       ?grab@LifoList@internal@rml@@QEAAPEAVBlock@23@XZ 0000000180017e40 f i frontend.obj
 0001:00016ea0       ?inRange@UsedAddressRange@Backend@internal@rml@@QEBA_NPEAX@Z 0000000180017ea0 f i frontend.obj
 0001:00016ef0       ?init@CacheBin@?$LargeObjectCacheImpl@U?$LargeObjectCacheProps@$0CAAA@$0IAAAAA@$0CAAA@$01$01$0BA@@internal@rml@@@internal@rml@@QEAAXXZ 0000000180017ef0 f i frontend.obj
 0001:00016f10       ?init@CacheBin@?$LargeObjectCacheImpl@U?$LargeObjectCacheProps@$0IAAAAA@$0IBAAAAA@$0IAAAA@$00$00$03@internal@rml@@@internal@rml@@QEAAXXZ 0000000180017f10 f i frontend.obj
 0001:00016f30       ?init@HugePagesStatus@internal@rml@@QEAAXXZ 0000000180017f30 f i frontend.obj
 0001:00016fe0       ?init@LargeObjectCache@internal@rml@@QEAAXPEAUExtMemoryPool@23@@Z 0000000180017fe0 f i frontend.obj
 0001:00017000       ?init@ShutdownSync@internal@rml@@QEAAXXZ 0000000180018000 f i frontend.obj
 0001:00017010       ?init@ThreadId@internal@rml@@SA_NXZ 0000000180018010 f i frontend.obj
 0001:00017020       ?isCurrentThreadId@ThreadId@internal@rml@@QEBA_NXZ 0000000180018020 f i frontend.obj
 0001:00017060       ?isLargeObject@BackRefIdx@internal@rml@@QEBA_NXZ 0000000180018060 f i frontend.obj
 0001:00017080       ?isMallocInitialized@internal@rml@@YA_NXZ 0000000180018080 f i frontend.obj
 0001:000170c0       ?isNotForUse@internal@rml@@YA_NPEAX@Z 00000001800180c0 f i frontend.obj
 0001:000170f0       ?isOwnedByCurrentThread@Block@internal@rml@@QEBA_NXZ 00000001800180f0 f i frontend.obj
 0001:00017140       ?isPoolValid@ExtMemoryPool@internal@rml@@QEBA_NXZ 0000000180018140 f i frontend.obj
 0001:00017170       ?isProperlyPlaced@Block@internal@rml@@AEBA_NPEBX@Z 0000000180018170 f i frontend.obj
 0001:000171c0       ?isSolidPtr@internal@rml@@YA_NPEAX@Z 00000001800181c0 f i frontend.obj
 0001:00017200       ?isStartupAllocObject@Block@internal@rml@@QEBA_NXZ 0000000180018200 f i frontend.obj
 0001:00017240       ?markOrphaned@Block@internal@rml@@AEAAXXZ 0000000180018240 f i frontend.obj
 0001:00017290       ?markOwned@Block@internal@rml@@AEAAXPEAVTLSData@23@@Z 0000000180018290 f i frontend.obj
 0001:000172f0       ?markUnused@TLSData@internal@rml@@QEAAXXZ 00000001800182f0 f i frontend.obj
 0001:00017310       ?markUsed@TLSData@internal@rml@@QEAAXXZ 0000000180018310 f i frontend.obj
 0001:00017330       ?parseSystemMemInfo@HugePagesStatus@internal@rml@@AEAAXXZ 0000000180018330 f i frontend.obj
 0001:000173b0       ?pop@LifoList@internal@rml@@QEAAPEAVBlock@23@XZ 00000001800183b0 f i frontend.obj
 0001:00017420       ?printStatus@HugePagesStatus@internal@rml@@QEAAXXZ 0000000180018420 f i frontend.obj
 0001:000174b0       ?processExit@ShutdownSync@internal@rml@@QEAAXXZ 00000001800184b0 f i frontend.obj
 0001:000174c0       ?ptrCanBeValid@Backend@internal@rml@@QEBA_NPEAX@Z 00000001800184c0 f i frontend.obj
 0001:000174f0       ?push@LifoList@internal@rml@@QEAAXPEAVBlock@23@@Z 00000001800184f0 f i frontend.obj
 0001:00017550       ?put@?$LocalLOCImpl@$07$0CA@@internal@rml@@QEAA_NPEAULargeMemoryBlock@23@PEAUExtMemoryPool@23@@Z 0000000180018550 f i frontend.obj
 0001:00017700       ?putSlabBlock@Backend@internal@rml@@QEAAXPEAVBlockI@23@@Z 0000000180018700 f i frontend.obj
 0001:00017730       ?reset@?$BitMaskBasic@$0DPP@@internal@rml@@QEAAXXZ 0000000180018730 f i frontend.obj
 0001:00017770       ?reset@?$BitMaskBasic@$0PC@@internal@rml@@QEAAXXZ 0000000180018770 f i frontend.obj
 0001:000177b0       ?reset@?$LargeObjectCacheImpl@U?$LargeObjectCacheProps@$0CAAA@$0IAAAAA@$0CAAA@$01$01$0BA@@internal@rml@@@internal@rml@@QEAAXXZ 00000001800187b0 f i frontend.obj
 0001:00017820       ?reset@?$LargeObjectCacheImpl@U?$LargeObjectCacheProps@$0IAAAAA@$0IBAAAAA@$0IAAAA@$00$00$03@internal@rml@@@internal@rml@@QEAAXXZ 0000000180018820 f i frontend.obj
 0001:00017890       ?reset@AllLocalCaches@internal@rml@@QEAAXXZ 0000000180018890 f i frontend.obj
 0001:000178b0       ?reset@ExtMemoryPool@internal@rml@@QEAA_NXZ 00000001800188b0 f i frontend.obj
 0001:00017920       ?reset@LargeObjectCache@internal@rml@@QEAAXXZ 0000000180018920 f i frontend.obj
 0001:00017950       ?resetActiveBlock@Bin@internal@rml@@QEAAXXZ 0000000180018950 f i frontend.obj
 0001:00017970       ?setActiveBlock@Bin@internal@rml@@QEAAXPEAVBlock@23@@Z 0000000180018970 f i frontend.obj
 0001:000179c0       ?setPreviousBlockActive@Bin@internal@rml@@QEAAPEAVBlock@23@XZ 00000001800189c0 f i frontend.obj
 0001:00017a50       ?setRecommendedMaxSize@Backend@internal@rml@@QEAAX_K@Z 0000000180018a50 f i frontend.obj
 0001:00017a80       ?setThreadMallocTLS@TLSKey@internal@rml@@QEAAXPEAVTLSData@23@@Z 0000000180018a80 f i frontend.obj
 0001:00017ac0       ?verifyInitState@Bin@internal@rml@@QEBAXXZ 0000000180018ac0 f i frontend.obj
 0001:00017b1f       SwitchToThread             0000000180018b1f f   kernel32:KERNEL32.dll
 0001:00017b25       VirtualAlloc               0000000180018b25 f   kernel32:KERNEL32.dll
 0001:00017b2b       VirtualFree                0000000180018b2b f   kernel32:KERNEL32.dll
 0001:00017b31       SetErrorMode               0000000180018b31 f   kernel32:KERNEL32.dll
 0001:00017b37       GetModuleHandleExA         0000000180018b37 f   kernel32:KERNEL32.dll
 0001:00017b3d       GetEnvironmentVariableA    0000000180018b3d f   kernel32:KERNEL32.dll
 0001:00017b43       GetLastError               0000000180018b43 f   kernel32:KERNEL32.dll
 0001:00017b49       InitializeCriticalSection  0000000180018b49 f   kernel32:KERNEL32.dll
 0001:00017b4f       EnterCriticalSection       0000000180018b4f f   kernel32:KERNEL32.dll
 0001:00017b55       LeaveCriticalSection       0000000180018b55 f   kernel32:KERNEL32.dll
 0001:00017b5b       GetCurrentThreadId         0000000180018b5b f   kernel32:KERNEL32.dll
 0001:00017b61       GetProcAddress             0000000180018b61 f   kernel32:KERNEL32.dll
 0001:00017b67       lstrcmpA                   0000000180018b67 f   kernel32:KERNEL32.dll
 0001:00017b6d       LoadLibraryA               0000000180018b6d f   kernel32:KERNEL32.dll
 0001:00017b73       TlsAlloc                   0000000180018b73 f   kernel32:KERNEL32.dll
 0001:00017b79       TlsGetValue                0000000180018b79 f   kernel32:KERNEL32.dll
 0001:00017b7f       TlsSetValue                0000000180018b7f f   kernel32:KERNEL32.dll
 0001:00017b85       TlsFree                    0000000180018b85 f   kernel32:KERNEL32.dll
 0001:00017b90       __raise_securityfailure    0000000180018b90 f   MSVCRTD:gs_report.obj
 0001:00017bd0       __report_gsfailure         0000000180018bd0 f   MSVCRTD:gs_report.obj
 0001:00017cb0       __report_rangecheckfailure 0000000180018cb0 f   MSVCRTD:gs_report.obj
 0001:00017cd0       __report_securityfailure   0000000180018cd0 f   MSVCRTD:gs_report.obj
 0001:00017d70       __report_securityfailureEx 0000000180018d70 f   MSVCRTD:gs_report.obj
 0001:00017fe0       __GSHandlerCheck           0000000180018fe0 f   MSVCRTD:gshandler.obj
 0001:00018020       __GSHandlerCheckCommon     0000000180019020 f   MSVCRTD:gshandler.obj
 0001:00018130       __security_check_cookie    0000000180019130 f   MSVCRTD:amdsecgs.obj
 0001:00018550       _CRT_INIT                  0000000180019550 f   MSVCRTD:dll_dllmain.obj
 0001:00018580       _DllMainCRTStartup         0000000180019580 f   MSVCRTD:dll_dllmain.obj
 0001:00018680       __security_init_cookie     0000000180019680 f   MSVCRTD:gs_support.obj
 0001:00018700       ?__scrt_initialize_type_info@@YAXXZ 0000000180019700 f   MSVCRTD:tncleanup.obj
 0001:00018720       ?__scrt_uninitialize_type_info@@YAXXZ 0000000180019720 f   MSVCRTD:tncleanup.obj
 0001:00018740       __local_stdio_scanf_options 0000000180019740 f i MSVCRTD:default_local_stdio_options.obj
 0001:00018750       __scrt_initialize_default_local_stdio_options 0000000180019750 f   MSVCRTD:default_local_stdio_options.obj
 0001:000187a0       ??$__crt_fast_decode_pointer@PEAP6AXXZ@@YAPEAP6AXXZQEAP6AXXZ@Z 00000001800197a0 f i MSVCRTD:utility.obj
 0001:000187e0       ??$__crt_fast_encode_pointer@PEAP6AXXZ@@YAPEAP6AXXZQEAP6AXXZ@Z 00000001800197e0 f i MSVCRTD:utility.obj
 0001:00018820       ?__crt_rotate_pointer_value@@YA_K_KH@Z 0000000180019820 f i MSVCRTD:utility.obj
 0001:00018840       ?configure_argv@__scrt_narrow_argv_policy@@SAHXZ 0000000180019840 f i MSVCRTD:utility.obj
 0001:00018930       ?initialize_environment@__scrt_narrow_environment_policy@@SAHXZ 0000000180019930 f i MSVCRTD:utility.obj
 0001:000189d0       NtCurrentTeb               00000001800199d0 f i MSVCRTD:utility.obj
 0001:000189e0       __scrt_acquire_startup_lock 00000001800199e0 f   MSVCRTD:utility.obj
 0001:00018a50       __scrt_dllmain_after_initialize_c 0000000180019a50 f   MSVCRTD:utility.obj
 0001:00018a80       __scrt_dllmain_before_initialize_c 0000000180019a80 f   MSVCRTD:utility.obj
 0001:00018aa0       __scrt_dllmain_crt_thread_attach 0000000180019aa0 f   MSVCRTD:utility.obj
 0001:00018ad0       __scrt_dllmain_crt_thread_detach 0000000180019ad0 f   MSVCRTD:utility.obj
 0001:00018af0       __scrt_dllmain_exception_filter 0000000180019af0 f   MSVCRTD:utility.obj
 0001:00018b50       __scrt_dllmain_uninitialize_c 0000000180019b50 f   MSVCRTD:utility.obj
 0001:00018b80       __scrt_dllmain_uninitialize_critical 0000000180019b80 f   MSVCRTD:utility.obj
 0001:00018ba0       __scrt_initialize_crt      0000000180019ba0 f   MSVCRTD:utility.obj
 0001:00018bf0       __scrt_initialize_onexit_tables 0000000180019bf0 f   MSVCRTD:utility.obj
 0001:00018d00       __scrt_is_nonwritable_in_current_image 0000000180019d00 f   MSVCRTD:utility.obj
 0001:00018d90       __scrt_release_startup_lock 0000000180019d90 f   MSVCRTD:utility.obj
 0001:00018dc0       __scrt_uninitialize_crt    0000000180019dc0 f   MSVCRTD:utility.obj
 0001:00018e00       _onexit                    0000000180019e00 f   MSVCRTD:utility.obj
 0001:00018e90       at_quick_exit              0000000180019e90 f   MSVCRTD:utility.obj
 0001:00018ee0       atexit                     0000000180019ee0 f   MSVCRTD:utility.obj
 0001:00018f20       __scrt_get_dyn_tls_init_callback 0000000180019f20 f   MSVCRTD:dyn_tls_init.obj
 0001:00018f30       __crt_debugger_hook        0000000180019f30 f   MSVCRTD:utility_desktop.obj
 0001:00018f40       __scrt_fastfail            0000000180019f40 f   MSVCRTD:utility_desktop.obj
 0001:000190e0       __scrt_get_show_window_mode 000000018001a0e0 f   MSVCRTD:utility_desktop.obj
 0001:00019140       __scrt_initialize_mta      000000018001a140 f   MSVCRTD:utility_desktop.obj
 0001:00019150       __scrt_initialize_winrt    000000018001a150 f   MSVCRTD:utility_desktop.obj
 0001:00019160       __scrt_is_managed_app      000000018001a160 f   MSVCRTD:utility_desktop.obj
 0001:00019210       __scrt_set_unhandled_exception_filter 000000018001a210 f   MSVCRTD:utility_desktop.obj
 0001:00019230       __scrt_stub_for_initialize_mta 000000018001a230 f   MSVCRTD:utility_desktop.obj
 0001:00019230       __scrt_exe_initialize_mta  000000018001a230 f   MSVCRTD:utility_desktop.obj
 0001:00019240       __scrt_unhandled_exception_filter 000000018001a240 f   MSVCRTD:utility_desktop.obj
 0001:000192c0       _RTC_Initialize            000000018001a2c0 f   MSVCRTD:initsect.obj
 0001:00019310       _RTC_Terminate             000000018001a310 f   MSVCRTD:initsect.obj
 0001:00019360       _guard_check_icall_nop     000000018001a360 f i MSVCRTD:guard_support.obj
 0001:00019370       ReadNoFence64              000000018001a370 f i MSVCRTD:guard_support.obj
 0001:00019390       ReadPointerNoFence         000000018001a390 f i MSVCRTD:guard_support.obj
 0001:000193b0       _guard_icall_checks_enforced 000000018001a3b0 f i MSVCRTD:guard_support.obj
 0001:000193f0       _guard_rf_checks_enforced  000000018001a3f0 f i MSVCRTD:guard_support.obj
 0001:00019400       __isa_available_init       000000018001a400 f   MSVCRTD:cpu_disp.obj
 0001:00019770       _get_startup_argv_mode     000000018001a770 f   MSVCRTD:argv_mode.obj
 0001:00019780       __scrt_is_ucrt_dll_in_use  000000018001a780 f   MSVCRTD:ucrt_detection.obj
 0001:000197b0       __CxxFrameHandler3         000000018001a7b0 f   vcruntimed:VCRUNTIME140D.dll
 0001:000197b6       memset                     000000018001a7b6 f   vcruntimed:VCRUNTIME140D.dll
 0001:000197bc       memcpy                     000000018001a7bc f   vcruntimed:VCRUNTIME140D.dll
 0001:000197c2       __C_specific_handler       000000018001a7c2 f   vcruntimed:VCRUNTIME140D.dll
 0001:000197c8       __std_type_info_destroy_list 000000018001a7c8 f   vcruntimed:VCRUNTIME140D.dll
 0001:000197ce       _errno                     000000018001a7ce f   ucrtd:ucrtbased.dll
 0001:000197d4       malloc                     000000018001a7d4 f   ucrtd:ucrtbased.dll
 0001:000197da       _CrtDbgReport              000000018001a7da f   ucrtd:ucrtbased.dll
 0001:000197e0       __acrt_iob_func            000000018001a7e0 f   ucrtd:ucrtbased.dll
 0001:000197e6       __stdio_common_vfprintf    000000018001a7e6 f   ucrtd:ucrtbased.dll
 0001:000197ec       _wcsdup                    000000018001a7ec f   ucrtd:ucrtbased.dll
 0001:000197f2       wcscmp                     000000018001a7f2 f   ucrtd:ucrtbased.dll
 0001:000197f8       strncpy_s                  000000018001a7f8 f   ucrtd:ucrtbased.dll
 0001:000197fe       _strdup                    000000018001a7fe f   ucrtd:ucrtbased.dll
 0001:00019804       getenv                     000000018001a804 f   ucrtd:ucrtbased.dll
 0001:0001980a       fputs                      000000018001a80a f   ucrtd:ucrtbased.dll
 0001:00019810       strcmp                     000000018001a810 f   ucrtd:ucrtbased.dll
 0001:00019816       strspn                     000000018001a816 f   ucrtd:ucrtbased.dll
 0001:0001981c       _initterm                  000000018001a81c f   ucrtd:ucrtbased.dll
 0001:00019822       _initterm_e                000000018001a822 f   ucrtd:ucrtbased.dll
 0001:00019828       _seh_filter_dll            000000018001a828 f   ucrtd:ucrtbased.dll
 0001:0001982e       _configure_narrow_argv     000000018001a82e f   ucrtd:ucrtbased.dll
 0001:00019834       _initialize_narrow_environment 000000018001a834 f   ucrtd:ucrtbased.dll
 0001:0001983a       _initialize_onexit_table   000000018001a83a f   ucrtd:ucrtbased.dll
 0001:00019840       _register_onexit_function  000000018001a840 f   ucrtd:ucrtbased.dll
 0001:00019846       _execute_onexit_table      000000018001a846 f   ucrtd:ucrtbased.dll
 0001:0001984c       _crt_atexit                000000018001a84c f   ucrtd:ucrtbased.dll
 0001:00019852       _crt_at_quick_exit         000000018001a852 f   ucrtd:ucrtbased.dll
 0001:00019858       _cexit                     000000018001a858 f   ucrtd:ucrtbased.dll
 0001:0001985e       terminate                  000000018001a85e f   ucrtd:ucrtbased.dll
 0001:00019864       RtlCaptureContext          000000018001a864 f   kernel32:KERNEL32.dll
 0001:0001986a       RtlLookupFunctionEntry     000000018001a86a f   kernel32:KERNEL32.dll
 0001:00019870       RtlVirtualUnwind           000000018001a870 f   kernel32:KERNEL32.dll
 0001:00019876       UnhandledExceptionFilter   000000018001a876 f   kernel32:KERNEL32.dll
 0001:0001987c       SetUnhandledExceptionFilter 000000018001a87c f   kernel32:KERNEL32.dll
 0001:00019882       GetCurrentProcess          000000018001a882 f   kernel32:KERNEL32.dll
 0001:00019888       TerminateProcess           000000018001a888 f   kernel32:KERNEL32.dll
 0001:0001988e       IsProcessorFeaturePresent  000000018001a88e f   kernel32:KERNEL32.dll
 0001:00019894       QueryPerformanceCounter    000000018001a894 f   kernel32:KERNEL32.dll
[...]
 0004:00001824       $pdata$?internalFree@internal@rml@@YAXPEAX@Z 000000018004b824     frontend.obj
 0004:00001830       $pdata$?internalPoolMalloc@internal@rml@@YAPEAXPEAVMemoryPool@12@_K@Z 000000018004b830     frontend.obj
 0004:0000183c       $pdata$?internalPoolFree@internal@rml@@YA_NPEAVMemoryPool@12@PEAX_K@Z 000000018004b83c     frontend.obj
 0004:00001848       $pdata$?highestBitPos@internal@rml@@YAII@Z 000000018004b848     frontend.obj
 0004:00001854       $pdata$??$getSmallObjectIndex@$0A@@internal@rml@@YAII@Z 000000018004b854     frontend.obj
 0004:00001860       $pdata$?getIndex@internal@rml@@YAII@Z 000000018004b860     frontend.obj
 0004:0000186c       $pdata$??$getIndexOrObjectSize@$00@internal@rml@@YAII@Z 000000018004b86c     frontend.obj
 0004:00001878       $pdata$?getObjectSize@internal@rml@@YAII@Z 000000018004b878     frontend.obj
 0004:00001884       $pdata$??$getIndexOrObjectSize@$0A@@internal@rml@@YAII@Z 000000018004b884     frontend.obj
 0004:00001890       $pdata$??$isAligned@UFreeObject@internal@rml@@@@YA_NPEAUFreeObject@internal@rml@@_K@Z 000000018004b890     frontend.obj
 0004:0000189c       $pdata$MallocInitializeITT 000000018004b89c     frontend.obj
 0004:000018a8       $pdata$?initMemoryManager@internal@rml@@YA_NXZ 000000018004b8a8     frontend.obj
 0004:000018b4       $pdata$??$isAligned@VMemoryPool@internal@rml@@@@YA_NPEAVMemoryPool@internal@rml@@_K@Z 000000018004b8b4     frontend.obj
 0004:000018c0       $pdata$?GetBoolEnvironmentVariable@internal@rml@@YA_NPEBD@Z 000000018004b8c0     frontend.obj
 0004:000018cc       $pdata$?doInitialization@internal@rml@@YA_NXZ 000000018004b8cc     frontend.obj
 0004:000018d8       $pdata$??$isAligned@X@@YA_NPEAX_K@Z 000000018004b8d8     frontend.obj
 0004:000018e4       $pdata$?allocateAligned@internal@rml@@YAPEAXPEAVMemoryPool@12@_K1@Z 000000018004b8e4     frontend.obj
 0004:000018f0       $pdata$?reallocAligned@internal@rml@@YAPEAXPEAVMemoryPool@12@PEAX_K2@Z 000000018004b8f0     frontend.obj
 0004:000018fc       $pdata$?safer_dereference@internal@rml@@YA?AVBackRefIdx@12@PEBV312@@Z 000000018004b8fc     frontend.obj
 0004:00001908       $pdata$?isSmallObject@internal@rml@@YA_NPEAX@Z 000000018004b908     frontend.obj
 0004:00001914       $pdata$?isRecognized@internal@rml@@YA_NPEAX@Z 000000018004b914     frontend.obj
 0004:00001920       $pdata$?freeSmallObject@internal@rml@@YAXPEAX@Z 000000018004b920     frontend.obj
 0004:0000192c       $pdata$?internalMsize@internal@rml@@YA_KPEAX@Z 000000018004b92c     frontend.obj
 0004:00001938       $pdata$?pool_create@rml@@YAPEAVMemoryPool@1@_JPEBUMemPoolPolicy@1@@Z 000000018004b938     frontend.obj
 0004:00001944       $pdata$?doThreadShutdownNotification@@YAXPEAVTLSData@internal@rml@@_N@Z 000000018004b944     frontend.obj
 0004:00001950       $pdata$?AtomicFetchStore@@YA_KPECX_K@Z 000000018004b950     frontend.obj
 0004:0000195c       $pdata$??$is_power_of_two@_K@internal@tbb@@YA_N_K@Z 000000018004b95c     frontend.obj
 0004:00001968       $pdata$??$is_power_of_two_at_least@_K_K@internal@tbb@@YA_N_K0@Z 000000018004b968     frontend.obj
 0004:00001974       $pdata$?getThreadMallocTLS@TLSKey@internal@rml@@QEBAPEAVTLSData@23@XZ 000000018004b974     frontend.obj
 0004:00001980       $pdata$?setThreadMallocTLS@TLSKey@internal@rml@@QEAAXPEAVTLSData@23@@Z 000000018004b980     frontend.obj
 0004:0000198c       $pdata$?dtor$0@?0??registerThread@AllLocalCaches@internal@rml@@QEAAXPEAUTLSRemote@23@@Z@4HA 000000018004b98c     frontend.obj
 0004:00001998       $pdata$?dtor$0@?0??unregisterThread@AllLocalCaches@internal@rml@@QEAAXPEAUTLSRemote@23@@Z@4HA 000000018004b998     frontend.obj
 0004:000019a4       $pdata$?dtor$0@?0??cleanup@AllLocalCaches@internal@rml@@QEAA_NPEAUExtMemoryPool@23@_N@Z@4HA 000000018004b9a4     frontend.obj
 0004:000019b0       $pdata$?dtor$0@?0??markUnused@AllLocalCaches@internal@rml@@QEAAXXZ@4HA 000000018004b9b0     frontend.obj
 0004:000019bc       $pdata$?dtor$0@?0??allocate@BootStrapBlocks@internal@rml@@QEAAPEAXPEAVMemoryPool@23@_K@Z@4HA 000000018004b9bc     frontend.obj
 0004:000019c8       $pdata$?dtor$0@?0??getPublicFreeListBlock@Bin@internal@rml@@QEAAPEAVBlock@23@XZ@4HA 000000018004b9c8     frontend.obj
 0004:000019d4       $pdata$?dtor$0@?0??doInitialization@internal@rml@@YA_NXZ@4HA 000000018004b9d4     frontend.obj
 0004:000019e0       $pdata$?dtor$1@?0??doInitialization@internal@rml@@YA_NXZ@4HA 000000018004b9e0     frontend.obj
 0004:000019ec       $pdata$?filt$0@?0??safer_dereference@internal@rml@@YA?AVBackRefIdx@12@PEBV312@@Z@4HA 000000018004b9ec     frontend.obj
 0004:000019f8       $pdata$?dtor$0@?0??doThreadShutdownNotification@@YAXPEAVTLSData@internal@rml@@_N@Z@4HA 000000018004b9f8     frontend.obj
 0004:00001a04       $pdata$??0LifoList@internal@rml@@QEAA@XZ 000000018004ba04     frontend.obj
 0004:00001a10       $pdata$?push@LifoList@internal@rml@@QEAAXPEAVBlock@23@@Z 000000018004ba10     frontend.obj
 0004:00001a1c       $pdata$?pop@LifoList@internal@rml@@QEAAPEAVBlock@23@XZ 000000018004ba1c     frontend.obj
 0004:00001a28       $pdata$?grab@LifoList@internal@rml@@QEAAPEAVBlock@23@XZ 000000018004ba28     frontend.obj
 0004:00001a34       $pdata$?reset@?$BitMaskBasic@$0PC@@internal@rml@@QEAAXXZ 000000018004ba34     frontend.obj
 0004:00001a40       $pdata$?init@CacheBin@?$LargeObjectCacheImpl@U?$LargeObjectCacheProps@$0IAAAAA@$0IBAAAAA@$0IAAAA@$00$00$03@internal@rml@@@internal@rml@@QEAAXXZ 000000018004ba40     frontend.obj
 0004:00001a4c       $pdata$?reset@?$LargeObjectCacheImpl@U?$LargeObjectCacheProps@$0IAAAAA@$0IBAAAAA@$0IAAAA@$00$00$03@internal@rml@@@internal@rml@@QEAAXXZ 000000018004ba4c     frontend.obj
 0004:00001a58       $pdata$?reset@?$BitMaskBasic@$0DPP@@internal@rml@@QEAAXXZ 000000018004ba58     frontend.obj
 0004:00001a64       $pdata$?init@CacheBin@?$LargeObjectCacheImpl@U?$LargeObjectCacheProps@$0CAAA@$0IAAAAA@$0CAAA@$01$01$0BA@@internal@rml@@@internal@rml@@QEAAXXZ 000000018004ba64     frontend.obj
 0004:00001a70       $pdata$?reset@?$LargeObjectCacheImpl@U?$LargeObjectCacheProps@$0CAAA@$0IAAAAA@$0CAAA@$01$01$0BA@@internal@rml@@@internal@rml@@QEAAXXZ 000000018004ba70     frontend.obj
 0004:00001a7c       $pdata$?reset@LargeObjectCache@internal@rml@@QEAAXXZ 000000018004ba7c     frontend.obj
 0004:00001a88       $pdata$?alignToBin@LargeObjectCache@internal@rml@@SA_K_K@Z 000000018004ba88     frontend.obj
 0004:00001a94       $pdata$?inRange@UsedAddressRange@Backend@internal@rml@@QEBA_NPEAX@Z 000000018004ba94     frontend.obj
 0004:00001aa0       $pdata$?getSlabBlock@Backend@internal@rml@@QEAAPEAVBlockI@23@H@Z 000000018004baa0     frontend.obj
 0004:00001aac       $pdata$?putSlabBlock@Backend@internal@rml@@QEAAXPEAVBlockI@23@@Z 000000018004baac     frontend.obj
 0004:00001ab8       $pdata$?setRecommendedMaxSize@Backend@internal@rml@@QEAAX_K@Z 000000018004bab8     frontend.obj
 0004:00001ac4       $pdata$?ptrCanBeValid@Backend@internal@rml@@QEBA_NPEAX@Z 000000018004bac4     frontend.obj
 0004:00001ad0       $pdata$?doPrintStatus@HugePagesStatus@internal@rml@@CAX_NPEBD@Z 000000018004bad0     frontend.obj
 0004:00001adc       $pdata$?parseSystemMemInfo@HugePagesStatus@internal@rml@@AEAAXXZ 000000018004badc     frontend.obj
 0004:00001ae8       $pdata$?init@HugePagesStatus@internal@rml@@QEAAXXZ 000000018004bae8     frontend.obj
 0004:00001af4       $pdata$?dtor$0@?0??init@HugePagesStatus@internal@rml@@QEAAXXZ@4HA 000000018004baf4     frontend.obj
 0004:00001b00       $pdata$?printStatus@HugePagesStatus@internal@rml@@QEAAXXZ 000000018004bb00     frontend.obj
 0004:00001b0c       $pdata$??0HugePagesStatus@internal@rml@@QEAA@XZ 000000018004bb0c     frontend.obj
 0004:00001b18       $pdata$?reset@ExtMemoryPool@internal@rml@@QEAA_NXZ 000000018004bb18     frontend.obj
 0004:00001b24       $pdata$?destroy@ExtMemoryPool@internal@rml@@QEAA_NXZ 000000018004bb24     frontend.obj
 0004:00001b30       $pdata$?isPoolValid@ExtMemoryPool@internal@rml@@QEBA_NXZ 000000018004bb30     frontend.obj
 0004:00001b3c       $pdata$?do_yield@@YAXXZ    000000018004bb3c     frontend.obj
 0004:00001b48       $pdata$?isSolidPtr@internal@rml@@YA_NPEAX@Z 000000018004bb48     frontend.obj
 0004:00001b54       $pdata$?isNotForUse@internal@rml@@YA_NPEAX@Z 000000018004bb54     frontend.obj
 0004:00001b60       $pdata$??0ThreadId@internal@rml@@QEAA@XZ 000000018004bb60     frontend.obj
 0004:00001b6c       $pdata$?isCurrentThreadId@ThreadId@internal@rml@@QEBA_NXZ 000000018004bb6c     frontend.obj
 0004:00001b78       $pdata$?getTLS@MemoryPool@internal@rml@@QEAAPEAVTLSData@23@_N@Z 000000018004bb78     frontend.obj
 0004:00001b84       $pdata$?clearTLS@MemoryPool@internal@rml@@QEAAXXZ 000000018004bb84     frontend.obj
 0004:00001b90       $pdata$??__E?memPoolListLock@MemoryPool@internal@rml@@2VMallocMutex@@A@@YAXXZ 000000018004bb90     frontend.obj
 0004:00001b9c       $pdata$??__EhugePages@internal@rml@@YAXXZ 000000018004bb9c     frontend.obj
 0004:00001ba8       $pdata$?empty@Block@internal@rml@@QEBA_NXZ 000000018004bba8     frontend.obj
 0004:00001bb4       $pdata$?allocate@Block@internal@rml@@QEAAPEAUFreeObject@23@XZ 000000018004bbb4     frontend.obj
 0004:00001bc0       $pdata$?allocateFromFreeList@Block@internal@rml@@QEAAPEAUFreeObject@23@XZ 000000018004bbc0     frontend.obj
 0004:00001bcc       $pdata$?emptyEnoughToUse@Block@internal@rml@@QEAA_NXZ 000000018004bbcc     frontend.obj
 0004:00001bd8       $pdata$?freeListNonNull@Block@internal@rml@@QEAA_NXZ 000000018004bbd8     frontend.obj
 0004:00001be4       $pdata$?freeOwnObject@Block@internal@rml@@QEAAXPEAX@Z 000000018004bbe4     frontend.obj
 0004:00001bf0       $pdata$?getSize@Block@internal@rml@@QEBAIXZ 000000018004bbf0     frontend.obj
 0004:00001bfc       $pdata$?isOwnedByCurrentThread@Block@internal@rml@@QEBA_NXZ 000000018004bbfc     frontend.obj
 0004:00001c08       $pdata$?isStartupAllocObject@Block@internal@rml@@QEBA_NXZ 000000018004bc08     frontend.obj
 0004:00001c14       $pdata$?findObjectToFree@Block@internal@rml@@QEBAPEAUFreeObject@23@PEBX@Z 000000018004bc14     frontend.obj
 0004:00001c20       $pdata$?checkFreePrecond@Block@internal@rml@@QEBAXPEBX@Z 000000018004bc20     frontend.obj
 0004:00001c2c       $pdata$?allocateFromBumpPtr@Block@internal@rml@@AEAAPEAUFreeObject@23@XZ 000000018004bc2c     frontend.obj
 0004:00001c38       $pdata$?findAllocatedObject@Block@internal@rml@@AEBAPEAUFreeObject@23@PEBX@Z 000000018004bc38     frontend.obj
 0004:00001c44       $pdata$?isProperlyPlaced@Block@internal@rml@@AEBA_NPEBX@Z 000000018004bc44     frontend.obj
 0004:00001c50       $pdata$?markOwned@Block@internal@rml@@AEAAXPEAVTLSData@23@@Z 000000018004bc50     frontend.obj
 0004:00001c5c       $pdata$?markOrphaned@Block@internal@rml@@AEAAXXZ 000000018004bc5c     frontend.obj
 0004:00001c68       $pdata$?activeBlockUnused@Bin@internal@rml@@QEBA_NXZ 000000018004bc68     frontend.obj
 0004:00001c74       $pdata$?setActiveBlock@Bin@internal@rml@@QEAAXPEAVBlock@23@@Z 000000018004bc74     frontend.obj
 0004:00001c80       $pdata$?setPreviousBlockActive@Bin@internal@rml@@QEAAPEAVBlock@23@XZ 000000018004bc80     frontend.obj
 0004:00001c8c       $pdata$?verifyInitState@Bin@internal@rml@@QEBAXXZ 000000018004bc8c     frontend.obj
 0004:00001c98       $pdata$??0Bin@internal@rml@@QEAA@XZ 000000018004bc98     frontend.obj
 0004:00001ca4       $pdata$?put@?$LocalLOCImpl@$07$0CA@@internal@rml@@QEAA_NPEAULargeMemoryBlock@23@PEAUExtMemoryPool@23@@Z 000000018004bca4     frontend.obj
 0004:00001cb0       $pdata$?get@?$LocalLOCImpl@$07$0CA@@internal@rml@@QEAAPEAULargeMemoryBlock@23@_K@Z 000000018004bcb0     frontend.obj
 0004:00001cbc       $pdata$?externalCleanup@?$LocalLOCImpl@$07$0CA@@internal@rml@@QEAA_NPEAUExtMemoryPool@23@@Z 000000018004bcbc     frontend.obj
 0004:00001cc8       $pdata$??0TLSData@internal@rml@@QEAA@PEAVMemoryPool@12@PEAVBackend@12@@Z 000000018004bcc8     frontend.obj
 0004:00001cd4       $pdata$?getAllocationBin@TLSData@internal@rml@@QEAAPEAVBin@23@_K@Z 000000018004bcd4     frontend.obj
 0004:00001ce0       $pdata$?externalCleanup@TLSData@internal@rml@@QEAA_NPEAUExtMemoryPool@23@_N@Z 000000018004bce0     frontend.obj
 0004:00001cec       $pdata$??$releaseAll@$0A@@AllLargeBlocksList@internal@rml@@QEAAXPEAVBackend@12@@Z 000000018004bcec     frontend.obj
 0004:00001cf8       $pdata$??$releaseAll@$00@AllLargeBlocksList@internal@rml@@QEAAXPEAVBackend@12@@Z 000000018004bcf8     frontend.obj
 0004:00001d04       $pdata$??__EinitMutex@internal@rml@@YAXXZ 000000018004bd04     frontend.obj
 0004:00001d10       $pdata$?isMallocInitialized@internal@rml@@YA_NXZ 000000018004bd10     frontend.obj
 0004:00001d1c       $pdata$??$isLargeObject@$00@internal@rml@@YA_NPEAX@Z 000000018004bd1c     frontend.obj
 0004:00001d28       $pdata$??$isLargeObject@$0A@@internal@rml@@YA_NPEAX@Z 000000018004bd28     frontend.obj
 0004:00001d34       $pdata$??$is_aligned@VBlockI@internal@rml@@@internal@tbb@@YA_NPEAVBlockI@0rml@@_K@Z 000000018004bd34     frontend.obj
 0004:00001d40       $pdata$??$is_aligned@$$CBX@internal@tbb@@YA_NPEBX_K@Z 000000018004bd40     frontend.obj
 0004:00001d4c       $pdata$??$is_aligned@UFreeObject@internal@rml@@@internal@tbb@@YA_NPEAUFreeObject@0rml@@_K@Z 000000018004bd4c     frontend.obj
 0004:00001d58       $pdata$??$is_aligned@VMemoryPool@internal@rml@@@internal@tbb@@YA_NPEAVMemoryPool@0rml@@_K@Z 000000018004bd58     frontend.obj
 0004:00001d64       $pdata$??$is_aligned@X@internal@tbb@@YA_NPEAX_K@Z 000000018004bd64     frontend.obj
 0004:00001d70       $pdata$__report_securityfailure 000000018004bd70     MSVCRTD:gs_report.obj
 0004:00001d7c       $pdata$__report_securityfailureEx 000000018004bd7c     MSVCRTD:gs_report.obj
 0004:00001d88       $pdata$__report_rangecheckfailure 000000018004bd88     MSVCRTD:gs_report.obj
 0004:00001d94       $pdata$__report_gsfailure  000000018004bd94     MSVCRTD:gs_report.obj
 0004:00001da0       $pdata$capture_current_context 000000018004bda0     MSVCRTD:gs_report.obj
 0004:00001dac       $pdata$capture_previous_context 000000018004bdac     MSVCRTD:gs_report.obj
 0004:00001db8       $pdata$__raise_securityfailure 000000018004bdb8     MSVCRTD:gs_report.obj
 0004:00001dc4       $pdata$__GSHandlerCheckCommon 000000018004bdc4     MSVCRTD:gshandler.obj
 0004:00001dd0       $pdata$__GSHandlerCheck    000000018004bdd0     MSVCRTD:gshandler.obj
 0004:00001de8       $pdata$?dllmain_crt_process_attach@@YAHQEAUHINSTANCE__@@QEAX@Z 000000018004bde8     MSVCRTD:dll_dllmain.obj
 0004:00001df4       $pdata$?fin$0@?0??dllmain_crt_process_attach@@YAHQEAUHINSTANCE__@@QEAX@Z@4HA 000000018004bdf4     MSVCRTD:dll_dllmain.obj
 0004:00001e00       $pdata$?dllmain_crt_process_detach@@YAH_N@Z 000000018004be00     MSVCRTD:dll_dllmain.obj
 0004:00001e0c       $pdata$?fin$0@?0??dllmain_crt_process_detach@@YAH_N@Z@4HA 000000018004be0c     MSVCRTD:dll_dllmain.obj
 0004:00001e18       $pdata$?dllmain_crt_dispatch@@YAHQEAUHINSTANCE__@@KQEAX@Z 000000018004be18     MSVCRTD:dll_dllmain.obj
 0004:00001e24       $pdata$_CRT_INIT           000000018004be24     MSVCRTD:dll_dllmain.obj
 0004:00001e30       $pdata$?dllmain_raw@@YAHQEAUHINSTANCE__@@KQEAX@Z 000000018004be30     MSVCRTD:dll_dllmain.obj
 0004:00001e3c       $pdata$?dllmain_dispatch@@YAHQEAUHINSTANCE__@@KQEAX@Z 000000018004be3c     MSVCRTD:dll_dllmain.obj
 0004:00001e48       $pdata$?filt$0@?0??dllmain_dispatch@@YAHQEAUHINSTANCE__@@KQEAX@Z@4HA 000000018004be48     MSVCRTD:dll_dllmain.obj
 0004:00001e54       $pdata$_DllMainCRTStartup  000000018004be54     MSVCRTD:dll_dllmain.obj
 0004:00001e60       $pdata$__security_init_cookie 000000018004be60     MSVCRTD:gs_support.obj
 0004:00001e6c       $pdata$__get_entropy       000000018004be6c     MSVCRTD:gs_support.obj
 0004:00001e78       $pdata$?__scrt_initialize_type_info@@YAXXZ 000000018004be78     MSVCRTD:tncleanup.obj
 0004:00001e84       $pdata$?__scrt_uninitialize_type_info@@YAXXZ 000000018004be84     MSVCRTD:tncleanup.obj
 0004:00001e90       $pdata$__scrt_initialize_default_local_stdio_options 000000018004be90     MSVCRTD:default_local_stdio_options.obj
 0004:00001e9c       $pdata$atexit              000000018004be9c     MSVCRTD:utility.obj
 0004:00001ea8       $pdata$_onexit             000000018004bea8     MSVCRTD:utility.obj
 0004:00001eb4       $pdata$at_quick_exit       000000018004beb4     MSVCRTD:utility.obj
 0004:00001ec0       $pdata$__scrt_is_nonwritable_in_current_image 000000018004bec0     MSVCRTD:utility.obj
 0004:00001ecc       $pdata$__scrt_is_nonwritable_in_current_image$filt$0 000000018004becc     MSVCRTD:utility.obj
 0004:00001ed8       $pdata$__scrt_acquire_startup_lock 000000018004bed8     MSVCRTD:utility.obj
 0004:00001ee4       $pdata$__scrt_release_startup_lock 000000018004bee4     MSVCRTD:utility.obj
 0004:00001ef0       $pdata$__scrt_initialize_crt 000000018004bef0     MSVCRTD:utility.obj
 0004:00001efc       $pdata$__scrt_uninitialize_crt 000000018004befc     MSVCRTD:utility.obj
 0004:00001f08       $pdata$__scrt_initialize_onexit_tables 000000018004bf08     MSVCRTD:utility.obj
 0004:00001f14       $pdata$__scrt_dllmain_exception_filter 000000018004bf14     MSVCRTD:utility.obj
 0004:00001f20       $pdata$__scrt_dllmain_before_initialize_c 000000018004bf20     MSVCRTD:utility.obj
 0004:00001f2c       $pdata$__scrt_dllmain_after_initialize_c 000000018004bf2c     MSVCRTD:utility.obj
 0004:00001f38       $pdata$__scrt_dllmain_uninitialize_c 000000018004bf38     MSVCRTD:utility.obj
 0004:00001f44       $pdata$__scrt_dllmain_uninitialize_critical 000000018004bf44     MSVCRTD:utility.obj
 0004:00001f50       $pdata$__scrt_dllmain_crt_thread_attach 000000018004bf50     MSVCRTD:utility.obj
 0004:00001f5c       $pdata$__scrt_dllmain_crt_thread_detach 000000018004bf5c     MSVCRTD:utility.obj
 0004:00001f68       $pdata$?configure_argv@__scrt_narrow_argv_policy@@SAHXZ 000000018004bf68     MSVCRTD:utility.obj
 0004:00001f74       $pdata$?initialize_environment@__scrt_narrow_environment_policy@@SAHXZ 000000018004bf74     MSVCRTD:utility.obj
 0004:00001f80       $pdata$?is_potentially_valid_image_base@@YA_NQEAX@Z 000000018004bf80     MSVCRTD:utility.obj
 0004:00001f8c       $pdata$?find_pe_section@@YAPEAU_IMAGE_SECTION_HEADER@@QEAE_K@Z 000000018004bf8c     MSVCRTD:utility.obj
 0004:00001f98       $pdata$??$__crt_fast_decode_pointer@PEAP6AXXZ@@YAPEAP6AXXZQEAP6AXXZ@Z 000000018004bf98     MSVCRTD:utility.obj
 0004:00001fa4       $pdata$??$__crt_fast_encode_pointer@PEAP6AXXZ@@YAPEAP6AXXZQEAP6AXXZ@Z 000000018004bfa4     MSVCRTD:utility.obj
 0004:00001fb0       $pdata$__scrt_get_show_window_mode 000000018004bfb0     MSVCRTD:utility_desktop.obj
 0004:00001fbc       $pdata$__scrt_is_managed_app 000000018004bfbc     MSVCRTD:utility_desktop.obj
 0004:00001fc8       $pdata$__scrt_initialize_mta 000000018004bfc8     MSVCRTD:utility_desktop.obj
 0004:00001fd4       $pdata$__scrt_set_unhandled_exception_filter 000000018004bfd4     MSVCRTD:utility_desktop.obj
 0004:00001fe0       $pdata$__scrt_fastfail     000000018004bfe0     MSVCRTD:utility_desktop.obj
 0004:00001fec       $pdata$__scrt_unhandled_exception_filter 000000018004bfec     MSVCRTD:utility_desktop.obj
 0004:00001ff8       $pdata$_RTC_Initialize     000000018004bff8     MSVCRTD:initsect.obj
 0004:00002004       $pdata$_RTC_Terminate      000000018004c004     MSVCRTD:initsect.obj
 0004:00002010       $pdata$ReadNoFence64       000000018004c010     MSVCRTD:guard_support.obj
 0004:0000201c       $pdata$ReadPointerNoFence  000000018004c01c     MSVCRTD:guard_support.obj
 0004:00002028       $pdata$_guard_icall_checks_enforced 000000018004c028     MSVCRTD:guard_support.obj
 0004:00002034       $pdata$__isa_available_init 000000018004c034     MSVCRTD:cpu_disp.obj
 0004:00002040       $pdata$__scrt_is_ucrt_dll_in_use 000000018004c040     MSVCRTD:ucrt_detection.obj
 0005:000000a0       $R000000                   000000018004d0a0     tbbmalloc.res
 0005:00000468       $R0003C8                   000000018004d468     tbbmalloc.res
