 tbbmalloc_proxy

 Timestamp is 5c996d4e (Mon Mar 25 20:07:42 2019)

 Preferred load address is 0000000180000000

 Start         Length     Name                   Class
 0001:00000000 00000060H .text$di                CODE
 0001:00000060 00005660H .text$mn                CODE
 0001:000056c0 00000012H .text$mn$00             CODE
 0001:000056d2 0000008eH .text$x                 CODE
 0001:00005760 00000003H .text$yd                CODE
 0002:00000000 00000290H .idata$5                DATA
 0002:00000290 00000010H .00cfg                  DATA
 0002:000002a0 00000008H .CRT$XCA                DATA
 0002:000002a8 00000008H .CRT$XCU                DATA
 0002:000002b0 00000008H .CRT$XCZ                DATA
 0002:000002b8 00000008H .CRT$XIA                DATA
 0002:000002c0 00000008H .CRT$XIC                DATA
 0002:000002c8 00000008H .CRT$XIZ                DATA
 0002:000002d0 00000008H .CRT$XLA                DATA
 0002:000002d8 00000008H .CRT$XLZ                DATA
 0002:000002e0 00000008H .CRT$XPA                DATA
 0002:000002e8 00000008H .CRT$XPZ                DATA
 0002:000002f0 00000008H .CRT$XTA                DATA
 0002:000002f8 00000008H .CRT$XTZ                DATA
 0002:00000300 00000000H .gfids$y                DATA
 0002:00000300 000007c0H .rdata                  DATA
 0002:00000ac0 00000028H .rdata$T                DATA
 0002:00000ae8 0000016cH .rdata$r                DATA
 0002:00000c54 000003c4H .rdata$zzzdbg           DATA
 0002:00001018 00000008H .rtc$IAA                DATA
 0002:00001020 00000008H .rtc$IZZ                DATA
 0002:00001028 00000008H .rtc$TAA                DATA
 0002:00001030 00000008H .rtc$TZZ                DATA
 0002:00001038 00000004H .tls                    DATA
 0002:0000103c 00000004H .tls$                   DATA
 0002:00001040 00000008H .tls$ZZZ                DATA
 0002:00001048 000003e0H .xdata                  DATA
 0002:00001428 00000088H .xdata$x                DATA
 0002:000014b0 00000080H .edata                  DATA
 0002:00001530 000000b4H .idata$2                DATA
 0002:000015e4 00000014H .idata$3                DATA
 0002:000015f8 00000290H .idata$4                DATA
 0002:00001888 000006caH .idata$6                DATA
 0003:00000000 00000218H .data                   DATA
 0003:00000218 00000078H .data$r                 DATA
 0003:00000290 000022a8H .bss                    DATA
 0004:00000000 00000498H .pdata                  DATA
 0005:00000000 000000a0H .rsrc$01                DATA
 0005:000000a0 00000548H .rsrc$02                DATA

  Address         Publics by Value              Rva+Base               Lib:Object

 0000:00000000       __guard_iat_table          0000000000000000     <absolute>
 0000:00000000       __guard_longjmp_count      0000000000000000     <absolute>
 0000:00000000       __enclave_config           0000000000000000     <absolute>
 0000:00000000       __dynamic_value_reloc_table 0000000000000000     <absolute>
 0000:00000000       __guard_fids_count         0000000000000000     <absolute>
 0000:00000000       __hybrid_code_map_count    0000000000000000     <absolute>
 0000:00000000       __guard_longjmp_table      0000000000000000     <absolute>
 0000:00000000       ___safe_se_handler_table   0000000000000000     <absolute>
 0000:00000000       __hybrid_code_map          0000000000000000     <absolute>
 0000:00000000       __hybrid_auxiliary_iat     0000000000000000     <absolute>
 0000:00000000       __guard_iat_count          0000000000000000     <absolute>
 0000:00000000       __guard_fids_table         0000000000000000     <absolute>
 0000:00000000       ___safe_se_handler_count   0000000000000000     <absolute>
 0000:00000000       __volatile_metadata        0000000000000000     <absolute>
 0000:00000100       __guard_flags              0000000000000100     <absolute>
 0000:00000000       __ImageBase                0000000180000000     <linker-defined>
 0001:00000060       ??0exception@std@@QEAA@AEBV01@@Z 0000000180001060 f i proxy.obj
 0001:000000a0       ?what@exception@std@@UEBAPEBDXZ 00000001800010a0 f i proxy.obj
 0001:000000c0       ??_Gbad_alloc@std@@UEAAPEAXI@Z 00000001800010c0 f i proxy.obj
 0001:000000c0       ??_Eexception@std@@UEAAPEAXI@Z 00000001800010c0 f i * CIL library *:* CIL module *
 0001:000000c0       ??_Gexception@std@@UEAAPEAXI@Z 00000001800010c0 f i proxy.obj
 0001:000000c0       ??_Ebad_alloc@std@@UEAAPEAXI@Z 00000001800010c0 f i * CIL library *:* CIL module *
 0001:00000110       ??0bad_alloc@std@@QEAA@XZ  0000000180001110 f i proxy.obj
 0001:00000140       ??1bad_alloc@std@@UEAA@XZ  0000000180001140 f i proxy.obj
 0001:00000160       __local_stdio_printf_options 0000000180001160 f i proxy.obj
 0001:00000170       fprintf                    0000000180001170 f i proxy.obj
 0001:000001c0       ??0bad_alloc@std@@QEAA@AEBV01@@Z 00000001800011c0 f i proxy.obj
 0001:00000200       ?safer_aligned_malloc@@YAPEAX_K0@Z 0000000180001200 f   proxy.obj
 0001:00000220       _is_c_termination_complete 0000000180001220 f   MSVCRT:ucrt_stubs.obj
 0001:00000220       ?safer_expand@@YAPEAXPEAX_K@Z 0000000180001220 f   proxy.obj
 0001:00000220       __scrt_stub_for_is_c_termination_complete 0000000180001220 f   MSVCRT:ucrt_stubs.obj
 0001:00000230       ?__TBB_malloc__o_free@@YAXPEAX@Z 0000000180001230 f   proxy.obj
 0001:00000240       ?__TBB_malloc__free_base@@YAXPEAX@Z 0000000180001240 f   proxy.obj
 0001:00000250       ?__TBB_malloc_safer_free_msvcr100d@@YAXPEAX@Z 0000000180001250 f   proxy.obj
 0001:00000260       ?__TBB_malloc_safer__aligned_free_msvcr100d@@YAXPEAX@Z 0000000180001260 f   proxy.obj
 0001:00000270       ?__TBB_malloc_safer__msize_msvcr100d@@YA_KPEAX@Z 0000000180001270 f   proxy.obj
 0001:00000280       ?__TBB_malloc_safer__aligned_msize_msvcr100d@@YA_KPEAX_K1@Z 0000000180001280 f   proxy.obj
 0001:00000290       ?__TBB_malloc_safer_realloc_msvcr100d@@YAPEAXPEAX_K@Z 0000000180001290 f   proxy.obj
 0001:000002c0       ?__TBB_malloc_safer__aligned_realloc_msvcr100d@@YAPEAXPEAX_K1@Z 00000001800012c0 f   proxy.obj
 0001:000002f0       ?__TBB_malloc_safer_free_msvcr100@@YAXPEAX@Z 00000001800012f0 f   proxy.obj
 0001:00000300       ?__TBB_malloc_safer__aligned_free_msvcr100@@YAXPEAX@Z 0000000180001300 f   proxy.obj
 0001:00000310       ?__TBB_malloc_safer__msize_msvcr100@@YA_KPEAX@Z 0000000180001310 f   proxy.obj
 0001:00000320       ?__TBB_malloc_safer__aligned_msize_msvcr100@@YA_KPEAX_K1@Z 0000000180001320 f   proxy.obj
 0001:00000330       ?__TBB_malloc_safer_realloc_msvcr100@@YAPEAXPEAX_K@Z 0000000180001330 f   proxy.obj
 0001:00000360       ?__TBB_malloc_safer__aligned_realloc_msvcr100@@YAPEAXPEAX_K1@Z 0000000180001360 f   proxy.obj
 0001:00000390       ?__TBB_malloc_safer_free_msvcr110d@@YAXPEAX@Z 0000000180001390 f   proxy.obj
 0001:000003a0       ?__TBB_malloc_safer__aligned_free_msvcr110d@@YAXPEAX@Z 00000001800013a0 f   proxy.obj
 0001:000003b0       ?__TBB_malloc_safer__msize_msvcr110d@@YA_KPEAX@Z 00000001800013b0 f   proxy.obj
 0001:000003c0       ?__TBB_malloc_safer__aligned_msize_msvcr110d@@YA_KPEAX_K1@Z 00000001800013c0 f   proxy.obj
 0001:000003d0       ?__TBB_malloc_safer_realloc_msvcr110d@@YAPEAXPEAX_K@Z 00000001800013d0 f   proxy.obj
 0001:00000400       ?__TBB_malloc_safer__aligned_realloc_msvcr110d@@YAPEAXPEAX_K1@Z 0000000180001400 f   proxy.obj
 0001:00000430       ?__TBB_malloc_safer_free_msvcr110@@YAXPEAX@Z 0000000180001430 f   proxy.obj
 0001:00000440       ?__TBB_malloc_safer__aligned_free_msvcr110@@YAXPEAX@Z 0000000180001440 f   proxy.obj
 0001:00000450       ?__TBB_malloc_safer__msize_msvcr110@@YA_KPEAX@Z 0000000180001450 f   proxy.obj
 0001:00000460       ?__TBB_malloc_safer__aligned_msize_msvcr110@@YA_KPEAX_K1@Z 0000000180001460 f   proxy.obj
 0001:00000470       ?__TBB_malloc_safer_realloc_msvcr110@@YAPEAXPEAX_K@Z 0000000180001470 f   proxy.obj
 0001:000004a0       ?__TBB_malloc_safer__aligned_realloc_msvcr110@@YAPEAXPEAX_K1@Z 00000001800014a0 f   proxy.obj
 0001:000004d0       ?__TBB_malloc_safer_free_msvcr120d@@YAXPEAX@Z 00000001800014d0 f   proxy.obj
 0001:000004e0       ?__TBB_malloc_safer__aligned_free_msvcr120d@@YAXPEAX@Z 00000001800014e0 f   proxy.obj
 0001:000004f0       ?__TBB_malloc_safer__msize_msvcr120d@@YA_KPEAX@Z 00000001800014f0 f   proxy.obj
 0001:00000500       ?__TBB_malloc_safer__aligned_msize_msvcr120d@@YA_KPEAX_K1@Z 0000000180001500 f   proxy.obj
 0001:00000510       ?__TBB_malloc_safer_realloc_msvcr120d@@YAPEAXPEAX_K@Z 0000000180001510 f   proxy.obj
 0001:00000540       ?__TBB_malloc_safer__aligned_realloc_msvcr120d@@YAPEAXPEAX_K1@Z 0000000180001540 f   proxy.obj
 0001:00000570       ?__TBB_malloc_safer_free_msvcr120@@YAXPEAX@Z 0000000180001570 f   proxy.obj
 0001:00000580       ?__TBB_malloc_safer__aligned_free_msvcr120@@YAXPEAX@Z 0000000180001580 f   proxy.obj
 0001:00000590       ?__TBB_malloc_safer__msize_msvcr120@@YA_KPEAX@Z 0000000180001590 f   proxy.obj
 0001:000005a0       ?__TBB_malloc_safer__aligned_msize_msvcr120@@YA_KPEAX_K1@Z 00000001800015a0 f   proxy.obj
 0001:000005b0       ?__TBB_malloc_safer_realloc_msvcr120@@YAPEAXPEAX_K@Z 00000001800015b0 f   proxy.obj
 0001:000005e0       ?__TBB_malloc_safer__aligned_realloc_msvcr120@@YAPEAXPEAX_K1@Z 00000001800015e0 f   proxy.obj
 0001:00000610       ?__TBB_malloc_safer_free_ucrtbase@@YAXPEAX@Z 0000000180001610 f   proxy.obj
 0001:00000620       ?__TBB_malloc_safer__aligned_free_ucrtbase@@YAXPEAX@Z 0000000180001620 f   proxy.obj
 0001:00000630       ?__TBB_malloc_safer__msize_ucrtbase@@YA_KPEAX@Z 0000000180001630 f   proxy.obj
 0001:00000640       ?__TBB_malloc_safer__aligned_msize_ucrtbase@@YA_KPEAX_K1@Z 0000000180001640 f   proxy.obj
 0001:00000650       ?__TBB_malloc_safer_realloc_ucrtbase@@YAPEAXPEAX_K@Z 0000000180001650 f   proxy.obj
 0001:00000680       ?__TBB_malloc_safer__aligned_realloc_ucrtbase@@YAPEAXPEAX_K1@Z 0000000180001680 f   proxy.obj
 0001:000006b0       ?operator_new@@YAPEAX_K@Z  00000001800016b0 f   proxy.obj
 0001:000006b0       ?operator_new_arr@@YAPEAX_K@Z 00000001800016b0 f   proxy.obj
 0001:00000710       ?operator_delete_arr@@YAXPEAX@Z 0000000180001710 f   proxy.obj
 0001:00000710       ?operator_delete@@YAXPEAX@Z 0000000180001710 f   proxy.obj
 0001:00000720       ?operator_new_arr_t@@YAPEAX_KAEBUnothrow_t@std@@@Z 0000000180001720 f   proxy.obj
 0001:00000720       ?operator_new_t@@YAPEAX_KAEBUnothrow_t@std@@@Z 0000000180001720 f   proxy.obj
 0001:00000730       ?BytecodesAreKnown@@YA_NPEBD@Z 0000000180001730 f   proxy.obj
 0001:00000810       ?ReplaceFunctionWithStore@@YAXPEBD0P6AXXZPEAPEBDPEAP6AXXZW4FRR_ON_ERROR@@@Z 0000000180001810 f   proxy.obj
 0001:00000930       ?doMallocReplacement@@YAXXZ 0000000180001930 f   proxy.obj
 0001:00003650       DllMain                    0000000180004650 f   proxy.obj
 0001:000036e0       __TBB_malloc_proxy         00000001800046e0 f   proxy.obj
 0001:000036e0       _guard_check_icall_nop     00000001800046e0 f   MSVCRT:guard_support.obj
 0001:000036f0       sprintf                    00000001800046f0 f i tbb_function_replacement.obj
 0001:00003750       snprintf                   0000000180004750 f i tbb_function_replacement.obj
 0001:000037b0       ?GetLocation@MemoryProvider@@QEAA_K_K@Z 00000001800047b0 f i tbb_function_replacement.obj
 0001:00004260       ?IsPrologueKnown@@YA_NPEBD0PEAPEBDPEAUHINSTANCE__@@@Z 0000000180005260 f   tbb_function_replacement.obj
 0001:00004370       TBB_malloc_replacement_log 0000000180005370 f   tbb_function_replacement.obj
 0001:0000439b       scalable_calloc            000000018000539b f   tbbmalloc:tbbmalloc.dll
 0001:000043a1       scalable_malloc            00000001800053a1 f   tbbmalloc:tbbmalloc.dll
 0001:000043c0       __security_check_cookie    00000001800053c0 f   MSVCRT:amdsecgs.obj
 0001:000043e4       ??3@YAXPEAX_K@Z            00000001800053e4 f   MSVCRT:delete_scalar_size.obj
 0001:000043ec       ??_Etype_info@@UEAAPEAXI@Z 00000001800053ec f i MSVCRT:std_type_info_static.obj
 0001:000043ec       ??_Gtype_info@@UEAAPEAXI@Z 00000001800053ec f i MSVCRT:std_type_info_static.obj
 0001:000045a0       _Init_thread_footer        00000001800055a0 f   MSVCRT:thread_safe_statics.obj
 0001:00004600       _Init_thread_header        0000000180005600 f   MSVCRT:thread_safe_statics.obj
 0001:00004668       _Init_thread_notify        0000000180005668 f   MSVCRT:thread_safe_statics.obj
 0001:000046b8       _Init_thread_wait          00000001800056b8 f   MSVCRT:thread_safe_statics.obj
 0001:00004730       __raise_securityfailure    0000000180005730 f   MSVCRT:gs_report.obj
 0001:00004764       __report_gsfailure         0000000180005764 f   MSVCRT:gs_report.obj
 0001:00004838       __report_rangecheckfailure 0000000180005838 f   MSVCRT:gs_report.obj
 0001:0000484c       __report_securityfailure   000000018000584c f   MSVCRT:gs_report.obj
 0001:000049cc       __scrt_acquire_startup_lock 00000001800059cc f   MSVCRT:utility.obj
 0001:00004a08       __scrt_dllmain_after_initialize_c 0000000180005a08 f   MSVCRT:utility.obj
 0001:00004a3c       __scrt_dllmain_before_initialize_c 0000000180005a3c f   MSVCRT:utility.obj
 0001:00004a54       __scrt_dllmain_crt_thread_attach 0000000180005a54 f   MSVCRT:utility.obj
 0001:00004a7c       __scrt_dllmain_crt_thread_detach 0000000180005a7c f   MSVCRT:utility.obj
 0001:00004a94       __scrt_dllmain_exception_filter 0000000180005a94 f   MSVCRT:utility.obj
 0001:00004af4       __scrt_dllmain_uninitialize_c 0000000180005af4 f   MSVCRT:utility.obj
 0001:00004b24       __scrt_dllmain_uninitialize_critical 0000000180005b24 f   MSVCRT:utility.obj
 0001:00004b38       __scrt_initialize_crt      0000000180005b38 f   MSVCRT:utility.obj
 0001:00004b84       __scrt_initialize_onexit_tables 0000000180005b84 f   MSVCRT:utility.obj
 0001:00004c5c       __scrt_is_nonwritable_in_current_image 0000000180005c5c f   MSVCRT:utility.obj
 0001:00004cf8       __scrt_release_startup_lock 0000000180005cf8 f   MSVCRT:utility.obj
 0001:00004d1c       __scrt_uninitialize_crt    0000000180005d1c f   MSVCRT:utility.obj
 0001:00004d48       _onexit                    0000000180005d48 f   MSVCRT:utility.obj
 0001:00004d98       atexit                     0000000180005d98 f   MSVCRT:utility.obj
 0001:000050e0       _DllMainCRTStartup         00000001800060e0 f   MSVCRT:dll_dllmain.obj
 0001:00005120       ??3@YAXPEAX@Z              0000000180006120 f   MSVCRT:delete_scalar.obj
 0001:00005128       __crt_debugger_hook        0000000180006128 f   MSVCRT:utility_desktop.obj
 0001:00005130       __scrt_fastfail            0000000180006130 f   MSVCRT:utility_desktop.obj
 0001:0000527c       __isa_available_init       000000018000627c f   MSVCRT:cpu_disp.obj
 0001:00005438       _get_startup_argv_mode     0000000180006438 f   MSVCRT:argv_mode.obj
 0001:00005440       __scrt_is_ucrt_dll_in_use  0000000180006440 f   MSVCRT:ucrt_detection.obj
 0001:0000544c       __security_init_cookie     000000018000644c f   MSVCRT:gs_support.obj
 0001:000054f8       ?__scrt_initialize_type_info@@YAXXZ 00000001800064f8 f   MSVCRT:tncleanup.obj
 0001:00005508       ?__scrt_uninitialize_type_info@@YAXXZ 0000000180006508 f   MSVCRT:tncleanup.obj
 0001:00005514       __local_stdio_scanf_options 0000000180006514 f i MSVCRT:default_local_stdio_options.obj
 0001:0000551c       __scrt_initialize_default_local_stdio_options 000000018000651c f   MSVCRT:default_local_stdio_options.obj
 0001:00005538       __scrt_get_dyn_tls_init_callback 0000000180006538 f   MSVCRT:dyn_tls_init.obj
 0001:00005540       _RTC_Initialize            0000000180006540 f   MSVCRT:initsect.obj
 0001:0000557c       _RTC_Terminate             000000018000657c f   MSVCRT:initsect.obj
 0001:000055c0       __CxxFrameHandler3         00000001800065c0 f   vcruntime:VCRUNTIME140.dll
 0001:000055c6       __std_terminate            00000001800065c6 f   vcruntime:VCRUNTIME140.dll
 0001:000055cc       __C_specific_handler       00000001800065cc f   vcruntime:VCRUNTIME140.dll
 0001:000055d2       memset                     00000001800065d2 f   vcruntime:VCRUNTIME140.dll
 0001:000055d8       __std_type_info_destroy_list 00000001800065d8 f   vcruntime:VCRUNTIME140.dll
 0001:000055de       _seh_filter_dll            00000001800065de f   ucrt:api-ms-win-crt-runtime-l1-1-0.dll
 0001:000055e4       _configure_narrow_argv     00000001800065e4 f   ucrt:api-ms-win-crt-runtime-l1-1-0.dll
 0001:000055ea       _initialize_narrow_environment 00000001800065ea f   ucrt:api-ms-win-crt-runtime-l1-1-0.dll
 0001:000055f0       _initialize_onexit_table   00000001800065f0 f   ucrt:api-ms-win-crt-runtime-l1-1-0.dll
 0001:000055f6       _register_onexit_function  00000001800065f6 f   ucrt:api-ms-win-crt-runtime-l1-1-0.dll
 0001:000055fc       _execute_onexit_table      00000001800065fc f   ucrt:api-ms-win-crt-runtime-l1-1-0.dll
 0001:00005602       _crt_atexit                0000000180006602 f   ucrt:api-ms-win-crt-runtime-l1-1-0.dll
 0001:00005608       _cexit                     0000000180006608 f   ucrt:api-ms-win-crt-runtime-l1-1-0.dll
 0001:0000560e       _initterm                  000000018000660e f   ucrt:api-ms-win-crt-runtime-l1-1-0.dll
 0001:00005614       _initterm_e                0000000180006614 f   ucrt:api-ms-win-crt-runtime-l1-1-0.dll
 0001:0000561a       free                       000000018000661a f   ucrt:api-ms-win-crt-heap-l1-1-0.dll
 0001:00005620       IsProcessorFeaturePresent  0000000180006620 f   kernel32:KERNEL32.dll
 0001:00005628       __scrt_stub_for_acrt_thread_attach 0000000180006628 f   MSVCRT:ucrt_stubs.obj
 0001:00005628       __acrt_thread_attach       0000000180006628 f   MSVCRT:ucrt_stubs.obj
 0001:00005628       __vcrt_uninitialize        0000000180006628 f   MSVCRT:ucrt_stubs.obj
 0001:00005628       __scrt_stub_for_acrt_thread_detach 0000000180006628 f   MSVCRT:ucrt_stubs.obj
 0001:00005628       __acrt_thread_detach       0000000180006628 f   MSVCRT:ucrt_stubs.obj
 0001:00005628       __acrt_initialize          0000000180006628 f   MSVCRT:ucrt_stubs.obj
 0001:00005628       __acrt_uninitialize        0000000180006628 f   MSVCRT:ucrt_stubs.obj
 0001:00005628       __vcrt_uninitialize_critical 0000000180006628 f   MSVCRT:ucrt_stubs.obj
 0001:00005628       __acrt_uninitialize_critical 0000000180006628 f   MSVCRT:ucrt_stubs.obj
 0001:00005628       __scrt_stub_for_acrt_uninitialize 0000000180006628 f   MSVCRT:ucrt_stubs.obj
 0001:00005628       __scrt_stub_for_acrt_uninitialize_critical 0000000180006628 f   MSVCRT:ucrt_stubs.obj
 0001:00005628       __scrt_stub_for_acrt_initialize 0000000180006628 f   MSVCRT:ucrt_stubs.obj
 0001:00005628       __vcrt_thread_detach       0000000180006628 f   MSVCRT:ucrt_stubs.obj
 0001:00005628       __vcrt_initialize          0000000180006628 f   MSVCRT:ucrt_stubs.obj
 0001:00005628       __vcrt_thread_attach       0000000180006628 f   MSVCRT:ucrt_stubs.obj
 0001:0000562c       __GSHandlerCheck           000000018000662c f   MSVCRT:gshandler.obj
 0001:0000564c       __GSHandlerCheckCommon     000000018000664c f   MSVCRT:gshandler.obj
 0001:000056a7       _CxxThrowException         00000001800066a7 f   vcruntime:VCRUNTIME140.dll
 0001:000056ad       memcpy                     00000001800066ad f   vcruntime:VCRUNTIME140.dll
 0001:000056b3       strcmp                     00000001800066b3 f   ucrt:api-ms-win-crt-string-l1-1-0.dll
 0001:000056d0       _guard_dispatch_icall_nop  00000001800066d0 f   MSVCRT:guard_dispatch.obj
 0002:00000000       __imp_GetModuleHandleA     0000000180007000     kernel32:KERNEL32.dll
 0002:00000008       __imp_VirtualProtect       0000000180007008     kernel32:KERNEL32.dll
 0002:00000010       __imp_GetCurrentProcess    0000000180007010     kernel32:KERNEL32.dll
 0002:00000018       __imp_VirtualAlloc         0000000180007018     kernel32:KERNEL32.dll
 0002:00000020       __imp_GetSystemInfo        0000000180007020     kernel32:KERNEL32.dll
 0002:00000028       __imp_HeapAlloc            0000000180007028     kernel32:KERNEL32.dll
 0002:00000030       __imp_GetProcAddress       0000000180007030     kernel32:KERNEL32.dll
 0002:00000038       __imp_GetProcessHeap       0000000180007038     kernel32:KERNEL32.dll
 0002:00000040       __imp_GetModuleHandleW     0000000180007040     kernel32:KERNEL32.dll
 0002:00000048       __imp_FlushInstructionCache 0000000180007048     kernel32:KERNEL32.dll
 0002:00000050       __imp_VirtualQuery         0000000180007050     kernel32:KERNEL32.dll
 0002:00000058       __imp_LeaveCriticalSection 0000000180007058     kernel32:KERNEL32.dll
 0002:00000060       __imp_EnterCriticalSection 0000000180007060     kernel32:KERNEL32.dll
 0002:00000068       __imp_CloseHandle          0000000180007068     kernel32:KERNEL32.dll
 0002:00000070       __imp_InitializeSListHead  0000000180007070     kernel32:KERNEL32.dll
 0002:00000078       __imp_GetSystemTimeAsFileTime 0000000180007078     kernel32:KERNEL32.dll
 0002:00000080       __imp_GetCurrentThreadId   0000000180007080     kernel32:KERNEL32.dll
 0002:00000088       __imp_GetCurrentProcessId  0000000180007088     kernel32:KERNEL32.dll
 0002:00000090       __imp_QueryPerformanceCounter 0000000180007090     kernel32:KERNEL32.dll
 0002:00000098       __imp_IsDebuggerPresent    0000000180007098     kernel32:KERNEL32.dll
 0002:000000a0       __imp_DeleteCriticalSection 00000001800070a0     kernel32:KERNEL32.dll
 0002:000000a8       __imp_SetEvent             00000001800070a8     kernel32:KERNEL32.dll
 0002:000000b0       __imp_ResetEvent           00000001800070b0     kernel32:KERNEL32.dll
 0002:000000b8       __imp_WaitForSingleObjectEx 00000001800070b8     kernel32:KERNEL32.dll
 0002:000000c0       __imp_CreateEventW         00000001800070c0     kernel32:KERNEL32.dll
 0002:000000c8       __imp_RtlCaptureContext    00000001800070c8     kernel32:KERNEL32.dll
 0002:000000d0       __imp_RtlLookupFunctionEntry 00000001800070d0     kernel32:KERNEL32.dll
 0002:000000d8       __imp_RtlVirtualUnwind     00000001800070d8     kernel32:KERNEL32.dll
 0002:000000e0       __imp_UnhandledExceptionFilter 00000001800070e0     kernel32:KERNEL32.dll
 0002:000000e8       __imp_SetUnhandledExceptionFilter 00000001800070e8     kernel32:KERNEL32.dll
 0002:000000f0       __imp_TerminateProcess     00000001800070f0     kernel32:KERNEL32.dll
 0002:000000f8       __imp_InitializeCriticalSectionAndSpinCount 00000001800070f8     kernel32:KERNEL32.dll
 0002:00000100       __imp_IsProcessorFeaturePresent 0000000180007100     kernel32:KERNEL32.dll
 0002:00000108       \177KERNEL32_NULL_THUNK_DATA 0000000180007108     kernel32:KERNEL32.dll
 0002:00000110       __imp_?get_new_handler@std@@YAP6AXXZXZ 0000000180007110     msvcprt:MSVCP140.dll
 0002:00000118       \177MSVCP140_NULL_THUNK_DATA 0000000180007118     msvcprt:MSVCP140.dll
 0002:00000120       __imp_memset               0000000180007120     vcruntime:VCRUNTIME140.dll
 0002:00000128       __imp___C_specific_handler 0000000180007128     vcruntime:VCRUNTIME140.dll
 0002:00000130       __imp_strstr               0000000180007130     vcruntime:VCRUNTIME140.dll
 0002:00000138       __imp_memcpy               0000000180007138     vcruntime:VCRUNTIME140.dll
 0002:00000140       __imp___std_exception_copy 0000000180007140     vcruntime:VCRUNTIME140.dll
 0002:00000148       __imp___std_exception_destroy 0000000180007148     vcruntime:VCRUNTIME140.dll
 0002:00000150       __imp__CxxThrowException   0000000180007150     vcruntime:VCRUNTIME140.dll
 0002:00000158       __imp___std_type_info_destroy_list 0000000180007158     vcruntime:VCRUNTIME140.dll
 0002:00000160       __imp___std_terminate      0000000180007160     vcruntime:VCRUNTIME140.dll
 0002:00000168       __imp___CxxFrameHandler3   0000000180007168     vcruntime:VCRUNTIME140.dll
 0002:00000170       \177VCRUNTIME140_NULL_THUNK_DATA 0000000180007170     vcruntime:VCRUNTIME140.dll
 0002:00000178       __imp_getenv               0000000180007178     ucrt:api-ms-win-crt-environment-l1-1-0.dll
 0002:00000180       \177api-ms-win-crt-environment-l1-1-0_NULL_THUNK_DATA 0000000180007180     ucrt:api-ms-win-crt-environment-l1-1-0.dll
 0002:00000188       __imp_free                 0000000180007188     ucrt:api-ms-win-crt-heap-l1-1-0.dll
 0002:00000190       \177api-ms-win-crt-heap-l1-1-0_NULL_THUNK_DATA 0000000180007190     ucrt:api-ms-win-crt-heap-l1-1-0.dll
 0002:00000198       __imp__initterm            0000000180007198     ucrt:api-ms-win-crt-runtime-l1-1-0.dll
 0002:000001a0       __imp__initterm_e          00000001800071a0     ucrt:api-ms-win-crt-runtime-l1-1-0.dll
 0002:000001a8       __imp__initialize_onexit_table 00000001800071a8     ucrt:api-ms-win-crt-runtime-l1-1-0.dll
 0002:000001b0       __imp__initialize_narrow_environment 00000001800071b0     ucrt:api-ms-win-crt-runtime-l1-1-0.dll
 0002:000001b8       __imp__configure_narrow_argv 00000001800071b8     ucrt:api-ms-win-crt-runtime-l1-1-0.dll
 0002:000001c0       __imp__register_onexit_function 00000001800071c0     ucrt:api-ms-win-crt-runtime-l1-1-0.dll
 0002:000001c8       __imp__cexit               00000001800071c8     ucrt:api-ms-win-crt-runtime-l1-1-0.dll
 0002:000001d0       __imp__seh_filter_dll      00000001800071d0     ucrt:api-ms-win-crt-runtime-l1-1-0.dll
 0002:000001d8       __imp__execute_onexit_table 00000001800071d8     ucrt:api-ms-win-crt-runtime-l1-1-0.dll
 0002:000001e0       __imp__crt_atexit          00000001800071e0     ucrt:api-ms-win-crt-runtime-l1-1-0.dll
 0002:000001e8       __imp_abort                00000001800071e8     ucrt:api-ms-win-crt-runtime-l1-1-0.dll
 0002:000001f0       \177api-ms-win-crt-runtime-l1-1-0_NULL_THUNK_DATA 00000001800071f0     ucrt:api-ms-win-crt-runtime-l1-1-0.dll
 0002:000001f8       __imp_fflush               00000001800071f8     ucrt:api-ms-win-crt-stdio-l1-1-0.dll
 0002:00000200       __imp___acrt_iob_func      0000000180007200     ucrt:api-ms-win-crt-stdio-l1-1-0.dll
 0002:00000208       __imp___stdio_common_vfprintf 0000000180007208     ucrt:api-ms-win-crt-stdio-l1-1-0.dll
 0002:00000210       __imp___stdio_common_vsprintf 0000000180007210     ucrt:api-ms-win-crt-stdio-l1-1-0.dll
 0002:00000218       \177api-ms-win-crt-stdio-l1-1-0_NULL_THUNK_DATA 0000000180007218     ucrt:api-ms-win-crt-stdio-l1-1-0.dll
 0002:00000220       __imp_strncpy              0000000180007220     ucrt:api-ms-win-crt-string-l1-1-0.dll
 0002:00000228       __imp_strspn               0000000180007228     ucrt:api-ms-win-crt-string-l1-1-0.dll
 0002:00000230       __imp_strncmp              0000000180007230     ucrt:api-ms-win-crt-string-l1-1-0.dll
 0002:00000238       __imp_strcmp               0000000180007238     ucrt:api-ms-win-crt-string-l1-1-0.dll
 0002:00000240       \177api-ms-win-crt-string-l1-1-0_NULL_THUNK_DATA 0000000180007240     ucrt:api-ms-win-crt-string-l1-1-0.dll
 0002:00000248       __imp_scalable_malloc      0000000180007248     tbbmalloc:tbbmalloc.dll
 0002:00000250       __imp___TBB_malloc_safer_realloc 0000000180007250     tbbmalloc:tbbmalloc.dll
 0002:00000258       __imp___TBB_malloc_safer_free 0000000180007258     tbbmalloc:tbbmalloc.dll
 0002:00000260       __imp___TBB_malloc_safer_msize 0000000180007260     tbbmalloc:tbbmalloc.dll
 0002:00000268       __imp_scalable_aligned_malloc 0000000180007268     tbbmalloc:tbbmalloc.dll
 0002:00000270       __imp___TBB_malloc_safer_aligned_msize 0000000180007270     tbbmalloc:tbbmalloc.dll
 0002:00000278       __imp_scalable_calloc      0000000180007278     tbbmalloc:tbbmalloc.dll
 0002:00000280       __imp___TBB_malloc_safer_aligned_realloc 0000000180007280     tbbmalloc:tbbmalloc.dll
 0002:00000288       \177tbbmalloc_NULL_THUNK_DATA 0000000180007288     tbbmalloc:tbbmalloc.dll
 0002:00000290       __guard_check_icall_fptr   0000000180007290     MSVCRT:guard_support.obj
 0002:00000298       __guard_dispatch_icall_fptr 0000000180007298     MSVCRT:guard_support.obj
 0002:000002a0       __xc_a                     00000001800072a0     MSVCRT:initializers.obj
 0002:000002b0       __xc_z                     00000001800072b0     MSVCRT:initializers.obj
 0002:000002b8       __xi_a                     00000001800072b8     MSVCRT:initializers.obj
 0002:000002c8       __xi_z                     00000001800072c8     MSVCRT:initializers.obj
 0002:000002d0       __xl_a                     00000001800072d0     MSVCRT:tlssup.obj
 0002:000002d8       __xl_z                     00000001800072d8     MSVCRT:tlssup.obj
 0002:000002e0       __xp_a                     00000001800072e0     MSVCRT:initializers.obj
 0002:000002e8       __xp_z                     00000001800072e8     MSVCRT:initializers.obj
 0002:000002f0       __xt_a                     00000001800072f0     MSVCRT:initializers.obj
 0002:000002f8       __xt_z                     00000001800072f8     MSVCRT:initializers.obj
 0002:00000308       ??_7type_info@@6B@         0000000180007308     MSVCRT:std_type_info_static.obj
 0002:00000340       ??_C@_1EC@JIJBPKFM@?$AAa?$AAp?$AAi?$AA?9?$AAm?$AAs?$AA?9?$AAw?$AAi?$AAn?$AA?9?$AAc?$AAo?$AAr?$AAe@ 0000000180007340     MSVCRT:thread_safe_statics.obj
 0002:00000388       ??_C@_1BK@MGMFAEKH@?$AAk?$AAe?$AAr?$AAn?$AAe?$AAl?$AA3?$AA2?$AA?4?$AAd?$AAl?$AAl@ 0000000180007388     MSVCRT:thread_safe_statics.obj
 0002:000003a8       ??_C@_0BM@HLJJNPAH@InitializeConditionVariable@ 00000001800073a8     MSVCRT:thread_safe_statics.obj
 0002:000003c8       ??_C@_0BJ@JEBJOJFJ@SleepConditionVariableCS@ 00000001800073c8     MSVCRT:thread_safe_statics.obj
 0002:000003e8       ??_C@_0BJ@PGPPEPCC@WakeAllConditionVariable@ 00000001800073e8     MSVCRT:thread_safe_statics.obj
 0002:00000418       _pRawDllMain               0000000180007418     MSVCRT:dll_dllmain.obj
 0002:00000418       _pDefaultRawDllMain        0000000180007418     MSVCRT:dll_dllmain.obj
 0002:00000420       ??_C@_01CLKCMJKC@?5@       0000000180007420     proxy.obj
 0002:00000428       ??_C@_0BC@EOODALEL@Unknown?5exception@ 0000000180007428     proxy.obj
 0002:00000440       ??_C@_0P@GHFPNOJB@bad?5allocation@ 0000000180007440     proxy.obj
 0002:00000450       ??_C@_0BB@CELFBCFL@4883EC284885C974@ 0000000180007450     proxy.obj
 0002:00000468       ??_C@_0BB@DNKOCDBK@4883EC284885C975@ 0000000180007468     proxy.obj
 0002:00000480       ??_C@_0P@IIEFCCCK@4885C974375348@ 0000000180007480     proxy.obj
 0002:00000490       ??_C@_0P@MLBOLCNP@E907000000CCCC@ 0000000180007490     proxy.obj
 0002:000004a0       ??_C@_0BD@NAGNMPMM@C7442410000000008B@ 00000001800074a0     proxy.obj
 0002:000004b8       ??_C@_0P@HHPHEEDL@E90B000000CCCC@ 00000001800074b8     proxy.obj
 0002:000004c8       ??_C@_0P@HPPIJIBK@48895C24085748@ 00000001800074c8     proxy.obj
 0002:000004d8       ??_C@_0P@MIBIIJKA@E903000000CCCC@ 00000001800074d8     proxy.obj
 0002:000004e8       ??_C@_0BF@LIMEMCBL@48894C24084883EC28BA@ 00000001800074e8     proxy.obj
 0002:00000500       ??_C@_0BF@PLLHEACO@4C894424184889542410@ 0000000180007500     proxy.obj
 0002:00000518       ??_C@_0BF@BGEFBEEG@48894C24084883EC2848@ 0000000180007518     proxy.obj
 0002:00000530       ??_C@_0BH@EGOPIBNN@488BD1488D0D?$CD?$CK?$CK?$CK?$CK?$CK?$CK?$CKE9@ 0000000180007530     proxy.obj
 0002:00000548       ??_C@_0O@CHBBGAKE@msvcr100d?4dll@ 0000000180007548     proxy.obj
 0002:00000558       ??_C@_0N@LPNMIKAL@msvcr100?4dll@ 0000000180007558     proxy.obj
 0002:00000568       ??_C@_0O@OLLLGADK@msvcr110d?4dll@ 0000000180007568     proxy.obj
 0002:00000578       ??_C@_0N@BJKLIBLP@msvcr110?4dll@ 0000000180007578     proxy.obj
 0002:00000588       ??_C@_0O@GFDEGHNJ@msvcr120d?4dll@ 0000000180007588     proxy.obj
 0002:00000598       ??_C@_0N@CIEDJLCC@msvcr120?4dll@ 0000000180007598     proxy.obj
 0002:000005a8       ??_C@_0N@PICNLMEE@ucrtbase?4dll@ 00000001800075a8     proxy.obj
 0002:000005b8       ??_C@_06GLDDLHNF@malloc@   00000001800075b8     proxy.obj
 0002:000005c0       ??_C@_06DLAMMMII@calloc@   00000001800075c0     proxy.obj
 0002:000005c8       ??_C@_0BA@GMPDBKFG@_aligned_malloc@ 00000001800075c8     proxy.obj
 0002:000005d8       ??_C@_07BBLEBFDC@_expand@  00000001800075d8     proxy.obj
 0002:000005e0       ??_C@_0P@LPJKMICN@?$DP?$DP2?$EAYAPEAX_K?$EAZ@ 00000001800075e0     proxy.obj
 0002:000005f0       ??_C@_0BA@EFNPBGJ@?$DP?$DP_U?$EAYAPEAX_K?$EAZ@ 00000001800075f0     proxy.obj
 0002:00000600       ??_C@_0O@GLHPPNAM@?$DP?$DP3?$EAYAXPEAX?$EAZ@ 0000000180007600     proxy.obj
 0002:00000610       ??_C@_0P@ELDKCECG@?$DP?$DP_V?$EAYAXPEAX?$EAZ@ 0000000180007610     proxy.obj
 0002:00000620       ??_C@_0BP@ELHDJJJI@?$DP?$DP2?$EAYAPAXIABUnothrow_t?$EAstd?$EA?$EA?$EAZ@ 0000000180007620     proxy.obj
 0002:00000640       ??_C@_0CA@OMDEFABD@?$DP?$DP_U?$EAYAPAXIABUnothrow_t?$EAstd?$EA?$EA?$EAZ@ 0000000180007640     proxy.obj
 0002:00000660       ??_C@_04LIAPHEDB@free@     0000000180007660     proxy.obj
 0002:00000668       ??_C@_06LKNEPFKJ@_msize@   0000000180007668     proxy.obj
 0002:00000670       ??_C@_0O@LGBNDGFL@_aligned_free@ 0000000180007670     proxy.obj
 0002:00000680       ??_C@_0P@OOIOIICO@_aligned_msize@ 0000000180007680     proxy.obj
 0002:00000690       ??_C@_0FK@IINPDCOG@TBBmalloc?3?5skip?5allocation?5func@ 0000000180007690     proxy.obj
 0002:000006ec       ??_C@_04CKFJHKAP@find@     00000001800076ec     proxy.obj
 0002:000006f8       ??_C@_07CLEHDIEJ@replace@  00000001800076f8     proxy.obj
 0002:00000700       ??_C@_0CH@IHGEOMDA@Failed?5to?5?$CFs?5function?5?$CFs?5in?5mod@ 0000000180007700     proxy.obj
 0002:00000728       ??_C@_07EOOHGPEI@realloc@  0000000180007728     proxy.obj
 0002:00000730       ??_C@_0BB@DKFBHNHP@_aligned_realloc@ 0000000180007730     proxy.obj
 0002:00000748       ??_C@_07BHCPDLAB@_o_free@  0000000180007748     proxy.obj
 0002:00000750       ??_C@_0L@OPJKHCIK@_free_base@ 0000000180007750     proxy.obj
 0002:00000760       ??_C@_0BP@DNEMBMHJ@TBB_MALLOC_DISABLE_REPLACEMENT@ 0000000180007760     proxy.obj
 0002:00000788       ??_7bad_alloc@std@@6B@     0000000180007788     proxy.obj
 0002:000007a0       ??_7exception@std@@6B@     00000001800077a0     proxy.obj
 0002:000007b0       ??_C@_0CL@PHAMFLPE@Assertion?5?$CFs?5failed?5on?5line?5?$CFd?5@ 00000001800077b0     tbb_function_replacement.obj
 0002:000007e0       ??_C@_0BK@GNEKDGNN@Detailed?5description?3?5?$CFs?6@ 00000001800077e0     tbb_function_replacement.obj
 0002:00000800       ??_C@_0BD@LANNGHCK@Log?5was?5truncated?4@ 0000000180007800     tbb_function_replacement.obj
 0002:00000814       ??_C@_02DKCKIIND@?$CFs@    0000000180007814     tbb_function_replacement.obj
 0002:00000818       ??_C@_07PBILKAFL@Success@  0000000180007818     tbb_function_replacement.obj
 0002:00000820       ??_C@_04ODLKOBGJ@Fail@     0000000180007820     tbb_function_replacement.obj
 0002:00000828       ??_C@_0CA@OEDCNBOE@?$CFs?3?5?$CFs?5?$CI?$CFs?$CJ?0?5byte?5pattern?3?5?$DM?$CFs?$DO@ 0000000180007828     tbb_function_replacement.obj
 0002:00000848       ??_C@_04CFJMJGDJ@?$CF?42X@ 0000000180007848     tbb_function_replacement.obj
 0002:00000850       ??_C@_0BE@LDGLKLFL@CheckOpcodes?5failed@ 0000000180007850     tbb_function_replacement.obj
 0002:00000864       ??_C@_05LAPONLG@false@     0000000180007864     tbb_function_replacement.obj
 0002:00000870       ??_C@_0FK@GPMALFDE@c?3?2users?2nick?5clark?2documents?2c@ 0000000180007870     tbb_function_replacement.obj
 0002:000008d0       ??_C@_08BJIJBMMK@?$CD?$CK?$CK?$CK?$CK?$CK?$CK?$CK@ 00000001800078d0     tbb_function_replacement.obj
 0002:000008e0       ??_C@_0BM@OCGNBDGG@Incorrect?5bytecode?5pattern?$DP@ 00000001800078e0     tbb_function_replacement.obj
 0002:00000900       ??_C@_0BP@BKAKGHJM@bytesToMove?5?$DO?$DN?5SIZE_OF_RELJUMP@ 0000000180007900     tbb_function_replacement.obj
 0002:00000920       ??_C@_0BP@NFIPJMHG@bytesToMove?5?$DO?$DN?5SIZE_OF_INDJUMP@ 0000000180007920     tbb_function_replacement.obj
 0002:00000940       ??_C@_07CIFAGBMG@unknown@  0000000180007940     tbb_function_replacement.obj
 0002:000009c0       _load_config_used          00000001800079c0     MSVCRT:loadcfg.obj
 0002:00000ac0       _tls_used                  0000000180007ac0     MSVCRT:tlssup.obj
 0002:00000ae8       ??_R4type_info@@6B@        0000000180007ae8     MSVCRT:std_type_info_static.obj
 0002:00000b10       ??_R3type_info@@8          0000000180007b10     MSVCRT:std_type_info_static.obj
 0002:00000b28       ??_R2type_info@@8          0000000180007b28     MSVCRT:std_type_info_static.obj
 0002:00000b38       ??_R1A@?0A@EA@type_info@@8 0000000180007b38     MSVCRT:std_type_info_static.obj
 0002:00000b60       ??_R4exception@std@@6B@    0000000180007b60     proxy.obj
 0002:00000b88       ??_R2bad_alloc@std@@8      0000000180007b88     proxy.obj
 0002:00000ba0       ??_R1A@?0A@EA@exception@std@@8 0000000180007ba0     proxy.obj
 0002:00000bc8       ??_R1A@?0A@EA@bad_alloc@std@@8 0000000180007bc8     proxy.obj
 0002:00000bf0       ??_R2exception@std@@8      0000000180007bf0     proxy.obj
 0002:00000c00       ??_R3exception@std@@8      0000000180007c00     proxy.obj
 0002:00000c18       ??_R4bad_alloc@std@@6B@    0000000180007c18     proxy.obj
 0002:00000c40       ??_R3bad_alloc@std@@8      0000000180007c40     proxy.obj
 0002:00001018       __rtc_iaa                  0000000180008018     MSVCRT:initsect.obj
 0002:00001020       __rtc_izz                  0000000180008020     MSVCRT:initsect.obj
 0002:00001028       __rtc_taa                  0000000180008028     MSVCRT:initsect.obj
 0002:00001030       __rtc_tzz                  0000000180008030     MSVCRT:initsect.obj
 0002:00001038       _tls_start                 0000000180008038     MSVCRT:tlssup.obj
 0002:0000103c       _Init_thread_epoch         000000018000803c     MSVCRT:thread_safe_statics.obj
 0002:00001040       _tls_end                   0000000180008040     MSVCRT:tlssup.obj
 0002:00001428       _CTA2?AVbad_alloc@std@@    0000000180008428     proxy.obj
 0002:00001440       _TI2?AVbad_alloc@std@@     0000000180008440     proxy.obj
 0002:00001460       _CT??_R0?AVbad_alloc@std@@@8??0bad_alloc@std@@QEAA@AEBV01@@Z24 0000000180008460     proxy.obj
 0002:00001488       _CT??_R0?AVexception@std@@@8??0exception@std@@QEAA@AEBV01@@Z24 0000000180008488     proxy.obj
 0002:00001530       __IMPORT_DESCRIPTOR_KERNEL32 0000000180008530     kernel32:KERNEL32.dll
 0002:00001544       __IMPORT_DESCRIPTOR_tbbmalloc 0000000180008544     tbbmalloc:tbbmalloc.dll
 0002:00001558       __IMPORT_DESCRIPTOR_MSVCP140 0000000180008558     msvcprt:MSVCP140.dll
 0002:0000156c       __IMPORT_DESCRIPTOR_VCRUNTIME140 000000018000856c     vcruntime:VCRUNTIME140.dll
 0002:00001580       __IMPORT_DESCRIPTOR_api-ms-win-crt-runtime-l1-1-0 0000000180008580     ucrt:api-ms-win-crt-runtime-l1-1-0.dll
 0002:00001594       __IMPORT_DESCRIPTOR_api-ms-win-crt-stdio-l1-1-0 0000000180008594     ucrt:api-ms-win-crt-stdio-l1-1-0.dll
 0002:000015a8       __IMPORT_DESCRIPTOR_api-ms-win-crt-string-l1-1-0 00000001800085a8     ucrt:api-ms-win-crt-string-l1-1-0.dll
 0002:000015bc       __IMPORT_DESCRIPTOR_api-ms-win-crt-environment-l1-1-0 00000001800085bc     ucrt:api-ms-win-crt-environment-l1-1-0.dll
 0002:000015d0       __IMPORT_DESCRIPTOR_api-ms-win-crt-heap-l1-1-0 00000001800085d0     ucrt:api-ms-win-crt-heap-l1-1-0.dll
 0002:000015e4       __NULL_IMPORT_DESCRIPTOR   00000001800085e4     kernel32:KERNEL32.dll
 0003:00000000       _Init_global_epoch         0000000180009000     MSVCRT:thread_safe_statics.obj
 0003:00000004       __scrt_native_dllmain_reason 0000000180009004     MSVCRT:utility.obj
 0003:00000008       __security_cookie_complement 0000000180009008     MSVCRT:gs_cookie.obj
 0003:00000010       __security_cookie          0000000180009010     MSVCRT:gs_cookie.obj
 0003:00000018       __isa_available            0000000180009018     MSVCRT:cpu_disp.obj
 0003:0000001c       __isa_enabled              000000018000901c     MSVCRT:cpu_disp.obj
 0003:00000020       __memcpy_nt_iters          0000000180009020     MSVCRT:cpu_disp.obj
 0003:00000030       __scrt_ucrt_dll_is_in_use  0000000180009030     MSVCRT:ucrt_stubs.obj
 0003:00000040       ?modules_to_replace@@3PAUModule@@A 0000000180009040     proxy.obj
 0003:000000b0       ?c_routines_to_replace@@3PAUFRData_t@@A 00000001800090b0     proxy.obj
 0003:00000110       ?known_bytecodes@@3PAPEBDA 0000000180009110     proxy.obj
 0003:00000180       ?cxx_routines_to_replace@@3PAUFRData_t@@A 0000000180009180     proxy.obj
 0003:00000218       ??_R0?AVtype_info@@@8      0000000180009218     MSVCRT:std_type_info_static.obj
 0003:00000238       ??_R0?AVbad_alloc@std@@@8  0000000180009238     proxy.obj
 0003:00000260       ??_R0?AVexception@std@@@8  0000000180009260     proxy.obj
 0003:00000850       __scrt_current_native_startup_state 0000000180009850     MSVCRT:utility.obj
 0003:00000858       __scrt_native_startup_lock 0000000180009858     MSVCRT:utility.obj
 0003:0000089c       __scrt_debugger_hook_flag  000000018000989c     MSVCRT:utility_desktop.obj
 0003:000008a0       _tls_index                 00000001800098a0     MSVCRT:tlssup.obj
 0003:000008a4       __favor                    00000001800098a4     MSVCRT:cpu_disp.obj
 0003:000008b0       ?__type_info_root_node@@3U__type_info_node@@A 00000001800098b0     MSVCRT:tncleanup.obj
 0003:000008c0       ?_OptionsStorage@?1??__local_stdio_scanf_options@@9@4_KA 00000001800098c0     MSVCRT:default_local_stdio_options.obj
 0003:000008d0       ?orig__aligned_free_msvcr100@@3P6AXPEAX@ZEA 00000001800098d0     proxy.obj
 0003:000008d8       ?orig_free_msvcr110@@3P6AXPEAX@ZEA 00000001800098d8     proxy.obj
 0003:000008e0       ?orig__msize_msvcr110d@@3P6A_KPEAX@ZEA 00000001800098e0     proxy.obj
 0003:000008e8       ?orig__aligned_msize_msvcr120d@@3P6A_KPEAX_K1@ZEA 00000001800098e8     proxy.obj
 0003:000008f0       ?orig__aligned_msize_msvcr100@@3P6A_KPEAX_K1@ZEA 00000001800098f0     proxy.obj
 0003:000008f8       ?orig_free_msvcr120@@3P6AXPEAX@ZEA 00000001800098f8     proxy.obj
 0003:00000900       ?orig__free_base@@3P6AXPEAX@ZEA 0000000180009900     proxy.obj
 0003:00000908       ?orig__aligned_msize_msvcr100d@@3P6A_KPEAX_K1@ZEA 0000000180009908     proxy.obj
 0003:00000910       ?orig__aligned_free_msvcr120d@@3P6AXPEAX@ZEA 0000000180009910     proxy.obj
 0003:00000918       ?orig__o_free@@3P6AXPEAX@ZEA 0000000180009918     proxy.obj
 0003:00000920       ?orig__aligned_free_msvcr110@@3P6AXPEAX@ZEA 0000000180009920     proxy.obj
 0003:00000928       ?orig_free_msvcr100d@@3P6AXPEAX@ZEA 0000000180009928     proxy.obj
 0003:00000930       ?orig__msize_msvcr120@@3P6A_KPEAX@ZEA 0000000180009930     proxy.obj
 0003:00000938       ?orig_free_msvcr120d@@3P6AXPEAX@ZEA 0000000180009938     proxy.obj
 0003:00000940       ?orig_free_msvcr110d@@3P6AXPEAX@ZEA 0000000180009940     proxy.obj
 0003:00000948       ?orig__aligned_free_msvcr110d@@3P6AXPEAX@ZEA 0000000180009948     proxy.obj
 0003:00000950       ?orig__msize_ucrtbase@@3P6A_KPEAX@ZEA 0000000180009950     proxy.obj
 0003:00000958       ?orig_free_ucrtbase@@3P6AXPEAX@ZEA 0000000180009958     proxy.obj
 0003:00000960       ?orig_free_msvcr100@@3P6AXPEAX@ZEA 0000000180009960     proxy.obj
 0003:00000968       ?orig__aligned_msize_msvcr110d@@3P6A_KPEAX_K1@ZEA 0000000180009968     proxy.obj
 0003:00000970       ?orig__msize_msvcr110@@3P6A_KPEAX@ZEA 0000000180009970     proxy.obj
 0003:00000978       ?orig__msize_msvcr100@@3P6A_KPEAX@ZEA 0000000180009978     proxy.obj
 0003:00000980       ?orig__msize_msvcr120d@@3P6A_KPEAX@ZEA 0000000180009980     proxy.obj
 0003:00000988       ?orig__aligned_free_msvcr120@@3P6AXPEAX@ZEA 0000000180009988     proxy.obj
 0003:00000990       ?orig__aligned_msize_msvcr110@@3P6A_KPEAX_K1@ZEA 0000000180009990     proxy.obj
 0003:00000998       ?orig__aligned_msize_ucrtbase@@3P6A_KPEAX_K1@ZEA 0000000180009998     proxy.obj
 0003:000009a0       ?orig__aligned_free_msvcr100d@@3P6AXPEAX@ZEA 00000001800099a0     proxy.obj
 0003:000009a8       ?orig__aligned_free_ucrtbase@@3P6AXPEAX@ZEA 00000001800099a8     proxy.obj
 0003:000009b0       ?orig__msize_msvcr100d@@3P6A_KPEAX@ZEA 00000001800099b0     proxy.obj
 0003:000009b8       ?orig__aligned_msize_msvcr120@@3P6A_KPEAX_K1@ZEA 00000001800099b8     proxy.obj
 0003:000023f0       ?_OptionsStorage@?1??__local_stdio_printf_options@@9@4_KA 000000018000b3f0     proxy.obj
 0003:00002530       __dyn_tls_init_callback    000000018000b530     <common>

 entry point at        0001:000050e0

 Static symbols

 0000:ffff1000       .debug$S                   0000000180000000     ucrt:api-ms-win-crt-runtime-l1-1-0.dll
 0000:ffff1000       .debug$S                   0000000180000000     kernel32:KERNEL32.dll
 0000:ffff1000       .debug$S                   0000000180000000     ucrt:api-ms-win-crt-string-l1-1-0.dll
 0000:ffff1000       .debug$S                   0000000180000000     vcruntime:VCRUNTIME140.dll
 0000:ffff1000       .debug$S                   0000000180000000     vcruntime:VCRUNTIME140.dll
 0000:ffff1000       .debug$S                   0000000180000000     kernel32:KERNEL32.dll
 0000:ffff1000       .debug$S                   0000000180000000     kernel32:KERNEL32.dll
 0000:ffff1000       .debug$S                   0000000180000000     kernel32:KERNEL32.dll
 0000:ffff1000       .debug$S                   0000000180000000     kernel32:KERNEL32.dll
 0000:ffff1000       .debug$S                   0000000180000000     kernel32:KERNEL32.dll
 0000:ffff1000       .debug$S                   0000000180000000     kernel32:KERNEL32.dll
 0000:ffff1000       .debug$S                   0000000180000000     kernel32:KERNEL32.dll
 0000:ffff1000       .debug$S                   0000000180000000     kernel32:KERNEL32.dll
 0000:ffff1000       .debug$S                   0000000180000000     kernel32:KERNEL32.dll
 0000:ffff1000       .debug$S                   0000000180000000     tbbmalloc:tbbmalloc.dll
 0000:ffff1000       .debug$S                   0000000180000000     tbbmalloc:tbbmalloc.dll
 0000:ffff1000       .debug$S                   0000000180000000     tbbmalloc:tbbmalloc.dll
 0000:ffff1000       .debug$S                   0000000180000000     tbbmalloc:tbbmalloc.dll
 0000:ffff1000       .debug$S                   0000000180000000     tbbmalloc:tbbmalloc.dll
 0000:ffff1000       .debug$S                   0000000180000000     tbbmalloc:tbbmalloc.dll
 0000:ffff1000       .debug$S                   0000000180000000     tbbmalloc:tbbmalloc.dll
 0000:ffff1000       .debug$S                   0000000180000000     tbbmalloc:tbbmalloc.dll
 0000:ffff1000       .debug$S                   0000000180000000     msvcprt:MSVCP140.dll
 0000:ffff1000       .debug$S                   0000000180000000     vcruntime:VCRUNTIME140.dll
 0000:ffff1000       .debug$S                   0000000180000000     vcruntime:VCRUNTIME140.dll
 0000:ffff1000       .debug$S                   0000000180000000     vcruntime:VCRUNTIME140.dll
 0000:ffff1000       .debug$S                   0000000180000000     vcruntime:VCRUNTIME140.dll
 0000:ffff1000       .debug$S                   0000000180000000     vcruntime:VCRUNTIME140.dll
 0000:ffff1000       .debug$S                   0000000180000000     vcruntime:VCRUNTIME140.dll
 0000:ffff1000       .debug$S                   0000000180000000     vcruntime:VCRUNTIME140.dll
 0000:ffff1000       .debug$S                   0000000180000000     vcruntime:VCRUNTIME140.dll
 0000:ffff1000       .debug$S                   0000000180000000     ucrt:api-ms-win-crt-runtime-l1-1-0.dll
 0000:ffff1000       .debug$S                   0000000180000000     ucrt:api-ms-win-crt-stdio-l1-1-0.dll
 0000:ffff1000       .debug$S                   0000000180000000     ucrt:api-ms-win-crt-stdio-l1-1-0.dll
 0000:ffff1000       .debug$S                   0000000180000000     ucrt:api-ms-win-crt-string-l1-1-0.dll
 0000:ffff1000       .debug$S                   0000000180000000     ucrt:api-ms-win-crt-environment-l1-1-0.dll
 0000:ffff1000       .debug$S                   0000000180000000     ucrt:api-ms-win-crt-stdio-l1-1-0.dll
 0000:ffff1000       .debug$S                   0000000180000000     ucrt:api-ms-win-crt-string-l1-1-0.dll
 0000:ffff1000       .debug$S                   0000000180000000     ucrt:api-ms-win-crt-string-l1-1-0.dll
 0000:ffff1000       .debug$S                   0000000180000000     ucrt:api-ms-win-crt-string-l1-1-0.dll
 0000:ffff1000       .debug$S                   0000000180000000     ucrt:api-ms-win-crt-stdio-l1-1-0.dll
 0000:ffff1000       .debug$S                   0000000180000000     ucrt:api-ms-win-crt-string-l1-1-0.dll
 0000:ffff1000       .debug$S                   0000000180000000     ucrt:api-ms-win-crt-runtime-l1-1-0.dll
 0000:ffff1000       .debug$S                   0000000180000000     ucrt:api-ms-win-crt-runtime-l1-1-0.dll
 0000:ffff1000       .debug$S                   0000000180000000     ucrt:api-ms-win-crt-runtime-l1-1-0.dll
 0000:ffff1000       .debug$S                   0000000180000000     ucrt:api-ms-win-crt-runtime-l1-1-0.dll
 0000:ffff1000       .debug$S                   0000000180000000     ucrt:api-ms-win-crt-runtime-l1-1-0.dll
 0000:ffff1000       .debug$S                   0000000180000000     ucrt:api-ms-win-crt-runtime-l1-1-0.dll
 0000:ffff1000       .debug$S                   0000000180000000     ucrt:api-ms-win-crt-runtime-l1-1-0.dll
 0000:ffff1000       .debug$S                   0000000180000000     ucrt:api-ms-win-crt-runtime-l1-1-0.dll
 0000:ffff1000       .debug$S                   0000000180000000     ucrt:api-ms-win-crt-runtime-l1-1-0.dll
 0000:ffff1000       .debug$S                   0000000180000000     ucrt:api-ms-win-crt-runtime-l1-1-0.dll
 0000:ffff1000       .debug$S                   0000000180000000     kernel32:KERNEL32.dll
 0000:ffff1000       .debug$S                   0000000180000000     ucrt:api-ms-win-crt-heap-l1-1-0.dll
 0000:ffff1000       .debug$S                   0000000180000000     ucrt:api-ms-win-crt-runtime-l1-1-0.dll
 0000:ffff1000       .debug$S                   0000000180000000     kernel32:KERNEL32.dll
 0000:ffff1000       .debug$S                   0000000180000000     kernel32:KERNEL32.dll
 0000:ffff1000       .debug$S                   0000000180000000     kernel32:KERNEL32.dll
 0000:ffff1000       .debug$S                   0000000180000000     kernel32:KERNEL32.dll
 0000:ffff1000       .debug$S                   0000000180000000     kernel32:KERNEL32.dll
 0000:ffff1000       .debug$S                   0000000180000000     kernel32:KERNEL32.dll
 0000:ffff1000       .debug$S                   0000000180000000     kernel32:KERNEL32.dll
 0000:ffff1000       .debug$S                   0000000180000000     kernel32:KERNEL32.dll
 0000:ffff1000       .debug$S                   0000000180000000     kernel32:KERNEL32.dll
 0000:ffff1000       .debug$S                   0000000180000000     kernel32:KERNEL32.dll
 0000:ffff1000       .debug$S                   0000000180000000     kernel32:KERNEL32.dll
 0000:ffff1000       .debug$S                   0000000180000000     kernel32:KERNEL32.dll
 0000:ffff1000       .debug$S                   0000000180000000     kernel32:KERNEL32.dll
 0000:ffff1000       .debug$S                   0000000180000000     kernel32:KERNEL32.dll
 0000:ffff1000       .debug$S                   0000000180000000     kernel32:KERNEL32.dll
 0000:ffff1000       .debug$S                   0000000180000000     kernel32:KERNEL32.dll
 0000:ffff1000       .debug$S                   0000000180000000     kernel32:KERNEL32.dll
 0000:ffff1000       .debug$S                   0000000180000000     kernel32:KERNEL32.dll
 0000:ffff1000       .debug$S                   0000000180000000     kernel32:KERNEL32.dll
 0000:ffff1000       .debug$S                   0000000180000000     kernel32:KERNEL32.dll
 0000:ffff1000       .debug$S                   0000000180000000     kernel32:KERNEL32.dll
 0000:ffff1000       .debug$S                   0000000180000000     kernel32:KERNEL32.dll
 0000:ffff1000       .debug$S                   0000000180000000     kernel32:KERNEL32.dll
 0000:ffff1000       .debug$S                   0000000180000000     tbbmalloc_proxy.exp
 0001:00000000       ??__EmemProvider@@YAXXZ    0000000180001000 f   tbb_function_replacement.obj
 0001:00003930       ?CheckOpcodes@@YAIPEAPEBDPEAX_NPEBUFunctionInfo@@@Z 0000000180004930 f   tbb_function_replacement.obj
 0001:00003d30       ?InsertTrampoline32@@YAKPEAX0PEBDPEAPEAX@Z 0000000180004d30 f   tbb_function_replacement.obj
 0001:00003f40       ?InsertTrampoline64@@YAKPEAX0PEBDPEAPEAX@Z 0000000180004f40 f   tbb_function_replacement.obj
 0001:00004150       ?InsertTrampoline@@YA_NPEAX0PEAPEBDPEAPEAX@Z 0000000180005150 f   tbb_function_replacement.obj
 0001:000043b0       $$000000                   00000001800053b0     MSVCRT:amdsecgs.obj
 0001:00004418       ?__scrt_initialize_thread_safe_statics@@YAHXZ 0000000180005418 f   MSVCRT:thread_safe_statics.obj
 0001:00004578       ?__scrt_uninitialize_thread_safe_statics@@YAXXZ 0000000180005578 f   MSVCRT:thread_safe_statics.obj
 0001:000048e8       capture_current_context    00000001800058e8 f   MSVCRT:gs_report.obj
 0001:00004958       capture_previous_context   0000000180005958 f   MSVCRT:gs_report.obj
 0001:00004db0       ?dllmain_crt_dispatch@@YAHQEAUHINSTANCE__@@KQEAX@Z 0000000180005db0 f   MSVCRT:dll_dllmain.obj
 0001:00004e00       ?dllmain_crt_process_attach@@YAHQEAUHINSTANCE__@@QEAX@Z 0000000180005e00 f   MSVCRT:dll_dllmain.obj
 0001:00004f1c       ?dllmain_crt_process_detach@@YAH_N@Z 0000000180005f1c f   MSVCRT:dll_dllmain.obj
 0001:00004fac       ?dllmain_dispatch@@YAHQEAUHINSTANCE__@@KQEAX@Z 0000000180005fac f   MSVCRT:dll_dllmain.obj
 0001:000056c0       $$000000                   00000001800066c0     MSVCRT:guard_dispatch.obj
 0001:000056d2       __scrt_is_nonwritable_in_current_image$filt$0 00000001800066d2 f   MSVCRT:utility.obj
 0001:000056ea       ?fin$0@?0??dllmain_crt_process_attach@@YAHQEAUHINSTANCE__@@QEAX@Z@4HA 00000001800066ea f   MSVCRT:dll_dllmain.obj
 0001:00005701       ?fin$0@?0??dllmain_crt_process_detach@@YAH_N@Z@4HA 0000000180006701 f   MSVCRT:dll_dllmain.obj
 0001:0000571d       ?filt$0@?0??dllmain_dispatch@@YAHQEAUHINSTANCE__@@KQEAX@Z@4HA 000000018000671d f   MSVCRT:dll_dllmain.obj
 0001:00005760       ??__FmemProvider@@YAXXZ    0000000180006760 f   tbb_function_replacement.obj
 0002:000002a8       ?memProvider$initializer$@@3P6AXXZEA 00000001800072a8     tbb_function_replacement.obj
 0002:000002c0       ?__scrt_initialize_tss_var@@3P6AHXZEA 00000001800072c0     MSVCRT:thread_safe_statics.obj
 0002:00000310       $cppxdata$?__scrt_initialize_thread_safe_statics@@YAHXZ 0000000180007310     MSVCRT:thread_safe_statics.obj
 0002:00000408       GS_ExceptionPointers       0000000180007408     MSVCRT:gs_report.obj
 0002:00001048       $unwind$_Init_thread_header 0000000180008048     MSVCRT:thread_safe_statics.obj
 0002:00001048       $unwind$??0exception@std@@QEAA@AEBV01@@Z 0000000180008048     proxy.obj
 0002:00001048       $unwind$_Init_thread_wait  0000000180008048     MSVCRT:thread_safe_statics.obj
 0002:00001048       $unwind$??_Gtype_info@@UEAAPEAXI@Z 0000000180008048     MSVCRT:std_type_info_static.obj
 0002:00001048       $unwind$??0bad_alloc@std@@QEAA@AEBV01@@Z 0000000180008048     proxy.obj
 0002:00001048       $unwind$__scrt_uninitialize_crt 0000000180008048     MSVCRT:utility.obj
 0002:00001048       $unwind$__scrt_initialize_crt 0000000180008048     MSVCRT:utility.obj
 0002:00001048       $unwind$__scrt_release_startup_lock 0000000180008048     MSVCRT:utility.obj
 0002:00001048       $unwind$_onexit            0000000180008048     MSVCRT:utility.obj
 0002:00001048       $unwind$_Init_thread_footer 0000000180008048     MSVCRT:thread_safe_statics.obj
 0002:00001048       $unwind$__raise_securityfailure 0000000180008048     MSVCRT:gs_report.obj
 0002:00001050       $unwind$??_Gbad_alloc@std@@UEAAPEAXI@Z 0000000180008050     proxy.obj
 0002:00001050       $unwind$_RTC_Initialize    0000000180008050     MSVCRT:initsect.obj
 0002:00001050       $unwind$_RTC_Terminate     0000000180008050     MSVCRT:initsect.obj
 0002:00001050       $unwind$??_Gexception@std@@UEAAPEAXI@Z 0000000180008050     proxy.obj
 0002:0000105c       $unwind$fprintf            000000018000805c     proxy.obj
 0002:0000105c       $unwind$sprintf            000000018000805c     tbb_function_replacement.obj
 0002:00001068       $unwind$?__TBB_malloc_safer__aligned_realloc_msvcr110@@YAPEAXPEAX_K1@Z 0000000180008068     proxy.obj
 0002:00001068       $unwind$?__TBB_malloc_safer_realloc_msvcr120d@@YAPEAXPEAX_K@Z 0000000180008068     proxy.obj
 0002:00001068       $unwind$?__TBB_malloc_safer__aligned_realloc_msvcr120d@@YAPEAXPEAX_K1@Z 0000000180008068     proxy.obj
 0002:00001068       $unwind$?__TBB_malloc_safer_realloc_msvcr110@@YAPEAXPEAX_K@Z 0000000180008068     proxy.obj
 0002:00001068       $unwind$?__TBB_malloc_safer__aligned_realloc_msvcr100d@@YAPEAXPEAX_K1@Z 0000000180008068     proxy.obj
 0002:00001068       $unwind$?__TBB_malloc_safer_realloc_msvcr120@@YAPEAXPEAX_K@Z 0000000180008068     proxy.obj
 0002:00001068       $unwind$?__TBB_malloc_safer_realloc_msvcr100@@YAPEAXPEAX_K@Z 0000000180008068     proxy.obj
 0002:00001068       $unwind$?__TBB_malloc_safer__aligned_realloc_msvcr100@@YAPEAXPEAX_K1@Z 0000000180008068     proxy.obj
 0002:00001068       $unwind$?__TBB_malloc_safer__aligned_realloc_msvcr120@@YAPEAXPEAX_K1@Z 0000000180008068     proxy.obj
 0002:00001068       $unwind$?__TBB_malloc_safer_realloc_ucrtbase@@YAPEAXPEAX_K@Z 0000000180008068     proxy.obj
 0002:00001068       $unwind$?__TBB_malloc_safer_realloc_msvcr100d@@YAPEAXPEAX_K@Z 0000000180008068     proxy.obj
 0002:00001068       $unwind$?__TBB_malloc_safer__aligned_realloc_ucrtbase@@YAPEAXPEAX_K1@Z 0000000180008068     proxy.obj
 0002:00001068       $unwind$?__TBB_malloc_safer__aligned_realloc_msvcr110d@@YAPEAXPEAX_K1@Z 0000000180008068     proxy.obj
 0002:00001068       $unwind$?__TBB_malloc_safer_realloc_msvcr110d@@YAPEAXPEAX_K@Z 0000000180008068     proxy.obj
 0002:00001070       $unwind$?operator_new@@YAPEAX_K@Z 0000000180008070     proxy.obj
 0002:00001070       $unwind$?operator_new_arr@@YAPEAX_K@Z 0000000180008070     proxy.obj
 0002:00001070       $unwind$__scrt_initialize_onexit_tables 0000000180008070     MSVCRT:utility.obj
 0002:00001078       $unwind$?BytecodesAreKnown@@YA_NPEBD@Z 0000000180008078     proxy.obj
 0002:00001090       $chain$0$?BytecodesAreKnown@@YA_NPEBD@Z 0000000180008090     proxy.obj
 0002:000010a4       $chain$1$?BytecodesAreKnown@@YA_NPEBD@Z 00000001800080a4     proxy.obj
 0002:000010b4       $unwind$?ReplaceFunctionWithStore@@YAXPEBD0P6AXXZPEAPEBDPEAP6AXXZW4FRR_ON_ERROR@@@Z 00000001800080b4     proxy.obj
 0002:000010c8       $unwind$?doMallocReplacement@@YAXXZ 00000001800080c8     proxy.obj
 0002:000010dc       $chain$0$?doMallocReplacement@@YAXXZ 00000001800080dc     proxy.obj
 0002:000010f0       $chain$2$?doMallocReplacement@@YAXXZ 00000001800080f0     proxy.obj
 0002:00001104       $unwind$__scrt_dllmain_crt_thread_detach 0000000180008104     MSVCRT:utility.obj
 0002:00001104       $unwind$DllMain            0000000180008104     proxy.obj
 0002:00001104       $unwind$__scrt_dllmain_crt_thread_attach 0000000180008104     MSVCRT:utility.obj
 0002:00001104       $unwind$atexit             0000000180008104     MSVCRT:utility.obj
 0002:00001104       $unwind$?__scrt_uninitialize_thread_safe_statics@@YAXXZ 0000000180008104     MSVCRT:thread_safe_statics.obj
 0002:00001104       $unwind$__scrt_dllmain_uninitialize_critical 0000000180008104     MSVCRT:utility.obj
 0002:00001104       $unwind$__GSHandlerCheck   0000000180008104     MSVCRT:gshandler.obj
 0002:00001104       $unwind$__scrt_dllmain_uninitialize_c 0000000180008104     MSVCRT:utility.obj
 0002:00001104       $unwind$_Init_thread_notify 0000000180008104     MSVCRT:thread_safe_statics.obj
 0002:00001104       $unwind$__scrt_initialize_default_local_stdio_options 0000000180008104     MSVCRT:default_local_stdio_options.obj
 0002:00001104       $unwind$?dllmain_crt_dispatch@@YAHQEAUHINSTANCE__@@KQEAX@Z 0000000180008104     MSVCRT:dll_dllmain.obj
 0002:00001104       $unwind$__scrt_acquire_startup_lock 0000000180008104     MSVCRT:utility.obj
 0002:00001104       $unwind$__scrt_dllmain_after_initialize_c 0000000180008104     MSVCRT:utility.obj
 0002:00001104       $unwind$__report_rangecheckfailure 0000000180008104     MSVCRT:gs_report.obj
 0002:00001104       $unwind$__scrt_dllmain_before_initialize_c 0000000180008104     MSVCRT:utility.obj
 0002:0000110c       $chain$1$DllMain           000000018000810c     proxy.obj
 0002:00001124       $chain$2$DllMain           0000000180008124     proxy.obj
 0002:00001134       $unwind$snprintf           0000000180008134     tbb_function_replacement.obj
 0002:00001144       $unwind$?GetLocation@MemoryProvider@@QEAA_K_K@Z 0000000180008144     tbb_function_replacement.obj
 0002:0000114c       $chain$0$?GetLocation@MemoryProvider@@QEAA_K_K@Z 000000018000814c     tbb_function_replacement.obj
 0002:00001160       $chain$1$?GetLocation@MemoryProvider@@QEAA_K_K@Z 0000000180008160     tbb_function_replacement.obj
 0002:00001170       $chain$2$?GetLocation@MemoryProvider@@QEAA_K_K@Z 0000000180008170     tbb_function_replacement.obj
 0002:00001184       $unwind$??__EmemProvider@@YAXXZ 0000000180008184     tbb_function_replacement.obj
 0002:0000118c       $unwind$?CheckOpcodes@@YAIPEAPEBDPEAX_NPEBUFunctionInfo@@@Z 000000018000818c     tbb_function_replacement.obj
 0002:000011a8       $chain$0$?CheckOpcodes@@YAIPEAPEBDPEAX_NPEBUFunctionInfo@@@Z 00000001800081a8     tbb_function_replacement.obj
 0002:000011bc       $chain$1$?CheckOpcodes@@YAIPEAPEBDPEAX_NPEBUFunctionInfo@@@Z 00000001800081bc     tbb_function_replacement.obj
 0002:000011d0       $chain$2$?CheckOpcodes@@YAIPEAPEBDPEAX_NPEBUFunctionInfo@@@Z 00000001800081d0     tbb_function_replacement.obj
 0002:000011e0       $chain$3$?CheckOpcodes@@YAIPEAPEBDPEAX_NPEBUFunctionInfo@@@Z 00000001800081e0     tbb_function_replacement.obj
 0002:000011f0       $unwind$?InsertTrampoline64@@YAKPEAX0PEBDPEAPEAX@Z 00000001800081f0     tbb_function_replacement.obj
 0002:000011f0       $unwind$?InsertTrampoline32@@YAKPEAX0PEBDPEAPEAX@Z 00000001800081f0     tbb_function_replacement.obj
 0002:00001204       $chain$0$?InsertTrampoline32@@YAKPEAX0PEBDPEAPEAX@Z 0000000180008204     tbb_function_replacement.obj
 0002:00001218       $chain$1$?InsertTrampoline32@@YAKPEAX0PEBDPEAPEAX@Z 0000000180008218     tbb_function_replacement.obj
 0002:00001228       $chain$0$?InsertTrampoline64@@YAKPEAX0PEBDPEAPEAX@Z 0000000180008228     tbb_function_replacement.obj
 0002:0000123c       $chain$1$?InsertTrampoline64@@YAKPEAX0PEBDPEAPEAX@Z 000000018000823c     tbb_function_replacement.obj
 0002:0000124c       $unwind$?InsertTrampoline@@YA_NPEAX0PEAPEBDPEAPEAX@Z 000000018000824c     tbb_function_replacement.obj
 0002:00001264       $unwind$?IsPrologueKnown@@YA_NPEBD0PEAPEBDPEAUHINSTANCE__@@@Z 0000000180008264     tbb_function_replacement.obj
 0002:00001270       $chain$0$?IsPrologueKnown@@YA_NPEBD0PEAPEBDPEAUHINSTANCE__@@@Z 0000000180008270     tbb_function_replacement.obj
 0002:00001284       $chain$1$?IsPrologueKnown@@YA_NPEBD0PEAPEBDPEAUHINSTANCE__@@@Z 0000000180008284     tbb_function_replacement.obj
 0002:00001298       $xdatasym                  0000000180008298     MSVCRT:amdsecgs.obj
 0002:0000129c       $unwind$?__scrt_initialize_thread_safe_statics@@YAHXZ 000000018000829c     MSVCRT:thread_safe_statics.obj
 0002:000012b4       $stateUnwindMap$?__scrt_initialize_thread_safe_statics@@YAHXZ 00000001800082b4     MSVCRT:thread_safe_statics.obj
 0002:000012c0       $ip2state$?__scrt_initialize_thread_safe_statics@@YAHXZ 00000001800082c0     MSVCRT:thread_safe_statics.obj
 0002:000012c8       $unwind$__report_securityfailure 00000001800082c8     MSVCRT:gs_report.obj
 0002:000012d0       $unwind$__report_gsfailure 00000001800082d0     MSVCRT:gs_report.obj
 0002:000012d8       $unwind$capture_current_context 00000001800082d8     MSVCRT:gs_report.obj
 0002:000012e4       $unwind$capture_previous_context 00000001800082e4     MSVCRT:gs_report.obj
 0002:000012f0       $unwind$__scrt_is_nonwritable_in_current_image 00000001800082f0     MSVCRT:utility.obj
 0002:00001310       $unwind$__scrt_is_nonwritable_in_current_image$filt$0 0000000180008310     MSVCRT:utility.obj
 0002:00001318       $unwind$__scrt_dllmain_exception_filter 0000000180008318     MSVCRT:utility.obj
 0002:0000132c       $unwind$?dllmain_crt_process_attach@@YAHQEAUHINSTANCE__@@QEAX@Z 000000018000832c     MSVCRT:dll_dllmain.obj
 0002:00001368       $unwind$?fin$0@?0??dllmain_crt_process_detach@@YAH_N@Z@4HA 0000000180008368     MSVCRT:dll_dllmain.obj
 0002:00001368       $unwind$?fin$0@?0??dllmain_crt_process_attach@@YAHQEAUHINSTANCE__@@QEAX@Z@4HA 0000000180008368     MSVCRT:dll_dllmain.obj
 0002:00001370       $unwind$?dllmain_crt_process_detach@@YAH_N@Z 0000000180008370     MSVCRT:dll_dllmain.obj
 0002:000013a8       $unwind$?dllmain_dispatch@@YAHQEAUHINSTANCE__@@KQEAX@Z 00000001800083a8     MSVCRT:dll_dllmain.obj
 0002:000013d0       $unwind$?filt$0@?0??dllmain_dispatch@@YAHQEAUHINSTANCE__@@KQEAX@Z@4HA 00000001800083d0     MSVCRT:dll_dllmain.obj
 0002:000013d8       $unwind$_DllMainCRTStartup 00000001800083d8     MSVCRT:dll_dllmain.obj
 0002:000013e8       $unwind$__scrt_fastfail    00000001800083e8     MSVCRT:utility_desktop.obj
 0002:000013f8       $unwind$__isa_available_init 00000001800083f8     MSVCRT:cpu_disp.obj
 0002:0000140c       $unwind$__security_init_cookie 000000018000840c     MSVCRT:gs_support.obj
 0002:00001418       $xdatasym                  0000000180008418     MSVCRT:guard_dispatch.obj
 0002:0000141c       $unwind$__GSHandlerCheckCommon 000000018000841c     MSVCRT:gshandler.obj
 0002:000014b0       .edata                     00000001800084b0     tbbmalloc_proxy.exp
 0002:000014d8       rgpv                       00000001800084d8     tbbmalloc_proxy.exp
 0002:000014e0       rgszName                   00000001800084e0     tbbmalloc_proxy.exp
 0002:000014e8       rgwOrd                     00000001800084e8     tbbmalloc_proxy.exp
 0002:000014ec       szName                     00000001800084ec     tbbmalloc_proxy.exp
 0002:00001500       $N00001                    0000000180008500     tbbmalloc_proxy.exp
 0002:0000151b       $N00002                    000000018000851b     tbbmalloc_proxy.exp
 0002:0000194e       .idata$6                   000000018000894e     kernel32:KERNEL32.dll
 0002:00001a38       .idata$6                   0000000180008a38     tbbmalloc:tbbmalloc.dll
 0002:00001a6a       .idata$6                   0000000180008a6a     msvcprt:MSVCP140.dll
 0002:00001b1e       .idata$6                   0000000180008b1e     vcruntime:VCRUNTIME140.dll
 0002:00001c88       .idata$6                   0000000180008c88     ucrt:api-ms-win-crt-runtime-l1-1-0.dll
 0002:00001caa       .idata$6                   0000000180008caa     ucrt:api-ms-win-crt-stdio-l1-1-0.dll
 0002:00001cca       .idata$6                   0000000180008cca     ucrt:api-ms-win-crt-string-l1-1-0.dll
 0002:00001cec       .idata$6                   0000000180008cec     ucrt:api-ms-win-crt-environment-l1-1-0.dll
 0002:00001d12       .idata$6                   0000000180008d12     ucrt:api-ms-win-crt-heap-l1-1-0.dll
 0003:00000210       ?replacement_status@Log@@3_NA 0000000180009210     tbb_function_replacement.obj
 0003:00000290       ?_Tss_mutex@@3U_RTL_CRITICAL_SECTION@@A 0000000180009290     MSVCRT:thread_safe_statics.obj
 0003:000002b8       ?_Tss_cv@@3U_RTL_CONDITION_VARIABLE@@A 00000001800092b8     MSVCRT:thread_safe_statics.obj
 0003:000002c0       ?_Tss_event@@3PEAXEA       00000001800092c0     MSVCRT:thread_safe_statics.obj
 0003:000002c8       ?encoded_sleep_condition_variable_cs@@3P6AHPEAU_RTL_CONDITION_VARIABLE@@PEAU_RTL_CRITICAL_SECTION@@K@ZEA 00000001800092c8     MSVCRT:thread_safe_statics.obj
 0003:000002d0       ?encoded_wake_all_condition_variable@@3P6AXPEAU_RTL_CONDITION_VARIABLE@@@ZEA 00000001800092d0     MSVCRT:thread_safe_statics.obj
 0003:000002e0       GS_ExceptionRecord         00000001800092e0     MSVCRT:gs_report.obj
 0003:00000380       GS_ContextRecord           0000000180009380     MSVCRT:gs_report.obj
 0003:00000860       ?is_initialized_as_dll@@3_NA 0000000180009860     MSVCRT:utility.obj
 0003:00000861       ?module_local_atexit_table_initialized@@3_NA 0000000180009861     MSVCRT:utility.obj
 0003:00000868       ?module_local_atexit_table@@3U_onexit_table_t@@A 0000000180009868     MSVCRT:utility.obj
 0003:00000880       ?module_local_at_quick_exit_table@@3U_onexit_table_t@@A 0000000180009880     MSVCRT:utility.obj
 0003:00000898       ?__proc_attached@@3HA      0000000180009898     MSVCRT:dll_dllmain.obj
 0003:000009c0       ?memProvider@@3VMemoryProvider@@A 00000001800099c0     tbb_function_replacement.obj
 0003:000021d0       ?record_number@Log@@3IA    000000018000b1d0     tbb_function_replacement.obj
 0003:000021e0       ?records@Log@@3PAPEADA     000000018000b1e0     tbb_function_replacement.obj
 0003:000023e8       ?assertion_handler@internal@rml@@3P6AXPEBDH00@ZEA 000000018000b3e8     tbb_function_replacement.obj
 0003:000023f8       ?cachedHM@?1??ReplaceFunctionA@@YA?AW4FRR_TYPE@@PEBD0P6AXXZPEAPEBDPEAP6AXXZ@Z@4PEAUHINSTANCE__@@EA 000000018000b3f8     tbb_function_replacement.obj
 0003:00002400       ?maxOpcodesLength@?1??CheckOpcodes@@YAIPEAPEBDPEAX_NPEBUFunctionInfo@@@Z@4_KA 000000018000b400     tbb_function_replacement.obj
 0003:00002408       ?opcodesStringsCount@?1??CheckOpcodes@@YAIPEAPEBDPEAX_NPEBUFunctionInfo@@@Z@4_KA 000000018000b408     tbb_function_replacement.obj
 0003:00002410       ?opcodes_pointer@?1??CheckOpcodes@@YAIPEAPEBDPEAX_NPEBUFunctionInfo@@@Z@4_KA 000000018000b410     tbb_function_replacement.obj
 0003:00002418       ?already_failed@?6??assertion_failure@internal@rml@@YAXPEBDH00@Z@4_NA 000000018000b418     tbb_function_replacement.obj
 0003:00002420       ?cachedName@?1??ReplaceFunctionA@@YA?AW4FRR_TYPE@@PEBD0P6AXXZPEAPEBDPEAP6AXXZ@Z@4PADA 000000018000b420     tbb_function_replacement.obj
 0003:00002528       ?$TSS0@?1??CheckOpcodes@@YAIPEAPEBDPEAX_NPEBUFunctionInfo@@@Z@4HA 000000018000b528     tbb_function_replacement.obj
 0004:0000000c       $pdata$??_Gtype_info@@UEAAPEAXI@Z 000000018000c00c     MSVCRT:std_type_info_static.obj
 0004:00000018       $pdata$_Init_thread_header 000000018000c018     MSVCRT:thread_safe_statics.obj
 0004:00000024       $pdata$_Init_thread_footer 000000018000c024     MSVCRT:thread_safe_statics.obj
 0004:00000030       $pdata$_Init_thread_wait   000000018000c030     MSVCRT:thread_safe_statics.obj
 0004:0000003c       $pdata$_Init_thread_notify 000000018000c03c     MSVCRT:thread_safe_statics.obj
 0004:00000048       $pdata$?__scrt_uninitialize_thread_safe_statics@@YAXXZ 000000018000c048     MSVCRT:thread_safe_statics.obj
 0004:00000054       $pdata$?__scrt_initialize_thread_safe_statics@@YAHXZ 000000018000c054     MSVCRT:thread_safe_statics.obj
 0004:00000060       $pdata$__report_securityfailure 000000018000c060     MSVCRT:gs_report.obj
 0004:0000006c       $pdata$__report_rangecheckfailure 000000018000c06c     MSVCRT:gs_report.obj
 0004:00000078       $pdata$__report_gsfailure  000000018000c078     MSVCRT:gs_report.obj
 0004:00000084       $pdata$capture_current_context 000000018000c084     MSVCRT:gs_report.obj
 0004:00000090       $pdata$capture_previous_context 000000018000c090     MSVCRT:gs_report.obj
 0004:0000009c       $pdata$__raise_securityfailure 000000018000c09c     MSVCRT:gs_report.obj
 0004:000000a8       $pdata$atexit              000000018000c0a8     MSVCRT:utility.obj
 0004:000000b4       $pdata$_onexit             000000018000c0b4     MSVCRT:utility.obj
 0004:000000c0       $pdata$__scrt_is_nonwritable_in_current_image 000000018000c0c0     MSVCRT:utility.obj
 0004:000000cc       $pdata$__scrt_is_nonwritable_in_current_image$filt$0 000000018000c0cc     MSVCRT:utility.obj
 0004:000000d8       $pdata$__scrt_acquire_startup_lock 000000018000c0d8     MSVCRT:utility.obj
 0004:000000e4       $pdata$__scrt_release_startup_lock 000000018000c0e4     MSVCRT:utility.obj
 0004:000000f0       $pdata$__scrt_initialize_crt 000000018000c0f0     MSVCRT:utility.obj
 0004:000000fc       $pdata$__scrt_uninitialize_crt 000000018000c0fc     MSVCRT:utility.obj
 0004:00000108       $pdata$__scrt_initialize_onexit_tables 000000018000c108     MSVCRT:utility.obj
 0004:00000114       $pdata$__scrt_dllmain_exception_filter 000000018000c114     MSVCRT:utility.obj
 0004:00000120       $pdata$__scrt_dllmain_before_initialize_c 000000018000c120     MSVCRT:utility.obj
 0004:0000012c       $pdata$__scrt_dllmain_after_initialize_c 000000018000c12c     MSVCRT:utility.obj
 0004:00000138       $pdata$__scrt_dllmain_uninitialize_c 000000018000c138     MSVCRT:utility.obj
 0004:00000144       $pdata$__scrt_dllmain_uninitialize_critical 000000018000c144     MSVCRT:utility.obj
 0004:00000150       $pdata$__scrt_dllmain_crt_thread_attach 000000018000c150     MSVCRT:utility.obj
 0004:0000015c       $pdata$__scrt_dllmain_crt_thread_detach 000000018000c15c     MSVCRT:utility.obj
 0004:00000168       $pdata$?dllmain_crt_process_attach@@YAHQEAUHINSTANCE__@@QEAX@Z 000000018000c168     MSVCRT:dll_dllmain.obj
 0004:00000174       $pdata$?fin$0@?0??dllmain_crt_process_attach@@YAHQEAUHINSTANCE__@@QEAX@Z@4HA 000000018000c174     MSVCRT:dll_dllmain.obj
 0004:00000180       $pdata$?dllmain_crt_process_detach@@YAH_N@Z 000000018000c180     MSVCRT:dll_dllmain.obj
 0004:0000018c       $pdata$?fin$0@?0??dllmain_crt_process_detach@@YAH_N@Z@4HA 000000018000c18c     MSVCRT:dll_dllmain.obj
 0004:00000198       $pdata$?dllmain_crt_dispatch@@YAHQEAUHINSTANCE__@@KQEAX@Z 000000018000c198     MSVCRT:dll_dllmain.obj
 0004:000001a4       $pdata$?dllmain_dispatch@@YAHQEAUHINSTANCE__@@KQEAX@Z 000000018000c1a4     MSVCRT:dll_dllmain.obj
 0004:000001b0       $pdata$?filt$0@?0??dllmain_dispatch@@YAHQEAUHINSTANCE__@@KQEAX@Z@4HA 000000018000c1b0     MSVCRT:dll_dllmain.obj
 0004:000001bc       $pdata$_DllMainCRTStartup  000000018000c1bc     MSVCRT:dll_dllmain.obj
 0004:000001c8       $pdata$__scrt_fastfail     000000018000c1c8     MSVCRT:utility_desktop.obj
 0004:000001d4       $pdata$__isa_available_init 000000018000c1d4     MSVCRT:cpu_disp.obj
 0004:000001e0       $pdata$__security_init_cookie 000000018000c1e0     MSVCRT:gs_support.obj
 0004:000001ec       $pdata$__scrt_initialize_default_local_stdio_options 000000018000c1ec     MSVCRT:default_local_stdio_options.obj
 0004:000001f8       $pdata$_RTC_Initialize     000000018000c1f8     MSVCRT:initsect.obj
 0004:00000204       $pdata$_RTC_Terminate      000000018000c204     MSVCRT:initsect.obj
 0004:0000021c       $pdata$DllMain             000000018000c21c     proxy.obj
 0004:00000228       $pdata$1$DllMain           000000018000c228     proxy.obj
 0004:00000234       $pdata$2$DllMain           000000018000c234     proxy.obj
 0004:00000240       $pdata$?doMallocReplacement@@YAXXZ 000000018000c240     proxy.obj
 0004:0000024c       $pdata$0$?doMallocReplacement@@YAXXZ 000000018000c24c     proxy.obj
 0004:00000258       $pdata$2$?doMallocReplacement@@YAXXZ 000000018000c258     proxy.obj
 0004:00000264       $pdata$?ReplaceFunctionWithStore@@YAXPEBD0P6AXXZPEAPEBDPEAP6AXXZW4FRR_ON_ERROR@@@Z 000000018000c264     proxy.obj
 0004:00000270       $pdata$?BytecodesAreKnown@@YA_NPEBD@Z 000000018000c270     proxy.obj
 0004:0000027c       $pdata$0$?BytecodesAreKnown@@YA_NPEBD@Z 000000018000c27c     proxy.obj
 0004:00000288       $pdata$1$?BytecodesAreKnown@@YA_NPEBD@Z 000000018000c288     proxy.obj
 0004:00000294       $pdata$?operator_new_arr@@YAPEAX_K@Z 000000018000c294     proxy.obj
 0004:00000294       $pdata$?operator_new@@YAPEAX_K@Z 000000018000c294     proxy.obj
 0004:000002a0       $pdata$?__TBB_malloc_safer__aligned_realloc_ucrtbase@@YAPEAXPEAX_K1@Z 000000018000c2a0     proxy.obj
 0004:000002ac       $pdata$?__TBB_malloc_safer_realloc_ucrtbase@@YAPEAXPEAX_K@Z 000000018000c2ac     proxy.obj
 0004:000002b8       $pdata$?__TBB_malloc_safer__aligned_realloc_msvcr120@@YAPEAXPEAX_K1@Z 000000018000c2b8     proxy.obj
 0004:000002c4       $pdata$?__TBB_malloc_safer_realloc_msvcr120@@YAPEAXPEAX_K@Z 000000018000c2c4     proxy.obj
 0004:000002d0       $pdata$?__TBB_malloc_safer__aligned_realloc_msvcr120d@@YAPEAXPEAX_K1@Z 000000018000c2d0     proxy.obj
 0004:000002dc       $pdata$?__TBB_malloc_safer_realloc_msvcr120d@@YAPEAXPEAX_K@Z 000000018000c2dc     proxy.obj
 0004:000002e8       $pdata$?__TBB_malloc_safer__aligned_realloc_msvcr110@@YAPEAXPEAX_K1@Z 000000018000c2e8     proxy.obj
 0004:000002f4       $pdata$?__TBB_malloc_safer_realloc_msvcr110@@YAPEAXPEAX_K@Z 000000018000c2f4     proxy.obj
 0004:00000300       $pdata$?__TBB_malloc_safer__aligned_realloc_msvcr110d@@YAPEAXPEAX_K1@Z 000000018000c300     proxy.obj
 0004:0000030c       $pdata$?__TBB_malloc_safer_realloc_msvcr110d@@YAPEAXPEAX_K@Z 000000018000c30c     proxy.obj
 0004:00000318       $pdata$?__TBB_malloc_safer__aligned_realloc_msvcr100@@YAPEAXPEAX_K1@Z 000000018000c318     proxy.obj
 0004:00000324       $pdata$?__TBB_malloc_safer_realloc_msvcr100@@YAPEAXPEAX_K@Z 000000018000c324     proxy.obj
 0004:00000330       $pdata$?__TBB_malloc_safer__aligned_realloc_msvcr100d@@YAPEAXPEAX_K1@Z 000000018000c330     proxy.obj
 0004:0000033c       $pdata$?__TBB_malloc_safer_realloc_msvcr100d@@YAPEAXPEAX_K@Z 000000018000c33c     proxy.obj
 0004:00000348       $pdata$??0bad_alloc@std@@QEAA@AEBV01@@Z 000000018000c348     proxy.obj
 0004:00000354       $pdata$fprintf             000000018000c354     proxy.obj
 0004:00000360       $pdata$??_Gexception@std@@UEAAPEAXI@Z 000000018000c360     proxy.obj
 0004:00000360       $pdata$??_Gbad_alloc@std@@UEAAPEAXI@Z 000000018000c360     proxy.obj
 0004:0000036c       $pdata$??0exception@std@@QEAA@AEBV01@@Z 000000018000c36c     proxy.obj
 0004:00000378       $pdata$?InsertTrampoline@@YA_NPEAX0PEAPEBDPEAPEAX@Z 000000018000c378     tbb_function_replacement.obj
 0004:00000384       $pdata$?InsertTrampoline64@@YAKPEAX0PEBDPEAPEAX@Z 000000018000c384     tbb_function_replacement.obj
 0004:00000390       $pdata$0$?InsertTrampoline64@@YAKPEAX0PEBDPEAPEAX@Z 000000018000c390     tbb_function_replacement.obj
 0004:0000039c       $pdata$1$?InsertTrampoline64@@YAKPEAX0PEBDPEAPEAX@Z 000000018000c39c     tbb_function_replacement.obj
 0004:000003a8       $pdata$?InsertTrampoline32@@YAKPEAX0PEBDPEAPEAX@Z 000000018000c3a8     tbb_function_replacement.obj
 0004:000003b4       $pdata$0$?InsertTrampoline32@@YAKPEAX0PEBDPEAPEAX@Z 000000018000c3b4     tbb_function_replacement.obj
 0004:000003c0       $pdata$1$?InsertTrampoline32@@YAKPEAX0PEBDPEAPEAX@Z 000000018000c3c0     tbb_function_replacement.obj
 0004:000003cc       $pdata$?CheckOpcodes@@YAIPEAPEBDPEAX_NPEBUFunctionInfo@@@Z 000000018000c3cc     tbb_function_replacement.obj
 0004:000003d8       $pdata$0$?CheckOpcodes@@YAIPEAPEBDPEAX_NPEBUFunctionInfo@@@Z 000000018000c3d8     tbb_function_replacement.obj
 0004:000003e4       $pdata$1$?CheckOpcodes@@YAIPEAPEBDPEAX_NPEBUFunctionInfo@@@Z 000000018000c3e4     tbb_function_replacement.obj
 0004:000003f0       $pdata$2$?CheckOpcodes@@YAIPEAPEBDPEAX_NPEBUFunctionInfo@@@Z 000000018000c3f0     tbb_function_replacement.obj
 0004:000003fc       $pdata$3$?CheckOpcodes@@YAIPEAPEBDPEAX_NPEBUFunctionInfo@@@Z 000000018000c3fc     tbb_function_replacement.obj
 0004:00000408       $pdata$??__EmemProvider@@YAXXZ 000000018000c408     tbb_function_replacement.obj
 0004:00000414       $pdata$?GetLocation@MemoryProvider@@QEAA_K_K@Z 000000018000c414     tbb_function_replacement.obj
 0004:00000420       $pdata$0$?GetLocation@MemoryProvider@@QEAA_K_K@Z 000000018000c420     tbb_function_replacement.obj
 0004:0000042c       $pdata$1$?GetLocation@MemoryProvider@@QEAA_K_K@Z 000000018000c42c     tbb_function_replacement.obj
 0004:00000438       $pdata$2$?GetLocation@MemoryProvider@@QEAA_K_K@Z 000000018000c438     tbb_function_replacement.obj
 0004:00000444       $pdata$snprintf            000000018000c444     tbb_function_replacement.obj
 0004:00000450       $pdata$sprintf             000000018000c450     tbb_function_replacement.obj
 0004:0000045c       $pdata$?IsPrologueKnown@@YA_NPEBD0PEAPEBDPEAUHINSTANCE__@@@Z 000000018000c45c     tbb_function_replacement.obj
 0004:00000468       $pdata$0$?IsPrologueKnown@@YA_NPEBD0PEAPEBDPEAUHINSTANCE__@@@Z 000000018000c468     tbb_function_replacement.obj
 0004:00000474       $pdata$1$?IsPrologueKnown@@YA_NPEBD0PEAPEBDPEAUHINSTANCE__@@@Z 000000018000c474     tbb_function_replacement.obj
 0004:00000480       $pdata$__GSHandlerCheckCommon 000000018000c480     MSVCRT:gshandler.obj
 0004:0000048c       $pdata$__GSHandlerCheck    000000018000c48c     MSVCRT:gshandler.obj
 0005:000000a0       $R000000                   000000018000d0a0     tbbmalloc.res
 0005:00000468       $R0003C8                   000000018000d468     tbbmalloc.res
