 tbbmalloc_proxy_debug

 Timestamp is 5c996cc3 (Mon Mar 25 20:05:23 2019)

 Preferred load address is 0000000180000000

 Start         Length     Name                   Class
 0001:00000000 00000030H .text$di                CODE
 0001:00000030 00005cd0H .text$mn                CODE
 0001:00005d00 00000020H .text$mn$00             CODE
 0001:00005d20 000000d0H .text$x                 CODE
 0001:00005df0 00000015H .text$yd                CODE
 0002:00000000 00000298H .idata$5                DATA
 0002:00000298 00000010H .00cfg                  DATA
 0002:000002a8 00000008H .CRT$XCA                DATA
 0002:000002b0 00000008H .CRT$XCU                DATA
 0002:000002b8 00000008H .CRT$XCZ                DATA
 0002:000002c0 00000008H .CRT$XIA                DATA
 0002:000002c8 00000008H .CRT$XIC                DATA
 0002:000002d0 00000008H .CRT$XIZ                DATA
 0002:000002d8 00000008H .CRT$XLA                DATA
 0002:000002e0 00000008H .CRT$XLZ                DATA
 0002:000002e8 00000008H .CRT$XPA                DATA
 0002:000002f0 00000008H .CRT$XPZ                DATA
 0002:000002f8 00000008H .CRT$XTA                DATA
 0002:00000300 00000010H .CRT$XTZ                DATA
 0002:00000308 00000000H .gfids$y                DATA
 0002:00000310 00001440H .rdata                  DATA
 0002:00001750 00000028H .rdata$T                DATA
 0002:00001778 0000016cH .rdata$r                DATA
 0002:000018e4 000003c4H .rdata$zzzdbg           DATA
 0002:00001ca8 00000008H .rtc$IAA                DATA
 0002:00001cb0 00000008H .rtc$IZZ                DATA
 0002:00001cb8 00000008H .rtc$TAA                DATA
 0002:00001cc0 00000008H .rtc$TZZ                DATA
 0002:00001cc8 00000004H .tls                    DATA
 0002:00001ccc 00000004H .tls$                   DATA
 0002:00001cd0 00000008H .tls$ZZZ                DATA
 0002:00001cd8 00000690H .xdata                  DATA
 0002:00002368 00000088H .xdata$x                DATA
 0002:000023f0 00000084H .edata                  DATA
 0002:00002474 00000064H .idata$2                DATA
 0002:000024d8 00000018H .idata$3                DATA
 0002:000024f0 00000298H .idata$4                DATA
 0002:00002788 00000686H .idata$6                DATA
 0003:00000000 00000218H .data                   DATA
 0003:00000218 00000078H .data$r                 DATA
 0003:00000290 000024b0H .bss                    DATA
 0004:00000000 00000870H .pdata                  DATA
 0005:00000000 000000a0H .rsrc$01                DATA
 0005:000000a0 00000548H .rsrc$02                DATA

  Address         Publics by Value              Rva+Base               Lib:Object

 0000:00000000       ___safe_se_handler_count   0000000000000000     <absolute>
 0000:00000000       __guard_iat_count          0000000000000000     <absolute>
 0000:00000000       __hybrid_code_map          0000000000000000     <absolute>
 0000:00000000       __dynamic_value_reloc_table 0000000000000000     <absolute>
 0000:00000000       __guard_fids_table         0000000000000000     <absolute>
 0000:00000000       __guard_longjmp_count      0000000000000000     <absolute>
 0000:00000000       ___safe_se_handler_table   0000000000000000     <absolute>
 0000:00000000       __guard_longjmp_table      0000000000000000     <absolute>
 0000:00000000       __enclave_config           0000000000000000     <absolute>
 0000:00000000       __hybrid_auxiliary_iat     0000000000000000     <absolute>
 0000:00000000       __volatile_metadata        0000000000000000     <absolute>
 0000:00000000       __hybrid_code_map_count    0000000000000000     <absolute>
 0000:00000000       __guard_fids_count         0000000000000000     <absolute>
 0000:00000000       __guard_iat_table          0000000000000000     <absolute>
 0000:00000100       __guard_flags              0000000000000100     <absolute>
 0000:00000000       __ImageBase                0000000180000000     <linker-defined>
 0001:00000190       ?__TBB_malloc_safer_delete@@YAXPEAX@Z 0000000180001190 f   proxy.obj
 0001:000001b0       ?safer_aligned_malloc@@YAPEAX_K0@Z 00000001800011b0 f   proxy.obj
 0001:00000200       ?safer_expand@@YAPEAXPEAX_K@Z 0000000180001200 f   proxy.obj
 0001:00000220       ?__TBB_malloc__o_free@@YAXPEAX@Z 0000000180001220 f   proxy.obj
 0001:00000250       ?__TBB_malloc__free_base@@YAXPEAX@Z 0000000180001250 f   proxy.obj
 0001:00000280       ?__TBB_malloc_safer_free_msvcr100d@@YAXPEAX@Z 0000000180001280 f   proxy.obj
 0001:000002b0       ?__TBB_malloc_safer__aligned_free_msvcr100d@@YAXPEAX@Z 00000001800012b0 f   proxy.obj
 0001:000002e0       ?__TBB_malloc_safer__msize_msvcr100d@@YA_KPEAX@Z 00000001800012e0 f   proxy.obj
 0001:00000310       ?__TBB_malloc_safer__aligned_msize_msvcr100d@@YA_KPEAX_K1@Z 0000000180001310 f   proxy.obj
 0001:00000350       ?__TBB_malloc_safer_realloc_msvcr100d@@YAPEAXPEAX_K@Z 0000000180001350 f   proxy.obj
 0001:000003a0       ?__TBB_malloc_safer__aligned_realloc_msvcr100d@@YAPEAXPEAX_K1@Z 00000001800013a0 f   proxy.obj
 0001:000003f0       ?__TBB_malloc_safer_free_msvcr100@@YAXPEAX@Z 00000001800013f0 f   proxy.obj
 0001:00000420       ?__TBB_malloc_safer__aligned_free_msvcr100@@YAXPEAX@Z 0000000180001420 f   proxy.obj
 0001:00000450       ?__TBB_malloc_safer__msize_msvcr100@@YA_KPEAX@Z 0000000180001450 f   proxy.obj
 0001:00000480       ?__TBB_malloc_safer__aligned_msize_msvcr100@@YA_KPEAX_K1@Z 0000000180001480 f   proxy.obj
 0001:000004c0       ?__TBB_malloc_safer_realloc_msvcr100@@YAPEAXPEAX_K@Z 00000001800014c0 f   proxy.obj
 0001:00000510       ?__TBB_malloc_safer__aligned_realloc_msvcr100@@YAPEAXPEAX_K1@Z 0000000180001510 f   proxy.obj
 0001:00000560       ?__TBB_malloc_safer_free_msvcr110d@@YAXPEAX@Z 0000000180001560 f   proxy.obj
 0001:00000590       ?__TBB_malloc_safer__aligned_free_msvcr110d@@YAXPEAX@Z 0000000180001590 f   proxy.obj
 0001:000005c0       ?__TBB_malloc_safer__msize_msvcr110d@@YA_KPEAX@Z 00000001800015c0 f   proxy.obj
 0001:000005f0       ?__TBB_malloc_safer__aligned_msize_msvcr110d@@YA_KPEAX_K1@Z 00000001800015f0 f   proxy.obj
 0001:00000630       ?__TBB_malloc_safer_realloc_msvcr110d@@YAPEAXPEAX_K@Z 0000000180001630 f   proxy.obj
 0001:00000680       ?__TBB_malloc_safer__aligned_realloc_msvcr110d@@YAPEAXPEAX_K1@Z 0000000180001680 f   proxy.obj
 0001:000006d0       ?__TBB_malloc_safer_free_msvcr110@@YAXPEAX@Z 00000001800016d0 f   proxy.obj
 0001:00000700       ?__TBB_malloc_safer__aligned_free_msvcr110@@YAXPEAX@Z 0000000180001700 f   proxy.obj
 0001:00000730       ?__TBB_malloc_safer__msize_msvcr110@@YA_KPEAX@Z 0000000180001730 f   proxy.obj
 0001:00000760       ?__TBB_malloc_safer__aligned_msize_msvcr110@@YA_KPEAX_K1@Z 0000000180001760 f   proxy.obj
 0001:000007a0       ?__TBB_malloc_safer_realloc_msvcr110@@YAPEAXPEAX_K@Z 00000001800017a0 f   proxy.obj
 0001:000007f0       ?__TBB_malloc_safer__aligned_realloc_msvcr110@@YAPEAXPEAX_K1@Z 00000001800017f0 f   proxy.obj
 0001:00000840       ?__TBB_malloc_safer_free_msvcr120d@@YAXPEAX@Z 0000000180001840 f   proxy.obj
 0001:00000870       ?__TBB_malloc_safer__aligned_free_msvcr120d@@YAXPEAX@Z 0000000180001870 f   proxy.obj
 0001:000008a0       ?__TBB_malloc_safer__msize_msvcr120d@@YA_KPEAX@Z 00000001800018a0 f   proxy.obj
 0001:000008d0       ?__TBB_malloc_safer__aligned_msize_msvcr120d@@YA_KPEAX_K1@Z 00000001800018d0 f   proxy.obj
 0001:00000910       ?__TBB_malloc_safer_realloc_msvcr120d@@YAPEAXPEAX_K@Z 0000000180001910 f   proxy.obj
 0001:00000960       ?__TBB_malloc_safer__aligned_realloc_msvcr120d@@YAPEAXPEAX_K1@Z 0000000180001960 f   proxy.obj
 0001:000009b0       ?__TBB_malloc_safer_free_msvcr120@@YAXPEAX@Z 00000001800019b0 f   proxy.obj
 0001:000009e0       ?__TBB_malloc_safer__aligned_free_msvcr120@@YAXPEAX@Z 00000001800019e0 f   proxy.obj
 0001:00000a10       ?__TBB_malloc_safer__msize_msvcr120@@YA_KPEAX@Z 0000000180001a10 f   proxy.obj
 0001:00000a40       ?__TBB_malloc_safer__aligned_msize_msvcr120@@YA_KPEAX_K1@Z 0000000180001a40 f   proxy.obj
 0001:00000a80       ?__TBB_malloc_safer_realloc_msvcr120@@YAPEAXPEAX_K@Z 0000000180001a80 f   proxy.obj
 0001:00000ad0       ?__TBB_malloc_safer__aligned_realloc_msvcr120@@YAPEAXPEAX_K1@Z 0000000180001ad0 f   proxy.obj
 0001:00000b20       ?__TBB_malloc_safer_free_ucrtbase@@YAXPEAX@Z 0000000180001b20 f   proxy.obj
 0001:00000b50       ?__TBB_malloc_safer__aligned_free_ucrtbase@@YAXPEAX@Z 0000000180001b50 f   proxy.obj
 0001:00000b80       ?__TBB_malloc_safer__msize_ucrtbase@@YA_KPEAX@Z 0000000180001b80 f   proxy.obj
 0001:00000bb0       ?__TBB_malloc_safer__aligned_msize_ucrtbase@@YA_KPEAX_K1@Z 0000000180001bb0 f   proxy.obj
 0001:00000bf0       ?__TBB_malloc_safer_realloc_ucrtbase@@YAPEAXPEAX_K@Z 0000000180001bf0 f   proxy.obj
 0001:00000c40       ?__TBB_malloc_safer__aligned_realloc_ucrtbase@@YAPEAXPEAX_K1@Z 0000000180001c40 f   proxy.obj
 0001:00000c90       ?operator_new@@YAPEAX_K@Z  0000000180001c90 f   proxy.obj
 0001:00000cb0       ?operator_new_arr@@YAPEAX_K@Z 0000000180001cb0 f   proxy.obj
 0001:00000cd0       ?operator_delete@@YAXPEAX@Z 0000000180001cd0 f   proxy.obj
 0001:00000d00       ?operator_delete_arr@@YAXPEAX@Z 0000000180001d00 f   proxy.obj
 0001:00000d30       ?operator_new_t@@YAPEAX_KAEBUnothrow_t@std@@@Z 0000000180001d30 f   proxy.obj
 0001:00000d60       ?operator_new_arr_t@@YAPEAX_KAEBUnothrow_t@std@@@Z 0000000180001d60 f   proxy.obj
 0001:00000d90       ?operator_delete_t@@YAXPEAXAEBUnothrow_t@std@@@Z 0000000180001d90 f   proxy.obj
 0001:00000dc0       ?operator_delete_arr_t@@YAXPEAXAEBUnothrow_t@std@@@Z 0000000180001dc0 f   proxy.obj
 0001:00000df0       ?BytecodesAreKnown@@YA_NPEBD@Z 0000000180001df0 f   proxy.obj
 0001:00000f10       ?SkipReplacement@@YAXPEBD@Z 0000000180001f10 f   proxy.obj
 0001:00000f90       ?ReplaceFunctionWithStore@@YAXPEBD0P6AXXZPEAPEBDPEAP6AXXZW4FRR_ON_ERROR@@@Z 0000000180001f90 f   proxy.obj
 0001:00001050       ?doMallocReplacement@@YAXXZ 0000000180002050 f   proxy.obj
 0001:00001c40       DllMain                    0000000180002c40 f   proxy.obj
 0001:00001ca0       __TBB_malloc_proxy         0000000180002ca0 f   proxy.obj
 0001:00001cb0       ??$arrayLength@UFRData_t@@$03@@YA_KAEAY03$$CBUFRData_t@@@Z 0000000180002cb0 f i proxy.obj
 0001:00001cc0       ??$arrayLength@UFRData_t@@$05@@YA_KAEAY05$$CBUFRData_t@@@Z 0000000180002cc0 f i proxy.obj
 0001:00001cd0       ??$arrayLength@UModule@@$06@@YA_KAEAY06$$CBUModule@@@Z 0000000180002cd0 f i proxy.obj
 0001:00001ce0       ??0bad_alloc@std@@QEAA@AEBV01@@Z 0000000180002ce0 f i proxy.obj
 0001:00001d20       ??0bad_alloc@std@@QEAA@XZ  0000000180002d20 f i proxy.obj
 0001:00001d60       ??0exception@std@@QEAA@AEBV01@@Z 0000000180002d60 f i proxy.obj
 0001:00001dc0       ??0exception@std@@QEAA@QEBDH@Z 0000000180002dc0 f i proxy.obj
 0001:00001e10       ??1bad_alloc@std@@UEAA@XZ  0000000180002e10 f i proxy.obj
 0001:00001e30       ??1exception@std@@UEAA@XZ  0000000180002e30 f i proxy.obj
 0001:00001e60       ??_Ebad_alloc@std@@UEAAPEAXI@Z 0000000180002e60 f i proxy.obj
 0001:00001e60       ??_Gbad_alloc@std@@UEAAPEAXI@Z 0000000180002e60 f i proxy.obj
 0001:00001ea0       ??_Eexception@std@@UEAAPEAXI@Z 0000000180002ea0 f i proxy.obj
 0001:00001ea0       ??_Gexception@std@@UEAAPEAXI@Z 0000000180002ea0 f i proxy.obj
 0001:00001ee0       ?what@exception@std@@UEBAPEBDXZ 0000000180002ee0 f i proxy.obj
 0001:00001f20       __local_stdio_printf_options 0000000180002f20 f i proxy.obj
 0001:00001f30       _vfprintf_l                0000000180002f30 f i proxy.obj
 0001:00001f80       fprintf                    0000000180002f80 f i proxy.obj
 0001:00001fd0       ?ReplaceFunctionA@@YA?AW4FRR_TYPE@@PEBD0P6AXXZPEAPEBDPEAP6AXXZ@Z 0000000180002fd0 f   tbb_function_replacement.obj
 0001:000020e0       ?ReplaceFunctionW@@YA?AW4FRR_TYPE@@PEB_WPEBDP6AXXZPEAPEBDPEAP6AXXZ@Z 00000001800030e0 f   tbb_function_replacement.obj
 0001:000021f0       ?IsPrologueKnown@@YA_NPEBD0PEAPEBDPEAUHINSTANCE__@@@Z 00000001800031f0 f   tbb_function_replacement.obj
 0001:000022b0       ?set_assertion_handler@internal@rml@@YAP6AXPEBDH00@ZP6AX0H00@Z@Z 00000001800032b0 f   tbb_function_replacement.obj
 0001:000022e0       ?assertion_failure@internal@rml@@YAXPEBDH00@Z 00000001800032e0 f   tbb_function_replacement.obj
 0001:000025f0       ?compareStrings@@YA_KPEBD0@Z 00000001800035f0 f   tbb_function_replacement.obj
 0001:00003100       TBB_malloc_replacement_log 0000000180004100 f   tbb_function_replacement.obj
 0001:00003160       ??0MemoryBuffer@MemoryProvider@@QEAA@PEAXK@Z 0000000180004160 f i tbb_function_replacement.obj
 0001:000031b0       ??0MemoryBuffer@MemoryProvider@@QEAA@XZ 00000001800041b0 f i tbb_function_replacement.obj
 0001:000031e0       ??0MemoryProvider@@QEAA@XZ 00000001800041e0 f i tbb_function_replacement.obj
 0001:00003250       ??1MemoryProvider@@QEAA@XZ 0000000180004250 f i tbb_function_replacement.obj
 0001:00003260       ??2@YAPEAX_KPEAX@Z         0000000180004260 f i tbb_function_replacement.obj
 0001:00003270       ??_H@YAXPEAX_K1P6APEAX0@Z@Z 0000000180004270 f i tbb_function_replacement.obj
 0001:000032d0       ?Addrint2Ptr@@YAPEAX_K@Z   00000001800042d0 f i tbb_function_replacement.obj
 0001:000032f0       ?CreateBuffer@MemoryProvider@@AEAAPEAUMemoryBuffer@1@_K@Z 00000001800042f0 f i tbb_function_replacement.obj
 0001:000034d0       ?GetLocation@MemoryProvider@@QEAA_K_K@Z 00000001800044d0 f i tbb_function_replacement.obj
 0001:000035d0       ?IsInDistance@@YA_N_K0_J@Z 00000001800045d0 f i tbb_function_replacement.obj
 0001:00003650       ?Ptr2Addrint@@YA_KPEAX@Z   0000000180004650 f i tbb_function_replacement.obj
 0001:00003670       _vsnprintf_l               0000000180004670 f i tbb_function_replacement.obj
 0001:000036f0       _vsprintf_l                00000001800046f0 f i tbb_function_replacement.obj
 0001:00003740       snprintf                   0000000180004740 f i tbb_function_replacement.obj
 0001:000037a0       sprintf                    00000001800047a0 f i tbb_function_replacement.obj
 0001:000037f0       vsnprintf                  00000001800047f0 f i tbb_function_replacement.obj
 0001:00003865       GetModuleHandleA           0000000180004865 f   kernel32:KERNEL32.dll
 0001:0000386b       HeapAlloc                  000000018000486b f   kernel32:KERNEL32.dll
 0001:00003871       GetProcessHeap             0000000180004871 f   kernel32:KERNEL32.dll
 0001:00003877       GetCurrentProcess          0000000180004877 f   kernel32:KERNEL32.dll
 0001:0000387d       FlushInstructionCache      000000018000487d f   kernel32:KERNEL32.dll
 0001:00003883       GetSystemInfo              0000000180004883 f   kernel32:KERNEL32.dll
 0001:00003889       VirtualAlloc               0000000180004889 f   kernel32:KERNEL32.dll
 0001:0000388f       VirtualProtect             000000018000488f f   kernel32:KERNEL32.dll
 0001:00003895       VirtualQuery               0000000180004895 f   kernel32:KERNEL32.dll
 0001:0000389b       GetModuleHandleW           000000018000489b f   kernel32:KERNEL32.dll
 0001:000038a1       GetProcAddress             00000001800048a1 f   kernel32:KERNEL32.dll
 0001:000038a7       scalable_malloc            00000001800048a7 f   tbbmalloc_debug:tbbmalloc_debug.dll
 0001:000038ad       scalable_calloc            00000001800048ad f   tbbmalloc_debug:tbbmalloc_debug.dll
 0001:000038b3       scalable_aligned_malloc    00000001800048b3 f   tbbmalloc_debug:tbbmalloc_debug.dll
 0001:000038b9       __TBB_malloc_safer_free    00000001800048b9 f   tbbmalloc_debug:tbbmalloc_debug.dll
 0001:000038bf       __TBB_malloc_safer_realloc 00000001800048bf f   tbbmalloc_debug:tbbmalloc_debug.dll
 0001:000038c5       __TBB_malloc_safer_aligned_realloc 00000001800048c5 f   tbbmalloc_debug:tbbmalloc_debug.dll
 0001:000038cb       __TBB_malloc_safer_msize   00000001800048cb f   tbbmalloc_debug:tbbmalloc_debug.dll
 0001:000038d1       __TBB_malloc_safer_aligned_msize 00000001800048d1 f   tbbmalloc_debug:tbbmalloc_debug.dll
 0001:000038d7       ?get_new_handler@std@@YAP6AXXZXZ 00000001800048d7 f   msvcprtd:MSVCP140D.dll
 0001:000038e0       ??3@YAXPEAX_K@Z            00000001800048e0 f   MSVCRTD:delete_scalar_size.obj
 0001:00003900       __GSHandlerCheck           0000000180004900 f   MSVCRTD:gshandler.obj
 0001:00003940       __GSHandlerCheckCommon     0000000180004940 f   MSVCRTD:gshandler.obj
 0001:00003a50       __security_check_cookie    0000000180004a50 f   MSVCRTD:amdsecgs.obj
 0001:00003a80       ??1type_info@@UEAA@XZ      0000000180004a80 f   MSVCRTD:std_type_info_static.obj
 0001:00003aa0       ??_Gtype_info@@UEAAPEAXI@Z 0000000180004aa0 f i MSVCRTD:std_type_info_static.obj
 0001:00003aa0       ??_Etype_info@@UEAAPEAXI@Z 0000000180004aa0 f i MSVCRTD:std_type_info_static.obj
 0001:00003ae0       ??$__crt_fast_decode_pointer@PEAP6AXXZ@@YAPEAP6AXXZQEAP6AXXZ@Z 0000000180004ae0 f i MSVCRTD:utility.obj
 0001:00003b20       ??$__crt_fast_encode_pointer@PEAP6AXXZ@@YAPEAP6AXXZQEAP6AXXZ@Z 0000000180004b20 f i MSVCRTD:utility.obj
 0001:00003b60       ?__crt_rotate_pointer_value@@YA_K_KH@Z 0000000180004b60 f i MSVCRTD:utility.obj
 0001:00003b80       ?configure_argv@__scrt_narrow_argv_policy@@SAHXZ 0000000180004b80 f i MSVCRTD:utility.obj
 0001:00003c70       ?initialize_environment@__scrt_narrow_environment_policy@@SAHXZ 0000000180004c70 f i MSVCRTD:utility.obj
 0001:00003d10       NtCurrentTeb               0000000180004d10 f i MSVCRTD:utility.obj
 0001:00003d20       __scrt_acquire_startup_lock 0000000180004d20 f   MSVCRTD:utility.obj
 0001:00003d90       __scrt_dllmain_after_initialize_c 0000000180004d90 f   MSVCRTD:utility.obj
 0001:00003dc0       __scrt_dllmain_before_initialize_c 0000000180004dc0 f   MSVCRTD:utility.obj
 0001:00003de0       __scrt_dllmain_crt_thread_attach 0000000180004de0 f   MSVCRTD:utility.obj
 0001:00003e10       __scrt_dllmain_crt_thread_detach 0000000180004e10 f   MSVCRTD:utility.obj
 0001:00003e30       __scrt_dllmain_exception_filter 0000000180004e30 f   MSVCRTD:utility.obj
 0001:00003e90       __scrt_dllmain_uninitialize_c 0000000180004e90 f   MSVCRTD:utility.obj
 0001:00003ec0       __scrt_dllmain_uninitialize_critical 0000000180004ec0 f   MSVCRTD:utility.obj
 0001:00003ee0       __scrt_initialize_crt      0000000180004ee0 f   MSVCRTD:utility.obj
 0001:00003f30       __scrt_initialize_onexit_tables 0000000180004f30 f   MSVCRTD:utility.obj
 0001:00004040       __scrt_is_nonwritable_in_current_image 0000000180005040 f   MSVCRTD:utility.obj
 0001:000040d0       __scrt_release_startup_lock 00000001800050d0 f   MSVCRTD:utility.obj
 0001:00004100       __scrt_uninitialize_crt    0000000180005100 f   MSVCRTD:utility.obj
 0001:00004140       _onexit                    0000000180005140 f   MSVCRTD:utility.obj
 0001:000041d0       at_quick_exit              00000001800051d0 f   MSVCRTD:utility.obj
 0001:00004220       atexit                     0000000180005220 f   MSVCRTD:utility.obj
 0001:00004260       __raise_securityfailure    0000000180005260 f   MSVCRTD:gs_report.obj
 0001:000042a0       __report_gsfailure         00000001800052a0 f   MSVCRTD:gs_report.obj
 0001:00004380       __report_rangecheckfailure 0000000180005380 f   MSVCRTD:gs_report.obj
 0001:000043a0       __report_securityfailure   00000001800053a0 f   MSVCRTD:gs_report.obj
 0001:00004440       __report_securityfailureEx 0000000180005440 f   MSVCRTD:gs_report.obj
 0001:000046f0       ??$__crt_fast_decode_pointer@P6AHPEAU_RTL_CONDITION_VARIABLE@@PEAU_RTL_CRITICAL_SECTION@@K@Z@@YAP6AHPEAU_RTL_CONDITION_VARIABLE@@PEAU_RTL_CRITICAL_SECTION@@K@ZQ6AH01K@Z@Z 00000001800056f0 f i MSVCRTD:thread_safe_statics.obj
 0001:00004730       ??$__crt_fast_decode_pointer@P6AXPEAU_RTL_CONDITION_VARIABLE@@@Z@@YAP6AXPEAU_RTL_CONDITION_VARIABLE@@@ZQ6AX0@Z@Z 0000000180005730 f i MSVCRTD:thread_safe_statics.obj
 0001:00004770       ??$__crt_fast_encode_pointer@P6AHPEAU_RTL_CONDITION_VARIABLE@@PEAU_RTL_CRITICAL_SECTION@@K@Z@@YAP6AHPEAU_RTL_CONDITION_VARIABLE@@PEAU_RTL_CRITICAL_SECTION@@K@ZQ6AH01K@Z@Z 0000000180005770 f i MSVCRTD:thread_safe_statics.obj
 0001:000047b0       ??$__crt_fast_encode_pointer@P6AXPEAU_RTL_CONDITION_VARIABLE@@@Z@@YAP6AXPEAU_RTL_CONDITION_VARIABLE@@@ZQ6AX0@Z@Z 00000001800057b0 f i MSVCRTD:thread_safe_statics.obj
 0001:00004940       ?__scrt_is_event_api_used@@YA_NQEAX@Z 0000000180005940 f i MSVCRTD:thread_safe_statics.obj
 0001:000049c0       _Init_thread_abort         00000001800059c0 f   MSVCRTD:thread_safe_statics.obj
 0001:000049f0       _Init_thread_footer        00000001800059f0 f   MSVCRTD:thread_safe_statics.obj
 0001:00004a50       _Init_thread_header        0000000180005a50 f   MSVCRTD:thread_safe_statics.obj
 0001:00004ae0       _Init_thread_lock          0000000180005ae0 f   MSVCRTD:thread_safe_statics.obj
 0001:00004b00       _Init_thread_notify        0000000180005b00 f   MSVCRTD:thread_safe_statics.obj
 0001:00004b70       _Init_thread_unlock        0000000180005b70 f   MSVCRTD:thread_safe_statics.obj
 0001:00004b90       _Init_thread_wait          0000000180005b90 f   MSVCRTD:thread_safe_statics.obj
 0001:00005040       _CRT_INIT                  0000000180006040 f   MSVCRTD:dll_dllmain.obj
 0001:00005070       _DllMainCRTStartup         0000000180006070 f   MSVCRTD:dll_dllmain.obj
 0001:000050b0       ??3@YAXPEAX@Z              00000001800060b0 f   MSVCRTD:delete_scalar.obj
 0001:000050d0       __isa_available_init       00000001800060d0 f   MSVCRTD:cpu_disp.obj
 0001:00005440       _get_startup_argv_mode     0000000180006440 f   MSVCRTD:argv_mode.obj
 0001:00005450       __scrt_is_ucrt_dll_in_use  0000000180006450 f   MSVCRTD:ucrt_detection.obj
 0001:00005480       __crt_debugger_hook        0000000180006480 f   MSVCRTD:utility_desktop.obj
 0001:00005490       __scrt_fastfail            0000000180006490 f   MSVCRTD:utility_desktop.obj
 0001:00005630       __scrt_get_show_window_mode 0000000180006630 f   MSVCRTD:utility_desktop.obj
 0001:00005690       __scrt_initialize_mta      0000000180006690 f   MSVCRTD:utility_desktop.obj
 0001:000056a0       __scrt_initialize_winrt    00000001800066a0 f   MSVCRTD:utility_desktop.obj
 0001:000056b0       __scrt_is_managed_app      00000001800066b0 f   MSVCRTD:utility_desktop.obj
 0001:00005760       __scrt_set_unhandled_exception_filter 0000000180006760 f   MSVCRTD:utility_desktop.obj
 0001:00005780       __scrt_exe_initialize_mta  0000000180006780 f   MSVCRTD:utility_desktop.obj
 0001:00005780       __scrt_stub_for_initialize_mta 0000000180006780 f   MSVCRTD:utility_desktop.obj
 0001:00005790       __scrt_unhandled_exception_filter 0000000180006790 f   MSVCRTD:utility_desktop.obj
 0001:00005810       _guard_check_icall_nop     0000000180006810 f i MSVCRTD:guard_support.obj
 0001:00005820       ReadNoFence64              0000000180006820 f i MSVCRTD:guard_support.obj
 0001:00005840       ReadPointerNoFence         0000000180006840 f i MSVCRTD:guard_support.obj
 0001:00005860       _guard_icall_checks_enforced 0000000180006860 f i MSVCRTD:guard_support.obj
 0001:000058a0       _guard_rf_checks_enforced  00000001800068a0 f i MSVCRTD:guard_support.obj
 0001:00005970       __security_init_cookie     0000000180006970 f   MSVCRTD:gs_support.obj
 0001:000059f0       ?__scrt_initialize_type_info@@YAXXZ 00000001800069f0 f   MSVCRTD:tncleanup.obj
 0001:00005a10       ?__scrt_uninitialize_type_info@@YAXXZ 0000000180006a10 f   MSVCRTD:tncleanup.obj
 0001:00005a30       __local_stdio_scanf_options 0000000180006a30 f i MSVCRTD:default_local_stdio_options.obj
 0001:00005a40       __scrt_initialize_default_local_stdio_options 0000000180006a40 f   MSVCRTD:default_local_stdio_options.obj
 0001:00005a90       __scrt_get_dyn_tls_init_callback 0000000180006a90 f   MSVCRTD:dyn_tls_init.obj
 0001:00005aa0       _RTC_Initialize            0000000180006aa0 f   MSVCRTD:initsect.obj
 0001:00005af0       _RTC_Terminate             0000000180006af0 f   MSVCRTD:initsect.obj
 0001:00005b40       __std_exception_copy       0000000180006b40 f   vcruntimed:VCRUNTIME140D.dll
 0001:00005b46       __std_exception_destroy    0000000180006b46 f   vcruntimed:VCRUNTIME140D.dll
 0001:00005b4c       _CxxThrowException         0000000180006b4c f   vcruntimed:VCRUNTIME140D.dll
 0001:00005b52       __CxxFrameHandler3         0000000180006b52 f   vcruntimed:VCRUNTIME140D.dll
 0001:00005b58       memcpy                     0000000180006b58 f   vcruntimed:VCRUNTIME140D.dll
 0001:00005b5e       strstr                     0000000180006b5e f   vcruntimed:VCRUNTIME140D.dll
 0001:00005b64       __C_specific_handler       0000000180006b64 f   vcruntimed:VCRUNTIME140D.dll
 0001:00005b6a       __std_type_info_destroy_list 0000000180006b6a f   vcruntimed:VCRUNTIME140D.dll
 0001:00005b70       abort                      0000000180006b70 f   ucrtd:ucrtbased.dll
 0001:00005b76       getenv                     0000000180006b76 f   ucrtd:ucrtbased.dll
 0001:00005b7c       strcmp                     0000000180006b7c f   ucrtd:ucrtbased.dll
 0001:00005b82       strspn                     0000000180006b82 f   ucrtd:ucrtbased.dll
 0001:00005b88       __acrt_iob_func            0000000180006b88 f   ucrtd:ucrtbased.dll
 0001:00005b8e       __stdio_common_vfprintf    0000000180006b8e f   ucrtd:ucrtbased.dll
 0001:00005b94       wcsncmp                    0000000180006b94 f   ucrtd:ucrtbased.dll
 0001:00005b9a       wcsncpy                    0000000180006b9a f   ucrtd:ucrtbased.dll
 0001:00005ba0       strlen                     0000000180006ba0 f   ucrtd:ucrtbased.dll
 0001:00005ba6       strncmp                    0000000180006ba6 f   ucrtd:ucrtbased.dll
 0001:00005bac       strncpy                    0000000180006bac f   ucrtd:ucrtbased.dll
 0001:00005bb2       _CrtDbgReport              0000000180006bb2 f   ucrtd:ucrtbased.dll
 0001:00005bb8       __stdio_common_vsprintf    0000000180006bb8 f   ucrtd:ucrtbased.dll
 0001:00005bbe       _seh_filter_dll            0000000180006bbe f   ucrtd:ucrtbased.dll
 0001:00005bc4       _configure_narrow_argv     0000000180006bc4 f   ucrtd:ucrtbased.dll
 0001:00005bca       _initialize_narrow_environment 0000000180006bca f   ucrtd:ucrtbased.dll
 0001:00005bd0       _initialize_onexit_table   0000000180006bd0 f   ucrtd:ucrtbased.dll
 0001:00005bd6       _register_onexit_function  0000000180006bd6 f   ucrtd:ucrtbased.dll
 0001:00005bdc       _execute_onexit_table      0000000180006bdc f   ucrtd:ucrtbased.dll
 0001:00005be2       _crt_atexit                0000000180006be2 f   ucrtd:ucrtbased.dll
 0001:00005be8       _crt_at_quick_exit         0000000180006be8 f   ucrtd:ucrtbased.dll
 0001:00005bee       _cexit                     0000000180006bee f   ucrtd:ucrtbased.dll
 0001:00005bf4       _CrtDbgReportW             0000000180006bf4 f   ucrtd:ucrtbased.dll
 0001:00005bfa       _initterm                  0000000180006bfa f   ucrtd:ucrtbased.dll
 0001:00005c00       _initterm_e                0000000180006c00 f   ucrtd:ucrtbased.dll
 0001:00005c06       _free_dbg                  0000000180006c06 f   ucrtd:ucrtbased.dll
 0001:00005c0c       terminate                  0000000180006c0c f   ucrtd:ucrtbased.dll
 0001:00005c12       RtlCaptureContext          0000000180006c12 f   kernel32:KERNEL32.dll
 0001:00005c18       RtlLookupFunctionEntry     0000000180006c18 f   kernel32:KERNEL32.dll
 0001:00005c1e       RtlVirtualUnwind           0000000180006c1e f   kernel32:KERNEL32.dll
 0001:00005c24       UnhandledExceptionFilter   0000000180006c24 f   kernel32:KERNEL32.dll
 0001:00005c2a       SetUnhandledExceptionFilter 0000000180006c2a f   kernel32:KERNEL32.dll
 0001:00005c30       TerminateProcess           0000000180006c30 f   kernel32:KERNEL32.dll
 0001:00005c36       IsProcessorFeaturePresent  0000000180006c36 f   kernel32:KERNEL32.dll
 0001:00005c3c       CloseHandle                0000000180006c3c f   kernel32:KERNEL32.dll
 0001:00005c42       EnterCriticalSection       0000000180006c42 f   kernel32:KERNEL32.dll
 0001:00005c48       LeaveCriticalSection       0000000180006c48 f   kernel32:KERNEL32.dll
 0001:00005c4e       InitializeCriticalSectionAndSpinCount 0000000180006c4e f   kernel32:KERNEL32.dll
 0001:00005c54       DeleteCriticalSection      0000000180006c54 f   kernel32:KERNEL32.dll
 0001:00005c5a       SetEvent                   0000000180006c5a f   kernel32:KERNEL32.dll
 0001:00005c60       ResetEvent                 0000000180006c60 f   kernel32:KERNEL32.dll
 0001:00005c66       WaitForSingleObjectEx      0000000180006c66 f   kernel32:KERNEL32.dll
 0001:00005c6c       CreateEventW               0000000180006c6c f   kernel32:KERNEL32.dll
 0001:00005c72       IsDebuggerPresent          0000000180006c72 f   kernel32:KERNEL32.dll
 0001:00005c78       GetStartupInfoW            0000000180006c78 f   kernel32:KERNEL32.dll
 0001:00005c7e       QueryPerformanceCounter    0000000180006c7e f   kernel32:KERNEL32.dll
 0001:00005c84       GetCurrentProcessId        0000000180006c84 f   kernel32:KERNEL32.dll
 0001:00005c8a       GetCurrentThreadId         0000000180006c8a f   kernel32:KERNEL32.dll
 0001:00005c90       GetSystemTimeAsFileTime    0000000180006c90 f   kernel32:KERNEL32.dll
 0001:00005c96       InitializeSListHead        0000000180006c96 f   kernel32:KERNEL32.dll
 0001:00005ca0       __scrt_stub_for_acrt_initialize 0000000180006ca0 f   MSVCRTD:ucrt_stubs.obj
 0001:00005ca0       __acrt_initialize          0000000180006ca0 f   MSVCRTD:ucrt_stubs.obj
 0001:00005ca0       __vcrt_initialize          0000000180006ca0 f   MSVCRTD:ucrt_stubs.obj
 0001:00005cb0       __scrt_stub_for_acrt_thread_attach 0000000180006cb0 f   MSVCRTD:ucrt_stubs.obj
 0001:00005cb0       __vcrt_thread_attach       0000000180006cb0 f   MSVCRTD:ucrt_stubs.obj
 0001:00005cb0       __acrt_thread_attach       0000000180006cb0 f   MSVCRTD:ucrt_stubs.obj
 0001:00005cc0       __acrt_thread_detach       0000000180006cc0 f   MSVCRTD:ucrt_stubs.obj
 0001:00005cc0       __vcrt_thread_detach       0000000180006cc0 f   MSVCRTD:ucrt_stubs.obj
 0001:00005cc0       __scrt_stub_for_acrt_thread_detach 0000000180006cc0 f   MSVCRTD:ucrt_stubs.obj
 0001:00005cd0       __scrt_stub_for_acrt_uninitialize 0000000180006cd0 f   MSVCRTD:ucrt_stubs.obj
 0001:00005cd0       __vcrt_uninitialize        0000000180006cd0 f   MSVCRTD:ucrt_stubs.obj
 0001:00005cd0       __acrt_uninitialize        0000000180006cd0 f   MSVCRTD:ucrt_stubs.obj
 0001:00005ce0       __vcrt_uninitialize_critical 0000000180006ce0 f   MSVCRTD:ucrt_stubs.obj
 0001:00005ce0       __scrt_stub_for_acrt_uninitialize_critical 0000000180006ce0 f   MSVCRTD:ucrt_stubs.obj
 0001:00005ce0       __acrt_uninitialize_critical 0000000180006ce0 f   MSVCRTD:ucrt_stubs.obj
 0001:00005cf0       _is_c_termination_complete 0000000180006cf0 f   MSVCRTD:ucrt_stubs.obj
 0001:00005cf0       __scrt_stub_for_is_c_termination_complete 0000000180006cf0 f   MSVCRTD:ucrt_stubs.obj
 0001:00005d10       _guard_dispatch_icall_nop  0000000180006d10 f   MSVCRTD:guard_dispatch.obj
 0002:00000000       __imp_GetModuleHandleA     0000000180007000     kernel32:KERNEL32.dll
 0002:00000008       __imp_HeapAlloc            0000000180007008     kernel32:KERNEL32.dll
 0002:00000010       __imp_GetProcessHeap       0000000180007010     kernel32:KERNEL32.dll
 0002:00000018       __imp_GetCurrentProcess    0000000180007018     kernel32:KERNEL32.dll
 0002:00000020       __imp_FlushInstructionCache 0000000180007020     kernel32:KERNEL32.dll
 0002:00000028       __imp_GetSystemInfo        0000000180007028     kernel32:KERNEL32.dll
 0002:00000030       __imp_VirtualAlloc         0000000180007030     kernel32:KERNEL32.dll
 0002:00000038       __imp_VirtualProtect       0000000180007038     kernel32:KERNEL32.dll
 0002:00000040       __imp_VirtualQuery         0000000180007040     kernel32:KERNEL32.dll
 0002:00000048       __imp_GetModuleHandleW     0000000180007048     kernel32:KERNEL32.dll
 0002:00000050       __imp_GetProcAddress       0000000180007050     kernel32:KERNEL32.dll
 0002:00000058       __imp_GetSystemTimeAsFileTime 0000000180007058     kernel32:KERNEL32.dll
 0002:00000060       __imp_GetCurrentThreadId   0000000180007060     kernel32:KERNEL32.dll
 0002:00000068       __imp_GetCurrentProcessId  0000000180007068     kernel32:KERNEL32.dll
 0002:00000070       __imp_QueryPerformanceCounter 0000000180007070     kernel32:KERNEL32.dll
 0002:00000078       __imp_GetStartupInfoW      0000000180007078     kernel32:KERNEL32.dll
 0002:00000080       __imp_IsDebuggerPresent    0000000180007080     kernel32:KERNEL32.dll
 0002:00000088       __imp_CreateEventW         0000000180007088     kernel32:KERNEL32.dll
 0002:00000090       __imp_WaitForSingleObjectEx 0000000180007090     kernel32:KERNEL32.dll
 0002:00000098       __imp_ResetEvent           0000000180007098     kernel32:KERNEL32.dll
 0002:000000a0       __imp_SetEvent             00000001800070a0     kernel32:KERNEL32.dll
 0002:000000a8       __imp_DeleteCriticalSection 00000001800070a8     kernel32:KERNEL32.dll
 0002:000000b0       __imp_InitializeCriticalSectionAndSpinCount 00000001800070b0     kernel32:KERNEL32.dll
 0002:000000b8       __imp_LeaveCriticalSection 00000001800070b8     kernel32:KERNEL32.dll
 0002:000000c0       __imp_EnterCriticalSection 00000001800070c0     kernel32:KERNEL32.dll
 0002:000000c8       __imp_CloseHandle          00000001800070c8     kernel32:KERNEL32.dll
 0002:000000d0       __imp_IsProcessorFeaturePresent 00000001800070d0     kernel32:KERNEL32.dll
 0002:000000d8       __imp_TerminateProcess     00000001800070d8     kernel32:KERNEL32.dll
 0002:000000e0       __imp_SetUnhandledExceptionFilter 00000001800070e0     kernel32:KERNEL32.dll
 0002:000000e8       __imp_UnhandledExceptionFilter 00000001800070e8     kernel32:KERNEL32.dll
 0002:000000f0       __imp_RtlVirtualUnwind     00000001800070f0     kernel32:KERNEL32.dll
 0002:000000f8       __imp_RtlLookupFunctionEntry 00000001800070f8     kernel32:KERNEL32.dll
 0002:00000100       __imp_RtlCaptureContext    0000000180007100     kernel32:KERNEL32.dll
 0002:00000108       __imp_InitializeSListHead  0000000180007108     kernel32:KERNEL32.dll
 0002:00000110       \177KERNEL32_NULL_THUNK_DATA 0000000180007110     kernel32:KERNEL32.dll
 0002:00000118       __imp_?get_new_handler@std@@YAP6AXXZXZ 0000000180007118     msvcprtd:MSVCP140D.dll
 0002:00000120       \177MSVCP140D_NULL_THUNK_DATA 0000000180007120     msvcprtd:MSVCP140D.dll
 0002:00000128       __imp___C_specific_handler 0000000180007128     vcruntimed:VCRUNTIME140D.dll
 0002:00000130       __imp___CxxFrameHandler3   0000000180007130     vcruntimed:VCRUNTIME140D.dll
 0002:00000138       __imp__CxxThrowException   0000000180007138     vcruntimed:VCRUNTIME140D.dll
 0002:00000140       __imp___std_type_info_destroy_list 0000000180007140     vcruntimed:VCRUNTIME140D.dll
 0002:00000148       __imp_memcpy               0000000180007148     vcruntimed:VCRUNTIME140D.dll
 0002:00000150       __imp_strstr               0000000180007150     vcruntimed:VCRUNTIME140D.dll
 0002:00000158       __imp___std_exception_copy 0000000180007158     vcruntimed:VCRUNTIME140D.dll
 0002:00000160       __imp___std_exception_destroy 0000000180007160     vcruntimed:VCRUNTIME140D.dll
 0002:00000168       \177VCRUNTIME140D_NULL_THUNK_DATA 0000000180007168     vcruntimed:VCRUNTIME140D.dll
 0002:00000170       __imp___TBB_malloc_safer_aligned_realloc 0000000180007170     tbbmalloc_debug:tbbmalloc_debug.dll
 0002:00000178       __imp___TBB_malloc_safer_realloc 0000000180007178     tbbmalloc_debug:tbbmalloc_debug.dll
 0002:00000180       __imp___TBB_malloc_safer_free 0000000180007180     tbbmalloc_debug:tbbmalloc_debug.dll
 0002:00000188       __imp_scalable_aligned_malloc 0000000180007188     tbbmalloc_debug:tbbmalloc_debug.dll
 0002:00000190       __imp___TBB_malloc_safer_msize 0000000180007190     tbbmalloc_debug:tbbmalloc_debug.dll
 0002:00000198       __imp_scalable_malloc      0000000180007198     tbbmalloc_debug:tbbmalloc_debug.dll
 0002:000001a0       __imp___TBB_malloc_safer_aligned_msize 00000001800071a0     tbbmalloc_debug:tbbmalloc_debug.dll
 0002:000001a8       __imp_scalable_calloc      00000001800071a8     tbbmalloc_debug:tbbmalloc_debug.dll
 0002:000001b0       \177tbbmalloc_debug_NULL_THUNK_DATA 00000001800071b0     tbbmalloc_debug:tbbmalloc_debug.dll
 0002:000001b8       __imp__initterm            00000001800071b8     ucrtd:ucrtbased.dll
 0002:000001c0       __imp__initterm_e          00000001800071c0     ucrtd:ucrtbased.dll
 0002:000001c8       __imp__cexit               00000001800071c8     ucrtd:ucrtbased.dll
 0002:000001d0       __imp_terminate            00000001800071d0     ucrtd:ucrtbased.dll
 0002:000001d8       __imp__crt_at_quick_exit   00000001800071d8     ucrtd:ucrtbased.dll
 0002:000001e0       __imp_abort                00000001800071e0     ucrtd:ucrtbased.dll
 0002:000001e8       __imp__crt_atexit          00000001800071e8     ucrtd:ucrtbased.dll
 0002:000001f0       __imp__execute_onexit_table 00000001800071f0     ucrtd:ucrtbased.dll
 0002:000001f8       __imp__register_onexit_function 00000001800071f8     ucrtd:ucrtbased.dll
 0002:00000200       __imp__initialize_onexit_table 0000000180007200     ucrtd:ucrtbased.dll
 0002:00000208       __imp__initialize_narrow_environment 0000000180007208     ucrtd:ucrtbased.dll
 0002:00000210       __imp__configure_narrow_argv 0000000180007210     ucrtd:ucrtbased.dll
 0002:00000218       __imp__seh_filter_dll      0000000180007218     ucrtd:ucrtbased.dll
 0002:00000220       __imp___stdio_common_vsprintf 0000000180007220     ucrtd:ucrtbased.dll
 0002:00000228       __imp__CrtDbgReport        0000000180007228     ucrtd:ucrtbased.dll
 0002:00000230       __imp_strncpy              0000000180007230     ucrtd:ucrtbased.dll
 0002:00000238       __imp_getenv               0000000180007238     ucrtd:ucrtbased.dll
 0002:00000240       __imp__CrtDbgReportW       0000000180007240     ucrtd:ucrtbased.dll
 0002:00000248       __imp_strlen               0000000180007248     ucrtd:ucrtbased.dll
 0002:00000250       __imp_wcsncpy              0000000180007250     ucrtd:ucrtbased.dll
 0002:00000258       __imp_wcsncmp              0000000180007258     ucrtd:ucrtbased.dll
 0002:00000260       __imp___stdio_common_vfprintf 0000000180007260     ucrtd:ucrtbased.dll
 0002:00000268       __imp___acrt_iob_func      0000000180007268     ucrtd:ucrtbased.dll
 0002:00000270       __imp_strspn               0000000180007270     ucrtd:ucrtbased.dll
 0002:00000278       __imp__free_dbg            0000000180007278     ucrtd:ucrtbased.dll
 0002:00000280       __imp_strcmp               0000000180007280     ucrtd:ucrtbased.dll
 0002:00000288       __imp_strncmp              0000000180007288     ucrtd:ucrtbased.dll
 0002:00000290       \177ucrtbased_NULL_THUNK_DATA 0000000180007290     ucrtd:ucrtbased.dll
 0002:00000298       __guard_check_icall_fptr   0000000180007298     MSVCRTD:guard_support.obj
 0002:000002a0       __guard_dispatch_icall_fptr 00000001800072a0     MSVCRTD:guard_support.obj
 0002:000002a8       __xc_a                     00000001800072a8     MSVCRTD:initializers.obj
 0002:000002b8       __xc_z                     00000001800072b8     MSVCRTD:initializers.obj
 0002:000002c0       __xi_a                     00000001800072c0     MSVCRTD:initializers.obj
 0002:000002d0       __xi_z                     00000001800072d0     MSVCRTD:initializers.obj
 0002:000002d8       __xl_a                     00000001800072d8     MSVCRTD:tlssup.obj
 0002:000002e0       __xl_z                     00000001800072e0     MSVCRTD:tlssup.obj
 0002:000002e8       __xp_a                     00000001800072e8     MSVCRTD:initializers.obj
 0002:000002f0       __xp_z                     00000001800072f0     MSVCRTD:initializers.obj
 0002:000002f8       __xt_a                     00000001800072f8     MSVCRTD:initializers.obj
 0002:00000300       __xt_z                     0000000180007300     MSVCRTD:initializers.obj
 0002:00000cf0       ??_7exception@std@@6B@     0000000180007cf0     proxy.obj
 0002:00000d00       ??_C@_0BC@EOODALEL@Unknown?5exception@ 0000000180007d00     proxy.obj
 0002:00000d20       ??_7bad_alloc@std@@6B@     0000000180007d20     proxy.obj
 0002:00000d30       ??_C@_0P@GHFPNOJB@bad?5allocation@ 0000000180007d30     proxy.obj
 0002:000013f8       ??_7type_info@@6B@         00000001800083f8     MSVCRTD:std_type_info_static.obj
 0002:00001460       ??_C@_17CNPHIMPH@?$AA?$CF?$AAl?$AAs@ 0000000180008460     MSVCRTD:thread_safe_statics.obj
 0002:00001470       ??_C@_1EC@JIJBPKFM@?$AAa?$AAp?$AAi?$AA?9?$AAm?$AAs?$AA?9?$AAw?$AAi?$AAn?$AA?9?$AAc?$AAo?$AAr?$AAe@ 0000000180008470     MSVCRTD:thread_safe_statics.obj
 0002:000014b8       ??_C@_1BK@MGMFAEKH@?$AAk?$AAe?$AAr?$AAn?$AAe?$AAl?$AA3?$AA2?$AA?4?$AAd?$AAl?$AAl@ 00000001800084b8     MSVCRTD:thread_safe_statics.obj
 0002:000014d8       ??_C@_0BM@HLJJNPAH@InitializeConditionVariable@ 00000001800084d8     MSVCRTD:thread_safe_statics.obj
 0002:000014f8       ??_C@_0BJ@JEBJOJFJ@SleepConditionVariableCS@ 00000001800084f8     MSVCRTD:thread_safe_statics.obj
 0002:00001518       ??_C@_0BJ@PGPPEPCC@WakeAllConditionVariable@ 0000000180008518     MSVCRTD:thread_safe_statics.obj
 0002:00001540       ??_C@_1JM@GGNHHFKM@?$AAd?$AA?3?$AA?2?$AAa?$AAg?$AAe?$AAn?$AAt?$AA?2?$AA_?$AAw?$AAo?$AAr?$AAk?$AA?2@ 0000000180008540     MSVCRTD:thread_safe_statics.obj
 0002:000015e0       _pDefaultRawDllMain        00000001800085e0     MSVCRTD:dll_dllmain.obj
 0002:000015e0       _pRawDllMain               00000001800085e0     MSVCRTD:dll_dllmain.obj
 0002:00001650       _load_config_used          0000000180008650     MSVCRTD:loadcfg.obj
 0002:00001750       _tls_used                  0000000180008750     MSVCRTD:tlssup.obj
 0002:00001778       ??_R4exception@std@@6B@    0000000180008778     proxy.obj
 0002:000017a0       ??_R3exception@std@@8      00000001800087a0     proxy.obj
 0002:000017b8       ??_R2exception@std@@8      00000001800087b8     proxy.obj
 0002:000017c8       ??_R1A@?0A@EA@exception@std@@8 00000001800087c8     proxy.obj
 0002:000017f0       ??_R4bad_alloc@std@@6B@    00000001800087f0     proxy.obj
 0002:00001818       ??_R3bad_alloc@std@@8      0000000180008818     proxy.obj
 0002:00001830       ??_R2bad_alloc@std@@8      0000000180008830     proxy.obj
 0002:00001848       ??_R1A@?0A@EA@bad_alloc@std@@8 0000000180008848     proxy.obj
 0002:00001870       ??_R4type_info@@6B@        0000000180008870     MSVCRTD:std_type_info_static.obj
 0002:00001898       ??_R3type_info@@8          0000000180008898     MSVCRTD:std_type_info_static.obj
 0002:000018b0       ??_R2type_info@@8          00000001800088b0     MSVCRTD:std_type_info_static.obj
 0002:000018c0       ??_R1A@?0A@EA@type_info@@8 00000001800088c0     MSVCRTD:std_type_info_static.obj
 0002:00001ca8       __rtc_iaa                  0000000180008ca8     MSVCRTD:initsect.obj
 0002:00001cb0       __rtc_izz                  0000000180008cb0     MSVCRTD:initsect.obj
 0002:00001cb8       __rtc_taa                  0000000180008cb8     MSVCRTD:initsect.obj
 0002:00001cc0       __rtc_tzz                  0000000180008cc0     MSVCRTD:initsect.obj
 0002:00001cc8       _tls_start                 0000000180008cc8     MSVCRTD:tlssup.obj
 0002:00001ccc       _Init_thread_epoch         0000000180008ccc     MSVCRTD:thread_safe_statics.obj
 0002:00001cd0       _tls_end                   0000000180008cd0     MSVCRTD:tlssup.obj
 0002:00002368       _TI2?AVbad_alloc@std@@     0000000180009368     proxy.obj
 0002:00002388       _CTA2?AVbad_alloc@std@@    0000000180009388     proxy.obj
 0002:000023a0       _CT??_R0?AVbad_alloc@std@@@8??0bad_alloc@std@@QEAA@AEBV01@@Z24 00000001800093a0     proxy.obj
 0002:000023c8       _CT??_R0?AVexception@std@@@8??0exception@std@@QEAA@AEBV01@@Z24 00000001800093c8     proxy.obj
 0002:00002474       __IMPORT_DESCRIPTOR_KERNEL32 0000000180009474     kernel32:KERNEL32.dll
 0002:00002488       __IMPORT_DESCRIPTOR_tbbmalloc_debug 0000000180009488     tbbmalloc_debug:tbbmalloc_debug.dll
 0002:0000249c       __IMPORT_DESCRIPTOR_MSVCP140D 000000018000949c     msvcprtd:MSVCP140D.dll
 0002:000024b0       __IMPORT_DESCRIPTOR_VCRUNTIME140D 00000001800094b0     vcruntimed:VCRUNTIME140D.dll
 0002:000024c4       __IMPORT_DESCRIPTOR_ucrtbased 00000001800094c4     ucrtd:ucrtbased.dll
 0002:000024d8       __NULL_IMPORT_DESCRIPTOR   00000001800094d8     kernel32:KERNEL32.dll
 0003:00000000       ?known_bytecodes@@3PAPEBDA 000000018000a000     proxy.obj
 0003:00000070       ?modules_to_replace@@3PAUModule@@A 000000018000a070     proxy.obj
 0003:000000e0       ?c_routines_to_replace@@3PAUFRData_t@@A 000000018000a0e0     proxy.obj
 0003:00000140       ?cxx_routines_to_replace@@3PAUFRData_t@@A 000000018000a140     proxy.obj
 0003:000001e0       __security_cookie_complement 000000018000a1e0     MSVCRTD:gs_cookie.obj
 0003:000001e8       __security_cookie          000000018000a1e8     MSVCRTD:gs_cookie.obj
 0003:000001f0       __scrt_native_dllmain_reason 000000018000a1f0     MSVCRTD:utility.obj
 0003:000001f4       _Init_global_epoch         000000018000a1f4     MSVCRTD:thread_safe_statics.obj
 0003:000001f8       __isa_available            000000018000a1f8     MSVCRTD:cpu_disp.obj
 0003:000001fc       __isa_enabled              000000018000a1fc     MSVCRTD:cpu_disp.obj
 0003:00000200       __memcpy_nt_iters          000000018000a200     MSVCRTD:cpu_disp.obj
 0003:00000210       __scrt_ucrt_dll_is_in_use  000000018000a210     MSVCRTD:ucrt_stubs.obj
 0003:00000218       ??_R0?AVbad_alloc@std@@@8  000000018000a218     proxy.obj
 0003:00000240       ??_R0?AVexception@std@@@8  000000018000a240     proxy.obj
 0003:00000268       ??_R0?AVtype_info@@@8      000000018000a268     MSVCRTD:std_type_info_static.obj
 0003:00000290       ?orig__o_free@@3P6AXPEAX@ZEA 000000018000a290     proxy.obj
 0003:00000298       ?orig__free_base@@3P6AXPEAX@ZEA 000000018000a298     proxy.obj
 0003:000002a0       ?orig_free_msvcr100d@@3P6AXPEAX@ZEA 000000018000a2a0     proxy.obj
 0003:000002a8       ?orig__aligned_free_msvcr100d@@3P6AXPEAX@ZEA 000000018000a2a8     proxy.obj
 0003:000002b0       ?orig__msize_msvcr100d@@3P6A_KPEAX@ZEA 000000018000a2b0     proxy.obj
 0003:000002b8       ?orig__aligned_msize_msvcr100d@@3P6A_KPEAX_K1@ZEA 000000018000a2b8     proxy.obj
 0003:000002c0       ?orig_free_msvcr100@@3P6AXPEAX@ZEA 000000018000a2c0     proxy.obj
 0003:000002c8       ?orig__aligned_free_msvcr100@@3P6AXPEAX@ZEA 000000018000a2c8     proxy.obj
 0003:000002d0       ?orig__msize_msvcr100@@3P6A_KPEAX@ZEA 000000018000a2d0     proxy.obj
 0003:000002d8       ?orig__aligned_msize_msvcr100@@3P6A_KPEAX_K1@ZEA 000000018000a2d8     proxy.obj
 0003:000002e0       ?orig_free_msvcr110d@@3P6AXPEAX@ZEA 000000018000a2e0     proxy.obj
 0003:000002e8       ?orig__aligned_free_msvcr110d@@3P6AXPEAX@ZEA 000000018000a2e8     proxy.obj
 0003:000002f0       ?orig__msize_msvcr110d@@3P6A_KPEAX@ZEA 000000018000a2f0     proxy.obj
 0003:000002f8       ?orig__aligned_msize_msvcr110d@@3P6A_KPEAX_K1@ZEA 000000018000a2f8     proxy.obj
 0003:00000300       ?orig_free_msvcr110@@3P6AXPEAX@ZEA 000000018000a300     proxy.obj
 0003:00000308       ?orig__aligned_free_msvcr110@@3P6AXPEAX@ZEA 000000018000a308     proxy.obj
 0003:00000310       ?orig__msize_msvcr110@@3P6A_KPEAX@ZEA 000000018000a310     proxy.obj
 0003:00000318       ?orig__aligned_msize_msvcr110@@3P6A_KPEAX_K1@ZEA 000000018000a318     proxy.obj
 0003:00000320       ?orig_free_msvcr120d@@3P6AXPEAX@ZEA 000000018000a320     proxy.obj
 0003:00000328       ?orig__aligned_free_msvcr120d@@3P6AXPEAX@ZEA 000000018000a328     proxy.obj
 0003:00000330       ?orig__msize_msvcr120d@@3P6A_KPEAX@ZEA 000000018000a330     proxy.obj
 0003:00000338       ?orig__aligned_msize_msvcr120d@@3P6A_KPEAX_K1@ZEA 000000018000a338     proxy.obj
 0003:00000340       ?orig_free_msvcr120@@3P6AXPEAX@ZEA 000000018000a340     proxy.obj
 0003:00000348       ?orig__aligned_free_msvcr120@@3P6AXPEAX@ZEA 000000018000a348     proxy.obj
 0003:00000350       ?orig__msize_msvcr120@@3P6A_KPEAX@ZEA 000000018000a350     proxy.obj
 0003:00000358       ?orig__aligned_msize_msvcr120@@3P6A_KPEAX_K1@ZEA 000000018000a358     proxy.obj
 0003:00000360       ?orig_free_ucrtbase@@3P6AXPEAX@ZEA 000000018000a360     proxy.obj
 0003:00000368       ?orig__aligned_free_ucrtbase@@3P6AXPEAX@ZEA 000000018000a368     proxy.obj
 0003:00000370       ?orig__msize_ucrtbase@@3P6A_KPEAX@ZEA 000000018000a370     proxy.obj
 0003:00000378       ?orig__aligned_msize_ucrtbase@@3P6A_KPEAX_K1@ZEA 000000018000a378     proxy.obj
 0003:00000380       ?_OptionsStorage@?1??__local_stdio_printf_options@@9@4_KA 000000018000a380     proxy.obj
 0003:00002108       __scrt_current_native_startup_state 000000018000c108     MSVCRTD:utility.obj
 0003:00002110       __scrt_native_startup_lock 000000018000c110     MSVCRTD:utility.obj
 0003:00002708       _tls_index                 000000018000c708     MSVCRTD:tlssup.obj
 0003:00002710       __favor                    000000018000c710     MSVCRTD:cpu_disp.obj
 0003:00002714       __scrt_debugger_hook_flag  000000018000c714     MSVCRTD:utility_desktop.obj
 0003:00002720       ?__type_info_root_node@@3U__type_info_node@@A 000000018000c720     MSVCRTD:tncleanup.obj
 0003:00002730       ?_OptionsStorage@?1??__local_stdio_scanf_options@@9@4_KA 000000018000c730     MSVCRTD:default_local_stdio_options.obj
 0003:00002738       __dyn_tls_init_callback    000000018000c738     <common>

 entry point at        0001:00005070

 Static symbols

 0002:ffff9000       __guard_fids_?dllmain_dispatch@@YAHQEAUHINSTANCE__@@KQEAX@Z 0000000180000000     MSVCRTD:dll_dllmain.obj
 0002:ffff9000       __guard_fids_?__scrt_initialize_thread_safe_statics@@YAHXZ 0000000180000000     MSVCRTD:thread_safe_statics.obj
 0002:ffff9000       __guard_fids__             0000000180000000     MSVCRTD:thread_safe_statics.obj
 0002:ffff9000       __guard_fids__             0000000180000000     MSVCRTD:std_type_info_static.obj
 0002:ffff9000       __guard_fids___scrt_set_unhandled_exception_filter 0000000180000000     MSVCRTD:utility_desktop.obj
 0000:ffff0000       .debug$S                   0000000180000000     msvcprtd:MSVCP140D.dll
 0000:ffff0000       .debug$S                   0000000180000000     tbbmalloc_debug:tbbmalloc_debug.dll
 0000:ffff0000       .debug$S                   0000000180000000     tbbmalloc_debug:tbbmalloc_debug.dll
 0000:ffff0000       .debug$S                   0000000180000000     tbbmalloc_proxy_debug.exp
 0002:ffff9000       __guard_fids__             0000000180000000     MSVCRTD:guard_support.obj
 0000:ffff0000       .debug$S                   0000000180000000     kernel32:KERNEL32.dll
 0000:ffff0000       .debug$S                   0000000180000000     kernel32:KERNEL32.dll
 0000:ffff0000       .debug$S                   0000000180000000     kernel32:KERNEL32.dll
 0000:ffff0000       .debug$S                   0000000180000000     kernel32:KERNEL32.dll
 0000:ffff0000       .debug$S                   0000000180000000     kernel32:KERNEL32.dll
 0000:ffff0000       .debug$S                   0000000180000000     kernel32:KERNEL32.dll
 0000:ffff0000       .debug$S                   0000000180000000     kernel32:KERNEL32.dll
 0000:ffff0000       .debug$S                   0000000180000000     kernel32:KERNEL32.dll
 0000:ffff0000       .debug$S                   0000000180000000     kernel32:KERNEL32.dll
 0000:ffff0000       .debug$S                   0000000180000000     kernel32:KERNEL32.dll
 0000:ffff0000       .debug$S                   0000000180000000     kernel32:KERNEL32.dll
 0000:ffff0000       .debug$S                   0000000180000000     kernel32:KERNEL32.dll
 0000:ffff0000       .debug$S                   0000000180000000     kernel32:KERNEL32.dll
 0000:ffff0000       .debug$S                   0000000180000000     kernel32:KERNEL32.dll
 0000:ffff0000       .debug$S                   0000000180000000     kernel32:KERNEL32.dll
 0000:ffff0000       .debug$S                   0000000180000000     kernel32:KERNEL32.dll
 0000:ffff0000       .debug$S                   0000000180000000     kernel32:KERNEL32.dll
 0000:ffff0000       .debug$S                   0000000180000000     kernel32:KERNEL32.dll
 0000:ffff0000       .debug$S                   0000000180000000     kernel32:KERNEL32.dll
 0000:ffff0000       .debug$S                   0000000180000000     kernel32:KERNEL32.dll
 0000:ffff0000       .debug$S                   0000000180000000     kernel32:KERNEL32.dll
 0000:ffff0000       .debug$S                   0000000180000000     kernel32:KERNEL32.dll
 0000:ffff0000       .debug$S                   0000000180000000     kernel32:KERNEL32.dll
 0002:ffff9000       $unwind$_vfprintf_l        0000000180000000     tbb_function_replacement.obj
 0000:ffff0000       .debug$S                   0000000180000000     ucrtd:ucrtbased.dll
 0000:ffff0000       .debug$S                   0000000180000000     ucrtd:ucrtbased.dll
 0000:ffff0000       .debug$S                   0000000180000000     ucrtd:ucrtbased.dll
 0000:ffff0000       .debug$S                   0000000180000000     ucrtd:ucrtbased.dll
 0000:ffff0000       .debug$S                   0000000180000000     ucrtd:ucrtbased.dll
 0000:ffff0000       .debug$S                   0000000180000000     ucrtd:ucrtbased.dll
 0000:ffff0000       .debug$S                   0000000180000000     ucrtd:ucrtbased.dll
 0000:ffff0000       .debug$S                   0000000180000000     ucrtd:ucrtbased.dll
 0000:ffff0000       .debug$S                   0000000180000000     ucrtd:ucrtbased.dll
 0000:ffff0000       .debug$S                   0000000180000000     ucrtd:ucrtbased.dll
 0000:ffff0000       .debug$S                   0000000180000000     ucrtd:ucrtbased.dll
 0000:ffff0000       .debug$S                   0000000180000000     ucrtd:ucrtbased.dll
 0000:ffff0000       .debug$S                   0000000180000000     ucrtd:ucrtbased.dll
 0000:ffff0000       .debug$S                   0000000180000000     ucrtd:ucrtbased.dll
 0000:ffff0000       .debug$S                   0000000180000000     ucrtd:ucrtbased.dll
 0000:ffff0000       .debug$S                   0000000180000000     ucrtd:ucrtbased.dll
 0000:ffff0000       .debug$S                   0000000180000000     ucrtd:ucrtbased.dll
 0000:ffff0000       .debug$S                   0000000180000000     ucrtd:ucrtbased.dll
 0000:ffff0000       .debug$S                   0000000180000000     ucrtd:ucrtbased.dll
 0000:ffff0000       .debug$S                   0000000180000000     ucrtd:ucrtbased.dll
 0000:ffff0000       .debug$S                   0000000180000000     ucrtd:ucrtbased.dll
 0000:ffff0000       .debug$S                   0000000180000000     ucrtd:ucrtbased.dll
 0000:ffff0000       .debug$S                   0000000180000000     ucrtd:ucrtbased.dll
 0000:ffff0000       .debug$S                   0000000180000000     ucrtd:ucrtbased.dll
 0000:ffff0000       .debug$S                   0000000180000000     ucrtd:ucrtbased.dll
 0000:ffff0000       .debug$S                   0000000180000000     ucrtd:ucrtbased.dll
 0000:ffff0000       .debug$S                   0000000180000000     ucrtd:ucrtbased.dll
 0000:ffff0000       .debug$S                   0000000180000000     tbbmalloc_debug:tbbmalloc_debug.dll
 0000:ffff0000       .debug$S                   0000000180000000     vcruntimed:VCRUNTIME140D.dll
 0000:ffff0000       .debug$S                   0000000180000000     vcruntimed:VCRUNTIME140D.dll
 0000:ffff0000       .debug$S                   0000000180000000     vcruntimed:VCRUNTIME140D.dll
 0000:ffff0000       .debug$S                   0000000180000000     vcruntimed:VCRUNTIME140D.dll
 0000:ffff0000       .debug$S                   0000000180000000     vcruntimed:VCRUNTIME140D.dll
 0000:ffff0000       .debug$S                   0000000180000000     vcruntimed:VCRUNTIME140D.dll
 0000:ffff0000       .debug$S                   0000000180000000     vcruntimed:VCRUNTIME140D.dll
 0000:ffff0000       .debug$S                   0000000180000000     vcruntimed:VCRUNTIME140D.dll
 0004:ffff3000       $pdata$_vfprintf_l         0000000180000000     tbb_function_replacement.obj
 0000:ffff0000       .debug$S                   0000000180000000     tbbmalloc_debug:tbbmalloc_debug.dll
 0000:ffff0000       .debug$S                   0000000180000000     tbbmalloc_debug:tbbmalloc_debug.dll
 0000:ffff0000       .debug$S                   0000000180000000     tbbmalloc_debug:tbbmalloc_debug.dll
 0000:ffff0000       .debug$S                   0000000180000000     tbbmalloc_debug:tbbmalloc_debug.dll
 0000:ffff0000       .debug$S                   0000000180000000     tbbmalloc_debug:tbbmalloc_debug.dll
 0000:ffff0000       .debug$S                   0000000180000000     kernel32:KERNEL32.dll
 0000:ffff0000       .debug$S                   0000000180000000     kernel32:KERNEL32.dll
 0000:ffff0000       .debug$S                   0000000180000000     kernel32:KERNEL32.dll
 0000:ffff0000       .debug$S                   0000000180000000     kernel32:KERNEL32.dll
 0000:ffff0000       .debug$S                   0000000180000000     kernel32:KERNEL32.dll
 0000:ffff0000       .debug$S                   0000000180000000     kernel32:KERNEL32.dll
 0000:ffff0000       .debug$S                   0000000180000000     kernel32:KERNEL32.dll
 0000:ffff0000       .debug$S                   0000000180000000     kernel32:KERNEL32.dll
 0000:ffff0000       .debug$S                   0000000180000000     kernel32:KERNEL32.dll
 0000:ffff0000       .debug$S                   0000000180000000     kernel32:KERNEL32.dll
 0002:ffff9000       $unwind$fprintf            0000000180000000     tbb_function_replacement.obj
 0000:ffff0000       .debug$S                   0000000180000000     kernel32:KERNEL32.dll
 0004:ffff3000       $pdata$fprintf             0000000180000000     tbb_function_replacement.obj
 0002:ffff9000       __guard_fids__guard_icall_checks_enforced 0000000180000000     MSVCRTD:guard_support.obj
 0001:00000000       ??__EmemProvider@@YAXXZ    0000000180001000 f   tbb_function_replacement.obj
 0001:00000030       ?GetBoolEnvironmentVariable@internal@tbb@@YA_NPEBD@Z 0000000180001030 f   proxy.obj
 0001:00000110       ?InternalOperatorNew@@YAPEAX_K@Z 0000000180001110 f   proxy.obj
 0001:00002400       ?record@Log@@YAXUFunctionInfo@@PEBD_N@Z 0000000180003400 f   tbb_function_replacement.obj
 0001:000026a0       ?CheckOpcodes@@YAIPEAPEBDPEAX_NPEBUFunctionInfo@@@Z 00000001800036a0 f   tbb_function_replacement.obj
 0001:000029a0       ?CorrectOffset@@YAX_KPEBDI@Z 00000001800039a0 f   tbb_function_replacement.obj
 0001:00002a50       ?InsertTrampoline32@@YAKPEAX0PEBDPEAPEAX@Z 0000000180003a50 f   tbb_function_replacement.obj
 0001:00002cb0       ?InsertTrampoline64@@YAKPEAX0PEBDPEAPEAX@Z 0000000180003cb0 f   tbb_function_replacement.obj
 0001:00002f40       ?InsertTrampoline@@YA_NPEAX0PEAPEBDPEAPEAX@Z 0000000180003f40 f   tbb_function_replacement.obj
 0001:00003a40       $$000000                   0000000180004a40     MSVCRTD:amdsecgs.obj
 0001:00003ba0       ?find_pe_section@@YAPEAU_IMAGE_SECTION_HEADER@@QEAE_K@Z 0000000180004ba0 f   MSVCRTD:utility.obj
 0001:00003c80       ?is_potentially_valid_image_base@@YA_NQEAX@Z 0000000180004c80 f   MSVCRTD:utility.obj
 0001:00004550       capture_current_context    0000000180005550 f   MSVCRTD:gs_report.obj
 0001:000045f0       capture_previous_context   00000001800055f0 f   MSVCRTD:gs_report.obj
 0001:000046b0       ?__scrt_initialize_thread_safe_statics@@YAHXZ 00000001800056b0 f   MSVCRTD:thread_safe_statics.obj
 0001:000047f0       ?__scrt_initialize_thread_safe_statics_platform_specific@@YAXXZ 00000001800057f0 f   MSVCRTD:thread_safe_statics.obj
 0001:00004970       ?__scrt_uninitialize_thread_safe_statics@@YAXXZ 0000000180005970 f   MSVCRTD:thread_safe_statics.obj
 0001:00004c50       ?dllmain_crt_dispatch@@YAHQEAUHINSTANCE__@@KQEAX@Z 0000000180005c50 f   MSVCRTD:dll_dllmain.obj
 0001:00004ce0       ?dllmain_crt_process_attach@@YAHQEAUHINSTANCE__@@QEAX@Z 0000000180005ce0 f   MSVCRTD:dll_dllmain.obj
 0001:00004e20       ?dllmain_crt_process_detach@@YAH_N@Z 0000000180005e20 f   MSVCRTD:dll_dllmain.obj
 0001:00004eb0       ?dllmain_dispatch@@YAHQEAUHINSTANCE__@@KQEAX@Z 0000000180005eb0 f   MSVCRTD:dll_dllmain.obj
 0001:00004ff0       ?dllmain_raw@@YAHQEAUHINSTANCE__@@KQEAX@Z 0000000180005ff0 f   MSVCRTD:dll_dllmain.obj
 0001:000058b0       __get_entropy              00000001800068b0 f   MSVCRTD:gs_support.obj
 0001:00005d00       $$000000                   0000000180006d00     MSVCRTD:guard_dispatch.obj
 0001:00005d20       __scrt_is_nonwritable_in_current_image$filt$0 0000000180006d20 f   MSVCRTD:utility.obj
 0001:00005d60       ?fin$0@?0??dllmain_crt_process_attach@@YAHQEAUHINSTANCE__@@QEAX@Z@4HA 0000000180006d60 f   MSVCRTD:dll_dllmain.obj
 0001:00005d80       ?fin$0@?0??dllmain_crt_process_detach@@YAH_N@Z@4HA 0000000180006d80 f   MSVCRTD:dll_dllmain.obj
 0001:00005da0       ?filt$0@?0??dllmain_dispatch@@YAHQEAUHINSTANCE__@@KQEAX@Z@4HA 0000000180006da0 f   MSVCRTD:dll_dllmain.obj
 0001:00005df0       ??__FmemProvider@@YAXXZ    0000000180006df0 f   tbb_function_replacement.obj
 0002:000002b0       ?memProvider$initializer$@@3P6AXXZEA 00000001800072b0     tbb_function_replacement.obj
 0002:000002c8       ?__scrt_initialize_tss_var@@3P6AHXZEA 00000001800072c8     MSVCRTD:thread_safe_statics.obj
 0002:00000310       $SG107772                  0000000180007310     proxy.obj
 0002:00000328       $SG107773                  0000000180007328     proxy.obj
 0002:0000033c       $SG108098                  000000018000733c     proxy.obj
 0002:00000344       $SG6494                    0000000180007344     proxy.obj
 0002:00000348       $SG107774                  0000000180007348     proxy.obj
 0002:00000358       $SG107775                  0000000180007358     proxy.obj
 0002:00000368       $SG107776                  0000000180007368     proxy.obj
 0002:0000037c       $SG6496                    000000018000737c     proxy.obj
 0002:00000380       $SG107777                  0000000180007380     proxy.obj
 0002:00000390       $SG107778                  0000000180007390     proxy.obj
 0002:000003a0       $SG107779                  00000001800073a0     proxy.obj
 0002:000003b0       $SG107780                  00000001800073b0     proxy.obj
 0002:000003c8       $SG107781                  00000001800073c8     proxy.obj
 0002:000003e0       $SG107782                  00000001800073e0     proxy.obj
 0002:000003f8       $SG107783                  00000001800073f8     proxy.obj
 0002:00000410       $SG108071                  0000000180007410     proxy.obj
 0002:00000420       $SG108072                  0000000180007420     proxy.obj
 0002:00000430       $SG108073                  0000000180007430     proxy.obj
 0002:00000440       $SG108074                  0000000180007440     proxy.obj
 0002:00000450       $SG108075                  0000000180007450     proxy.obj
 0002:00000460       $SG108076                  0000000180007460     proxy.obj
 0002:00000470       $SG108077                  0000000180007470     proxy.obj
 0002:00000480       $SG108099                  0000000180007480     proxy.obj
 0002:00000488       $SG108100                  0000000180007488     proxy.obj
 0002:00000498       $SG108101                  0000000180007498     proxy.obj
 0002:000004a0       $SG108109                  00000001800074a0     proxy.obj
 0002:000004b0       $SG108110                  00000001800074b0     proxy.obj
 0002:000004c0       $SG108111                  00000001800074c0     proxy.obj
 0002:000004d0       $SG108112                  00000001800074d0     proxy.obj
 0002:000004e0       $SG108113                  00000001800074e0     proxy.obj
 0002:00000500       $SG108114                  0000000180007500     proxy.obj
 0002:00000520       $SG108125                  0000000180007520     proxy.obj
 0002:00000528       $SG108126                  0000000180007528     proxy.obj
 0002:00000530       $SG108127                  0000000180007530     proxy.obj
 0002:00000540       $SG108128                  0000000180007540     proxy.obj
 0002:00000550       $SG108131                  0000000180007550     proxy.obj
 0002:000005ac       $SG108157                  00000001800075ac     proxy.obj
 0002:000005b4       $SG108264                  00000001800075b4     proxy.obj
 0002:000005c0       $SG108158                  00000001800075c0     proxy.obj
 0002:000005c8       $SG108159                  00000001800075c8     proxy.obj
 0002:000005f0       $SG108261                  00000001800075f0     proxy.obj
 0002:00000600       $SG108262                  0000000180007600     proxy.obj
 0002:00000608       $SG108263                  0000000180007608     proxy.obj
 0002:00000618       $SG108265                  0000000180007618     proxy.obj
 0002:00000628       $SG108266                  0000000180007628     proxy.obj
 0002:00000630       $SG108267                  0000000180007630     proxy.obj
 0002:00000640       $SG108268                  0000000180007640     proxy.obj
 0002:00000650       $SG108269                  0000000180007650     proxy.obj
 0002:00000660       $SG108270                  0000000180007660     proxy.obj
 0002:00000670       $SG108271                  0000000180007670     proxy.obj
 0002:00000680       $SG108272                  0000000180007680     proxy.obj
 0002:00000698       $SG108273                  0000000180007698     proxy.obj
 0002:000006a8       $SG108274                  00000001800076a8     proxy.obj
 0002:000006b8       $SG108277                  00000001800076b8     proxy.obj
 0002:000006c8       $SG108278                  00000001800076c8     proxy.obj
 0002:000006d0       $SG108279                  00000001800076d0     proxy.obj
 0002:000006e0       $SG108280                  00000001800076e0     proxy.obj
 0002:000006e8       $SG108281                  00000001800076e8     proxy.obj
 0002:000006f8       $SG108282                  00000001800076f8     proxy.obj
 0002:00000700       $SG108283                  0000000180007700     proxy.obj
 0002:00000710       $SG108284                  0000000180007710     proxy.obj
 0002:00000720       $SG108285                  0000000180007720     proxy.obj
 0002:00000730       $SG108286                  0000000180007730     proxy.obj
 0002:00000740       $SG108287                  0000000180007740     proxy.obj
 0002:00000750       $SG108288                  0000000180007750     proxy.obj
 0002:00000768       $SG108289                  0000000180007768     proxy.obj
 0002:00000778       $SG108290                  0000000180007778     proxy.obj
 0002:00000788       $SG108293                  0000000180007788     proxy.obj
 0002:00000798       $SG108294                  0000000180007798     proxy.obj
 0002:000007a0       $SG108295                  00000001800077a0     proxy.obj
 0002:000007b0       $SG108296                  00000001800077b0     proxy.obj
 0002:000007b8       $SG108297                  00000001800077b8     proxy.obj
 0002:000007c8       $SG108298                  00000001800077c8     proxy.obj
 0002:000007d0       $SG108299                  00000001800077d0     proxy.obj
 0002:000007e0       $SG108300                  00000001800077e0     proxy.obj
 0002:000007f0       $SG108301                  00000001800077f0     proxy.obj
 0002:00000800       $SG108302                  0000000180007800     proxy.obj
 0002:00000810       $SG108303                  0000000180007810     proxy.obj
 0002:00000820       $SG108304                  0000000180007820     proxy.obj
 0002:00000838       $SG108305                  0000000180007838     proxy.obj
 0002:00000848       $SG108306                  0000000180007848     proxy.obj
 0002:00000858       $SG108309                  0000000180007858     proxy.obj
 0002:00000868       $SG108310                  0000000180007868     proxy.obj
 0002:00000870       $SG108311                  0000000180007870     proxy.obj
 0002:00000880       $SG108312                  0000000180007880     proxy.obj
 0002:00000888       $SG108313                  0000000180007888     proxy.obj
 0002:00000898       $SG108314                  0000000180007898     proxy.obj
 0002:000008a0       $SG108315                  00000001800078a0     proxy.obj
 0002:000008b0       $SG108316                  00000001800078b0     proxy.obj
 0002:000008c0       $SG108317                  00000001800078c0     proxy.obj
 0002:000008d0       $SG108318                  00000001800078d0     proxy.obj
 0002:000008e0       $SG108319                  00000001800078e0     proxy.obj
 0002:000008f0       $SG108320                  00000001800078f0     proxy.obj
 0002:00000908       $SG108321                  0000000180007908     proxy.obj
 0002:00000918       $SG108322                  0000000180007918     proxy.obj
 0002:00000928       $SG108325                  0000000180007928     proxy.obj
 0002:00000938       $SG108326                  0000000180007938     proxy.obj
 0002:00000940       $SG108327                  0000000180007940     proxy.obj
 0002:00000950       $SG108328                  0000000180007950     proxy.obj
 0002:00000958       $SG108329                  0000000180007958     proxy.obj
 0002:00000968       $SG108330                  0000000180007968     proxy.obj
 0002:00000970       $SG108331                  0000000180007970     proxy.obj
 0002:00000980       $SG108332                  0000000180007980     proxy.obj
 0002:00000990       $SG108333                  0000000180007990     proxy.obj
 0002:000009a0       $SG108334                  00000001800079a0     proxy.obj
 0002:000009b0       $SG108335                  00000001800079b0     proxy.obj
 0002:000009c0       $SG108336                  00000001800079c0     proxy.obj
 0002:000009d8       $SG108337                  00000001800079d8     proxy.obj
 0002:000009e8       $SG108338                  00000001800079e8     proxy.obj
 0002:000009f8       $SG108341                  00000001800079f8     proxy.obj
 0002:00000a08       $SG108342                  0000000180007a08     proxy.obj
 0002:00000a10       $SG108343                  0000000180007a10     proxy.obj
 0002:00000a20       $SG108344                  0000000180007a20     proxy.obj
 0002:00000a28       $SG108345                  0000000180007a28     proxy.obj
 0002:00000a38       $SG108346                  0000000180007a38     proxy.obj
 0002:00000a40       $SG108347                  0000000180007a40     proxy.obj
 0002:00000a50       $SG108348                  0000000180007a50     proxy.obj
 0002:00000a60       $SG108349                  0000000180007a60     proxy.obj
 0002:00000a70       $SG108350                  0000000180007a70     proxy.obj
 0002:00000a80       $SG108351                  0000000180007a80     proxy.obj
 0002:00000a90       $SG108352                  0000000180007a90     proxy.obj
 0002:00000aa8       $SG108353                  0000000180007aa8     proxy.obj
 0002:00000ab8       $SG108354                  0000000180007ab8     proxy.obj
 0002:00000ac8       $SG108357                  0000000180007ac8     proxy.obj
 0002:00000ad8       $SG108358                  0000000180007ad8     proxy.obj
 0002:00000ae0       $SG108359                  0000000180007ae0     proxy.obj
 0002:00000af0       $SG108360                  0000000180007af0     proxy.obj
 0002:00000af8       $SG108361                  0000000180007af8     proxy.obj
 0002:00000b08       $SG108362                  0000000180007b08     proxy.obj
 0002:00000b10       $SG108363                  0000000180007b10     proxy.obj
 0002:00000b20       $SG108364                  0000000180007b20     proxy.obj
 0002:00000b30       $SG108365                  0000000180007b30     proxy.obj
 0002:00000b40       $SG108366                  0000000180007b40     proxy.obj
 0002:00000b50       $SG108367                  0000000180007b50     proxy.obj
 0002:00000b60       $SG108368                  0000000180007b60     proxy.obj
 0002:00000b78       $SG108369                  0000000180007b78     proxy.obj
 0002:00000b88       $SG108370                  0000000180007b88     proxy.obj
 0002:00000b98       $SG108373                  0000000180007b98     proxy.obj
 0002:00000ba8       $SG108374                  0000000180007ba8     proxy.obj
 0002:00000bb8       $SG108377                  0000000180007bb8     proxy.obj
 0002:00000bc0       $SG108378                  0000000180007bc0     proxy.obj
 0002:00000bd0       $SG108379                  0000000180007bd0     proxy.obj
 0002:00000bd8       $SG108380                  0000000180007bd8     proxy.obj
 0002:00000be8       $SG108382                  0000000180007be8     proxy.obj
 0002:00000bf8       $SG108383                  0000000180007bf8     proxy.obj
 0002:00000c08       $SG108384                  0000000180007c08     proxy.obj
 0002:00000c18       $SG108385                  0000000180007c18     proxy.obj
 0002:00000c28       $SG108393                  0000000180007c28     proxy.obj
 0002:00000c48       $cppxdata$?operator_delete@@YAXPEAX@Z 0000000180007c48     proxy.obj
 0002:00000c70       $cppxdata$?operator_delete_arr@@YAXPEAX@Z 0000000180007c70     proxy.obj
 0002:00000c98       $cppxdata$?operator_delete_t@@YAXPEAXAEBUnothrow_t@std@@@Z 0000000180007c98     proxy.obj
 0002:00000cc0       $cppxdata$?operator_delete_arr_t@@YAXPEAXAEBUnothrow_t@std@@@Z 0000000180007cc0     proxy.obj
 0002:00000d40       $SG88780                   0000000180007d40     tbb_function_replacement.obj
 0002:00000d6b       $SG88784                   0000000180007d6b     tbb_function_replacement.obj
 0002:00000d6c       $SG88831                   0000000180007d6c     tbb_function_replacement.obj
 0002:00000d70       $SG88782                   0000000180007d70     tbb_function_replacement.obj
 0002:00000d8c       $SG88785                   0000000180007d8c     tbb_function_replacement.obj
 0002:00000d98       $SG88786                   0000000180007d98     tbb_function_replacement.obj
 0002:00000da8       $SG88817                   0000000180007da8     tbb_function_replacement.obj
 0002:00000dc0       $SG88818                   0000000180007dc0     tbb_function_replacement.obj
 0002:00000dd8       $SG88821                   0000000180007dd8     tbb_function_replacement.obj
 0002:00000df0       $SG88819                   0000000180007df0     tbb_function_replacement.obj
 0002:00000e50       $SG88820                   0000000180007e50     tbb_function_replacement.obj
 0002:00000e70       $SG88822                   0000000180007e70     tbb_function_replacement.obj
 0002:00000ed0       $SG88823                   0000000180007ed0     tbb_function_replacement.obj
 0002:00000ee0       $SG88824                   0000000180007ee0     tbb_function_replacement.obj
 0002:00000ef0       $SG88825                   0000000180007ef0     tbb_function_replacement.obj
 0002:00000f50       $SG88826                   0000000180007f50     tbb_function_replacement.obj
 0002:00000f68       $SG88827                   0000000180007f68     tbb_function_replacement.obj
 0002:00000f88       $SG88830                   0000000180007f88     tbb_function_replacement.obj
 0002:00000fa0       $SG88828                   0000000180007fa0     tbb_function_replacement.obj
 0002:00001000       $SG88832                   0000000180008000     tbb_function_replacement.obj
 0002:0000101c       $SG88833                   000000018000801c     tbb_function_replacement.obj
 0002:00001028       $SG88835                   0000000180008028     tbb_function_replacement.obj
 0002:00001030       $SG88834                   0000000180008030     tbb_function_replacement.obj
 0002:0000108c       $SG88836                   000000018000808c     tbb_function_replacement.obj
 0002:00001098       $SG88837                   0000000180008098     tbb_function_replacement.obj
 0002:000010b8       $SG89017                   00000001800080b8     tbb_function_replacement.obj
 0002:000010f0       $SG89018                   00000001800080f0     tbb_function_replacement.obj
 0002:00001118       $SG89020                   0000000180008118     tbb_function_replacement.obj
 0002:00001120       $SG89019                   0000000180008120     tbb_function_replacement.obj
 0002:00001180       $SG89025                   0000000180008180     tbb_function_replacement.obj
 0002:00001194       $SG89026                   0000000180008194     tbb_function_replacement.obj
 0002:000011a0       $SG89027                   00000001800081a0     tbb_function_replacement.obj
 0002:00001200       $SG89035                   0000000180008200     tbb_function_replacement.obj
 0002:00001210       $SG89063                   0000000180008210     tbb_function_replacement.obj
 0002:00001230       $SG89064                   0000000180008230     tbb_function_replacement.obj
 0002:00001250       $SG89065                   0000000180008250     tbb_function_replacement.obj
 0002:000012b0       $SG89097                   00000001800082b0     tbb_function_replacement.obj
 0002:000012d0       $SG89098                   00000001800082d0     tbb_function_replacement.obj
 0002:000012f0       $SG89099                   00000001800082f0     tbb_function_replacement.obj
 0002:00001350       $SG89122                   0000000180008350     tbb_function_replacement.obj
 0002:00001378       $SG89123                   0000000180008378     tbb_function_replacement.obj
 0002:00001388       $SG89184                   0000000180008388     tbb_function_replacement.obj
 0002:00001390       $SG89124                   0000000180008390     tbb_function_replacement.obj
 0002:00001400       GS_ExceptionPointers       0000000180008400     MSVCRTD:gs_report.obj
 0002:00001410       $cppxdata$?__scrt_initialize_thread_safe_statics_platform_specific@@YAXXZ 0000000180008410     MSVCRTD:thread_safe_statics.obj
 0002:00001438       $cppxdata$?__scrt_uninitialize_thread_safe_statics@@YAXXZ 0000000180008438     MSVCRTD:thread_safe_statics.obj
 0002:00001cd8       $unwind$?GetBoolEnvironmentVariable@internal@tbb@@YA_NPEBD@Z 0000000180008cd8     proxy.obj
 0002:00001ce0       $unwind$?InternalOperatorNew@@YAPEAX_K@Z 0000000180008ce0     proxy.obj
 0002:00001ce8       $unwind$?__TBB_malloc_safer_delete@@YAXPEAX@Z 0000000180008ce8     proxy.obj
 0002:00001cf0       $unwind$?safer_aligned_malloc@@YAPEAX_K0@Z 0000000180008cf0     proxy.obj
 0002:00001cf8       $unwind$?__TBB_malloc__o_free@@YAXPEAX@Z 0000000180008cf8     proxy.obj
 0002:00001d00       $unwind$?__TBB_malloc__free_base@@YAXPEAX@Z 0000000180008d00     proxy.obj
 0002:00001d08       $unwind$?__TBB_malloc_safer_free_msvcr100d@@YAXPEAX@Z 0000000180008d08     proxy.obj
 0002:00001d10       $unwind$?__TBB_malloc_safer__aligned_free_msvcr100d@@YAXPEAX@Z 0000000180008d10     proxy.obj
 0002:00001d18       $unwind$?__TBB_malloc_safer__msize_msvcr100d@@YA_KPEAX@Z 0000000180008d18     proxy.obj
 0002:00001d20       $unwind$?__TBB_malloc_safer__aligned_msize_msvcr100d@@YA_KPEAX_K1@Z 0000000180008d20     proxy.obj
 0002:00001d28       $unwind$?__TBB_malloc_safer_realloc_msvcr100d@@YAPEAXPEAX_K@Z 0000000180008d28     proxy.obj
 0002:00001d30       $unwind$?__TBB_malloc_safer__aligned_realloc_msvcr100d@@YAPEAXPEAX_K1@Z 0000000180008d30     proxy.obj
 0002:00001d38       $unwind$?__TBB_malloc_safer_free_msvcr100@@YAXPEAX@Z 0000000180008d38     proxy.obj
 0002:00001d40       $unwind$?__TBB_malloc_safer__aligned_free_msvcr100@@YAXPEAX@Z 0000000180008d40     proxy.obj
 0002:00001d48       $unwind$?__TBB_malloc_safer__msize_msvcr100@@YA_KPEAX@Z 0000000180008d48     proxy.obj
 0002:00001d50       $unwind$?__TBB_malloc_safer__aligned_msize_msvcr100@@YA_KPEAX_K1@Z 0000000180008d50     proxy.obj
 0002:00001d58       $unwind$?__TBB_malloc_safer_realloc_msvcr100@@YAPEAXPEAX_K@Z 0000000180008d58     proxy.obj
 0002:00001d60       $unwind$?__TBB_malloc_safer__aligned_realloc_msvcr100@@YAPEAXPEAX_K1@Z 0000000180008d60     proxy.obj
 0002:00001d68       $unwind$?__TBB_malloc_safer_free_msvcr110d@@YAXPEAX@Z 0000000180008d68     proxy.obj
[...]
 0003:00002700       ?encoded_wake_all_condition_variable@@3P6AXPEAU_RTL_CONDITION_VARIABLE@@@ZEA 000000018000c700     MSVCRTD:thread_safe_statics.obj
 0003:0000270c       ?__proc_attached@@3HA      000000018000c70c     MSVCRTD:dll_dllmain.obj
 0004:00000000       $pdata$?GetBoolEnvironmentVariable@internal@tbb@@YA_NPEBD@Z 000000018000d000     proxy.obj
 0004:0000000c       $pdata$?InternalOperatorNew@@YAPEAX_K@Z 000000018000d00c     proxy.obj
 0004:00000018       $pdata$?__TBB_malloc_safer_delete@@YAXPEAX@Z 000000018000d018     proxy.obj
 0004:00000024       $pdata$?safer_aligned_malloc@@YAPEAX_K0@Z 000000018000d024     proxy.obj
 0004:00000030       $pdata$?__TBB_malloc__o_free@@YAXPEAX@Z 000000018000d030     proxy.obj
 0004:0000003c       $pdata$?__TBB_malloc__free_base@@YAXPEAX@Z 000000018000d03c     proxy.obj
 0004:00000048       $pdata$?__TBB_malloc_safer_free_msvcr100d@@YAXPEAX@Z 000000018000d048     proxy.obj
 0004:00000054       $pdata$?__TBB_malloc_safer__aligned_free_msvcr100d@@YAXPEAX@Z 000000018000d054     proxy.obj
 0004:00000060       $pdata$?__TBB_malloc_safer__msize_msvcr100d@@YA_KPEAX@Z 000000018000d060     proxy.obj
 0004:0000006c       $pdata$?__TBB_malloc_safer__aligned_msize_msvcr100d@@YA_KPEAX_K1@Z 000000018000d06c     proxy.obj
 0004:00000078       $pdata$?__TBB_malloc_safer_realloc_msvcr100d@@YAPEAXPEAX_K@Z 000000018000d078     proxy.obj
 0004:00000084       $pdata$?__TBB_malloc_safer__aligned_realloc_msvcr100d@@YAPEAXPEAX_K1@Z 000000018000d084     proxy.obj
 0004:00000090       $pdata$?__TBB_malloc_safer_free_msvcr100@@YAXPEAX@Z 000000018000d090     proxy.obj
 0004:0000009c       $pdata$?__TBB_malloc_safer__aligned_free_msvcr100@@YAXPEAX@Z 000000018000d09c     proxy.obj
 0004:000000a8       $pdata$?__TBB_malloc_safer__msize_msvcr100@@YA_KPEAX@Z 000000018000d0a8     proxy.obj
 0004:000000b4       $pdata$?__TBB_malloc_safer__aligned_msize_msvcr100@@YA_KPEAX_K1@Z 000000018000d0b4     proxy.obj
 0004:000000c0       $pdata$?__TBB_malloc_safer_realloc_msvcr100@@YAPEAXPEAX_K@Z 000000018000d0c0     proxy.obj
 0004:000000cc       $pdata$?__TBB_malloc_safer__aligned_realloc_msvcr100@@YAPEAXPEAX_K1@Z 000000018000d0cc     proxy.obj
 0004:000000d8       $pdata$?__TBB_malloc_safer_free_msvcr110d@@YAXPEAX@Z 000000018000d0d8     proxy.obj
 0004:000000e4       $pdata$?__TBB_malloc_safer__aligned_free_msvcr110d@@YAXPEAX@Z 000000018000d0e4     proxy.obj
 0004:000000f0       $pdata$?__TBB_malloc_safer__msize_msvcr110d@@YA_KPEAX@Z 000000018000d0f0     proxy.obj
 0004:000000fc       $pdata$?__TBB_malloc_safer__aligned_msize_msvcr110d@@YA_KPEAX_K1@Z 000000018000d0fc     proxy.obj
 0004:00000108       $pdata$?__TBB_malloc_safer_realloc_msvcr110d@@YAPEAXPEAX_K@Z 000000018000d108     proxy.obj
 0004:00000114       $pdata$?__TBB_malloc_safer__aligned_realloc_msvcr110d@@YAPEAXPEAX_K1@Z 000000018000d114     proxy.obj
 0004:00000120       $pdata$?__TBB_malloc_safer_free_msvcr110@@YAXPEAX@Z 000000018000d120     proxy.obj
 0004:0000012c       $pdata$?__TBB_malloc_safer__aligned_free_msvcr110@@YAXPEAX@Z 000000018000d12c     proxy.obj
 0004:00000138       $pdata$?__TBB_malloc_safer__msize_msvcr110@@YA_KPEAX@Z 000000018000d138     proxy.obj
 0004:00000144       $pdata$?__TBB_malloc_safer__aligned_msize_msvcr110@@YA_KPEAX_K1@Z 000000018000d144     proxy.obj
 0004:00000150       $pdata$?__TBB_malloc_safer_realloc_msvcr110@@YAPEAXPEAX_K@Z 000000018000d150     proxy.obj
 0004:0000015c       $pdata$?__TBB_malloc_safer__aligned_realloc_msvcr110@@YAPEAXPEAX_K1@Z 000000018000d15c     proxy.obj
 0004:00000168       $pdata$?__TBB_malloc_safer_free_msvcr120d@@YAXPEAX@Z 000000018000d168     proxy.obj
 0004:00000174       $pdata$?__TBB_malloc_safer__aligned_free_msvcr120d@@YAXPEAX@Z 000000018000d174     proxy.obj
 0004:00000180       $pdata$?__TBB_malloc_safer__msize_msvcr120d@@YA_KPEAX@Z 000000018000d180     proxy.obj
 0004:0000018c       $pdata$?__TBB_malloc_safer__aligned_msize_msvcr120d@@YA_KPEAX_K1@Z 000000018000d18c     proxy.obj
 0004:00000198       $pdata$?__TBB_malloc_safer_realloc_msvcr120d@@YAPEAXPEAX_K@Z 000000018000d198     proxy.obj
 0004:000001a4       $pdata$?__TBB_malloc_safer__aligned_realloc_msvcr120d@@YAPEAXPEAX_K1@Z 000000018000d1a4     proxy.obj
 0004:000001b0       $pdata$?__TBB_malloc_safer_free_msvcr120@@YAXPEAX@Z 000000018000d1b0     proxy.obj
 0004:000001bc       $pdata$?__TBB_malloc_safer__aligned_free_msvcr120@@YAXPEAX@Z 000000018000d1bc     proxy.obj
 0004:000001c8       $pdata$?__TBB_malloc_safer__msize_msvcr120@@YA_KPEAX@Z 000000018000d1c8     proxy.obj
 0004:000001d4       $pdata$?__TBB_malloc_safer__aligned_msize_msvcr120@@YA_KPEAX_K1@Z 000000018000d1d4     proxy.obj
 0004:000001e0       $pdata$?__TBB_malloc_safer_realloc_msvcr120@@YAPEAXPEAX_K@Z 000000018000d1e0     proxy.obj
 0004:000001ec       $pdata$?__TBB_malloc_safer__aligned_realloc_msvcr120@@YAPEAXPEAX_K1@Z 000000018000d1ec     proxy.obj
 0004:000001f8       $pdata$?__TBB_malloc_safer_free_ucrtbase@@YAXPEAX@Z 000000018000d1f8     proxy.obj
 0004:00000204       $pdata$?__TBB_malloc_safer__aligned_free_ucrtbase@@YAXPEAX@Z 000000018000d204     proxy.obj
 0004:00000210       $pdata$?__TBB_malloc_safer__msize_ucrtbase@@YA_KPEAX@Z 000000018000d210     proxy.obj
 0004:0000021c       $pdata$?__TBB_malloc_safer__aligned_msize_ucrtbase@@YA_KPEAX_K1@Z 000000018000d21c     proxy.obj
 0004:00000228       $pdata$?__TBB_malloc_safer_realloc_ucrtbase@@YAPEAXPEAX_K@Z 000000018000d228     proxy.obj
 0004:00000234       $pdata$?__TBB_malloc_safer__aligned_realloc_ucrtbase@@YAPEAXPEAX_K1@Z 000000018000d234     proxy.obj
 0004:00000240       $pdata$?operator_new@@YAPEAX_K@Z 000000018000d240     proxy.obj
 0004:0000024c       $pdata$?operator_new_arr@@YAPEAX_K@Z 000000018000d24c     proxy.obj
 0004:00000258       $pdata$?operator_delete@@YAXPEAX@Z 000000018000d258     proxy.obj
 0004:00000264       $pdata$?operator_delete_arr@@YAXPEAX@Z 000000018000d264     proxy.obj
 0004:00000270       $pdata$?operator_new_t@@YAPEAX_KAEBUnothrow_t@std@@@Z 000000018000d270     proxy.obj
 0004:0000027c       $pdata$?operator_new_arr_t@@YAPEAX_KAEBUnothrow_t@std@@@Z 000000018000d27c     proxy.obj
 0004:00000288       $pdata$?operator_delete_t@@YAXPEAXAEBUnothrow_t@std@@@Z 000000018000d288     proxy.obj
 0004:00000294       $pdata$?operator_delete_arr_t@@YAXPEAXAEBUnothrow_t@std@@@Z 000000018000d294     proxy.obj
 0004:000002a0       $pdata$?BytecodesAreKnown@@YA_NPEBD@Z 000000018000d2a0     proxy.obj
 0004:000002ac       $pdata$?SkipReplacement@@YAXPEBD@Z 000000018000d2ac     proxy.obj
 0004:000002b8       $pdata$?ReplaceFunctionWithStore@@YAXPEBD0P6AXXZPEAPEBDPEAP6AXXZW4FRR_ON_ERROR@@@Z 000000018000d2b8     proxy.obj
 0004:000002c4       $pdata$?doMallocReplacement@@YAXXZ 000000018000d2c4     proxy.obj
 0004:000002d0       $pdata$DllMain             000000018000d2d0     proxy.obj
 0004:000002dc       $pdata$??0exception@std@@QEAA@QEBDH@Z 000000018000d2dc     proxy.obj
 0004:000002e8       $pdata$??0exception@std@@QEAA@AEBV01@@Z 000000018000d2e8     proxy.obj
 0004:000002f4       $pdata$??1exception@std@@UEAA@XZ 000000018000d2f4     proxy.obj
 0004:00000300       $pdata$?what@exception@std@@UEBAPEBDXZ 000000018000d300     proxy.obj
 0004:0000030c       $pdata$??_Gexception@std@@UEAAPEAXI@Z 000000018000d30c     proxy.obj
 0004:00000318       $pdata$??0bad_alloc@std@@QEAA@XZ 000000018000d318     proxy.obj
 0004:00000324       $pdata$??1bad_alloc@std@@UEAA@XZ 000000018000d324     proxy.obj
 0004:00000330       $pdata$??0bad_alloc@std@@QEAA@AEBV01@@Z 000000018000d330     proxy.obj
 0004:0000033c       $pdata$??_Gbad_alloc@std@@UEAAPEAXI@Z 000000018000d33c     proxy.obj
 0004:00000348       $pdata$_vfprintf_l         000000018000d348     proxy.obj
 0004:00000354       $pdata$fprintf             000000018000d354     proxy.obj
 0004:00000360       $pdata$??_H@YAXPEAX_K1P6APEAX0@Z@Z 000000018000d360     tbb_function_replacement.obj
 0004:0000036c       $pdata$_vsnprintf_l        000000018000d36c     tbb_function_replacement.obj
 0004:00000378       $pdata$vsnprintf           000000018000d378     tbb_function_replacement.obj
 0004:00000384       $pdata$_vsprintf_l         000000018000d384     tbb_function_replacement.obj
 0004:00000390       $pdata$sprintf             000000018000d390     tbb_function_replacement.obj
 0004:0000039c       $pdata$snprintf            000000018000d39c     tbb_function_replacement.obj
 0004:000003a8       $pdata$?ReplaceFunctionA@@YA?AW4FRR_TYPE@@PEBD0P6AXXZPEAPEBDPEAP6AXXZ@Z 000000018000d3a8     tbb_function_replacement.obj
 0004:000003b4       $pdata$?ReplaceFunctionW@@YA?AW4FRR_TYPE@@PEB_WPEBDP6AXXZPEAPEBDPEAP6AXXZ@Z 000000018000d3b4     tbb_function_replacement.obj
 0004:000003c0       $pdata$?IsPrologueKnown@@YA_NPEBD0PEAPEBDPEAUHINSTANCE__@@@Z 000000018000d3c0     tbb_function_replacement.obj
 0004:000003cc       $pdata$?set_assertion_handler@internal@rml@@YAP6AXPEBDH00@ZP6AX0H00@Z@Z 000000018000d3cc     tbb_function_replacement.obj
 0004:000003d8       $pdata$?assertion_failure@internal@rml@@YAXPEBDH00@Z 000000018000d3d8     tbb_function_replacement.obj
 0004:000003e4       $pdata$?record@Log@@YAXUFunctionInfo@@PEBD_N@Z 000000018000d3e4     tbb_function_replacement.obj
 0004:000003f0       $pdata$?compareStrings@@YA_KPEBD0@Z 000000018000d3f0     tbb_function_replacement.obj
 0004:000003fc       $pdata$?CheckOpcodes@@YAIPEAPEBDPEAX_NPEBUFunctionInfo@@@Z 000000018000d3fc     tbb_function_replacement.obj
 0004:00000408       $pdata$?CorrectOffset@@YAX_KPEBDI@Z 000000018000d408     tbb_function_replacement.obj
 0004:00000414       $pdata$?InsertTrampoline32@@YAKPEAX0PEBDPEAPEAX@Z 000000018000d414     tbb_function_replacement.obj
 0004:00000420       $pdata$?InsertTrampoline64@@YAKPEAX0PEBDPEAPEAX@Z 000000018000d420     tbb_function_replacement.obj
 0004:0000042c       $pdata$?InsertTrampoline@@YA_NPEAX0PEAPEBDPEAPEAX@Z 000000018000d42c     tbb_function_replacement.obj
 0004:00000438       $pdata$TBB_malloc_replacement_log 000000018000d438     tbb_function_replacement.obj
 0004:00000444       $pdata$?Ptr2Addrint@@YA_KPEAX@Z 000000018000d444     tbb_function_replacement.obj
 0004:00000450       $pdata$?Addrint2Ptr@@YAPEAX_K@Z 000000018000d450     tbb_function_replacement.obj
 0004:0000045c       $pdata$?IsInDistance@@YA_N_K0_J@Z 000000018000d45c     tbb_function_replacement.obj
 0004:00000468       $pdata$??0MemoryBuffer@MemoryProvider@@QEAA@PEAXK@Z 000000018000d468     tbb_function_replacement.obj
 0004:00000474       $pdata$?CreateBuffer@MemoryProvider@@AEAAPEAUMemoryBuffer@1@_K@Z 000000018000d474     tbb_function_replacement.obj
 0004:00000480       $pdata$??0MemoryProvider@@QEAA@XZ 000000018000d480     tbb_function_replacement.obj
 0004:0000048c       $pdata$?GetLocation@MemoryProvider@@QEAA_K_K@Z 000000018000d48c     tbb_function_replacement.obj
 0004:00000498       $pdata$??__EmemProvider@@YAXXZ 000000018000d498     tbb_function_replacement.obj
 0004:000004a4       $pdata$??__FmemProvider@@YAXXZ 000000018000d4a4     tbb_function_replacement.obj
 0004:000004b0       $pdata$??3@YAXPEAX_K@Z     000000018000d4b0     MSVCRTD:delete_scalar_size.obj
 0004:000004bc       $pdata$__GSHandlerCheckCommon 000000018000d4bc     MSVCRTD:gshandler.obj
 0004:000004c8       $pdata$__GSHandlerCheck    000000018000d4c8     MSVCRTD:gshandler.obj
 0004:000004e0       $pdata$??_Gtype_info@@UEAAPEAXI@Z 000000018000d4e0     MSVCRTD:std_type_info_static.obj
 0004:000004ec       $pdata$atexit              000000018000d4ec     MSVCRTD:utility.obj
 0004:000004f8       $pdata$_onexit             000000018000d4f8     MSVCRTD:utility.obj
 0004:00000504       $pdata$at_quick_exit       000000018000d504     MSVCRTD:utility.obj
 0004:00000510       $pdata$__scrt_is_nonwritable_in_current_image 000000018000d510     MSVCRTD:utility.obj
 0004:0000051c       $pdata$__scrt_is_nonwritable_in_current_image$filt$0 000000018000d51c     MSVCRTD:utility.obj
 0004:00000528       $pdata$__scrt_acquire_startup_lock 000000018000d528     MSVCRTD:utility.obj
 0004:00000534       $pdata$__scrt_release_startup_lock 000000018000d534     MSVCRTD:utility.obj
 0004:00000540       $pdata$__scrt_initialize_crt 000000018000d540     MSVCRTD:utility.obj
 0004:0000054c       $pdata$__scrt_uninitialize_crt 000000018000d54c     MSVCRTD:utility.obj
 0004:00000558       $pdata$__scrt_initialize_onexit_tables 000000018000d558     MSVCRTD:utility.obj
 0004:00000564       $pdata$__scrt_dllmain_exception_filter 000000018000d564     MSVCRTD:utility.obj
 0004:00000570       $pdata$__scrt_dllmain_before_initialize_c 000000018000d570     MSVCRTD:utility.obj
 0004:0000057c       $pdata$__scrt_dllmain_after_initialize_c 000000018000d57c     MSVCRTD:utility.obj
 0004:00000588       $pdata$__scrt_dllmain_uninitialize_c 000000018000d588     MSVCRTD:utility.obj
 0004:00000594       $pdata$__scrt_dllmain_uninitialize_critical 000000018000d594     MSVCRTD:utility.obj
 0004:000005a0       $pdata$__scrt_dllmain_crt_thread_attach 000000018000d5a0     MSVCRTD:utility.obj
 0004:000005ac       $pdata$__scrt_dllmain_crt_thread_detach 000000018000d5ac     MSVCRTD:utility.obj
 0004:000005b8       $pdata$?configure_argv@__scrt_narrow_argv_policy@@SAHXZ 000000018000d5b8     MSVCRTD:utility.obj
 0004:000005c4       $pdata$?initialize_environment@__scrt_narrow_environment_policy@@SAHXZ 000000018000d5c4     MSVCRTD:utility.obj
 0004:000005d0       $pdata$?is_potentially_valid_image_base@@YA_NQEAX@Z 000000018000d5d0     MSVCRTD:utility.obj
 0004:000005dc       $pdata$?find_pe_section@@YAPEAU_IMAGE_SECTION_HEADER@@QEAE_K@Z 000000018000d5dc     MSVCRTD:utility.obj
 0004:000005e8       $pdata$??$__crt_fast_decode_pointer@PEAP6AXXZ@@YAPEAP6AXXZQEAP6AXXZ@Z 000000018000d5e8     MSVCRTD:utility.obj
 0004:000005f4       $pdata$??$__crt_fast_encode_pointer@PEAP6AXXZ@@YAPEAP6AXXZQEAP6AXXZ@Z 000000018000d5f4     MSVCRTD:utility.obj
 0004:00000600       $pdata$__report_securityfailure 000000018000d600     MSVCRTD:gs_report.obj
 0004:0000060c       $pdata$__report_securityfailureEx 000000018000d60c     MSVCRTD:gs_report.obj
 0004:00000618       $pdata$__report_rangecheckfailure 000000018000d618     MSVCRTD:gs_report.obj
 0004:00000624       $pdata$__report_gsfailure  000000018000d624     MSVCRTD:gs_report.obj
 0004:00000630       $pdata$capture_current_context 000000018000d630     MSVCRTD:gs_report.obj
 0004:0000063c       $pdata$capture_previous_context 000000018000d63c     MSVCRTD:gs_report.obj
 0004:00000648       $pdata$__raise_securityfailure 000000018000d648     MSVCRTD:gs_report.obj
 0004:00000654       $pdata$_Init_thread_header 000000018000d654     MSVCRTD:thread_safe_statics.obj
 0004:00000660       $pdata$_Init_thread_abort  000000018000d660     MSVCRTD:thread_safe_statics.obj
 0004:0000066c       $pdata$_Init_thread_footer 000000018000d66c     MSVCRTD:thread_safe_statics.obj
 0004:00000678       $pdata$_Init_thread_lock   000000018000d678     MSVCRTD:thread_safe_statics.obj
 0004:00000684       $pdata$_Init_thread_unlock 000000018000d684     MSVCRTD:thread_safe_statics.obj
 0004:00000690       $pdata$_Init_thread_wait   000000018000d690     MSVCRTD:thread_safe_statics.obj
 0004:0000069c       $pdata$_Init_thread_notify 000000018000d69c     MSVCRTD:thread_safe_statics.obj
 0004:000006a8       $pdata$?__scrt_initialize_thread_safe_statics_platform_specific@@YAXXZ 000000018000d6a8     MSVCRTD:thread_safe_statics.obj
 0004:000006b4       $pdata$??$__crt_fast_encode_pointer@P6AHPEAU_RTL_CONDITION_VARIABLE@@PEAU_RTL_CRITICAL_SECTION@@K@Z@@YAP6AHPEAU_RTL_CONDITION_VARIABLE@@PEAU_RTL_CRITICAL_SECTION@@K@ZQ6AH01K@Z@Z 000000018000d6b4     MSVCRTD:thread_safe_statics.obj
 0004:000006c0       $pdata$??$__crt_fast_encode_pointer@P6AXPEAU_RTL_CONDITION_VARIABLE@@@Z@@YAP6AXPEAU_RTL_CONDITION_VARIABLE@@@ZQ6AX0@Z@Z 000000018000d6c0     MSVCRTD:thread_safe_statics.obj
 0004:000006cc       $pdata$?__scrt_is_event_api_used@@YA_NQEAX@Z 000000018000d6cc     MSVCRTD:thread_safe_statics.obj
 0004:000006d8       $pdata$?__scrt_uninitialize_thread_safe_statics@@YAXXZ 000000018000d6d8     MSVCRTD:thread_safe_statics.obj
 0004:000006e4       $pdata$?__scrt_initialize_thread_safe_statics@@YAHXZ 000000018000d6e4     MSVCRTD:thread_safe_statics.obj
 0004:000006f0       $pdata$??$__crt_fast_decode_pointer@P6AHPEAU_RTL_CONDITION_VARIABLE@@PEAU_RTL_CRITICAL_SECTION@@K@Z@@YAP6AHPEAU_RTL_CONDITION_VARIABLE@@PEAU_RTL_CRITICAL_SECTION@@K@ZQ6AH01K@Z@Z 000000018000d6f0     MSVCRTD:thread_safe_statics.obj
 0004:000006fc       $pdata$??$__crt_fast_decode_pointer@P6AXPEAU_RTL_CONDITION_VARIABLE@@@Z@@YAP6AXPEAU_RTL_CONDITION_VARIABLE@@@ZQ6AX0@Z@Z 000000018000d6fc     MSVCRTD:thread_safe_statics.obj
 0004:00000708       $pdata$?dllmain_crt_process_attach@@YAHQEAUHINSTANCE__@@QEAX@Z 000000018000d708     MSVCRTD:dll_dllmain.obj
 0004:00000714       $pdata$?fin$0@?0??dllmain_crt_process_attach@@YAHQEAUHINSTANCE__@@QEAX@Z@4HA 000000018000d714     MSVCRTD:dll_dllmain.obj
 0004:00000720       $pdata$?dllmain_crt_process_detach@@YAH_N@Z 000000018000d720     MSVCRTD:dll_dllmain.obj
 0004:0000072c       $pdata$?fin$0@?0??dllmain_crt_process_detach@@YAH_N@Z@4HA 000000018000d72c     MSVCRTD:dll_dllmain.obj
 0004:00000738       $pdata$?dllmain_crt_dispatch@@YAHQEAUHINSTANCE__@@KQEAX@Z 000000018000d738     MSVCRTD:dll_dllmain.obj
 0004:00000744       $pdata$_CRT_INIT           000000018000d744     MSVCRTD:dll_dllmain.obj
 0004:00000750       $pdata$?dllmain_raw@@YAHQEAUHINSTANCE__@@KQEAX@Z 000000018000d750     MSVCRTD:dll_dllmain.obj
 0004:0000075c       $pdata$?dllmain_dispatch@@YAHQEAUHINSTANCE__@@KQEAX@Z 000000018000d75c     MSVCRTD:dll_dllmain.obj
 0004:00000768       $pdata$?filt$0@?0??dllmain_dispatch@@YAHQEAUHINSTANCE__@@KQEAX@Z@4HA 000000018000d768     MSVCRTD:dll_dllmain.obj
 0004:00000774       $pdata$_DllMainCRTStartup  000000018000d774     MSVCRTD:dll_dllmain.obj
 0004:00000780       $pdata$??3@YAXPEAX@Z       000000018000d780     MSVCRTD:delete_scalar.obj
 0004:0000078c       $pdata$__isa_available_init 000000018000d78c     MSVCRTD:cpu_disp.obj
 0004:00000798       $pdata$__scrt_is_ucrt_dll_in_use 000000018000d798     MSVCRTD:ucrt_detection.obj
 0004:000007a4       $pdata$__scrt_get_show_window_mode 000000018000d7a4     MSVCRTD:utility_desktop.obj
 0004:000007b0       $pdata$__scrt_is_managed_app 000000018000d7b0     MSVCRTD:utility_desktop.obj
 0004:000007bc       $pdata$__scrt_initialize_mta 000000018000d7bc     MSVCRTD:utility_desktop.obj
 0004:000007c8       $pdata$__scrt_set_unhandled_exception_filter 000000018000d7c8     MSVCRTD:utility_desktop.obj
 0004:000007d4       $pdata$__scrt_fastfail     000000018000d7d4     MSVCRTD:utility_desktop.obj
 0004:000007e0       $pdata$__scrt_unhandled_exception_filter 000000018000d7e0     MSVCRTD:utility_desktop.obj
 0004:000007ec       $pdata$ReadNoFence64       000000018000d7ec     MSVCRTD:guard_support.obj
 0004:000007f8       $pdata$ReadPointerNoFence  000000018000d7f8     MSVCRTD:guard_support.obj
 0004:00000804       $pdata$_guard_icall_checks_enforced 000000018000d804     MSVCRTD:guard_support.obj
 0004:00000810       $pdata$__security_init_cookie 000000018000d810     MSVCRTD:gs_support.obj
 0004:0000081c       $pdata$__get_entropy       000000018000d81c     MSVCRTD:gs_support.obj
 0004:00000828       $pdata$?__scrt_initialize_type_info@@YAXXZ 000000018000d828     MSVCRTD:tncleanup.obj
 0004:00000834       $pdata$?__scrt_uninitialize_type_info@@YAXXZ 000000018000d834     MSVCRTD:tncleanup.obj
 0004:00000840       $pdata$__scrt_initialize_default_local_stdio_options 000000018000d840     MSVCRTD:default_local_stdio_options.obj
 0004:0000084c       $pdata$_RTC_Initialize     000000018000d84c     MSVCRTD:initsect.obj
 0004:00000858       $pdata$_RTC_Terminate      000000018000d858     MSVCRTD:initsect.obj
 0005:000000a0       $R000000                   000000018000e0a0     tbbmalloc.res
 0005:00000468       $R0003C8                   000000018000e468     tbbmalloc.res
